#
# There is insufficient memory for the Java Runtime Environment to continue.
# Native memory allocation (malloc) failed to allocate 502176 bytes. Error detail: Chunk::new
# Possible reasons:
#   The system is out of physical RAM or swap space
#   This process is running with CompressedOops enabled, and the Java Heap may be blocking the growth of the native heap
# Possible solutions:
#   Reduce memory load on the system
#   Increase physical memory or swap space
#   Check if swap backing store is full
#   Decrease Java heap size (-Xmx/-Xms)
#   Decrease number of Java threads
#   Decrease Java thread stack sizes (-Xss)
#   Set larger code cache with -XX:ReservedCodeCacheSize=
#   JVM is running with Unscaled Compressed Oops mode in which the Java heap is
#     placed in the first 4GB address space. The Java Heap base address is the
#     maximum limit for the native heap growth. Please use -XX:HeapBaseMinAddress
#     to set the Java Heap base and to place the Java Heap above 4GB virtual address.
# This output file may be truncated or incomplete.
#
#  Out of Memory Error (arena.cpp:168), pid=14692, tid=23640
#
# JRE version: OpenJDK Runtime Environment Temurin-21.0.9+10 (21.0.9+10) (build 21.0.9+10-LTS)
# Java VM: OpenJDK 64-Bit Server VM Temurin-21.0.9+10 (21.0.9+10-LTS, mixed mode, sharing, tiered, compressed oops, compressed class ptrs, parallel gc, windows-amd64)
# No core dump will be written. Minidumps are not enabled by default on client versions of Windows
#

---------------  S U M M A R Y ------------

Command Line: --add-modules=ALL-SYSTEM --add-opens=java.base/java.util=ALL-UNNAMED --add-opens=java.base/java.lang=ALL-UNNAMED --add-opens=java.base/sun.nio.fs=ALL-UNNAMED -Declipse.application=org.eclipse.jdt.ls.core.id1 -Dosgi.bundles.defaultStartLevel=4 -Declipse.product=org.eclipse.jdt.ls.core.product -Djava.import.generatesMetadataFilesAtProjectRoot=false -DDetectVMInstallationsJob.disabled=true -Dfile.encoding=utf8 -XX:+UseParallelGC -XX:GCTimeRatio=4 -XX:AdaptiveSizePolicyWeight=90 -Dsun.zip.disableMemoryMapping=true -Xmx2G -Xms100m -Xlog:disable -javaagent:c:\Users\Long Phung\.antigravity\extensions\redhat.java-1.52.0-win32-x64\lombok\lombok-1.18.39-4050.jar -XX:+HeapDumpOnOutOfMemoryError -XX:HeapDumpPath=c:\Users\Long Phung\AppData\Roaming\Antigravity\User\workspaceStorage\2dd67a9ae43f6bc20a053f33c7cc8e95\redhat.java -Daether.dependencyCollector.impl=bf c:\Users\Long Phung\.antigravity\extensions\redhat.java-1.52.0-win32-x64\server\plugins\org.eclipse.equinox.launcher_1.7.100.v20251111-0406.jar -configuration c:\Users\Long Phung\AppData\Roaming\Antigravity\User\globalStorage\redhat.java\1.52.0\config_win -data c:\Users\Long Phung\AppData\Roaming\Antigravity\User\workspaceStorage\2dd67a9ae43f6bc20a053f33c7cc8e95\redhat.java\jdt_ws --pipe=\\.\pipe\lsp-5445808a128a6e88db91300273ab7613-sock

Host: 11th Gen Intel(R) Core(TM) i7-1165G7 @ 2.80GHz, 8 cores, 7G,  Windows 11 , 64 bit Build 26100 (10.0.26100.7705)
Time: Mon Mar  9 14:50:16 2026 SE Asia Standard Time elapsed time: 78.501313 seconds (0d 0h 1m 18s)

---------------  T H R E A D  ---------------

Current thread (0x000001d7553742b0):  JavaThread "C2 CompilerThread0" daemon [_thread_in_native, id=23640, stack(0x000000d5b5200000,0x000000d5b5300000) (1024K)]


Current CompileTask:
C2:78502 10624 %     4       java.util.Properties::load0 @ 29 (249 bytes)

Stack: [0x000000d5b5200000,0x000000d5b5300000]
Native frames: (J=compiled Java code, j=interpreted, Vv=VM code, C=native code)
V  [jvm.dll+0x6d6e29]
V  [jvm.dll+0x8b4b76]
V  [jvm.dll+0x8b712e]
V  [jvm.dll+0x8b7813]
V  [jvm.dll+0x283d86]
V  [jvm.dll+0xc66ed]
V  [jvm.dll+0xc6c31]
V  [jvm.dll+0x2facee]
V  [jvm.dll+0x5fde44]
V  [jvm.dll+0x255557]
V  [jvm.dll+0x24d64b]
V  [jvm.dll+0x24b482]
V  [jvm.dll+0x1cb13e]
V  [jvm.dll+0x25b29d]
V  [jvm.dll+0x25982a]
V  [jvm.dll+0x3f7ea6]
V  [jvm.dll+0x85e9ad]
V  [jvm.dll+0x6d565d]
C  [ucrtbase.dll+0x37b0]
C  [KERNEL32.DLL+0x2e8d7]
C  [ntdll.dll+0x8c40c]


---------------  P R O C E S S  ---------------

Threads class SMR info:
_java_thread_list=0x000001d766078f80, length=50, elements={
0x000001d77bfbdd00, 0x000001d77fa2d1f0, 0x000001d77fa2fcd0, 0x000001d77fa3e2f0,
0x000001d755370080, 0x000001d755370ad0, 0x000001d755371520, 0x000001d7553742b0,
0x000001d7553a4e60, 0x000001d7555791f0, 0x000001d7556bb010, 0x000001d755b91dd0,
0x000001d755dfa350, 0x000001d755d582c0, 0x000001d755d58920, 0x000001d755bc03c0,
0x000001d75a430250, 0x000001d75a67bc10, 0x000001d75a486d90, 0x000001d75a7fd520,
0x000001d75a7fa0a0, 0x000001d75a7fc170, 0x000001d75a7fadc0, 0x000001d75a7fa730,
0x000001d75a7fbae0, 0x000001d75a7fc800, 0x000001d75a7fb450, 0x000001d75a7fce90,
0x000001d75af3d540, 0x000001d75af3e260, 0x000001d75af3e8f0, 0x000001d75af3dbd0,
0x000001d75af3b470, 0x000001d75af3bb00, 0x000001d75af3c190, 0x000001d75af3c820,
0x000001d75af3ceb0, 0x000001d75c235e00, 0x000001d75c237ed0, 0x000001d75c238bf0,
0x000001d75c235770, 0x000001d75c236490, 0x000001d75c239280, 0x000001d75c239910,
0x000001d75c23cd90, 0x000001d7661cbaf0, 0x000001d7661cc810, 0x000001d7661cc180,
0x000001d7661ccea0, 0x000001d75c9520b0
}

Java Threads: ( => current thread )
  0x000001d77bfbdd00 JavaThread "main"                              [_thread_blocked, id=14920, stack(0x000000d5b4800000,0x000000d5b4900000) (1024K)]
  0x000001d77fa2d1f0 JavaThread "Reference Handler"          daemon [_thread_blocked, id=25520, stack(0x000000d5b4c00000,0x000000d5b4d00000) (1024K)]
  0x000001d77fa2fcd0 JavaThread "Finalizer"                  daemon [_thread_blocked, id=14820, stack(0x000000d5b4d00000,0x000000d5b4e00000) (1024K)]
  0x000001d77fa3e2f0 JavaThread "Signal Dispatcher"          daemon [_thread_blocked, id=13968, stack(0x000000d5b4e00000,0x000000d5b4f00000) (1024K)]
  0x000001d755370080 JavaThread "Attach Listener"            daemon [_thread_blocked, id=26724, stack(0x000000d5b4f00000,0x000000d5b5000000) (1024K)]
  0x000001d755370ad0 JavaThread "Service Thread"             daemon [_thread_blocked, id=23448, stack(0x000000d5b5000000,0x000000d5b5100000) (1024K)]
  0x000001d755371520 JavaThread "Monitor Deflation Thread"   daemon [_thread_blocked, id=17308, stack(0x000000d5b5100000,0x000000d5b5200000) (1024K)]
=>0x000001d7553742b0 JavaThread "C2 CompilerThread0"         daemon [_thread_in_native, id=23640, stack(0x000000d5b5200000,0x000000d5b5300000) (1024K)]
  0x000001d7553a4e60 JavaThread "C1 CompilerThread0"         daemon [_thread_blocked, id=3988, stack(0x000000d5b5300000,0x000000d5b5400000) (1024K)]
  0x000001d7555791f0 JavaThread "Common-Cleaner"             daemon [_thread_blocked, id=2220, stack(0x000000d5b5400000,0x000000d5b5500000) (1024K)]
  0x000001d7556bb010 JavaThread "Notification Thread"        daemon [_thread_blocked, id=13020, stack(0x000000d5b5600000,0x000000d5b5700000) (1024K)]
  0x000001d755b91dd0 JavaThread "Active Thread: Equinox Container: 32b55ef4-90a3-41bb-a675-895108a8541a"        [_thread_blocked, id=17232, stack(0x000000d5b5d00000,0x000000d5b5e00000) (1024K)]
  0x000001d755dfa350 JavaThread "Refresh Thread: Equinox Container: 32b55ef4-90a3-41bb-a675-895108a8541a" daemon [_thread_blocked, id=19208, stack(0x000000d5b5f00000,0x000000d5b6000000) (1024K)]
  0x000001d755d582c0 JavaThread "Framework Event Dispatcher: Equinox Container: 32b55ef4-90a3-41bb-a675-895108a8541a" daemon [_thread_blocked, id=20356, stack(0x000000d5b6000000,0x000000d5b6100000) (1024K)]
  0x000001d755d58920 JavaThread "Start Level: Equinox Container: 32b55ef4-90a3-41bb-a675-895108a8541a" daemon [_thread_blocked, id=16872, stack(0x000000d5b6100000,0x000000d5b6200000) (1024K)]
  0x000001d755bc03c0 JavaThread "Bundle File Closer"         daemon [_thread_blocked, id=9848, stack(0x000000d5b6200000,0x000000d5b6300000) (1024K)]
  0x000001d75a430250 JavaThread "SCR Component Actor"        daemon [_thread_blocked, id=12952, stack(0x000000d5b6300000,0x000000d5b6400000) (1024K)]
  0x000001d75a67bc10 JavaThread "Worker-JM"                         [_thread_blocked, id=4724, stack(0x000000d5b6400000,0x000000d5b6500000) (1024K)]
  0x000001d75a486d90 JavaThread "JNA Cleaner"                daemon [_thread_blocked, id=5728, stack(0x000000d5b6500000,0x000000d5b6600000) (1024K)]
  0x000001d75a7fd520 JavaThread "Worker-0"                          [_thread_blocked, id=10008, stack(0x000000d5b5500000,0x000000d5b5600000) (1024K)]
  0x000001d75a7fa0a0 JavaThread "Worker-1"                          [_thread_blocked, id=27032, stack(0x000000d5b6600000,0x000000d5b6700000) (1024K)]
  0x000001d75a7fc170 JavaThread "Java indexing"              daemon [_thread_blocked, id=10316, stack(0x000000d5b6900000,0x000000d5b6a00000) (1024K)]
  0x000001d75a7fadc0 JavaThread "Worker-2"                          [_thread_blocked, id=26096, stack(0x000000d5b6a00000,0x000000d5b6b00000) (1024K)]
  0x000001d75a7fa730 JavaThread "Worker-3: Publish Diagnostics"        [_thread_blocked, id=26848, stack(0x000000d5b6c00000,0x000000d5b6d00000) (1024K)]
  0x000001d75a7fbae0 JavaThread "Worker-4: Initialize workspace"        [_thread_blocked, id=17240, stack(0x000000d5b6d00000,0x000000d5b6e00000) (1024K)]
  0x000001d75a7fc800 JavaThread "Thread-1"                   daemon [_thread_in_native, id=26656, stack(0x000000d5b6e00000,0x000000d5b6f00000) (1024K)]
  0x000001d75a7fb450 JavaThread "Thread-2"                   daemon [_thread_in_native, id=19712, stack(0x000000d5b6f00000,0x000000d5b7000000) (1024K)]
  0x000001d75a7fce90 JavaThread "Thread-3"                   daemon [_thread_in_native, id=4352, stack(0x000000d5b7000000,0x000000d5b7100000) (1024K)]
  0x000001d75af3d540 JavaThread "Thread-4"                   daemon [_thread_in_native, id=26024, stack(0x000000d5b7100000,0x000000d5b7200000) (1024K)]
  0x000001d75af3e260 JavaThread "Thread-5"                   daemon [_thread_in_native, id=13476, stack(0x000000d5b7200000,0x000000d5b7300000) (1024K)]
  0x000001d75af3e8f0 JavaThread "Thread-6"                   daemon [_thread_in_native, id=20264, stack(0x000000d5b7300000,0x000000d5b7400000) (1024K)]
  0x000001d75af3dbd0 JavaThread "Thread-7"                   daemon [_thread_in_native, id=10736, stack(0x000000d5b7400000,0x000000d5b7500000) (1024K)]
  0x000001d75af3b470 JavaThread "Thread-8"                   daemon [_thread_in_native, id=10732, stack(0x000000d5b7500000,0x000000d5b7600000) (1024K)]
  0x000001d75af3bb00 JavaThread "Thread-9"                   daemon [_thread_in_native, id=348, stack(0x000000d5b7600000,0x000000d5b7700000) (1024K)]
  0x000001d75af3c190 JavaThread "pool-2-thread-1"                   [_thread_blocked, id=23680, stack(0x000000d5b7700000,0x000000d5b7800000) (1024K)]
  0x000001d75af3c820 JavaThread "WorkspaceEventsHandler"            [_thread_blocked, id=2236, stack(0x000000d5b7800000,0x000000d5b7900000) (1024K)]
  0x000001d75af3ceb0 JavaThread "pool-1-thread-1"                   [_thread_blocked, id=15924, stack(0x000000d5b7900000,0x000000d5b7a00000) (1024K)]
  0x000001d75c235e00 JavaThread "ForkJoinPool.commonPool-worker-1" daemon [_thread_blocked, id=9860, stack(0x000000d5b6700000,0x000000d5b6800000) (1024K)]
  0x000001d75c237ed0 JavaThread "ForkJoinPool.commonPool-worker-2" daemon [_thread_in_vm, id=25976, stack(0x000000d5b7a00000,0x000000d5b7b00000) (1024K)]
  0x000001d75c238bf0 JavaThread "ForkJoinPool.commonPool-worker-3" daemon [_thread_blocked, id=17340, stack(0x000000d5b7b00000,0x000000d5b7c00000) (1024K)]
  0x000001d75c235770 JavaThread "ForkJoinPool.commonPool-worker-4" daemon [_thread_blocked, id=22896, stack(0x000000d5b7c00000,0x000000d5b7d00000) (1024K)]
  0x000001d75c236490 JavaThread "ForkJoinPool.commonPool-worker-5" daemon [_thread_blocked, id=19752, stack(0x000000d5b7d00000,0x000000d5b7e00000) (1024K)]
  0x000001d75c239280 JavaThread "ForkJoinPool.commonPool-worker-6" daemon [_thread_blocked, id=22064, stack(0x000000d5b7e00000,0x000000d5b7f00000) (1024K)]
  0x000001d75c239910 JavaThread "ForkJoinPool.commonPool-worker-7" daemon [_thread_in_vm, id=21924, stack(0x000000d5b7f00000,0x000000d5b8000000) (1024K)]
  0x000001d75c23cd90 JavaThread "ParallelDescriptorResolver-0-0" daemon [_thread_blocked, id=22080, stack(0x000000d5b4700000,0x000000d5b4800000) (1024K)]
  0x000001d7661cbaf0 JavaThread "ParallelDescriptorResolver-0-1" daemon [_thread_blocked, id=12976, stack(0x000000d5b8000000,0x000000d5b8100000) (1024K)]
  0x000001d7661cc810 JavaThread "ParallelDescriptorResolver-0-2" daemon [_thread_blocked, id=3292, stack(0x000000d5b8100000,0x000000d5b8200000) (1024K)]
  0x000001d7661cc180 JavaThread "ParallelDescriptorResolver-0-3" daemon [_thread_in_vm, id=25136, stack(0x000000d5b8200000,0x000000d5b8300000) (1024K)] _threads_hazard_ptr=0x000001d766078f80
  0x000001d7661ccea0 JavaThread "ParallelDescriptorResolver-0-4" daemon [_thread_in_native, id=24760, stack(0x000000d5b8300000,0x000000d5b8400000) (1024K)]
  0x000001d75c9520b0 JavaThread "C2 CompilerThread1"         daemon [_thread_in_native, id=21952, stack(0x000000d5b4500000,0x000000d5b4600000) (1024K)]
Total: 50

Other Threads:
  0x000001d77c040bf0 VMThread "VM Thread"                           [id=14120, stack(0x000000d5b4b00000,0x000000d5b4c00000) (1024K)]
  0x000001d77c02ca10 WatcherThread "VM Periodic Task Thread"        [id=12928, stack(0x000000d5b4a00000,0x000000d5b4b00000) (1024K)]
  0x000001d77bfdc570 WorkerThread "GC Thread#0"                     [id=27536, stack(0x000000d5b4900000,0x000000d5b4a00000) (1024K)]
  0x000001d755a7d480 WorkerThread "GC Thread#1"                     [id=2280, stack(0x000000d5b5700000,0x000000d5b5800000) (1024K)]
  0x000001d755be5a30 WorkerThread "GC Thread#2"                     [id=27484, stack(0x000000d5b5800000,0x000000d5b5900000) (1024K)]
  0x000001d755be5dd0 WorkerThread "GC Thread#3"                     [id=23784, stack(0x000000d5b5900000,0x000000d5b5a00000) (1024K)]
  0x000001d755c5e8a0 WorkerThread "GC Thread#4"                     [id=16304, stack(0x000000d5b5a00000,0x000000d5b5b00000) (1024K)]
  0x000001d755c5ec40 WorkerThread "GC Thread#5"                     [id=11064, stack(0x000000d5b5b00000,0x000000d5b5c00000) (1024K)]
  0x000001d755c5efe0 WorkerThread "GC Thread#6"                     [id=10560, stack(0x000000d5b5c00000,0x000000d5b5d00000) (1024K)]
  0x000001d75a0a24d0 WorkerThread "GC Thread#7"                     [id=13396, stack(0x000000d5b5e00000,0x000000d5b5f00000) (1024K)]
Total: 10

Threads with active compile tasks:
C2 CompilerThread0  78591 10624 %     4       java.util.Properties::load0 @ 29 (249 bytes)
C1 CompilerThread0  78591 10699       3       org.eclipse.aether.util.graph.selector.OptionalDependencySelector::selectDependency (28 bytes)
C2 CompilerThread1  78591 10625       4       org.codehaus.plexus.util.xml.pull.MXParser::parseAttribute (1438 bytes)
Total: 3

VM state: not at safepoint (normal execution)

VM Mutex/Monitor currently owned by a thread: None

Heap address: 0x0000000080000000, size: 2048 MB, Compressed Oops mode: 32-bit

CDS archive(s) mapped at: [0x000001d713000000-0x000001d713ba0000-0x000001d713ba0000), size 12189696, SharedBaseAddress: 0x000001d713000000, ArchiveRelocationMode: 1.
Compressed class space mapped at: 0x000001d714000000-0x000001d754000000, reserved size: 1073741824
Narrow klass base: 0x000001d713000000, Narrow klass shift: 0, Narrow klass range: 0x100000000

GC Precious Log:
 CardTable entry size: 512
 CPUs: 8 total, 8 available
 Memory: 7971M
 Large Page Support: Disabled
 NUMA Support: Disabled
 Compressed Oops: Enabled (32-bit)
 Alignments: Space 512K, Generation 512K, Heap 2M
 Heap Min Capacity: 100M
 Heap Initial Capacity: 100M
 Heap Max Capacity: 2G
 Pre-touch: Disabled
 Parallel Workers: 8

Heap:
 PSYoungGen      total 19456K, used 13183K [0x00000000d5580000, 0x00000000d6a00000, 0x0000000100000000)
  eden space 17920K, 67% used [0x00000000d5580000,0x00000000d614fdf8,0x00000000d6700000)
  from space 1536K, 70% used [0x00000000d6700000,0x00000000d6810000,0x00000000d6880000)
  to   space 1536K, 0% used [0x00000000d6880000,0x00000000d6880000,0x00000000d6a00000)
 ParOldGen       total 76288K, used 76123K [0x0000000080000000, 0x0000000084a80000, 0x00000000d5580000)
  object space 76288K, 99% used [0x0000000080000000,0x0000000084a56d48,0x0000000084a80000)
 Metaspace       used 61376K, committed 62848K, reserved 1114112K
  class space    used 6520K, committed 7168K, reserved 1048576K

Card table byte_map: [0x000001d77b930000,0x000001d77bd40000] _byte_map_base: 0x000001d77b530000

Marking Bits: (ParMarkBitMap*) 0x00007fff6d1e2460
 Begin Bits: [0x000001d70f000000, 0x000001d711000000)
 End Bits:   [0x000001d711000000, 0x000001d713000000)

Polling page: 0x000001d77b5e0000

Metaspace:

Usage:
  Non-class:     53.57 MB used.
      Class:      6.37 MB used.
       Both:     59.94 MB used.

Virtual space:
  Non-class space:       64.00 MB reserved,      54.38 MB ( 85%) committed,  1 nodes.
      Class space:        1.00 GB reserved,       7.00 MB ( <1%) committed,  1 nodes.
             Both:        1.06 GB reserved,      61.38 MB (  6%) committed. 

Chunk freelists:
   Non-Class:  9.61 MB
       Class:  8.88 MB
        Both:  18.49 MB

MaxMetaspaceSize: unlimited
CompressedClassSpaceSize: 1.00 GB
Initial GC threshold: 21.00 MB
Current GC threshold: 97.31 MB
CDS: on
 - commit_granule_bytes: 65536.
 - commit_granule_words: 8192.
 - virtual_space_node_default_size: 8388608.
 - enlarge_chunks_in_place: 1.
 - use_allocation_guard: 0.


Internal statistics:

num_allocs_failed_limit: 9.
num_arena_births: 1178.
num_arena_deaths: 14.
num_vsnodes_births: 2.
num_vsnodes_deaths: 0.
num_space_committed: 983.
num_space_uncommitted: 0.
num_chunks_returned_to_freelist: 23.
num_chunks_taken_from_freelist: 4051.
num_chunk_merges: 10.
num_chunk_splits: 2512.
num_chunks_enlarged: 1416.
num_inconsistent_stats: 0.

CodeHeap 'non-profiled nmethods': size=120000Kb used=7211Kb max_used=7211Kb free=112788Kb
 bounds [0x000001d707ad0000, 0x000001d7081e0000, 0x000001d70f000000]
CodeHeap 'profiled nmethods': size=120000Kb used=21940Kb max_used=21940Kb free=98059Kb
 bounds [0x000001d700000000, 0x000001d701570000, 0x000001d707530000]
CodeHeap 'non-nmethods': size=5760Kb used=1433Kb max_used=1503Kb free=4326Kb
 bounds [0x000001d707530000, 0x000001d7077a0000, 0x000001d707ad0000]
CodeCache: size=245760Kb, used=30584Kb, max_used=30654Kb, free=215173Kb
 total_blobs=10658, nmethods=9920, adapters=643, full_count=0
Compilation: enabled, stopped_count=0, restarted_count=0

Compilation events (20 events):
Event: 76.678 Thread 0x000001d7553a4e60 10645       3       sun.nio.ch.FileLockImpl::invalidate (27 bytes)
Event: 76.678 Thread 0x000001d7553a4e60 nmethod 10645 0x000001d701537f90 code [0x000001d701538120, 0x000001d701538248]
Event: 76.705 Thread 0x000001d7553a4e60 10646       3       org.eclipse.aether.util.version.GenericVersion$Item::hashCode (16 bytes)
Event: 76.705 Thread 0x000001d7553a4e60 nmethod 10646 0x000001d701538310 code [0x000001d7015384c0, 0x000001d7015386b0]
Event: 76.714 Thread 0x000001d7553a4e60 10647       3       java.util.Collections$SingletonList::iterator (8 bytes)
Event: 76.714 Thread 0x000001d7553a4e60 nmethod 10647 0x000001d701538790 code [0x000001d701538940, 0x000001d701538be0]
Event: 77.010 Thread 0x000001d7553a4e60 10648       3       org.eclipse.aether.artifact.DefaultArtifact::<init> (62 bytes)
Event: 77.011 Thread 0x000001d7553a4e60 nmethod 10648 0x000001d701538d10 code [0x000001d701538f80, 0x000001d701539bd0]
Event: 77.098 Thread 0x000001d7553a4e60 10649       1       org.apache.maven.model.building.ModelCacheTag$1::getName (3 bytes)
Event: 77.098 Thread 0x000001d7553a4e60 nmethod 10649 0x000001d7081d6b10 code [0x000001d7081d6ca0, 0x000001d7081d6d70]
Event: 77.099 Thread 0x000001d7553a4e60 10650       3       org.apache.maven.model.ReportPlugin::getReportSets (23 bytes)
Event: 77.099 Thread 0x000001d7553a4e60 nmethod 10650 0x000001d70153a010 code [0x000001d70153a1e0, 0x000001d70153a530]
Event: 77.099 Thread 0x000001d7553a4e60 10651       3       org.apache.maven.model.ReportPlugin::<init> (16 bytes)
Event: 77.100 Thread 0x000001d7553a4e60 nmethod 10651 0x000001d70153a690 code [0x000001d70153a840, 0x000001d70153aa40]
Event: 77.100 Thread 0x000001d7553a4e60 10653       3       org.apache.maven.model.inheritance.DefaultInheritanceAssembler$InheritanceModelMerger::concatPath (105 bytes)
Event: 77.101 Thread 0x000001d7553a4e60 nmethod 10653 0x000001d70153ab10 code [0x000001d70153ae00, 0x000001d70153bd68]
Event: 77.101 Thread 0x000001d7553a4e60 10654       3       org.eclipse.aether.artifact.DefaultArtifact::<init> (17 bytes)
Event: 77.101 Thread 0x000001d7553a4e60 nmethod 10654 0x000001d70153c410 code [0x000001d70153c5c0, 0x000001d70153c708]
Event: 77.181 Thread 0x000001d7553a4e60 10655       3       org.apache.maven.model.interpolation.StringVisitorModelInterpolator$ModelVisitor::visit (42 bytes)
Event: 77.181 Thread 0x000001d7553a4e60 nmethod 10655 0x000001d70153c810 code [0x000001d70153ca40, 0x000001d70153d2f0]

GC Heap History (20 events):
Event: 72.085 GC heap before
{Heap before GC invocations=90 (full 3):
 PSYoungGen      total 18432K, used 18176K [0x00000000d5580000, 0x00000000d6900000, 0x0000000100000000)
  eden space 17920K, 100% used [0x00000000d5580000,0x00000000d6700000,0x00000000d6700000)
  from space 512K, 50% used [0x00000000d6880000,0x00000000d68c0000,0x00000000d6900000)
  to   space 512K, 0% used [0x00000000d6800000,0x00000000d6800000,0x00000000d6880000)
 ParOldGen       total 69632K, used 69479K [0x0000000080000000, 0x0000000084400000, 0x00000000d5580000)
  object space 69632K, 99% used [0x0000000080000000,0x00000000843d9c98,0x0000000084400000)
 Metaspace       used 60004K, committed 61440K, reserved 1114112K
  class space    used 6383K, committed 6976K, reserved 1048576K
}
Event: 72.086 GC heap after
{Heap after GC invocations=90 (full 3):
 PSYoungGen      total 18432K, used 384K [0x00000000d5580000, 0x00000000d6900000, 0x0000000100000000)
  eden space 17920K, 0% used [0x00000000d5580000,0x00000000d5580000,0x00000000d6700000)
  from space 512K, 75% used [0x00000000d6800000,0x00000000d6860000,0x00000000d6880000)
  to   space 512K, 0% used [0x00000000d6880000,0x00000000d6880000,0x00000000d6900000)
 ParOldGen       total 69632K, used 69599K [0x0000000080000000, 0x0000000084400000, 0x00000000d5580000)
  object space 69632K, 99% used [0x0000000080000000,0x00000000843f7c98,0x0000000084400000)
 Metaspace       used 60004K, committed 61440K, reserved 1114112K
  class space    used 6383K, committed 6976K, reserved 1048576K
}
Event: 72.131 GC heap before
{Heap before GC invocations=91 (full 3):
 PSYoungGen      total 18432K, used 18304K [0x00000000d5580000, 0x00000000d6900000, 0x0000000100000000)
  eden space 17920K, 100% used [0x00000000d5580000,0x00000000d6700000,0x00000000d6700000)
  from space 512K, 75% used [0x00000000d6800000,0x00000000d6860000,0x00000000d6880000)
  to   space 512K, 0% used [0x00000000d6880000,0x00000000d6880000,0x00000000d6900000)
 ParOldGen       total 69632K, used 69599K [0x0000000080000000, 0x0000000084400000, 0x00000000d5580000)
  object space 69632K, 99% used [0x0000000080000000,0x00000000843f7c98,0x0000000084400000)
 Metaspace       used 60007K, committed 61440K, reserved 1114112K
  class space    used 6384K, committed 6976K, reserved 1048576K
}
Event: 72.132 GC heap after
{Heap after GC invocations=91 (full 3):
 PSYoungGen      total 18432K, used 352K [0x00000000d5580000, 0x00000000d6900000, 0x0000000100000000)
  eden space 17920K, 0% used [0x00000000d5580000,0x00000000d5580000,0x00000000d6700000)
  from space 512K, 68% used [0x00000000d6880000,0x00000000d68d8000,0x00000000d6900000)
  to   space 512K, 0% used [0x00000000d6800000,0x00000000d6800000,0x00000000d6880000)
 ParOldGen       total 70144K, used 69823K [0x0000000080000000, 0x0000000084480000, 0x00000000d5580000)
  object space 70144K, 99% used [0x0000000080000000,0x000000008442fc98,0x0000000084480000)
 Metaspace       used 60007K, committed 61440K, reserved 1114112K
  class space    used 6384K, committed 6976K, reserved 1048576K
}
Event: 72.178 GC heap before
{Heap before GC invocations=92 (full 3):
 PSYoungGen      total 18432K, used 18272K [0x00000000d5580000, 0x00000000d6900000, 0x0000000100000000)
  eden space 17920K, 100% used [0x00000000d5580000,0x00000000d6700000,0x00000000d6700000)
  from space 512K, 68% used [0x00000000d6880000,0x00000000d68d8000,0x00000000d6900000)
  to   space 512K, 0% used [0x00000000d6800000,0x00000000d6800000,0x00000000d6880000)
 ParOldGen       total 70144K, used 69823K [0x0000000080000000, 0x0000000084480000, 0x00000000d5580000)
  object space 70144K, 99% used [0x0000000080000000,0x000000008442fc98,0x0000000084480000)
 Metaspace       used 60007K, committed 61440K, reserved 1114112K
  class space    used 6384K, committed 6976K, reserved 1048576K
}
Event: 72.179 GC heap after
{Heap after GC invocations=92 (full 3):
 PSYoungGen      total 18432K, used 256K [0x00000000d5580000, 0x00000000d6900000, 0x0000000100000000)
  eden space 17920K, 0% used [0x00000000d5580000,0x00000000d5580000,0x00000000d6700000)
  from space 512K, 50% used [0x00000000d6800000,0x00000000d6840000,0x00000000d6880000)
  to   space 512K, 0% used [0x00000000d6880000,0x00000000d6880000,0x00000000d6900000)
 ParOldGen       total 71168K, used 70767K [0x0000000080000000, 0x0000000084580000, 0x00000000d5580000)
  object space 71168K, 99% used [0x0000000080000000,0x000000008451bc98,0x0000000084580000)
 Metaspace       used 60007K, committed 61440K, reserved 1114112K
  class space    used 6384K, committed 6976K, reserved 1048576K
}
Event: 72.226 GC heap before
{Heap before GC invocations=93 (full 3):
 PSYoungGen      total 18432K, used 18176K [0x00000000d5580000, 0x00000000d6900000, 0x0000000100000000)
  eden space 17920K, 100% used [0x00000000d5580000,0x00000000d6700000,0x00000000d6700000)
  from space 512K, 50% used [0x00000000d6800000,0x00000000d6840000,0x00000000d6880000)
  to   space 512K, 0% used [0x00000000d6880000,0x00000000d6880000,0x00000000d6900000)
 ParOldGen       total 71168K, used 70767K [0x0000000080000000, 0x0000000084580000, 0x00000000d5580000)
  object space 71168K, 99% used [0x0000000080000000,0x000000008451bc98,0x0000000084580000)
 Metaspace       used 60015K, committed 61440K, reserved 1114112K
  class space    used 6384K, committed 6976K, reserved 1048576K
}
Event: 72.227 GC heap after
{Heap after GC invocations=93 (full 3):
 PSYoungGen      total 18432K, used 288K [0x00000000d5580000, 0x00000000d6900000, 0x0000000100000000)
  eden space 17920K, 0% used [0x00000000d5580000,0x00000000d5580000,0x00000000d6700000)
  from space 512K, 56% used [0x00000000d6880000,0x00000000d68c8000,0x00000000d6900000)
  to   space 512K, 0% used [0x00000000d6800000,0x00000000d6800000,0x00000000d6880000)
 ParOldGen       total 71168K, used 70927K [0x0000000080000000, 0x0000000084580000, 0x00000000d5580000)
  object space 71168K, 99% used [0x0000000080000000,0x0000000084543c98,0x0000000084580000)
 Metaspace       used 60015K, committed 61440K, reserved 1114112K
  class space    used 6384K, committed 6976K, reserved 1048576K
}
Event: 72.252 GC heap before
{Heap before GC invocations=94 (full 3):
 PSYoungGen      total 18432K, used 18208K [0x00000000d5580000, 0x00000000d6900000, 0x0000000100000000)
  eden space 17920K, 100% used [0x00000000d5580000,0x00000000d6700000,0x00000000d6700000)
  from space 512K, 56% used [0x00000000d6880000,0x00000000d68c8000,0x00000000d6900000)
  to   space 512K, 0% used [0x00000000d6800000,0x00000000d6800000,0x00000000d6880000)
 ParOldGen       total 71168K, used 70927K [0x0000000080000000, 0x0000000084580000, 0x00000000d5580000)
  object space 71168K, 99% used [0x0000000080000000,0x0000000084543c98,0x0000000084580000)
 Metaspace       used 60015K, committed 61440K, reserved 1114112K
  class space    used 6384K, committed 6976K, reserved 1048576K
}
Event: 72.253 GC heap after
{Heap after GC invocations=94 (full 3):
 PSYoungGen      total 18432K, used 288K [0x00000000d5580000, 0x00000000d6900000, 0x0000000100000000)
  eden space 17920K, 0% used [0x00000000d5580000,0x00000000d5580000,0x00000000d6700000)
  from space 512K, 56% used [0x00000000d6800000,0x00000000d6848000,0x00000000d6880000)
  to   space 512K, 0% used [0x00000000d6880000,0x00000000d6880000,0x00000000d6900000)
 ParOldGen       total 71168K, used 71139K [0x0000000080000000, 0x0000000084580000, 0x00000000d5580000)
  object space 71168K, 99% used [0x0000000080000000,0x0000000084578ca8,0x0000000084580000)
 Metaspace       used 60015K, committed 61440K, reserved 1114112K
  class space    used 6384K, committed 6976K, reserved 1048576K
}
Event: 72.315 GC heap before
{Heap before GC invocations=95 (full 3):
 PSYoungGen      total 18432K, used 18208K [0x00000000d5580000, 0x00000000d6900000, 0x0000000100000000)
  eden space 17920K, 100% used [0x00000000d5580000,0x00000000d6700000,0x00000000d6700000)
  from space 512K, 56% used [0x00000000d6800000,0x00000000d6848000,0x00000000d6880000)
  to   space 512K, 0% used [0x00000000d6880000,0x00000000d6880000,0x00000000d6900000)
 ParOldGen       total 71168K, used 71139K [0x0000000080000000, 0x0000000084580000, 0x00000000d5580000)
  object space 71168K, 99% used [0x0000000080000000,0x0000000084578ca8,0x0000000084580000)
 Metaspace       used 60015K, committed 61440K, reserved 1114112K
  class space    used 6384K, committed 6976K, reserved 1048576K
}
Event: 72.316 GC heap after
{Heap after GC invocations=95 (full 3):
 PSYoungGen      total 18432K, used 384K [0x00000000d5580000, 0x00000000d6900000, 0x0000000100000000)
  eden space 17920K, 0% used [0x00000000d5580000,0x00000000d5580000,0x00000000d6700000)
  from space 512K, 75% used [0x00000000d6880000,0x00000000d68e0000,0x00000000d6900000)
  to   space 512K, 0% used [0x00000000d6800000,0x00000000d6800000,0x00000000d6880000)
 ParOldGen       total 71680K, used 71307K [0x0000000080000000, 0x0000000084600000, 0x00000000d5580000)
  object space 71680K, 99% used [0x0000000080000000,0x00000000845a2ca8,0x0000000084600000)
 Metaspace       used 60015K, committed 61440K, reserved 1114112K
  class space    used 6384K, committed 6976K, reserved 1048576K
}
Event: 72.331 GC heap before
{Heap before GC invocations=96 (full 3):
 PSYoungGen      total 18432K, used 18304K [0x00000000d5580000, 0x00000000d6900000, 0x0000000100000000)
  eden space 17920K, 100% used [0x00000000d5580000,0x00000000d6700000,0x00000000d6700000)
  from space 512K, 75% used [0x00000000d6880000,0x00000000d68e0000,0x00000000d6900000)
  to   space 512K, 0% used [0x00000000d6800000,0x00000000d6800000,0x00000000d6880000)
 ParOldGen       total 71680K, used 71307K [0x0000000080000000, 0x0000000084600000, 0x00000000d5580000)
  object space 71680K, 99% used [0x0000000080000000,0x00000000845a2ca8,0x0000000084600000)
 Metaspace       used 60016K, committed 61440K, reserved 1114112K
  class space    used 6384K, committed 6976K, reserved 1048576K
}
Event: 72.332 GC heap after
{Heap after GC invocations=96 (full 3):
 PSYoungGen      total 18432K, used 320K [0x00000000d5580000, 0x00000000d6900000, 0x0000000100000000)
  eden space 17920K, 0% used [0x00000000d5580000,0x00000000d5580000,0x00000000d6700000)
  from space 512K, 62% used [0x00000000d6800000,0x00000000d6850000,0x00000000d6880000)
  to   space 512K, 0% used [0x00000000d6880000,0x00000000d6880000,0x00000000d6900000)
 ParOldGen       total 71680K, used 71555K [0x0000000080000000, 0x0000000084600000, 0x00000000d5580000)
  object space 71680K, 99% used [0x0000000080000000,0x00000000845e0ca8,0x0000000084600000)
 Metaspace       used 60016K, committed 61440K, reserved 1114112K
  class space    used 6384K, committed 6976K, reserved 1048576K
}
Event: 73.216 GC heap before
{Heap before GC invocations=97 (full 3):
 PSYoungGen      total 18432K, used 18240K [0x00000000d5580000, 0x00000000d6900000, 0x0000000100000000)
  eden space 17920K, 100% used [0x00000000d5580000,0x00000000d6700000,0x00000000d6700000)
  from space 512K, 62% used [0x00000000d6800000,0x00000000d6850000,0x00000000d6880000)
  to   space 512K, 0% used [0x00000000d6880000,0x00000000d6880000,0x00000000d6900000)
 ParOldGen       total 71680K, used 71555K [0x0000000080000000, 0x0000000084600000, 0x00000000d5580000)
  object space 71680K, 99% used [0x0000000080000000,0x00000000845e0ca8,0x0000000084600000)
 Metaspace       used 60269K, committed 61760K, reserved 1114112K
  class space    used 6404K, committed 7040K, reserved 1048576K
}
Event: 73.218 GC heap after
{Heap after GC invocations=97 (full 3):
 PSYoungGen      total 18432K, used 512K [0x00000000d5580000, 0x00000000d6a00000, 0x0000000100000000)
  eden space 17920K, 0% used [0x00000000d5580000,0x00000000d5580000,0x00000000d6700000)
  from space 512K, 100% used [0x00000000d6880000,0x00000000d6900000,0x00000000d6900000)
  to   space 1536K, 0% used [0x00000000d6700000,0x00000000d6700000,0x00000000d6880000)
 ParOldGen       total 72704K, used 72251K [0x0000000080000000, 0x0000000084700000, 0x00000000d5580000)
  object space 72704K, 99% used [0x0000000080000000,0x000000008468ecb8,0x0000000084700000)
 Metaspace       used 60269K, committed 61760K, reserved 1114112K
  class space    used 6404K, committed 7040K, reserved 1048576K
}
Event: 73.822 GC heap before
{Heap before GC invocations=98 (full 3):
 PSYoungGen      total 18432K, used 18431K [0x00000000d5580000, 0x00000000d6a00000, 0x0000000100000000)
  eden space 17920K, 99% used [0x00000000d5580000,0x00000000d66fff78,0x00000000d6700000)
  from space 512K, 100% used [0x00000000d6880000,0x00000000d6900000,0x00000000d6900000)
  to   space 1536K, 0% used [0x00000000d6700000,0x00000000d6700000,0x00000000d6880000)
 ParOldGen       total 72704K, used 72251K [0x0000000080000000, 0x0000000084700000, 0x00000000d5580000)
  object space 72704K, 99% used [0x0000000080000000,0x000000008468ecb8,0x0000000084700000)
 Metaspace       used 60517K, committed 61952K, reserved 1114112K
  class space    used 6439K, committed 7040K, reserved 1048576K
}
Event: 73.823 GC heap after
{Heap after GC invocations=98 (full 3):
 PSYoungGen      total 19456K, used 1504K [0x00000000d5580000, 0x00000000d6c00000, 0x0000000100000000)
  eden space 17920K, 0% used [0x00000000d5580000,0x00000000d5580000,0x00000000d6700000)
  from space 1536K, 97% used [0x00000000d6700000,0x00000000d6878020,0x00000000d6880000)
  to   space 2560K, 0% used [0x00000000d6980000,0x00000000d6980000,0x00000000d6c00000)
 ParOldGen       total 73216K, used 73019K [0x0000000080000000, 0x0000000084780000, 0x00000000d5580000)
  object space 73216K, 99% used [0x0000000080000000,0x000000008474ece8,0x0000000084780000)
 Metaspace       used 60517K, committed 61952K, reserved 1114112K
  class space    used 6439K, committed 7040K, reserved 1048576K
}
Event: 75.133 GC heap before
{Heap before GC invocations=99 (full 3):
 PSYoungGen      total 19456K, used 19424K [0x00000000d5580000, 0x00000000d6c00000, 0x0000000100000000)
  eden space 17920K, 99% used [0x00000000d5580000,0x00000000d66ffff8,0x00000000d6700000)
  from space 1536K, 97% used [0x00000000d6700000,0x00000000d6878020,0x00000000d6880000)
  to   space 2560K, 0% used [0x00000000d6980000,0x00000000d6980000,0x00000000d6c00000)
 ParOldGen       total 73216K, used 73019K [0x0000000080000000, 0x0000000084780000, 0x00000000d5580000)
  object space 73216K, 99% used [0x0000000080000000,0x000000008474ece8,0x0000000084780000)
 Metaspace       used 60956K, committed 62336K, reserved 1114112K
  class space    used 6492K, committed 7104K, reserved 1048576K
}
Event: 75.177 GC heap after
{Heap after GC invocations=99 (full 3):
 PSYoungGen      total 20480K, used 1952K [0x00000000d5580000, 0x00000000d6c00000, 0x0000000100000000)
  eden space 17920K, 0% used [0x00000000d5580000,0x00000000d5580000,0x00000000d6700000)
  from space 2560K, 76% used [0x00000000d6980000,0x00000000d6b68000,0x00000000d6c00000)
  to   space 2560K, 0% used [0x00000000d6700000,0x00000000d6700000,0x00000000d6980000)
 ParOldGen       total 74752K, used 74411K [0x0000000080000000, 0x0000000084900000, 0x00000000d5580000)
  object space 74752K, 99% used [0x0000000080000000,0x00000000848aad48,0x0000000084900000)
 Metaspace       used 60956K, committed 62336K, reserved 1114112K
  class space    used 6492K, committed 7104K, reserved 1048576K
}

Dll operation events (10 events):
Event: 0.011 Loaded shared library c:\Users\Long Phung\.antigravity\extensions\redhat.java-1.52.0-win32-x64\jre\21.0.9-win32-x86_64\bin\java.dll
Event: 0.045 Loaded shared library c:\Users\Long Phung\.antigravity\extensions\redhat.java-1.52.0-win32-x64\jre\21.0.9-win32-x86_64\bin\zip.dll
Event: 0.170 Loaded shared library C:\Users\Long Phung\.antigravity\extensions\redhat.java-1.52.0-win32-x64\jre\21.0.9-win32-x86_64\bin\instrument.dll
Event: 0.175 Loaded shared library C:\Users\Long Phung\.antigravity\extensions\redhat.java-1.52.0-win32-x64\jre\21.0.9-win32-x86_64\bin\net.dll
Event: 0.205 Loaded shared library C:\Users\Long Phung\.antigravity\extensions\redhat.java-1.52.0-win32-x64\jre\21.0.9-win32-x86_64\bin\nio.dll
Event: 0.208 Loaded shared library C:\Users\Long Phung\.antigravity\extensions\redhat.java-1.52.0-win32-x64\jre\21.0.9-win32-x86_64\bin\zip.dll
Event: 0.238 Loaded shared library C:\Users\Long Phung\.antigravity\extensions\redhat.java-1.52.0-win32-x64\jre\21.0.9-win32-x86_64\bin\jimage.dll
Event: 0.327 Loaded shared library c:\Users\Long Phung\.antigravity\extensions\redhat.java-1.52.0-win32-x64\jre\21.0.9-win32-x86_64\bin\verify.dll
Event: 1.638 Loaded shared library C:\Users\Long Phung\AppData\Roaming\Antigravity\User\globalStorage\redhat.java\1.52.0\config_win\org.eclipse.equinox.launcher\org.eclipse.equinox.launcher.win32.win32.x86_64_1.2.1500.v20260121-1430\eclipse_11919.dll
Event: 3.325 Loaded shared library C:\Users\Long Phung\AppData\Local\Temp\jna--166703790\jna11919500545566873651.dll

Deoptimization events (20 events):
Event: 74.976 Thread 0x000001d75c239280 DEOPT PACKING pc=0x000001d708189bd0 sp=0x000000d5b7efd4e0
Event: 74.976 Thread 0x000001d75c239280 DEOPT UNPACKING pc=0x000001d707586da2 sp=0x000000d5b7efd4a8 mode 2
Event: 74.976 Thread 0x000001d75a7fa730 Uncommon trap: trap_request=0xffffffde fr.pc=0x000001d708189bd0 relative=0x0000000000001590
Event: 74.976 Thread 0x000001d75a7fa730 Uncommon trap: reason=class_check action=maybe_recompile pc=0x000001d708189bd0 method=org.eclipse.jdt.internal.core.JavaModelCache.getInfo(Lorg/eclipse/jdt/core/IJavaElement;)Lorg/eclipse/jdt/internal/compiler/env/IElementInfo; @ 91 c2
Event: 74.976 Thread 0x000001d75a7fa730 DEOPT PACKING pc=0x000001d708189bd0 sp=0x000000d5b6cfdd70
Event: 74.976 Thread 0x000001d75a7fa730 DEOPT UNPACKING pc=0x000001d707586da2 sp=0x000000d5b6cfdd38 mode 2
Event: 75.416 Thread 0x000001d75c239280 Uncommon trap: trap_request=0xffffffde fr.pc=0x000001d707cbdd4c relative=0x00000000000000ac
Event: 75.416 Thread 0x000001d75c239280 Uncommon trap: reason=class_check action=maybe_recompile pc=0x000001d707cbdd4c method=jdk.internal.util.StrongReferenceKey.equals(Ljava/lang/Object;)Z @ 1 c2
Event: 75.416 Thread 0x000001d75c239280 DEOPT PACKING pc=0x000001d707cbdd4c sp=0x000000d5b7efbdb0
Event: 75.416 Thread 0x000001d75c239280 DEOPT UNPACKING pc=0x000001d707586da2 sp=0x000000d5b7efbd38 mode 2
Event: 75.527 Thread 0x000001d75c23cd90 DEOPT PACKING pc=0x000001d7005608ad sp=0x000000d5b47fe6a0
Event: 75.527 Thread 0x000001d75c23cd90 DEOPT UNPACKING pc=0x000001d7075878e2 sp=0x000000d5b47fdb58 mode 0
Event: 76.239 Thread 0x000001d7661cbaf0 DEOPT PACKING pc=0x000001d70145954d sp=0x000000d5b80fe100
Event: 76.239 Thread 0x000001d7661cbaf0 DEOPT UNPACKING pc=0x000001d7075878e2 sp=0x000000d5b80fd640 mode 0
Event: 76.268 Thread 0x000001d7661cc180 Uncommon trap: trap_request=0xffffff45 fr.pc=0x000001d708063b0c relative=0x0000000000000c6c
Event: 76.268 Thread 0x000001d7661cc180 Uncommon trap: reason=unstable_if action=reinterpret pc=0x000001d708063b0c method=java.util.concurrent.ConcurrentHashMap.addCount(JI)V @ 97 c2
Event: 76.268 Thread 0x000001d7661cc180 DEOPT PACKING pc=0x000001d708063b0c sp=0x000000d5b82feee0
Event: 76.268 Thread 0x000001d7661cc180 DEOPT UNPACKING pc=0x000001d707586da2 sp=0x000000d5b82fedb0 mode 2
Event: 76.366 Thread 0x000001d7661cbaf0 DEOPT PACKING pc=0x000001d7011f8345 sp=0x000000d5b80fdf60
Event: 76.366 Thread 0x000001d7661cbaf0 DEOPT UNPACKING pc=0x000001d7075878e2 sp=0x000000d5b80fd578 mode 0

Classes loaded (20 events):
Event: 42.156 Loading class sun/util/resources/TimeZoneNamesBundle done
Event: 42.156 Loading class sun/util/resources/cldr/TimeZoneNames done
Event: 42.486 Loading class sun/util/resources/cldr/TimeZoneNames_en
Event: 42.639 Loading class sun/util/resources/cldr/TimeZoneNames_en done
Event: 42.639 Loading class sun/util/resources/cldr/TimeZoneNames_en_US
Event: 42.639 Loading class sun/util/resources/cldr/TimeZoneNames_en_US done
Event: 42.642 Loading class sun/util/cldr/CLDRBaseLocaleDataMetaInfo$TZCanonicalIDMapHolder
Event: 42.909 Loading class sun/util/cldr/CLDRBaseLocaleDataMetaInfo$TZCanonicalIDMapHolder done
Event: 42.912 Loading class sun/util/resources/TimeZoneNames
Event: 43.324 Loading class sun/util/resources/TimeZoneNames done
Event: 43.324 Loading class sun/util/resources/TimeZoneNames_en
Event: 43.633 Loading class sun/util/resources/TimeZoneNames_en done
Event: 74.067 Loading class sun/nio/cs/ISO_8859_1$Decoder
Event: 74.086 Loading class sun/nio/cs/ISO_8859_1$Decoder done
Event: 74.691 Loading class java/util/stream/ReduceOps$4
Event: 74.727 Loading class java/util/stream/ReduceOps$4 done
Event: 74.727 Loading class java/util/stream/ReduceOps$4ReducingSink
Event: 74.727 Loading class java/util/stream/ReduceOps$4ReducingSink done
Event: 75.255 Loading class java/nio/file/Files$2
Event: 75.326 Loading class java/nio/file/Files$2 done

Classes unloaded (7 events):
Event: 4.409 Thread 0x000001d77c040bf0 Unloading class 0x000001d7141a5000 'java/lang/invoke/LambdaForm$MH+0x000001d7141a5000'
Event: 4.409 Thread 0x000001d77c040bf0 Unloading class 0x000001d7141a4c00 'java/lang/invoke/LambdaForm$MH+0x000001d7141a4c00'
Event: 4.409 Thread 0x000001d77c040bf0 Unloading class 0x000001d7141a4800 'java/lang/invoke/LambdaForm$MH+0x000001d7141a4800'
Event: 4.409 Thread 0x000001d77c040bf0 Unloading class 0x000001d7141a4400 'java/lang/invoke/LambdaForm$MH+0x000001d7141a4400'
Event: 4.409 Thread 0x000001d77c040bf0 Unloading class 0x000001d7141a4000 'java/lang/invoke/LambdaForm$BMH+0x000001d7141a4000'
Event: 4.409 Thread 0x000001d77c040bf0 Unloading class 0x000001d7141a3c00 'java/lang/invoke/LambdaForm$DMH+0x000001d7141a3c00'
Event: 4.409 Thread 0x000001d77c040bf0 Unloading class 0x000001d7141a2c00 'java/lang/invoke/LambdaForm$DMH+0x000001d7141a2c00'

Classes redefined (0 events):
No events

Internal exceptions (20 events):
Event: 20.177 Thread 0x000001d75a7fa730 Exception <a 'java/lang/NoSuchMethodError'{0x00000000d60d8d28}: 'java.lang.Object java.lang.invoke.DirectMethodHandle$Holder.invokeSpecial(java.lang.Object, java.lang.Object, int, long)'> (0x00000000d60d8d28) 
thrown [s\src\hotspot\share\interpreter\linkResolver.cpp, line 773]
Event: 21.176 Thread 0x000001d75c237ed0 Exception <a 'java/lang/NoSuchMethodError'{0x00000000d6653748}: 'int java.lang.invoke.Invokers$Holder.invokeExact_MT(java.lang.Object, java.lang.Object)'> (0x00000000d6653748) 
thrown [s\src\hotspot\share\interpreter\linkResolver.cpp, line 773]
Event: 29.240 Thread 0x000001d75c239280 Exception <a 'java/lang/ArrayIndexOutOfBoundsException'{0x00000000d5eca8d0}> (0x00000000d5eca8d0) 
thrown [s\src\hotspot\share\runtime\sharedRuntime.cpp, line 625]
Event: 29.578 Thread 0x000001d75a7fbae0 Exception <a 'java/lang/NoSuchMethodError'{0x00000000d619fb08}: 'void java.lang.invoke.DirectMethodHandle$Holder.invokeStatic(java.lang.Object, java.lang.Object, java.lang.Object, int)'> (0x00000000d619fb08) 
thrown [s\src\hotspot\share\interpreter\linkResolver.cpp, line 773]
Event: 30.037 Thread 0x000001d75a7fbae0 Exception <a 'java/lang/NoSuchMethodError'{0x00000000d61f6440}: 'void java.lang.invoke.DirectMethodHandle$Holder.invokeVirtual(java.lang.Object, java.lang.Object, int)'> (0x00000000d61f6440) 
thrown [s\src\hotspot\share\interpreter\linkResolver.cpp, line 773]
Event: 61.963 Thread 0x000001d75a7fa730 Implicit null exception at 0x000001d70803c248 to 0x000001d70803e594
Event: 61.963 Thread 0x000001d75a7fa730 Implicit null exception at 0x000001d708035ba8 to 0x000001d708036620
Event: 61.963 Thread 0x000001d75c239910 Implicit null exception at 0x000001d707eb8206 to 0x000001d707eb8331
Event: 62.316 Thread 0x000001d75c239910 Implicit null exception at 0x000001d707e851a1 to 0x000001d707e854b4
Event: 71.102 Thread 0x000001d75c239910 Exception <a 'java/lang/IncompatibleClassChangeError'{0x00000000d59bca48}: Found class java.lang.Object, but interface was expected> (0x00000000d59bca48) 
thrown [s\src\hotspot\share\interpreter\linkResolver.cpp, line 840]
Event: 71.124 Thread 0x000001d75a7fa730 Implicit null exception at 0x000001d708046bf4 to 0x000001d708049130
Event: 71.134 Thread 0x000001d75c237ed0 Exception <a 'java/lang/IncompatibleClassChangeError'{0x00000000d5a4e440}: Found class java.lang.Object, but interface was expected> (0x00000000d5a4e440) 
thrown [s\src\hotspot\share\interpreter\linkResolver.cpp, line 840]
Event: 71.143 Thread 0x000001d75c239910 Implicit null exception at 0x000001d707ff9686 to 0x000001d707ff9790
Event: 71.710 Thread 0x000001d75a7fbae0 Exception <a 'java/lang/NoSuchMethodError'{0x00000000d5e4bf08}: 'void java.lang.invoke.DirectMethodHandle$Holder.invokeInterface(java.lang.Object, java.lang.Object)'> (0x00000000d5e4bf08) 
thrown [s\src\hotspot\share\interpreter\linkResolver.cpp, line 773]
Event: 72.451 Thread 0x000001d7661ccea0 Implicit null exception at 0x000001d7080f18a7 to 0x000001d7080f1c74
Event: 74.959 Thread 0x000001d75a7fa730 Exception <a 'java/lang/NoSuchMethodError'{0x00000000d660a428}: 'int java.lang.invoke.DirectMethodHandle$Holder.invokeSpecialIFC(java.lang.Object, java.lang.Object, java.lang.Object)'> (0x00000000d660a428) 
thrown [s\src\hotspot\share\interpreter\linkResolver.cpp, line 773]
Event: 74.959 Thread 0x000001d75c239280 Exception <a 'java/lang/NoSuchMethodError'{0x00000000d6478890}: 'int java.lang.invoke.DirectMethodHandle$Holder.invokeSpecialIFC(java.lang.Object, java.lang.Object, java.lang.Object)'> (0x00000000d6478890) 
thrown [s\src\hotspot\share\interpreter\linkResolver.cpp, line 773]
Event: 76.077 Thread 0x000001d75c237ed0 Exception <a 'java/lang/LinkageError'{0x00000000d5da3e48}: loader lombok.launch.ShadowClassLoader @161eb506 attempted duplicate class definition for lombok.launch.PatchFixesHider$Delegate. (lombok.launch.PatchFixesHider$Delegate is in unnamed module of loader lombok.launch.ShadowClassLoader @161eb506, parent loader org.eclipse.osgi.internal.loader.EquinoxClassLoader @2dc51c6d)> (0x00000000d5da3e48) 
thrown [s\src\hotspot\share\classfile\systemDictionary.cpp, line 1682]
Event: 76.078 Thread 0x000001d75c239910 Exception <a 'java/lang/LinkageError'{0x00000000d59d6490}: loader lombok.launch.ShadowClassLoader @161eb506 attempted duplicate class definition for lombok.launch.PatchFixesHider$Delegate. (lombok.launch.PatchFixesHider$Delegate is in unnamed module of loader lombok.launch.ShadowClassLoader @161eb506, parent loader org.eclipse.osgi.internal.loader.EquinoxClassLoader @2dc51c6d)> (0x00000000d59d6490) 
thrown [s\src\hotspot\share\classfile\systemDictionary.cpp, line 1682]
Event: 76.078 Thread 0x000001d75c239280 Exception <a 'java/lang/LinkageError'{0x00000000d5e628e0}: loader lombok.launch.ShadowClassLoader @161eb506 attempted duplicate class definition for lombok.launch.PatchFixesHider$Delegate. (lombok.launch.PatchFixesHider$Delegate is in unnamed module of loader lombok.launch.ShadowClassLoader @161eb506, parent loader org.eclipse.osgi.internal.loader.EquinoxClassLoader @2dc51c6d)> (0x00000000d5e628e0) 
thrown [s\src\hotspot\share\classfile\systemDictionary.cpp, line 1682]

ZGC Phase Switch (0 events):
No events

VM Operations (20 events):
Event: 72.316 Executing VM operation: ParallelGCFailedAllocation (Allocation Failure) done
Event: 72.326 Executing VM operation: ParallelGCFailedAllocation (Allocation Failure)
Event: 72.332 Executing VM operation: ParallelGCFailedAllocation (Allocation Failure) done
Event: 73.174 Executing VM operation: ParallelGCFailedAllocation (Allocation Failure)
Event: 73.218 Executing VM operation: ParallelGCFailedAllocation (Allocation Failure) done
Event: 73.776 Executing VM operation: HandshakeAllThreads (Deoptimize)
Event: 73.790 Executing VM operation: HandshakeAllThreads (Deoptimize) done
Event: 73.790 Executing VM operation: ParallelGCFailedAllocation (Allocation Failure)
Event: 73.823 Executing VM operation: ParallelGCFailedAllocation (Allocation Failure) done
Event: 74.729 Executing VM operation: HandshakeAllThreads (Deoptimize)
Event: 74.810 Executing VM operation: HandshakeAllThreads (Deoptimize) done
Event: 75.063 Executing VM operation: HandshakeAllThreads (Deoptimize)
Event: 75.077 Executing VM operation: HandshakeAllThreads (Deoptimize) done
Event: 75.077 Executing VM operation: Cleanup
Event: 75.101 Executing VM operation: Cleanup done
Event: 75.107 Executing VM operation: ParallelGCFailedAllocation (Allocation Failure)
Event: 75.177 Executing VM operation: ParallelGCFailedAllocation (Allocation Failure) done
Event: 76.178 Executing VM operation: Cleanup
Event: 76.193 Executing VM operation: Cleanup done
Event: 77.199 Executing VM operation: Cleanup

Memory protections (0 events):
No events

Nmethod flushes (20 events):
Event: 27.944 Thread 0x000001d77c040bf0 flushing osr nmethod 0x000001d700847590
Event: 27.945 Thread 0x000001d77c040bf0 flushing osr nmethod 0x000001d7008a7710
Event: 27.945 Thread 0x000001d77c040bf0 flushing  nmethod 0x000001d7008b1610
Event: 27.945 Thread 0x000001d77c040bf0 flushing  nmethod 0x000001d7008c4910
Event: 27.945 Thread 0x000001d77c040bf0 flushing  nmethod 0x000001d7008d5090
Event: 27.945 Thread 0x000001d77c040bf0 flushing  nmethod 0x000001d7008d5a10
Event: 27.945 Thread 0x000001d77c040bf0 flushing  nmethod 0x000001d7008d9890
Event: 27.945 Thread 0x000001d77c040bf0 flushing  nmethod 0x000001d7008e3690
Event: 27.945 Thread 0x000001d77c040bf0 flushing  nmethod 0x000001d700904190
Event: 27.945 Thread 0x000001d77c040bf0 flushing  nmethod 0x000001d700904890
Event: 27.945 Thread 0x000001d77c040bf0 flushing  nmethod 0x000001d700904e90
Event: 27.945 Thread 0x000001d77c040bf0 flushing  nmethod 0x000001d700905710
Event: 27.945 Thread 0x000001d77c040bf0 flushing  nmethod 0x000001d700905a90
Event: 27.945 Thread 0x000001d77c040bf0 flushing  nmethod 0x000001d700907510
Event: 27.945 Thread 0x000001d77c040bf0 flushing  nmethod 0x000001d700912d90
Event: 27.945 Thread 0x000001d77c040bf0 flushing  nmethod 0x000001d700917b90
Event: 27.945 Thread 0x000001d77c040bf0 flushing  nmethod 0x000001d70092be90
Event: 27.945 Thread 0x000001d77c040bf0 flushing  nmethod 0x000001d700932b10
Event: 27.945 Thread 0x000001d77c040bf0 flushing  nmethod 0x000001d700956e10
Event: 27.945 Thread 0x000001d77c040bf0 flushing  nmethod 0x000001d700965a90

Events (20 events):
Event: 9.704 Thread 0x000001d75c235e00 Thread added: 0x000001d75c238bf0
Event: 9.705 Thread 0x000001d75c237ed0 Thread added: 0x000001d75c235770
Event: 9.710 Thread 0x000001d75c238bf0 Thread added: 0x000001d75c236490
Event: 9.715 Thread 0x000001d75c235770 Thread added: 0x000001d75c239280
Event: 9.725 Thread 0x000001d75c239280 Thread added: 0x000001d75c239910
Event: 17.975 Thread 0x000001d7553a4e60 Thread added: 0x000001d75c94f7d0
Event: 18.119 Thread 0x000001d75c94f7d0 Thread exited: 0x000001d75c94f7d0
Event: 61.383 Thread 0x000001d7553a4e60 Thread added: 0x000001d75c9519e0
Event: 64.155 Thread 0x000001d75c9519e0 Thread exited: 0x000001d75c9519e0
Event: 71.070 Thread 0x000001d7553a4e60 Thread added: 0x000001d75c9519e0
Event: 71.094 Thread 0x000001d7553a4e60 Thread added: 0x000001d75c9520b0
Event: 71.740 Thread 0x000001d75a7fbae0 Thread added: 0x000001d75c23cd90
Event: 71.740 Thread 0x000001d75a7fbae0 Thread added: 0x000001d7661cbaf0
Event: 71.740 Thread 0x000001d75a7fbae0 Thread added: 0x000001d7661cc810
Event: 71.740 Thread 0x000001d75a7fbae0 Thread added: 0x000001d7661cc180
Event: 71.742 Thread 0x000001d75a7fbae0 Thread added: 0x000001d7661ccea0
Event: 72.781 Thread 0x000001d75c9520b0 Thread exited: 0x000001d75c9520b0
Event: 73.173 Thread 0x000001d75c9519e0 Thread exited: 0x000001d75c9519e0
Event: 73.904 Thread 0x000001d7553a4e60 Thread added: 0x000001d75c9520b0
Event: 74.599 Thread 0x000001d75c9520b0 Thread exited: 0x000001d75c9520b0


Dynamic libraries:
0x00007ff7ea3e0000 - 0x00007ff7ea3ee000 	c:\Users\Long Phung\.antigravity\extensions\redhat.java-1.52.0-win32-x64\jre\21.0.9-win32-x86_64\bin\java.exe
0x00007ff851240000 - 0x00007ff8514a8000 	C:\WINDOWS\SYSTEM32\ntdll.dll
0x00007ff850710000 - 0x00007ff8507d9000 	C:\WINDOWS\System32\KERNEL32.DLL
0x00007ff84dc60000 - 0x00007ff84e051000 	C:\WINDOWS\System32\KERNELBASE.dll
0x00007ff84e060000 - 0x00007ff84e1ab000 	C:\WINDOWS\System32\ucrtbase.dll
0x00007ff803f70000 - 0x00007ff803f88000 	c:\Users\Long Phung\.antigravity\extensions\redhat.java-1.52.0-win32-x64\jre\21.0.9-win32-x86_64\bin\jli.dll
0x00007ff8500b0000 - 0x00007ff850276000 	C:\WINDOWS\System32\USER32.dll
0x00007ff84e330000 - 0x00007ff84e357000 	C:\WINDOWS\System32\win32u.dll
0x00007ff84fdc0000 - 0x00007ff84fdeb000 	C:\WINDOWS\System32\GDI32.dll
0x00007ff84ee00000 - 0x00007ff84ef2b000 	C:\WINDOWS\System32\gdi32full.dll
0x00007ff84dbb0000 - 0x00007ff84dc53000 	C:\WINDOWS\System32\msvcp_win.dll
0x00007ffff85b0000 - 0x00007ffff85ce000 	c:\Users\Long Phung\.antigravity\extensions\redhat.java-1.52.0-win32-x64\jre\21.0.9-win32-x86_64\bin\VCRUNTIME140.dll
0x00007ff832120000 - 0x00007ff8323b3000 	C:\WINDOWS\WinSxS\amd64_microsoft.windows.common-controls_6595b64144ccf1df_6.0.26100.7824_none_3e0870b2e3345462\COMCTL32.dll
0x00007ff850dc0000 - 0x00007ff850e69000 	C:\WINDOWS\System32\msvcrt.dll
0x00007ff8509f0000 - 0x00007ff850a21000 	C:\WINDOWS\System32\IMM32.DLL
0x000000006b0d0000 - 0x000000006b0dd000 	C:\Program Files (x86)\360\Total Security\safemon\SafeWrapper.dll
0x00007ff84f300000 - 0x00007ff84f3b4000 	C:\WINDOWS\System32\ADVAPI32.dll
0x00007ff850ec0000 - 0x00007ff850f66000 	C:\WINDOWS\System32\sechost.dll
0x00007ff84f100000 - 0x00007ff84f218000 	C:\WINDOWS\System32\RPCRT4.dll
0x00007ff848b40000 - 0x00007ff848c45000 	C:\Program Files (x86)\360\Total Security\safemon\libzdtp64.dll
0x00007ff84f660000 - 0x00007ff84fdb2000 	C:\WINDOWS\System32\SHELL32.dll
0x00007ff84ec90000 - 0x00007ff84edfa000 	C:\WINDOWS\System32\wintypes.dll
0x00007ff850a30000 - 0x00007ff850db6000 	C:\WINDOWS\System32\combase.dll
0x00007ff8510e0000 - 0x00007ff851147000 	C:\WINDOWS\System32\SHLWAPI.dll
0x00007ff84e360000 - 0x00007ff84ebc3000 	C:\WINDOWS\System32\Windows.Storage.dll
0x00007ff84d600000 - 0x00007ff84d60b000 	C:\WINDOWS\SYSTEM32\VERSION.dll
0x00007ff818790000 - 0x00007ff81879c000 	c:\Users\Long Phung\.antigravity\extensions\redhat.java-1.52.0-win32-x64\jre\21.0.9-win32-x86_64\bin\vcruntime140_1.dll
0x00007fffd85d0000 - 0x00007fffd865d000 	c:\Users\Long Phung\.antigravity\extensions\redhat.java-1.52.0-win32-x64\jre\21.0.9-win32-x86_64\bin\msvcp140.dll
0x00007fff6c520000 - 0x00007fff6d2c0000 	c:\Users\Long Phung\.antigravity\extensions\redhat.java-1.52.0-win32-x64\jre\21.0.9-win32-x86_64\bin\server\jvm.dll
0x00007ff851150000 - 0x00007ff8511c4000 	C:\WINDOWS\System32\WS2_32.dll
0x00007ff84d980000 - 0x00007ff84d9de000 	C:\WINDOWS\SYSTEM32\POWRPROF.dll
0x00007ff845b40000 - 0x00007ff845b75000 	C:\WINDOWS\SYSTEM32\WINMM.dll
0x00007ff84d960000 - 0x00007ff84d974000 	C:\WINDOWS\SYSTEM32\UMPDC.dll
0x00007ff84c850000 - 0x00007ff84c86b000 	C:\WINDOWS\SYSTEM32\kernel.appcore.dll
0x00007ff817ae0000 - 0x00007ff817aea000 	c:\Users\Long Phung\.antigravity\extensions\redhat.java-1.52.0-win32-x64\jre\21.0.9-win32-x86_64\bin\jimage.dll
0x00007ff84b220000 - 0x00007ff84b462000 	C:\WINDOWS\SYSTEM32\DBGHELP.DLL
0x00007ff84f220000 - 0x00007ff84f2f7000 	C:\WINDOWS\System32\OLEAUT32.dll
0x00007ff82f1a0000 - 0x00007ff82f1db000 	C:\WINDOWS\SYSTEM32\dbgcore.DLL
0x00007ff84ef30000 - 0x00007ff84efd5000 	C:\WINDOWS\System32\bcryptPrimitives.dll
0x00007ff806a20000 - 0x00007ff806a2f000 	c:\Users\Long Phung\.antigravity\extensions\redhat.java-1.52.0-win32-x64\jre\21.0.9-win32-x86_64\bin\instrument.dll
0x00007ffff8590000 - 0x00007ffff85b0000 	c:\Users\Long Phung\.antigravity\extensions\redhat.java-1.52.0-win32-x64\jre\21.0.9-win32-x86_64\bin\java.dll
0x00007ff8507e0000 - 0x00007ff8508d6000 	C:\WINDOWS\System32\SHCORE.dll
0x00007ff84da40000 - 0x00007ff84da69000 	C:\WINDOWS\SYSTEM32\profapi.dll
0x00007ffff7d90000 - 0x00007ffff7da8000 	c:\Users\Long Phung\.antigravity\extensions\redhat.java-1.52.0-win32-x64\jre\21.0.9-win32-x86_64\bin\zip.dll
0x00007ff804b80000 - 0x00007ff804b90000 	C:\Users\Long Phung\.antigravity\extensions\redhat.java-1.52.0-win32-x64\jre\21.0.9-win32-x86_64\bin\net.dll
0x00007ff83fbd0000 - 0x00007ff83fcf7000 	C:\WINDOWS\SYSTEM32\WINHTTP.dll
0x00007ff84cdc0000 - 0x00007ff84ce2b000 	C:\WINDOWS\system32\mswsock.dll
0x00007ffff7b10000 - 0x00007ffff7b26000 	C:\Users\Long Phung\.antigravity\extensions\redhat.java-1.52.0-win32-x64\jre\21.0.9-win32-x86_64\bin\nio.dll
0x00007ff803c10000 - 0x00007ff803c20000 	c:\Users\Long Phung\.antigravity\extensions\redhat.java-1.52.0-win32-x64\jre\21.0.9-win32-x86_64\bin\verify.dll
0x00007fffd7630000 - 0x00007fffd7675000 	C:\Users\Long Phung\AppData\Roaming\Antigravity\User\globalStorage\redhat.java\1.52.0\config_win\org.eclipse.equinox.launcher\org.eclipse.equinox.launcher.win32.win32.x86_64_1.2.1500.v20260121-1430\eclipse_11919.dll
0x00007ff84fe80000 - 0x00007ff850017000 	C:\WINDOWS\System32\ole32.dll
0x00007ff84d090000 - 0x00007ff84d0ab000 	C:\WINDOWS\SYSTEM32\CRYPTSP.dll
0x00007ff84c7b0000 - 0x00007ff84c7e9000 	C:\WINDOWS\system32\rsaenh.dll
0x00007ff84ce70000 - 0x00007ff84ce9b000 	C:\WINDOWS\SYSTEM32\USERENV.dll
0x00007ff84da10000 - 0x00007ff84da3a000 	C:\WINDOWS\SYSTEM32\bcrypt.dll
0x00007ff84d0b0000 - 0x00007ff84d0bc000 	C:\WINDOWS\SYSTEM32\CRYPTBASE.dll
0x00007ff84c300000 - 0x00007ff84c334000 	C:\WINDOWS\SYSTEM32\IPHLPAPI.DLL
0x00007ff84f3c0000 - 0x00007ff84f3ca000 	C:\WINDOWS\System32\NSI.dll
0x00007fffcd350000 - 0x00007fffcd399000 	C:\Users\Long Phung\AppData\Local\Temp\jna--166703790\jna11919500545566873651.dll
0x00007ff8500a0000 - 0x00007ff8500a8000 	C:\WINDOWS\System32\PSAPI.DLL
0x00007ff846cd0000 - 0x00007ff846cee000 	C:\WINDOWS\SYSTEM32\dhcpcsvc6.DLL
0x00007ff845b80000 - 0x00007ff845ba3000 	C:\WINDOWS\SYSTEM32\dhcpcsvc.DLL

JVMTI agents:
c:\Users\Long Phung\.antigravity\extensions\redhat.java-1.52.0-win32-x64\lombok\lombok-1.18.39-4050.jar path:c:\Users\Long Phung\.antigravity\extensions\redhat.java-1.52.0-win32-x64\jre\21.0.9-win32-x86_64\bin\instrument.dll, loaded, initialized, instrumentlib options:none

dbghelp: loaded successfully - version: 4.0.5 - missing functions: none
symbol engine: initialized successfully - sym options: 0x614 - pdb path: .;c:\Users\Long Phung\.antigravity\extensions\redhat.java-1.52.0-win32-x64\jre\21.0.9-win32-x86_64\bin;C:\WINDOWS\SYSTEM32;C:\WINDOWS\WinSxS\amd64_microsoft.windows.common-controls_6595b64144ccf1df_6.0.26100.7824_none_3e0870b2e3345462;C:\Program Files (x86)\360\Total Security\safemon;c:\Users\Long Phung\.antigravity\extensions\redhat.java-1.52.0-win32-x64\jre\21.0.9-win32-x86_64\bin\server;C:\Users\Long Phung\AppData\Roaming\Antigravity\User\globalStorage\redhat.java\1.52.0\config_win\org.eclipse.equinox.launcher\org.eclipse.equinox.launcher.win32.win32.x86_64_1.2.1500.v20260121-1430;C:\Users\Long Phung\AppData\Local\Temp\jna--166703790

VM Arguments:
jvm_args: --add-modules=ALL-SYSTEM --add-opens=java.base/java.util=ALL-UNNAMED --add-opens=java.base/java.lang=ALL-UNNAMED --add-opens=java.base/sun.nio.fs=ALL-UNNAMED -Declipse.application=org.eclipse.jdt.ls.core.id1 -Dosgi.bundles.defaultStartLevel=4 -Declipse.product=org.eclipse.jdt.ls.core.product -Djava.import.generatesMetadataFilesAtProjectRoot=false -DDetectVMInstallationsJob.disabled=true -Dfile.encoding=utf8 -XX:+UseParallelGC -XX:GCTimeRatio=4 -XX:AdaptiveSizePolicyWeight=90 -Dsun.zip.disableMemoryMapping=true -Xmx2G -Xms100m -Xlog:disable -javaagent:c:\Users\Long Phung\.antigravity\extensions\redhat.java-1.52.0-win32-x64\lombok\lombok-1.18.39-4050.jar -XX:+HeapDumpOnOutOfMemoryError -XX:HeapDumpPath=c:\Users\Long Phung\AppData\Roaming\Antigravity\User\workspaceStorage\2dd67a9ae43f6bc20a053f33c7cc8e95\redhat.java -Daether.dependencyCollector.impl=bf 
java_command: c:\Users\Long Phung\.antigravity\extensions\redhat.java-1.52.0-win32-x64\server\plugins\org.eclipse.equinox.launcher_1.7.100.v20251111-0406.jar -configuration c:\Users\Long Phung\AppData\Roaming\Antigravity\User\globalStorage\redhat.java\1.52.0\config_win -data c:\Users\Long Phung\AppData\Roaming\Antigravity\User\workspaceStorage\2dd67a9ae43f6bc20a053f33c7cc8e95\redhat.java\jdt_ws --pipe=\\.\pipe\lsp-5445808a128a6e88db91300273ab7613-sock
java_class_path (initial): c:\Users\Long Phung\.antigravity\extensions\redhat.java-1.52.0-win32-x64\server\plugins\org.eclipse.equinox.launcher_1.7.100.v20251111-0406.jar
Launcher Type: SUN_STANDARD

[Global flags]
    uintx AdaptiveSizePolicyWeight                 = 90                                        {product} {command line}
     intx CICompilerCount                          = 4                                         {product} {ergonomic}
    uintx GCTimeRatio                              = 4                                         {product} {command line}
     bool HeapDumpOnOutOfMemoryError               = true                                   {manageable} {command line}
    ccstr HeapDumpPath                             = c:\Users\Long Phung\AppData\Roaming\Antigravity\User\workspaceStorage\2dd67a9ae43f6bc20a053f33c7cc8e95\redhat.java         {manageable} {command line}
   size_t InitialHeapSize                          = 104857600                                 {product} {command line}
   size_t MaxHeapSize                              = 2147483648                                {product} {command line}
   size_t MaxNewSize                               = 715653120                                 {product} {ergonomic}
   size_t MinHeapDeltaBytes                        = 524288                                    {product} {ergonomic}
   size_t MinHeapSize                              = 104857600                                 {product} {command line}
   size_t NewSize                                  = 34603008                                  {product} {ergonomic}
    uintx NonNMethodCodeHeapSize                   = 5839372                                {pd product} {ergonomic}
    uintx NonProfiledCodeHeapSize                  = 122909434                              {pd product} {ergonomic}
   size_t OldSize                                  = 70254592                                  {product} {ergonomic}
    uintx ProfiledCodeHeapSize                     = 122909434                              {pd product} {ergonomic}
    uintx ReservedCodeCacheSize                    = 251658240                              {pd product} {ergonomic}
     bool SegmentedCodeCache                       = true                                      {product} {ergonomic}
   size_t SoftMaxHeapSize                          = 2147483648                             {manageable} {ergonomic}
     bool UseCompressedOops                        = true                           {product lp64_product} {ergonomic}
     bool UseLargePagesIndividualAllocation        = false                                  {pd product} {ergonomic}
     bool UseParallelGC                            = true                                      {product} {command line}

Logging:
Log output configuration:
 #0: stdout all=off uptime,level,tags foldmultilines=false
 #1: stderr all=off uptime,level,tags foldmultilines=false

Release file:
JAVA_VERSION="21.0.9" 
MODULES="java.base java.compiler java.datatransfer java.xml java.prefs java.desktop java.instrument java.logging java.management java.security.sasl java.naming java.rmi java.management.rmi java.net.http java.scripting java.security.jgss java.transaction.xa java.sql java.sql.rowset java.xml.crypto java.se java.smartcardio jdk.accessibility jdk.internal.jvmstat jdk.attach jdk.charsets jdk.internal.opt jdk.zipfs jdk.compiler jdk.crypto.ec jdk.crypto.cryptoki jdk.crypto.mscapi jdk.dynalink jdk.internal.ed jdk.editpad jdk.hotspot.agent jdk.httpserver jdk.internal.le jdk.internal.vm.ci jdk.internal.vm.compiler jdk.internal.vm.compiler.management jdk.jartool jdk.javadoc jdk.jcmd jdk.management jdk.management.agent jdk.jconsole jdk.jdeps jdk.jdwp.agent jdk.jdi jdk.jfr jdk.jshell jdk.jsobject jdk.jstatd jdk.localedata jdk.management.jfr jdk.naming.dns jdk.naming.rmi jdk.net jdk.nio.mapmode jdk.random jdk.sctp jdk.security.auth jdk.security.jgss jdk.unsupported jdk.unsupported.desktop jdk.xml.dom" 

Environment Variables:
JAVA_HOME=C:\Program Files\Java\jdk-23
PATH=C:\Program Files\Common Files\Oracle\Java\javapath;C:\WINDOWS\system32;C:\WINDOWS;C:\WINDOWS\System32\Wbem;C:\WINDOWS\System32\WindowsPowerShell\v1.0\;C:\WINDOWS\System32\OpenSSH\;C:\Program Files\dotnet\;C:\Program Files (x86)\Microsoft SQL Server\160\DTS\Binn\;C:\Program Files\Azure Data Studio\bin;C:\Program Files (x86)\Microsoft SQL Server\160\Tools\Binn\;C:\Program Files\Microsoft SQL Server\160\Tools\Binn\;C:\Program Files\Microsoft SQL Server\Client SDK\ODBC\170\Tools\Binn\;C:\Program Files\Microsoft SQL Server\160\DTS\Binn\;F:\common;C:\Program Files\Java\jdk-23\bin;C:\apache-maven-3.9.11\bin;C:\Program Files\nodejs\;C:\Program Files\Docker\Docker\resources\bin;C:\ProgramData\DockerDesktop\version-bin;C:\Program Files\Cloudflare\Cloudflare WARP\;C:\Program Files (x86)\Windows Kits\10\Windows Performance Toolkit\;C:\Program Files\Microsoft SQL Server\150\Tools\Binn\;C:\Program Files\CMake\bin;C:\Program Files\Git\cmd;C:\msys64\usr\bin;C:\Program Files\Go\bin;C:\Users\Long Phung\Downloads\skaff;G:\Minikube;C:\Program Files (x86)\Graphviz\bin;C:\Users\Long Phung\AppData\Local\Programs\Python\Python312\Scripts\;C:\Users\Long Phung\AppData\Local\Programs\Python\Python312\;C:\Users\Long Phung\AppData\Local\Programs\Python\Launcher\;C:\Users\Long Phung\AppData\Local\Microsoft\WindowsApps;C:\Program Files\Azure Data Studio\bin;F:\Microsoft VS Code\bin;C:\Users\Long Phung\AppData\Local\GitHubDesktop\bin;C:\Users\Long Phung\AppData\Roaming\npm;C:\Program Files\Java\jdk-17\bin;C:\Users\Long Phung\.dotnet\tools;C:\Program Files\JetBrains\PyCharm 2025.1.3.1\bin;;C:\Users\Long Phung\go\bin;C:\Users\Long Phung\AppData\Local\Google\Cloud SDK\google-cloud-sdk\bin;F:\Antigravity\bin;G:\cursor\resources\app\bin
USERNAME=Long Phung
OS=Windows_NT
PROCESSOR_IDENTIFIER=Intel64 Family 6 Model 140 Stepping 1, GenuineIntel
TMP=C:\Users\LONGPH~1\AppData\Local\Temp
TEMP=C:\Users\LONGPH~1\AppData\Local\Temp




Periodic native trim disabled

---------------  S Y S T E M  ---------------

OS:
 Windows 11 , 64 bit Build 26100 (10.0.26100.7705)
OS uptime: 2 days 18:51 hours
Hyper-V role detected

CPU: total 8 (initial active 8) (4 cores per cpu, 2 threads per core) family 6 model 140 stepping 1 microcode 0x8a, cx8, cmov, fxsr, ht, mmx, 3dnowpref, sse, sse2, sse3, ssse3, sse4.1, sse4.2, popcnt, lzcnt, tsc, tscinvbit, avx, avx2, aes, erms, clmul, bmi1, bmi2, adx, avx512f, avx512dq, avx512cd, avx512bw, avx512vl, sha, fma, vzeroupper, avx512_vpopcntdq, avx512_vpclmulqdq, avx512_vaes, avx512_vnni, clflush, clflushopt, clwb, avx512_vbmi2, avx512_vbmi, hv, rdtscp, rdpid, fsrm, gfni, avx512_bitalg, f16c, cet_ibt, cet_ss, avx512_ifma
Processor Information for processor 0
  Max Mhz: 2803, Current Mhz: 2803, Mhz Limit: 2803
Processor Information for processor 1
  Max Mhz: 2803, Current Mhz: 2803, Mhz Limit: 2803
Processor Information for processor 2
  Max Mhz: 2803, Current Mhz: 2803, Mhz Limit: 2803
Processor Information for processor 3
  Max Mhz: 2803, Current Mhz: 2803, Mhz Limit: 2803
Processor Information for processor 4
  Max Mhz: 2803, Current Mhz: 2803, Mhz Limit: 2803
Processor Information for processor 5
  Max Mhz: 2803, Current Mhz: 1201, Mhz Limit: 2803
Processor Information for processor 6
  Max Mhz: 2803, Current Mhz: 2803, Mhz Limit: 2803
Processor Information for processor 7
  Max Mhz: 2803, Current Mhz: 2803, Mhz Limit: 2803

Memory: 4k page, system-wide physical 7971M (774M free)
TotalPageFile size 25471M (AvailPageFile size 2M)
current process WorkingSet (physical memory assigned to process): 195M, peak: 209M
current process commit charge ("private bytes"): 369M, peak: 398M

vm_info: OpenJDK 64-Bit Server VM (21.0.9+10-LTS) for windows-amd64 JRE (21.0.9+10-LTS), built on 2025-10-21T00:00:00Z by "admin" with unknown MS VC++:1942

END.
