#
# There is insufficient memory for the Java Runtime Environment to continue.
# Native memory allocation (malloc) failed to allocate 454448 bytes for Chunk::new
# Possible reasons:
#   The system is out of physical RAM or swap space
#   The process is running with CompressedOops enabled, and the Java Heap may be blocking the growth of the native heap
# Possible solutions:
#   Reduce memory load on the system
#   Increase physical memory or swap space
#   Check if swap backing store is full
#   Decrease Java heap size (-Xmx/-Xms)
#   Decrease number of Java threads
#   Decrease Java thread stack sizes (-Xss)
#   Set larger code cache with -XX:ReservedCodeCacheSize=
#   JVM is running with Unscaled Compressed Oops mode in which the Java heap is
#     placed in the first 4GB address space. The Java Heap base address is the
#     maximum limit for the native heap growth. Please use -XX:HeapBaseMinAddress
#     to set the Java Heap base and to place the Java Heap above 4GB virtual address.
# This output file may be truncated or incomplete.
#
#  Out of Memory Error (arena.cpp:189), pid=18748, tid=21544
#
# JRE version: Java(TM) SE Runtime Environment (17.0.9+11) (build 17.0.9+11-LTS-201)
# Java VM: Java HotSpot(TM) 64-Bit Server VM (17.0.9+11-LTS-201, mixed mode, sharing, tiered, compressed oops, compressed class ptrs, g1 gc, windows-amd64)
# No core dump will be written. Minidumps are not enabled by default on client versions of Windows
#

---------------  S U M M A R Y ------------

Command Line: -XX:+ShowCodeDetailsInExceptionMessages vn.kurisu.mentormatch.MentorMatchApplication

Host: 11th Gen Intel(R) Core(TM) i7-1165G7 @ 2.80GHz, 8 cores, 7G,  Windows 11 , 64 bit Build 26100 (10.0.26100.7705)
Time: Mon Mar  9 10:05:31 2026 SE Asia Standard Time elapsed time: 127.782991 seconds (0d 0h 2m 7s)

---------------  T H R E A D  ---------------

Current thread (0x000001b8ea778130):  JavaThread "C2 CompilerThread0" daemon [_thread_in_native, id=21544, stack(0x000000407e500000,0x000000407e600000)]


Current CompileTask:
C2: 127784 5272       4       java.lang.invoke.LambdaForm::prepare (112 bytes)

Stack: [0x000000407e500000,0x000000407e600000]
Native frames: (J=compiled Java code, j=interpreted, Vv=VM code, C=native code)
V  [jvm.dll+0x678a4a]
V  [jvm.dll+0x7d9cfd]
V  [jvm.dll+0x7db60e]
V  [jvm.dll+0x7dbc73]
V  [jvm.dll+0x245e1f]
V  [jvm.dll+0xaaafb]
V  [jvm.dll+0xab09c]
V  [jvm.dll+0x36237e]
V  [jvm.dll+0x32ca01]
V  [jvm.dll+0x32be9a]
V  [jvm.dll+0x21812f]
V  [jvm.dll+0x217561]
V  [jvm.dll+0x1a3bc0]
V  [jvm.dll+0x2272de]
V  [jvm.dll+0x22548b]
V  [jvm.dll+0x78f58c]
V  [jvm.dll+0x78998a]
V  [jvm.dll+0x677875]
C  [ucrtbase.dll+0x37b0]
C  [KERNEL32.DLL+0x2e8d7]
C  [ntdll.dll+0x8c40c]


---------------  P R O C E S S  ---------------

Threads class SMR info:
_java_thread_list=0x000001b8f077a180, length=14, elements={
0x000001b8ca84a590, 0x000001b8ea762f30, 0x000001b8ea765a00, 0x000001b8ea774730,
0x000001b8ea776010, 0x000001b8ea7769d0, 0x000001b8ea777390, 0x000001b8ea778130,
0x000001b8ea7ae940, 0x000001b8eaa0c9e0, 0x000001b8eaaf4540, 0x000001b8eaafebf0,
0x000001b8ef579090, 0x000001b8f035fb90
}

Java Threads: ( => current thread )
  0x000001b8ca84a590 JavaThread "main" [_thread_in_vm, id=10876, stack(0x000000407d800000,0x000000407d900000)]
  0x000001b8ea762f30 JavaThread "Reference Handler" daemon [_thread_blocked, id=18064, stack(0x000000407df00000,0x000000407e000000)]
  0x000001b8ea765a00 JavaThread "Finalizer" daemon [_thread_blocked, id=19056, stack(0x000000407e000000,0x000000407e100000)]
  0x000001b8ea774730 JavaThread "Signal Dispatcher" daemon [_thread_blocked, id=6960, stack(0x000000407e100000,0x000000407e200000)]
  0x000001b8ea776010 JavaThread "Attach Listener" daemon [_thread_blocked, id=25396, stack(0x000000407e200000,0x000000407e300000)]
  0x000001b8ea7769d0 JavaThread "Service Thread" daemon [_thread_blocked, id=2608, stack(0x000000407e300000,0x000000407e400000)]
  0x000001b8ea777390 JavaThread "Monitor Deflation Thread" daemon [_thread_blocked, id=16424, stack(0x000000407e400000,0x000000407e500000)]
=>0x000001b8ea778130 JavaThread "C2 CompilerThread0" daemon [_thread_in_native, id=21544, stack(0x000000407e500000,0x000000407e600000)]
  0x000001b8ea7ae940 JavaThread "C1 CompilerThread0" daemon [_thread_blocked, id=7708, stack(0x000000407e600000,0x000000407e700000)]
  0x000001b8eaa0c9e0 JavaThread "Sweeper thread" daemon [_thread_blocked, id=1724, stack(0x000000407e700000,0x000000407e800000)]
  0x000001b8eaaf4540 JavaThread "Notification Thread" daemon [_thread_blocked, id=20640, stack(0x000000407e800000,0x000000407e900000)]
  0x000001b8eaafebf0 JavaThread "Common-Cleaner" daemon [_thread_blocked, id=16168, stack(0x000000407ea00000,0x000000407eb00000)]
  0x000001b8ef579090 JavaThread "mysql-cj-abandoned-connection-cleanup" daemon [_thread_blocked, id=14152, stack(0x000000407d500000,0x000000407d600000)]
  0x000001b8f035fb90 JavaThread "HikariPool-1 housekeeper" daemon [_thread_blocked, id=12024, stack(0x000000407f400000,0x000000407f500000)]

Other Threads:
  0x000001b8ea75c910 VMThread "VM Thread" [stack: 0x000000407de00000,0x000000407df00000] [id=10032]
  0x000001b8ca8c7f00 WatcherThread [stack: 0x000000407e900000,0x000000407ea00000] [id=25772]
  0x000001b8ca8acf70 GCTaskThread "GC Thread#0" [stack: 0x000000407d900000,0x000000407da00000] [id=19868]
  0x000001b8ef8fb4f0 GCTaskThread "GC Thread#1" [stack: 0x000000407eb00000,0x000000407ec00000] [id=3252]
  0x000001b8ef8fb7b0 GCTaskThread "GC Thread#2" [stack: 0x000000407ec00000,0x000000407ed00000] [id=14548]
  0x000001b8ef8ba990 GCTaskThread "GC Thread#3" [stack: 0x000000407ed00000,0x000000407ee00000] [id=19772]
  0x000001b8ef86f4b0 GCTaskThread "GC Thread#4" [stack: 0x000000407ee00000,0x000000407ef00000] [id=13992]
  0x000001b8efec09a0 GCTaskThread "GC Thread#5" [stack: 0x000000407f000000,0x000000407f100000] [id=14676]
  0x000001b8efa68020 GCTaskThread "GC Thread#6" [stack: 0x000000407f100000,0x000000407f200000] [id=12124]
  0x000001b8efa682e0 GCTaskThread "GC Thread#7" [stack: 0x000000407f200000,0x000000407f300000] [id=13136]
  0x000001b8ca8bd800 ConcurrentGCThread "G1 Main Marker" [stack: 0x000000407da00000,0x000000407db00000] [id=14780]
  0x000001b8ca8be210 ConcurrentGCThread "G1 Conc#0" [stack: 0x000000407db00000,0x000000407dc00000] [id=9820]
  0x000001b8efe6fdb0 ConcurrentGCThread "G1 Conc#1" [stack: 0x000000407ef00000,0x000000407f000000] [id=19184]
  0x000001b8ea60c8a0 ConcurrentGCThread "G1 Refine#0" [stack: 0x000000407dc00000,0x000000407dd00000] [id=13168]
  0x000001b8ea60d170 ConcurrentGCThread "G1 Service" [stack: 0x000000407dd00000,0x000000407de00000] [id=23732]

Threads with active compile tasks:
C2 CompilerThread0   127895 5272       4       java.lang.invoke.LambdaForm::prepare (112 bytes)

VM state: not at safepoint (normal execution)

VM Mutex/Monitor currently owned by a thread:  ([mutex/lock_event])
[0x000001b8ca5a5180] Metaspace_lock - owner thread: 0x000001b8ca84a590

Heap address: 0x0000000083600000, size: 1994 MB, Compressed Oops mode: 32-bit

CDS archive(s) mapped at: [0x000001b880000000-0x000001b880bd0000-0x000001b880bd0000), size 12386304, SharedBaseAddress: 0x000001b880000000, ArchiveRelocationMode: 1.
Compressed class space mapped at: 0x000001b881000000-0x000001b8c1000000, reserved size: 1073741824
Narrow klass base: 0x000001b880000000, Narrow klass shift: 0, Narrow klass range: 0x100000000

GC Precious Log:
 CPUs: 8 total, 8 available
 Memory: 7971M
 Large Page Support: Disabled
 NUMA Support: Disabled
 Compressed Oops: Enabled (32-bit)
 Heap Region Size: 1M
 Heap Min Capacity: 8M
 Heap Initial Capacity: 126M
 Heap Max Capacity: 1994M
 Pre-touch: Disabled
 Parallel Workers: 8
 Concurrent Workers: 2
 Concurrent Refinement Workers: 8
 Periodic GC: Disabled

Heap:
 garbage-first heap   total 58368K, used 35015K [0x0000000083600000, 0x0000000100000000)
  region size 1024K, 13 young (13312K), 2 survivors (2048K)
 Metaspace       used 55300K, committed 55744K, reserved 1114112K
  class space    used 7592K, committed 7808K, reserved 1048576K

Heap Regions: E=young(eden), S=young(survivor), O=old, HS=humongous(starts), HC=humongous(continues), CS=collection set, F=free, OA=open archive, CA=closed archive, TAMS=top-at-mark-start (previous, next)
|   0|0x0000000083600000, 0x0000000083700000, 0x0000000083700000|100%|HS|  |TAMS 0x0000000083700000, 0x0000000083600000| Complete 
|   1|0x0000000083700000, 0x0000000083800000, 0x0000000083800000|100%| O|  |TAMS 0x0000000083800000, 0x0000000083700000| Untracked 
|   2|0x0000000083800000, 0x0000000083900000, 0x0000000083900000|100%| O|  |TAMS 0x0000000083900000, 0x0000000083800000| Untracked 
|   3|0x0000000083900000, 0x0000000083a00000, 0x0000000083a00000|100%| O|  |TAMS 0x0000000083a00000, 0x0000000083900000| Untracked 
|   4|0x0000000083a00000, 0x0000000083b00000, 0x0000000083b00000|100%| O|  |TAMS 0x0000000083b00000, 0x0000000083a00000| Untracked 
|   5|0x0000000083b00000, 0x0000000083c00000, 0x0000000083c00000|100%| O|  |TAMS 0x0000000083c00000, 0x0000000083b00000| Untracked 
|   6|0x0000000083c00000, 0x0000000083d00000, 0x0000000083d00000|100%| O|  |TAMS 0x0000000083d00000, 0x0000000083c00000| Untracked 
|   7|0x0000000083d00000, 0x0000000083e00000, 0x0000000083e00000|100%| O|  |TAMS 0x0000000083e00000, 0x0000000083d00000| Untracked 
|   8|0x0000000083e00000, 0x0000000083f00000, 0x0000000083f00000|100%| O|  |TAMS 0x0000000083f00000, 0x0000000083e00000| Untracked 
|   9|0x0000000083f00000, 0x0000000084000000, 0x0000000084000000|100%| O|  |TAMS 0x0000000084000000, 0x0000000083f00000| Untracked 
|  10|0x0000000084000000, 0x0000000084100000, 0x0000000084100000|100%| O|  |TAMS 0x0000000084100000, 0x0000000084000000| Untracked 
|  11|0x0000000084100000, 0x0000000084200000, 0x0000000084200000|100%| O|  |TAMS 0x0000000084200000, 0x0000000084100000| Untracked 
|  12|0x0000000084200000, 0x0000000084300000, 0x0000000084300000|100%| O|  |TAMS 0x0000000084300000, 0x0000000084200000| Untracked 
|  13|0x0000000084300000, 0x0000000084400000, 0x0000000084400000|100%| O|  |TAMS 0x0000000084400000, 0x0000000084300000| Untracked 
|  14|0x0000000084400000, 0x0000000084500000, 0x0000000084500000|100%| O|  |TAMS 0x0000000084500000, 0x0000000084400000| Untracked 
|  15|0x0000000084500000, 0x0000000084600000, 0x0000000084600000|100%| O|  |TAMS 0x0000000084600000, 0x0000000084500000| Untracked 
|  16|0x0000000084600000, 0x0000000084700000, 0x0000000084700000|100%| O|  |TAMS 0x0000000084700000, 0x0000000084600000| Untracked 
|  17|0x0000000084700000, 0x0000000084800000, 0x0000000084800000|100%| O|  |TAMS 0x00000000847a4600, 0x0000000084700000| Untracked 
|  18|0x0000000084800000, 0x0000000084900000, 0x0000000084900000|100%| O|  |TAMS 0x0000000084800000, 0x0000000084800000| Untracked 
|  19|0x0000000084900000, 0x0000000084a00000, 0x0000000084a00000|100%| O|  |TAMS 0x0000000084900000, 0x0000000084900000| Untracked 
|  20|0x0000000084a00000, 0x0000000084b00000, 0x0000000084b00000|100%| O|  |TAMS 0x0000000084a00000, 0x0000000084a00000| Untracked 
|  21|0x0000000084b00000, 0x0000000084c00000, 0x0000000084c00000|100%| O|  |TAMS 0x0000000084b00000, 0x0000000084b00000| Untracked 
|  22|0x0000000084c00000, 0x0000000084c5be00, 0x0000000084d00000| 35%| O|  |TAMS 0x0000000084c00000, 0x0000000084c00000| Untracked 
|  23|0x0000000084d00000, 0x0000000084d00000, 0x0000000084e00000|  0%| F|  |TAMS 0x0000000084d00000, 0x0000000084d00000| Untracked 
|  24|0x0000000084e00000, 0x0000000084e00000, 0x0000000084f00000|  0%| F|  |TAMS 0x0000000084e00000, 0x0000000084e00000| Untracked 
|  25|0x0000000084f00000, 0x0000000084f00000, 0x0000000085000000|  0%| F|  |TAMS 0x0000000084f00000, 0x0000000084f00000| Untracked 
|  26|0x0000000085000000, 0x0000000085000000, 0x0000000085100000|  0%| F|  |TAMS 0x0000000085000000, 0x0000000085000000| Untracked 
|  27|0x0000000085100000, 0x0000000085100000, 0x0000000085200000|  0%| F|  |TAMS 0x0000000085100000, 0x0000000085100000| Untracked 
|  28|0x0000000085200000, 0x0000000085200000, 0x0000000085300000|  0%| F|  |TAMS 0x0000000085200000, 0x0000000085200000| Untracked 
|  29|0x0000000085300000, 0x0000000085300000, 0x0000000085400000|  0%| F|  |TAMS 0x0000000085300000, 0x0000000085300000| Untracked 
|  30|0x0000000085400000, 0x0000000085400000, 0x0000000085500000|  0%| F|  |TAMS 0x0000000085400000, 0x0000000085400000| Untracked 
|  31|0x0000000085500000, 0x0000000085500000, 0x0000000085600000|  0%| F|  |TAMS 0x0000000085500000, 0x0000000085500000| Untracked 
|  32|0x0000000085600000, 0x0000000085600000, 0x0000000085700000|  0%| F|  |TAMS 0x0000000085600000, 0x0000000085600000| Untracked 
|  33|0x0000000085700000, 0x00000000857d5ec8, 0x0000000085800000| 83%| S|CS|TAMS 0x0000000085700000, 0x0000000085700000| Complete 
|  34|0x0000000085800000, 0x0000000085900000, 0x0000000085900000|100%| S|CS|TAMS 0x0000000085800000, 0x0000000085800000| Complete 
|  35|0x0000000085900000, 0x0000000085900000, 0x0000000085a00000|  0%| F|  |TAMS 0x0000000085900000, 0x0000000085900000| Untracked 
|  36|0x0000000085a00000, 0x0000000085a00000, 0x0000000085b00000|  0%| F|  |TAMS 0x0000000085a00000, 0x0000000085a00000| Untracked 
|  37|0x0000000085b00000, 0x0000000085b00000, 0x0000000085c00000|  0%| F|  |TAMS 0x0000000085b00000, 0x0000000085b00000| Untracked 
|  38|0x0000000085c00000, 0x0000000085c00000, 0x0000000085d00000|  0%| F|  |TAMS 0x0000000085c00000, 0x0000000085c00000| Untracked 
|  39|0x0000000085d00000, 0x0000000085d00000, 0x0000000085e00000|  0%| F|  |TAMS 0x0000000085d00000, 0x0000000085d00000| Untracked 
|  40|0x0000000085e00000, 0x0000000085e00000, 0x0000000085f00000|  0%| F|  |TAMS 0x0000000085e00000, 0x0000000085e00000| Untracked 
|  41|0x0000000085f00000, 0x0000000085f00000, 0x0000000086000000|  0%| F|  |TAMS 0x0000000085f00000, 0x0000000085f00000| Untracked 
|  42|0x0000000086000000, 0x0000000086000000, 0x0000000086100000|  0%| F|  |TAMS 0x0000000086000000, 0x0000000086000000| Untracked 
|  43|0x0000000086100000, 0x0000000086100000, 0x0000000086200000|  0%| F|  |TAMS 0x0000000086100000, 0x0000000086100000| Untracked 
|  44|0x0000000086200000, 0x0000000086200000, 0x0000000086300000|  0%| F|  |TAMS 0x0000000086200000, 0x0000000086200000| Untracked 
|  45|0x0000000086300000, 0x0000000086300000, 0x0000000086400000|  0%| F|  |TAMS 0x0000000086300000, 0x0000000086300000| Untracked 
|  46|0x0000000086400000, 0x000000008646a308, 0x0000000086500000| 41%| E|  |TAMS 0x0000000086400000, 0x0000000086400000| Complete 
|  47|0x0000000086500000, 0x0000000086600000, 0x0000000086600000|100%| E|CS|TAMS 0x0000000086500000, 0x0000000086500000| Complete 
|  66|0x0000000087800000, 0x0000000087900000, 0x0000000087900000|100%| E|CS|TAMS 0x0000000087800000, 0x0000000087800000| Complete 
|  67|0x0000000087900000, 0x0000000087a00000, 0x0000000087a00000|100%| E|CS|TAMS 0x0000000087900000, 0x0000000087900000| Complete 
|  68|0x0000000087a00000, 0x0000000087b00000, 0x0000000087b00000|100%| E|CS|TAMS 0x0000000087a00000, 0x0000000087a00000| Complete 
|  69|0x0000000087b00000, 0x0000000087c00000, 0x0000000087c00000|100%| E|CS|TAMS 0x0000000087b00000, 0x0000000087b00000| Complete 
|  70|0x0000000087c00000, 0x0000000087d00000, 0x0000000087d00000|100%| E|CS|TAMS 0x0000000087c00000, 0x0000000087c00000| Complete 
|  71|0x0000000087d00000, 0x0000000087e00000, 0x0000000087e00000|100%| E|CS|TAMS 0x0000000087d00000, 0x0000000087d00000| Complete 
|  72|0x0000000087e00000, 0x0000000087f00000, 0x0000000087f00000|100%| E|CS|TAMS 0x0000000087e00000, 0x0000000087e00000| Complete 
| 124|0x000000008b200000, 0x000000008b300000, 0x000000008b300000|100%| E|CS|TAMS 0x000000008b200000, 0x000000008b200000| Complete 
| 125|0x000000008b300000, 0x000000008b400000, 0x000000008b400000|100%| E|CS|TAMS 0x000000008b300000, 0x000000008b300000| Complete 

Card table byte_map: [0x000001b8e3760000,0x000001b8e3b50000] _byte_map_base: 0x000001b8e3345000

Marking Bits (Prev, Next): (CMBitMap*) 0x000001b8ca8ad590, (CMBitMap*) 0x000001b8ca8ad5d0
 Prev Bits: [0x000001b8e3f40000, 0x000001b8e5e68000)
 Next Bits: [0x000001b8e5e70000, 0x000001b8e7d98000)

Polling page: 0x000001b8ca7b0000

Metaspace:

Usage:
  Non-class:     46.59 MB used.
      Class:      7.41 MB used.
       Both:     54.00 MB used.

Virtual space:
  Non-class space:       64.00 MB reserved,      46.81 MB ( 73%) committed,  1 nodes.
      Class space:        1.00 GB reserved,       7.62 MB ( <1%) committed,  1 nodes.
             Both:        1.06 GB reserved,      54.44 MB (  5%) committed. 

Chunk freelists:
   Non-Class:  548.00 KB
       Class:  8.29 MB
        Both:  8.83 MB

MaxMetaspaceSize: unlimited
CompressedClassSpaceSize: 1.00 GB
Initial GC threshold: 21.00 MB
Current GC threshold: 58.69 MB
CDS: on
MetaspaceReclaimPolicy: balanced
 - commit_granule_bytes: 65536.
 - commit_granule_words: 8192.
 - virtual_space_node_default_size: 8388608.
 - enlarge_chunks_in_place: 1.
 - new_chunks_are_fully_committed: 0.
 - uncommit_free_chunks: 1.
 - use_allocation_guard: 0.
 - handle_deallocations: 1.


Internal statistics:

num_allocs_failed_limit: 6.
num_arena_births: 618.
num_arena_deaths: 0.
num_vsnodes_births: 2.
num_vsnodes_deaths: 0.
num_space_committed: 871.
num_space_uncommitted: 0.
num_chunks_returned_to_freelist: 6.
num_chunks_taken_from_freelist: 2600.
num_chunk_merges: 6.
num_chunk_splits: 1908.
num_chunks_enlarged: 1523.
num_inconsistent_stats: 0.

CodeHeap 'non-profiled nmethods': size=120000Kb used=3082Kb max_used=3480Kb free=116918Kb
 bounds [0x000001b8db4d0000, 0x000001b8db840000, 0x000001b8e2a00000]
CodeHeap 'profiled nmethods': size=120000Kb used=9015Kb max_used=10083Kb free=110984Kb
 bounds [0x000001b8d3a00000, 0x000001b8d43e0000, 0x000001b8daf30000]
CodeHeap 'non-nmethods': size=5760Kb used=1326Kb max_used=1332Kb free=4433Kb
 bounds [0x000001b8daf30000, 0x000001b8db1a0000, 0x000001b8db4d0000]
 total_blobs=5176 nmethods=4531 adapters=557
 compilation: enabled
              stopped_count=0, restarted_count=0
 full_count=0

Compilation events (20 events):
Event: 125.657 Thread 0x000001b8ea7ae940 nmethod 5264 0x000001b8d4150190 code [0x000001b8d41503e0, 0x000001b8d4150b98]
Event: 125.657 Thread 0x000001b8ea7ae940 5265       3       jdk.internal.org.objectweb.asm.ClassWriter::visitSource (39 bytes)
Event: 125.657 Thread 0x000001b8ea7ae940 nmethod 5265 0x000001b8d414f990 code [0x000001b8d414fb60, 0x000001b8d414fff8]
Event: 125.667 Thread 0x000001b8ea778130 5267       4       jdk.internal.org.objectweb.asm.MethodWriter::visitFieldInsn (258 bytes)
Event: 125.671 Thread 0x000001b8ea7ae940 5268       1       org.hibernate.engine.jdbc.env.internal.JdbcEnvironmentImpl::getDialect (5 bytes)
Event: 125.671 Thread 0x000001b8ea7ae940 nmethod 5268 0x000001b8db801590 code [0x000001b8db801720, 0x000001b8db8017f8]
Event: 125.673 Thread 0x000001b8ea7ae940 5269       1       org.hibernate.persister.entity.mutation.AbstractMutationCoordinator::entityPersister (5 bytes)
Event: 125.673 Thread 0x000001b8ea7ae940 nmethod 5269 0x000001b8db801290 code [0x000001b8db801420, 0x000001b8db8014f8]
Event: 125.673 Thread 0x000001b8ea7ae940 5270       1       org.hibernate.metamodel.mapping.BasicValuedModelPart::getJdbcTypeCount (2 bytes)
Event: 125.673 Thread 0x000001b8ea7ae940 nmethod 5270 0x000001b8db800f90 code [0x000001b8db801120, 0x000001b8db8011f8]
Event: 125.674 Thread 0x000001b8ea7ae940 5271       1       org.hibernate.sql.model.ast.builder.AbstractTableMutationBuilder::getMutatingTable (5 bytes)
Event: 125.674 Thread 0x000001b8ea778130 nmethod 5267 0x000001b8db50a990 code [0x000001b8db50ab60, 0x000001b8db50aff0]
Event: 125.674 Thread 0x000001b8ea7ae940 nmethod 5271 0x000001b8db800c90 code [0x000001b8db800e20, 0x000001b8db800ef8]
Event: 125.700 Thread 0x000001b8ea778130 5272       4       java.lang.invoke.LambdaForm::prepare (112 bytes)
Event: 125.702 Thread 0x000001b8ea7ae940 5274       3       java.lang.invoke.LambdaFormEditor$TransformKey::of (51 bytes)
Event: 125.702 Thread 0x000001b8ea7ae940 nmethod 5274 0x000001b8d3c67c90 code [0x000001b8d3c67e80, 0x000001b8d3c68428]
Event: 125.702 Thread 0x000001b8ea7ae940 5275       3       java.lang.invoke.LambdaFormEditor$TransformKey::packedBytes (39 bytes)
Event: 125.703 Thread 0x000001b8ea7ae940 nmethod 5275 0x000001b8d3c84390 code [0x000001b8d3c84520, 0x000001b8d3c84638]
Event: 125.723 Thread 0x000001b8ea7ae940 5280       3       java.lang.invoke.MethodHandleStatics::traceLambdaForm (96 bytes)
Event: 125.723 Thread 0x000001b8ea7ae940 nmethod 5280 0x000001b8d414f610 code [0x000001b8d414f7a0, 0x000001b8d414f8f8]

GC Heap History (20 events):
Event: 8.253 GC heap before
{Heap before GC invocations=1 (full 0):
 garbage-first heap   total 129024K, used 31183K [0x0000000083600000, 0x0000000100000000)
  region size 1024K, 27 young (27648K), 3 survivors (3072K)
 Metaspace       used 11777K, committed 11968K, reserved 1114112K
  class space    used 1558K, committed 1664K, reserved 1048576K
}
Event: 8.262 GC heap after
{Heap after GC invocations=2 (full 0):
 garbage-first heap   total 129024K, used 9472K [0x0000000083600000, 0x0000000100000000)
  region size 1024K, 2 young (2048K), 2 survivors (2048K)
 Metaspace       used 11777K, committed 11968K, reserved 1114112K
  class space    used 1558K, committed 1664K, reserved 1048576K
}
Event: 17.622 GC heap before
{Heap before GC invocations=2 (full 0):
 garbage-first heap   total 129024K, used 60672K [0x0000000083600000, 0x0000000100000000)
  region size 1024K, 53 young (54272K), 2 survivors (2048K)
 Metaspace       used 21248K, committed 21504K, reserved 1114112K
  class space    used 2702K, committed 2816K, reserved 1048576K
}
Event: 17.645 GC heap after
{Heap after GC invocations=3 (full 0):
 garbage-first heap   total 129024K, used 14385K [0x0000000083600000, 0x0000000100000000)
  region size 1024K, 7 young (7168K), 7 survivors (7168K)
 Metaspace       used 21248K, committed 21504K, reserved 1114112K
  class space    used 2702K, committed 2816K, reserved 1048576K
}
Event: 28.634 GC heap before
{Heap before GC invocations=4 (full 0):
 garbage-first heap   total 58368K, used 42033K [0x0000000083600000, 0x0000000100000000)
  region size 1024K, 34 young (34816K), 7 survivors (7168K)
 Metaspace       used 24541K, committed 24768K, reserved 1114112K
  class space    used 3167K, committed 3264K, reserved 1048576K
}
Event: 28.662 GC heap after
{Heap after GC invocations=5 (full 0):
 garbage-first heap   total 58368K, used 15702K [0x0000000083600000, 0x0000000100000000)
  region size 1024K, 2 young (2048K), 2 survivors (2048K)
 Metaspace       used 24541K, committed 24768K, reserved 1114112K
  class space    used 3167K, committed 3264K, reserved 1048576K
}
Event: 29.171 GC heap before
{Heap before GC invocations=5 (full 0):
 garbage-first heap   total 58368K, used 16726K [0x0000000083600000, 0x0000000100000000)
  region size 1024K, 3 young (3072K), 2 survivors (2048K)
 Metaspace       used 24740K, committed 25024K, reserved 1114112K
  class space    used 3196K, committed 3328K, reserved 1048576K
}
Event: 29.183 GC heap after
{Heap after GC invocations=6 (full 0):
 garbage-first heap   total 58368K, used 16333K [0x0000000083600000, 0x0000000100000000)
  region size 1024K, 1 young (1024K), 1 survivors (1024K)
 Metaspace       used 24740K, committed 25024K, reserved 1114112K
  class space    used 3196K, committed 3328K, reserved 1048576K
}
Event: 35.547 GC heap before
{Heap before GC invocations=6 (full 0):
 garbage-first heap   total 58368K, used 39885K [0x0000000083600000, 0x0000000100000000)
  region size 1024K, 24 young (24576K), 1 survivors (1024K)
 Metaspace       used 28671K, committed 29056K, reserved 1114112K
  class space    used 3790K, committed 3968K, reserved 1048576K
}
Event: 35.564 GC heap after
{Heap after GC invocations=7 (full 0):
 garbage-first heap   total 58368K, used 18203K [0x0000000083600000, 0x0000000100000000)
  region size 1024K, 3 young (3072K), 3 survivors (3072K)
 Metaspace       used 28671K, committed 29056K, reserved 1114112K
  class space    used 3790K, committed 3968K, reserved 1048576K
}
Event: 44.358 GC heap before
{Heap before GC invocations=7 (full 0):
 garbage-first heap   total 58368K, used 40731K [0x0000000083600000, 0x0000000100000000)
  region size 1024K, 25 young (25600K), 3 survivors (3072K)
 Metaspace       used 32170K, committed 32576K, reserved 1114112K
  class space    used 4229K, committed 4416K, reserved 1048576K
}
Event: 44.373 GC heap after
{Heap after GC invocations=8 (full 0):
 garbage-first heap   total 58368K, used 19854K [0x0000000083600000, 0x0000000100000000)
  region size 1024K, 2 young (2048K), 2 survivors (2048K)
 Metaspace       used 32170K, committed 32576K, reserved 1114112K
  class space    used 4229K, committed 4416K, reserved 1048576K
}
Event: 48.116 GC heap before
{Heap before GC invocations=8 (full 0):
 garbage-first heap   total 58368K, used 32142K [0x0000000083600000, 0x0000000100000000)
  region size 1024K, 16 young (16384K), 2 survivors (2048K)
 Metaspace       used 35556K, committed 35968K, reserved 1114112K
  class space    used 4711K, committed 4928K, reserved 1048576K
}
Event: 48.126 GC heap after
{Heap after GC invocations=9 (full 0):
 garbage-first heap   total 58368K, used 20305K [0x0000000083600000, 0x0000000100000000)
  region size 1024K, 1 young (1024K), 1 survivors (1024K)
 Metaspace       used 35556K, committed 35968K, reserved 1114112K
  class space    used 4711K, committed 4928K, reserved 1048576K
}
Event: 62.791 GC heap before
{Heap before GC invocations=10 (full 0):
 garbage-first heap   total 58368K, used 42833K [0x0000000083600000, 0x0000000100000000)
  region size 1024K, 24 young (24576K), 1 survivors (1024K)
 Metaspace       used 41972K, committed 42368K, reserved 1114112K
  class space    used 5596K, committed 5760K, reserved 1048576K
}
Event: 62.804 GC heap after
{Heap after GC invocations=11 (full 0):
 garbage-first heap   total 58368K, used 22937K [0x0000000083600000, 0x0000000100000000)
  region size 1024K, 3 young (3072K), 3 survivors (3072K)
 Metaspace       used 41972K, committed 42368K, reserved 1114112K
  class space    used 5596K, committed 5760K, reserved 1048576K
}
Event: 112.012 GC heap before
{Heap before GC invocations=11 (full 0):
 garbage-first heap   total 58368K, used 44441K [0x0000000083600000, 0x0000000100000000)
  region size 1024K, 24 young (24576K), 3 survivors (3072K)
 Metaspace       used 46671K, committed 47040K, reserved 1114112K
  class space    used 6187K, committed 6336K, reserved 1048576K
}
Event: 112.071 GC heap after
{Heap after GC invocations=12 (full 0):
 garbage-first heap   total 58368K, used 23826K [0x0000000083600000, 0x0000000100000000)
  region size 1024K, 1 young (1024K), 1 survivors (1024K)
 Metaspace       used 46671K, committed 47040K, reserved 1114112K
  class space    used 6187K, committed 6336K, reserved 1048576K
}
Event: 125.239 GC heap before
{Heap before GC invocations=12 (full 0):
 garbage-first heap   total 58368K, used 45330K [0x0000000083600000, 0x0000000100000000)
  region size 1024K, 22 young (22528K), 1 survivors (1024K)
 Metaspace       used 53037K, committed 53504K, reserved 1114112K
  class space    used 7267K, committed 7488K, reserved 1048576K
}
Event: 125.257 GC heap after
{Heap after GC invocations=13 (full 0):
 garbage-first heap   total 58368K, used 24775K [0x0000000083600000, 0x0000000100000000)
  region size 1024K, 2 young (2048K), 2 survivors (2048K)
 Metaspace       used 53037K, committed 53504K, reserved 1114112K
  class space    used 7267K, committed 7488K, reserved 1048576K
}

Deoptimization events (20 events):
Event: 113.050 Thread 0x000001b8ca84a590 DEOPT PACKING pc=0x000001b8db7d8b18 sp=0x000000407d8f9f30
Event: 113.050 Thread 0x000001b8ca84a590 DEOPT UNPACKING pc=0x000001b8daf85ba3 sp=0x000000407d8f9eb8 mode 2
Event: 113.050 Thread 0x000001b8ca84a590 Uncommon trap: trap_request=0xffffff45 fr.pc=0x000001b8db822634 relative=0x0000000000000294
Event: 113.050 Thread 0x000001b8ca84a590 Uncommon trap: reason=unstable_if action=reinterpret pc=0x000001b8db822634 method=java.lang.Integer.getChars(II[B)I @ 4 c2
Event: 113.050 Thread 0x000001b8ca84a590 DEOPT PACKING pc=0x000001b8db822634 sp=0x000000407d8f9f10
Event: 113.052 Thread 0x000001b8ca84a590 DEOPT UNPACKING pc=0x000001b8daf85ba3 sp=0x000000407d8f9ea0 mode 2
Event: 122.860 Thread 0x000001b8ca84a590 Uncommon trap: trap_request=0xffffff45 fr.pc=0x000001b8db6cef18 relative=0x0000000000000658
Event: 122.860 Thread 0x000001b8ca84a590 Uncommon trap: reason=unstable_if action=reinterpret pc=0x000001b8db6cef18 method=java.util.HashMap$HashIterator.<init>(Ljava/util/HashMap;)V @ 45 c2
Event: 122.860 Thread 0x000001b8ca84a590 DEOPT PACKING pc=0x000001b8db6cef18 sp=0x000000407d8f8d60
Event: 122.860 Thread 0x000001b8ca84a590 DEOPT UNPACKING pc=0x000001b8daf85ba3 sp=0x000000407d8f8bf0 mode 2
Event: 124.174 Thread 0x000001b8ca84a590 Uncommon trap: trap_request=0xffffffdc fr.pc=0x000001b8db4d59d4 relative=0x0000000000000234
Event: 124.174 Thread 0x000001b8ca84a590 Uncommon trap: reason=class_check action=make_not_entrant pc=0x000001b8db4d59d4 method=java.util.ArrayList.toArray([Ljava/lang/Object;)[Ljava/lang/Object; @ 21 c2
Event: 124.174 Thread 0x000001b8ca84a590 DEOPT PACKING pc=0x000001b8db4d59d4 sp=0x000000407d8f8140
Event: 124.180 Thread 0x000001b8ca84a590 DEOPT UNPACKING pc=0x000001b8daf85ba3 sp=0x000000407d8f8110 mode 2
Event: 124.351 Thread 0x000001b8ca84a590 Uncommon trap: trap_request=0xffffff45 fr.pc=0x000001b8db76020c relative=0x0000000000001bac
Event: 124.351 Thread 0x000001b8ca84a590 Uncommon trap: reason=unstable_if action=reinterpret pc=0x000001b8db76020c method=jdk.internal.org.objectweb.asm.Frame.getAbstractTypeFromDescriptor(Ljdk/internal/org/objectweb/asm/SymbolTable;Ljava/lang/String;I)I @ 189 c2
Event: 124.351 Thread 0x000001b8ca84a590 DEOPT PACKING pc=0x000001b8db76020c sp=0x000000407d8f7b30
Event: 124.351 Thread 0x000001b8ca84a590 DEOPT UNPACKING pc=0x000001b8daf85ba3 sp=0x000000407d8f7af0 mode 2
Event: 125.486 Thread 0x000001b8ca84a590 DEOPT PACKING pc=0x000001b8d3c08523 sp=0x000000407d8f7d70
Event: 125.486 Thread 0x000001b8ca84a590 DEOPT UNPACKING pc=0x000001b8daf866e3 sp=0x000000407d8f71e0 mode 0

Classes unloaded (0 events):
No events

Classes redefined (0 events):
No events

Internal exceptions (20 events):
Event: 44.181 Thread 0x000001b8ca84a590 Exception <a 'sun/nio/fs/WindowsException'{0x0000000085ac1190}> (0x0000000085ac1190) 
thrown [s\open\src\hotspot\share\prims\jni.cpp, line 516]
Event: 49.309 Thread 0x000001b8ca84a590 Exception <a 'java/lang/NoSuchMethodError'{0x000000008787cd18}: 'int java.lang.invoke.DirectMethodHandle$Holder.invokeStatic(java.lang.Object)'> (0x000000008787cd18) 
thrown [s\open\src\hotspot\share\interpreter\linkResolver.cpp, line 759]
Event: 59.007 Thread 0x000001b8ca84a590 Exception <a 'java/lang/NoSuchMethodError'{0x0000000085838230}: 'java.lang.Object java.lang.invoke.DirectMethodHandle$Holder.invokeStaticInit(java.lang.Object, java.lang.Object, java.lang.Object, java.lang.Object)'> (0x0000000085838230) 
thrown [s\open\src\hotspot\share\interpreter\linkResolver.cpp, line 759]
Event: 76.236 Thread 0x000001b8ca84a590 Exception <a 'java/lang/NoSuchMethodError'{0x000000008794b8f0}: 'java.lang.Object java.lang.invoke.DirectMethodHandle$Holder.newInvokeSpecial(java.lang.Object, java.lang.Object, java.lang.Object, java.lang.Object, java.lang.Object, java.lang.Object)'> (0x000000008794b8f0) 
thrown [s\open\src\hotspot\share\interpreter\linkResolver.cpp, line 759]
Event: 112.537 Thread 0x000001b8ca84a590 Exception <a 'java/lang/IncompatibleClassChangeError'{0x000000008b338270}: Found class java.lang.Object, but interface was expected> (0x000000008b338270) 
thrown [s\open\src\hotspot\share\interpreter\linkResolver.cpp, line 826]
Event: 113.259 Thread 0x000001b8ca84a590 Exception <a 'java/lang/NoSuchMethodError'{0x000000008b3fa990}: 'java.lang.Object java.lang.invoke.DirectMethodHandle$Holder.invokeStatic(java.lang.Object, java.lang.Object, int, java.lang.Object)'> (0x000000008b3fa990) 
thrown [s\open\src\hotspot\share\interpreter\linkResolver.cpp, line 759]
Event: 113.262 Thread 0x000001b8ca84a590 Exception <a 'java/lang/NoSuchMethodError'{0x000000008b3fec20}: 'java.lang.Object java.lang.invoke.DirectMethodHandle$Holder.invokeStaticInit(java.lang.Object, java.lang.Object, int, java.lang.Object)'> (0x000000008b3fec20) 
thrown [s\open\src\hotspot\share\interpreter\linkResolver.cpp, line 759]
Event: 118.270 Thread 0x000001b8ca84a590 Exception <a 'java/lang/NoSuchMethodError'{0x000000008652c8c8}: 'java.lang.Object java.lang.invoke.DirectMethodHandle$Holder.invokeStaticInit(java.lang.Object, int)'> (0x000000008652c8c8) 
thrown [s\open\src\hotspot\share\interpreter\linkResolver.cpp, line 759]
Event: 125.483 Thread 0x000001b8ca84a590 Exception <a 'java/lang/NoSuchMethodError'{0x0000000087d547e8}: 'void java.lang.invoke.DirectMethodHandle$Holder.invokeStaticInit(java.lang.Object, int, java.lang.Object, java.lang.Object, java.lang.Object, java.lang.Object)'> (0x0000000087d547e8) 
thrown [s\open\src\hotspot\share\interpreter\linkResolver.cpp, line 759]
Event: 125.552 Thread 0x000001b8ca84a590 Exception <a 'java/lang/NoSuchMethodError'{0x0000000087cbc820}: 'int java.lang.invoke.DirectMethodHandle$Holder.invokeStatic(java.lang.Object, java.lang.Object, java.lang.Object, java.lang.Object, java.lang.Object)'> (0x0000000087cbc820) 
thrown [s\open\src\hotspot\share\interpreter\linkResolver.cpp, line 759]
Event: 125.576 Thread 0x000001b8ca84a590 Exception <a 'java/lang/NoSuchMethodError'{0x0000000087b693d8}: 'void java.lang.invoke.DirectMethodHandle$Holder.invokeInterface(java.lang.Object, java.lang.Object, int, java.lang.Object)'> (0x0000000087b693d8) 
thrown [s\open\src\hotspot\share\interpreter\linkResolver.cpp, line 759]
Event: 125.583 Thread 0x000001b8ca84a590 Exception <a 'java/lang/NoSuchMethodError'{0x0000000087b90f30}: 'java.lang.Object java.lang.invoke.DirectMethodHandle$Holder.newInvokeSpecial(java.lang.Object, java.lang.Object, int, java.lang.Object)'> (0x0000000087b90f30) 
thrown [s\open\src\hotspot\share\interpreter\linkResolver.cpp, line 759]
Event: 125.584 Thread 0x000001b8ca84a590 Exception <a 'java/lang/NoSuchMethodError'{0x0000000087b952f0}: 'java.lang.Object java.lang.invoke.Invokers$Holder.linkToTargetMethod(java.lang.Object, int, java.lang.Object, java.lang.Object)'> (0x0000000087b952f0) 
thrown [s\open\src\hotspot\share\interpreter\linkResolver.cpp, line 759]
Event: 125.604 Thread 0x000001b8ca84a590 Exception <a 'java/lang/NoSuchMethodError'{0x0000000087a28f80}: 'java.lang.Object java.lang.invoke.DirectMethodHandle$Holder.newInvokeSpecial(java.lang.Object, java.lang.Object, int)'> (0x0000000087a28f80) 
thrown [s\open\src\hotspot\share\interpreter\linkResolver.cpp, line 759]
Event: 125.645 Thread 0x000001b8ca84a590 Exception <a 'java/lang/NoSuchMethodError'{0x000000008797a6c0}: 'int java.lang.invoke.DirectMethodHandle$Holder.invokeStatic(java.lang.Object, int, java.lang.Object)'> (0x000000008797a6c0) 
thrown [s\open\src\hotspot\share\interpreter\linkResolver.cpp, line 759]
Event: 125.648 Thread 0x000001b8ca84a590 Exception <a 'java/lang/NoSuchMethodError'{0x0000000087997360}: 'java.lang.Object java.lang.invoke.DirectMethodHandle$Holder.newInvokeSpecial(java.lang.Object, java.lang.Object, java.lang.Object, java.lang.Object, java.lang.Object, int, java.lang.Object)'> (0x0000000087997360) 
thrown [s\open\src\hotspot\share\interpreter\linkResolver.cpp, line 759]
Event: 125.655 Thread 0x000001b8ca84a590 Exception <a 'java/lang/NoSuchMethodError'{0x00000000879cf2a8}: 'java.lang.Object java.lang.invoke.DirectMethodHandle$Holder.newInvokeSpecial(java.lang.Object, java.lang.Object, java.lang.Object, java.lang.Object, java.lang.Object, java.lang.Object, java.lang.Object, java.lang.Object, java.lang.Object, java.lang.Object, java.lang.Object, java.lang.Object)'> (0x00000000879cf2a8) 
thrown [s\open\src\hotspot\share\interpreter\linkResolver.cpp, line 759]
Event: 125.656 Thread 0x000001b8ca84a590 Exception <a 'java/lang/NoSuchMethodError'{0x00000000879d4ad8}: 'java.lang.Object java.lang.invoke.DirectMethodHandle$Holder.invokeSpecial(java.lang.Object, java.lang.Object, java.lang.Object, java.lang.Object, java.lang.Object, java.lang.Object, java.lang.Object, java.lang.Object, java.lang.Object, java.lang.Object, java.lang.Object, java.lang.Object, java.lang.Object)'> (0x00000000879d4ad8) 
thrown [s\open\src\hotspot\share\interpreter\linkResolver.cpp, line 759]
Event: 125.656 Thread 0x000001b8ca84a590 Exception <a 'java/lang/NoSuchMethodError'{0x00000000879d99e8}: 'java.lang.Object java.lang.invoke.Invokers$Holder.linkToTargetMethod(java.lang.Object, java.lang.Object, java.lang.Object, java.lang.Object, java.lang.Object, java.lang.Object, java.lang.Object, java.lang.Object, java.lang.Object, java.lang.Object, java.lang.Object, java.lang.Object)'> (0x00000000879d99e8) 
thrown [s\open\src\hotspot\share\interpreter\linkResolver.cpp, line 759]
Event: 125.723 Thread 0x000001b8ca84a590 Exception <a 'java/lang/NoSuchMethodError'{0x00000000865e5f78}: 'java.lang.Object java.lang.invoke.DirectMethodHandle$Holder.newInvokeSpecial(java.lang.Object, java.lang.Object, int, java.lang.Object, int, java.lang.Object, java.lang.Object)'> (0x00000000865e5f78) 
thrown [s\open\src\hotspot\share\interpreter\linkResolver.cpp, line 759]

VM Operations (20 events):
Event: 110.548 Executing VM operation: Cleanup
Event: 110.568 Executing VM operation: Cleanup done
Event: 111.573 Executing VM operation: Cleanup
Event: 111.573 Executing VM operation: Cleanup done
Event: 112.012 Executing VM operation: G1CollectForAllocation
Event: 112.071 Executing VM operation: G1CollectForAllocation done
Event: 117.123 Executing VM operation: Cleanup
Event: 117.213 Executing VM operation: Cleanup done
Event: 121.243 Executing VM operation: Cleanup
Event: 121.259 Executing VM operation: Cleanup done
Event: 122.273 Executing VM operation: Cleanup
Event: 122.289 Executing VM operation: Cleanup done
Event: 123.296 Executing VM operation: Cleanup
Event: 123.312 Executing VM operation: Cleanup done
Event: 124.323 Executing VM operation: Cleanup
Event: 124.345 Executing VM operation: Cleanup done
Event: 125.239 Executing VM operation: G1CollectForAllocation
Event: 125.257 Executing VM operation: G1CollectForAllocation done
Event: 126.259 Executing VM operation: Cleanup
Event: 126.260 Executing VM operation: Cleanup done

Events (20 events):
Event: 92.784 loading class java/math/MutableBigInteger
Event: 92.960 loading class java/math/MutableBigInteger done
Event: 98.767 loading class javax/naming/RefAddr
Event: 98.768 loading class javax/naming/RefAddr done
Event: 98.768 loading class javax/naming/StringRefAddr
Event: 98.768 loading class javax/naming/StringRefAddr done
Event: 100.004 loading class java/util/concurrent/CompletionStage
Event: 100.009 loading class java/util/concurrent/CompletionStage done
Event: 100.026 loading class java/util/concurrent/CompletableFuture
Event: 100.039 loading class java/util/concurrent/CompletableFuture done
Event: 100.039 loading class java/util/concurrent/CompletableFuture$AltResult
Event: 100.044 loading class java/util/concurrent/CompletableFuture$AltResult done
Event: 100.136 loading class java/util/concurrent/CompletableFuture$Completion
Event: 100.137 loading class java/util/concurrent/CompletableFuture$AsynchronousCompletionTask
Event: 100.139 loading class java/util/concurrent/CompletableFuture$AsynchronousCompletionTask done
Event: 100.333 loading class java/util/concurrent/CompletableFuture$Completion done
Event: 111.930 loading class java/util/concurrent/CancellationException
Event: 111.936 loading class java/util/concurrent/CancellationException done
Event: 118.296 loading class java/time/Clock$TickClock
Event: 118.300 loading class java/time/Clock$TickClock done


Dynamic libraries:
0x00007ff6b7480000 - 0x00007ff6b7490000 	C:\Program Files\Java\jdk-17\bin\java.exe
0x00007ff851240000 - 0x00007ff8514a8000 	C:\WINDOWS\SYSTEM32\ntdll.dll
0x00007ff850710000 - 0x00007ff8507d9000 	C:\WINDOWS\System32\KERNEL32.DLL
0x00007ff84dc60000 - 0x00007ff84e051000 	C:\WINDOWS\System32\KERNELBASE.dll
0x00007ff84e060000 - 0x00007ff84e1ab000 	C:\WINDOWS\System32\ucrtbase.dll
0x00007fffffa50000 - 0x00007fffffa69000 	C:\Program Files\Java\jdk-17\bin\jli.dll
0x00007ff84f300000 - 0x00007ff84f3b4000 	C:\WINDOWS\System32\ADVAPI32.dll
0x00007ff850dc0000 - 0x00007ff850e69000 	C:\WINDOWS\System32\msvcrt.dll
0x00007ff850ec0000 - 0x00007ff850f66000 	C:\WINDOWS\System32\sechost.dll
0x00007ff84f100000 - 0x00007ff84f218000 	C:\WINDOWS\System32\RPCRT4.dll
0x00007ffffe890000 - 0x00007ffffe8ab000 	C:\Program Files\Java\jdk-17\bin\VCRUNTIME140.dll
0x00007ff8500b0000 - 0x00007ff850276000 	C:\WINDOWS\System32\USER32.dll
0x00007ff84e330000 - 0x00007ff84e357000 	C:\WINDOWS\System32\win32u.dll
0x00007ff84fdc0000 - 0x00007ff84fdeb000 	C:\WINDOWS\System32\GDI32.dll
0x00007ff84ee00000 - 0x00007ff84ef2b000 	C:\WINDOWS\System32\gdi32full.dll
0x00007ff84dbb0000 - 0x00007ff84dc53000 	C:\WINDOWS\System32\msvcp_win.dll
0x00007ff832120000 - 0x00007ff8323b3000 	C:\WINDOWS\WinSxS\amd64_microsoft.windows.common-controls_6595b64144ccf1df_6.0.26100.7824_none_3e0870b2e3345462\COMCTL32.dll
0x00007ff84d600000 - 0x00007ff84d60b000 	C:\WINDOWS\SYSTEM32\VERSION.dll
0x00007ff8509f0000 - 0x00007ff850a21000 	C:\WINDOWS\System32\IMM32.DLL
0x000000006b0d0000 - 0x000000006b0dd000 	C:\Program Files (x86)\360\Total Security\safemon\SafeWrapper.dll
0x00007ff848b40000 - 0x00007ff848c45000 	C:\Program Files (x86)\360\Total Security\safemon\libzdtp64.dll
0x00007ff84f660000 - 0x00007ff84fdb2000 	C:\WINDOWS\System32\SHELL32.dll
0x00007ff84ec90000 - 0x00007ff84edfa000 	C:\WINDOWS\System32\wintypes.dll
0x00007ff850a30000 - 0x00007ff850db6000 	C:\WINDOWS\System32\combase.dll
0x00007ff8510e0000 - 0x00007ff851147000 	C:\WINDOWS\System32\SHLWAPI.dll
0x00007ff84e360000 - 0x00007ff84ebc3000 	C:\WINDOWS\System32\Windows.Storage.dll
0x00007ff801da0000 - 0x00007ff801dac000 	C:\Program Files\Java\jdk-17\bin\vcruntime140_1.dll
0x00007fffd8040000 - 0x00007fffd80ce000 	C:\Program Files\Java\jdk-17\bin\msvcp140.dll
0x00007fff82e40000 - 0x00007fff83a21000 	C:\Program Files\Java\jdk-17\bin\server\jvm.dll
0x00007ff8500a0000 - 0x00007ff8500a8000 	C:\WINDOWS\System32\PSAPI.DLL
0x00007ff83cd90000 - 0x00007ff83cd9a000 	C:\WINDOWS\SYSTEM32\WSOCK32.dll
0x00007ff851150000 - 0x00007ff8511c4000 	C:\WINDOWS\System32\WS2_32.dll
0x00007ff845b40000 - 0x00007ff845b75000 	C:\WINDOWS\SYSTEM32\WINMM.dll
0x00007ff84c850000 - 0x00007ff84c86b000 	C:\WINDOWS\SYSTEM32\kernel.appcore.dll
0x00007ff800fa0000 - 0x00007ff800faa000 	C:\Program Files\Java\jdk-17\bin\jimage.dll
0x00007ff84b220000 - 0x00007ff84b462000 	C:\WINDOWS\SYSTEM32\DBGHELP.DLL
0x00007ff84f220000 - 0x00007ff84f2f7000 	C:\WINDOWS\System32\OLEAUT32.dll
0x00007ff82f1a0000 - 0x00007ff82f1db000 	C:\WINDOWS\SYSTEM32\dbgcore.DLL
0x00007ff84ef30000 - 0x00007ff84efd5000 	C:\WINDOWS\System32\bcryptPrimitives.dll
0x00007ffffdfd0000 - 0x00007ffffdff5000 	C:\Program Files\Java\jdk-17\bin\java.dll
0x00007fffbee80000 - 0x00007fffbef57000 	C:\Program Files\Java\jdk-17\bin\jsvml.dll
0x00007ff8507e0000 - 0x00007ff8508d6000 	C:\WINDOWS\System32\SHCORE.dll
0x00007ff84da40000 - 0x00007ff84da69000 	C:\WINDOWS\SYSTEM32\profapi.dll
0x00007ffffe870000 - 0x00007ffffe889000 	C:\Program Files\Java\jdk-17\bin\net.dll
0x00007ff83fbd0000 - 0x00007ff83fcf7000 	C:\WINDOWS\SYSTEM32\WINHTTP.dll
0x00007ff84cdc0000 - 0x00007ff84ce2b000 	C:\WINDOWS\system32\mswsock.dll
0x00007ffffe620000 - 0x00007ffffe636000 	C:\Program Files\Java\jdk-17\bin\nio.dll
0x00007ffffdf90000 - 0x00007ffffdfa8000 	C:\Program Files\Java\jdk-17\bin\zip.dll
0x00007ff8398e0000 - 0x00007ff8398f0000 	C:\Program Files\Java\jdk-17\bin\verify.dll
0x00007ff83c9c0000 - 0x00007ff83c9ce000 	C:\Program Files\Java\jdk-17\bin\sunmscapi.dll
0x00007ff84e1b0000 - 0x00007ff84e327000 	C:\WINDOWS\System32\CRYPT32.dll
0x00007ff84d2b0000 - 0x00007ff84d2e0000 	C:\WINDOWS\SYSTEM32\ncrypt.dll
0x00007ff84d260000 - 0x00007ff84d29f000 	C:\WINDOWS\SYSTEM32\NTASN1.dll
0x00007ff84d090000 - 0x00007ff84d0ab000 	C:\WINDOWS\SYSTEM32\CRYPTSP.dll
0x00007ff84c7b0000 - 0x00007ff84c7e9000 	C:\WINDOWS\system32\rsaenh.dll
0x00007ff84ce70000 - 0x00007ff84ce9b000 	C:\WINDOWS\SYSTEM32\USERENV.dll
0x00007ff84da10000 - 0x00007ff84da3a000 	C:\WINDOWS\SYSTEM32\bcrypt.dll
0x00007ff84d0b0000 - 0x00007ff84d0bc000 	C:\WINDOWS\SYSTEM32\CRYPTBASE.dll
0x00007ff84c300000 - 0x00007ff84c334000 	C:\WINDOWS\SYSTEM32\IPHLPAPI.DLL
0x00007ff84f3c0000 - 0x00007ff84f3ca000 	C:\WINDOWS\System32\NSI.dll
0x00007ff846cd0000 - 0x00007ff846cee000 	C:\WINDOWS\SYSTEM32\dhcpcsvc6.DLL
0x00007ff845b80000 - 0x00007ff845ba3000 	C:\WINDOWS\SYSTEM32\dhcpcsvc.DLL
0x00007ff84c3e0000 - 0x00007ff84c50c000 	C:\WINDOWS\SYSTEM32\DNSAPI.dll
0x00007ff8398d0000 - 0x00007ff8398da000 	C:\Program Files\Java\jdk-17\bin\management.dll
0x00007ff8398c0000 - 0x00007ff8398cb000 	C:\Program Files\Java\jdk-17\bin\management_ext.dll
0x00007ff8455d0000 - 0x00007ff8455db000 	C:\Windows\System32\rasadhlp.dll
0x00007ff847400000 - 0x00007ff847486000 	C:\WINDOWS\System32\fwpuclnt.dll

dbghelp: loaded successfully - version: 4.0.5 - missing functions: none
symbol engine: initialized successfully - sym options: 0x614 - pdb path: .;C:\Program Files\Java\jdk-17\bin;C:\WINDOWS\SYSTEM32;C:\WINDOWS\WinSxS\amd64_microsoft.windows.common-controls_6595b64144ccf1df_6.0.26100.7824_none_3e0870b2e3345462;C:\Program Files (x86)\360\Total Security\safemon;C:\Program Files\Java\jdk-17\bin\server

VM Arguments:
jvm_args: -XX:+ShowCodeDetailsInExceptionMessages 
java_command: vn.kurisu.mentormatch.MentorMatchApplication
java_class_path (initial): C:\Users\Long Phung\OneDrive\Documents\TechByteIntern\buiphuongnam_test_t3\backend\target\classes;C:\Users\Long Phung\.m2\repository\org\springframework\boot\spring-boot-starter-data-jpa\3.2.4\spring-boot-starter-data-jpa-3.2.4.jar;C:\Users\Long Phung\.m2\repository\org\springframework\boot\spring-boot-starter-aop\3.2.4\spring-boot-starter-aop-3.2.4.jar;C:\Users\Long Phung\.m2\repository\org\aspectj\aspectjweaver\1.9.21\aspectjweaver-1.9.21.jar;C:\Users\Long Phung\.m2\repository\org\springframework\boot\spring-boot-starter-jdbc\3.2.4\spring-boot-starter-jdbc-3.2.4.jar;C:\Users\Long Phung\.m2\repository\com\zaxxer\HikariCP\5.0.1\HikariCP-5.0.1.jar;C:\Users\Long Phung\.m2\repository\org\springframework\spring-jdbc\6.1.5\spring-jdbc-6.1.5.jar;C:\Users\Long Phung\.m2\repository\org\hibernate\orm\hibernate-core\6.4.4.Final\hibernate-core-6.4.4.Final.jar;C:\Users\Long Phung\.m2\repository\jakarta\persistence\jakarta.persistence-api\3.1.0\jakarta.persistence-api-3.1.0.jar;C:\Users\Long Phung\.m2\repository\jakarta\transaction\jakarta.transaction-api\2.0.1\jakarta.transaction-api-2.0.1.jar;C:\Users\Long Phung\.m2\repository\org\jboss\logging\jboss-logging\3.5.3.Final\jboss-logging-3.5.3.Final.jar;C:\Users\Long Phung\.m2\repository\org\hibernate\common\hibernate-commons-annotations\6.0.6.Final\hibernate-commons-annotations-6.0.6.Final.jar;C:\Users\Long Phung\.m2\repository\io\smallrye\jandex\3.1.2\jandex-3.1.2.jar;C:\Users\Long Phung\.m2\repository\com\fasterxml\classmate\1.6.0\classmate-1.6.0.jar;C:\Users\Long Phung\.m2\repository\net\bytebuddy\byte-buddy\1.14.12\byte-buddy-1.14.12.jar;C:\Users\Long Phung\.m2\repository\org\glassfish\jaxb\jaxb-runtime\4.0.5\jaxb-runtime-4.0.5.jar;C:\Users\Long Phung\.m2\repository\org\glassfish\jaxb\jaxb-core\4.0.5\jaxb-core-4.0.5.jar;C:\Users\Long Phung\.m2\repository\org\eclipse\angus\angus-activation\2.0.2\angus-activation-2.0.2.jar;C:\Users\Long Phung\.m2\repository\org\glassfish\jaxb\txw2\4.0.5\txw2-4.0.5.j
Launcher Type: SUN_STANDARD

[Global flags]
     intx CICompilerCount                          = 4                                         {product} {ergonomic}
     uint ConcGCThreads                            = 2                                         {product} {ergonomic}
     uint G1ConcRefinementThreads                  = 8                                         {product} {ergonomic}
   size_t G1HeapRegionSize                         = 1048576                                   {product} {ergonomic}
    uintx GCDrainStackTargetSize                   = 64                                        {product} {ergonomic}
   size_t InitialHeapSize                          = 132120576                                 {product} {ergonomic}
   size_t MarkStackSize                            = 4194304                                   {product} {ergonomic}
   size_t MaxHeapSize                              = 2090860544                                {product} {ergonomic}
   size_t MaxNewSize                               = 1254096896                                {product} {ergonomic}
   size_t MinHeapDeltaBytes                        = 1048576                                   {product} {ergonomic}
   size_t MinHeapSize                              = 8388608                                   {product} {ergonomic}
    uintx NonNMethodCodeHeapSize                   = 5839372                                {pd product} {ergonomic}
    uintx NonProfiledCodeHeapSize                  = 122909434                              {pd product} {ergonomic}
    uintx ProfiledCodeHeapSize                     = 122909434                              {pd product} {ergonomic}
    uintx ReservedCodeCacheSize                    = 251658240                              {pd product} {ergonomic}
     bool SegmentedCodeCache                       = true                                      {product} {ergonomic}
     bool ShowCodeDetailsInExceptionMessages       = true                                   {manageable} {command line}
   size_t SoftMaxHeapSize                          = 2090860544                             {manageable} {ergonomic}
     bool UseCompressedClassPointers               = true                           {product lp64_product} {ergonomic}
     bool UseCompressedOops                        = true                           {product lp64_product} {ergonomic}
     bool UseG1GC                                  = true                                      {product} {ergonomic}
     bool UseLargePagesIndividualAllocation        = false                                  {pd product} {ergonomic}

Logging:
Log output configuration:
 #0: stdout all=warning uptime,level,tags
 #1: stderr all=off uptime,level,tags

Environment Variables:
JAVA_HOME=C:\Program Files\Java\jdk-23
PATH=C:\Program Files\Common Files\Oracle\Java\javapath;C:\WINDOWS\system32;C:\WINDOWS;C:\WINDOWS\System32\Wbem;C:\WINDOWS\System32\WindowsPowerShell\v1.0\;C:\WINDOWS\System32\OpenSSH\;C:\Program Files\dotnet\;C:\Program Files (x86)\Microsoft SQL Server\160\DTS\Binn\;C:\Program Files\Azure Data Studio\bin;C:\Program Files (x86)\Microsoft SQL Server\160\Tools\Binn\;C:\Program Files\Microsoft SQL Server\160\Tools\Binn\;C:\Program Files\Microsoft SQL Server\Client SDK\ODBC\170\Tools\Binn\;C:\Program Files\Microsoft SQL Server\160\DTS\Binn\;F:\common;C:\Program Files\Java\jdk-23\bin;C:\apache-maven-3.9.11\bin;C:\Program Files\nodejs\;C:\Program Files\Docker\Docker\resources\bin;C:\ProgramData\DockerDesktop\version-bin;C:\Program Files\Cloudflare\Cloudflare WARP\;C:\Program Files (x86)\Windows Kits\10\Windows Performance Toolkit\;C:\Program Files\Microsoft SQL Server\150\Tools\Binn\;C:\Program Files\CMake\bin;C:\Program Files\Git\cmd;C:\msys64\usr\bin;C:\Program Files\Go\bin;C:\Users\Long Phung\Downloads\skaff;G:\Minikube;C:\Program Files (x86)\Graphviz\bin;C:\Users\Long Phung\AppData\Local\Programs\Python\Python312\Scripts\;C:\Users\Long Phung\AppData\Local\Programs\Python\Python312\;C:\Users\Long Phung\AppData\Local\Programs\Python\Launcher\;C:\Users\Long Phung\AppData\Local\Microsoft\WindowsApps;C:\Program Files\Azure Data Studio\bin;F:\Microsoft VS Code\bin;C:\Users\Long Phung\AppData\Local\GitHubDesktop\bin;C:\Users\Long Phung\AppData\Roaming\npm;C:\Program Files\Java\jdk-17\bin;C:\Users\Long Phung\.dotnet\tools;C:\Program Files\JetBrains\PyCharm 2025.1.3.1\bin;;C:\Users\Long Phung\go\bin;C:\Users\Long Phung\AppData\Local\Google\Cloud SDK\google-cloud-sdk\bin;F:\Antigravity\bin;G:\cursor\resources\app\bin;c:\Users\Long Phung\.antigravity\extensions\vscjava.vscode-java-debug-0.58.5-universal\bundled\scripts\noConfigScripts
USERNAME=Long Phung
LANG=en_US.UTF-8
OS=Windows_NT
PROCESSOR_IDENTIFIER=Intel64 Family 6 Model 140 Stepping 1, GenuineIntel



---------------  S Y S T E M  ---------------

OS:
 Windows 11 , 64 bit Build 26100 (10.0.26100.7705)
OS uptime: 2 days 14:06 hours
Hyper-V role detected

CPU: total 8 (initial active 8) (4 cores per cpu, 2 threads per core) family 6 model 140 stepping 1 microcode 0x8a, cx8, cmov, fxsr, ht, mmx, 3dnowpref, sse, sse2, sse3, ssse3, sse4.1, sse4.2, popcnt, lzcnt, tsc, tscinvbit, avx, avx2, aes, erms, clmul, bmi1, bmi2, adx, avx512f, avx512dq, avx512cd, avx512bw, avx512vl, sha, fma, vzeroupper, avx512_vpopcntdq, avx512_vpclmulqdq, avx512_vaes, avx512_vnni, clflush, clflushopt, clwb, avx512_vbmi2, avx512_vbmi, hv

Memory: 4k page, system-wide physical 7971M (191M free)
TotalPageFile size 25471M (AvailPageFile size 0M)
current process WorkingSet (physical memory assigned to process): 97M, peak: 151M
current process commit charge ("private bytes"): 240M, peak: 269M

vm_info: Java HotSpot(TM) 64-Bit Server VM (17.0.9+11-LTS-201) for windows-amd64 JRE (17.0.9+11-LTS-201), built on Oct 10 2023 23:16:06 by "mach5one" with MS VC++ 17.1 (VS2022)

END.
