#
# There is insufficient memory for the Java Runtime Environment to continue.
# Native memory allocation (malloc) failed to allocate 980816 bytes for Chunk::new
# Possible reasons:
#   The system is out of physical RAM or swap space
#   The process is running with CompressedOops enabled, and the Java Heap may be blocking the growth of the native heap
# Possible solutions:
#   Reduce memory load on the system
#   Increase physical memory or swap space
#   Check if swap backing store is full
#   Decrease Java heap size (-Xmx/-Xms)
#   Decrease number of Java threads
#   Decrease Java thread stack sizes (-Xss)
#   Set larger code cache with -XX:ReservedCodeCacheSize=
#   JVM is running with Unscaled Compressed Oops mode in which the Java heap is
#     placed in the first 4GB address space. The Java Heap base address is the
#     maximum limit for the native heap growth. Please use -XX:HeapBaseMinAddress
#     to set the Java Heap base and to place the Java Heap above 4GB virtual address.
# This output file may be truncated or incomplete.
#
#  Out of Memory Error (arena.cpp:189), pid=1968, tid=19584
#
# JRE version: Java(TM) SE Runtime Environment (17.0.9+11) (build 17.0.9+11-LTS-201)
# Java VM: Java HotSpot(TM) 64-Bit Server VM (17.0.9+11-LTS-201, mixed mode, sharing, tiered, compressed oops, compressed class ptrs, g1 gc, windows-amd64)
# No core dump will be written. Minidumps are not enabled by default on client versions of Windows
#

---------------  S U M M A R Y ------------

Command Line: -XX:+ShowCodeDetailsInExceptionMessages vn.kurisu.mentormatch.MentorMatchApplication

Host: 11th Gen Intel(R) Core(TM) i7-1165G7 @ 2.80GHz, 8 cores, 7G,  Windows 11 , 64 bit Build 26100 (10.0.26100.7705)
Time: Mon Mar  9 10:05:31 2026 SE Asia Standard Time elapsed time: 109.352322 seconds (0d 0h 1m 49s)

---------------  T H R E A D  ---------------

Current thread (0x000001e1ff891790):  JavaThread "C2 CompilerThread0" daemon [_thread_in_native, id=19584, stack(0x0000006c42c00000,0x0000006c42d00000)]


Current CompileTask:
C2: 109353 4409   !   4       jdk.internal.loader.BuiltinClassLoader::findClassOnClassPathOrNull (64 bytes)

Stack: [0x0000006c42c00000,0x0000006c42d00000]
Native frames: (J=compiled Java code, j=interpreted, Vv=VM code, C=native code)
V  [jvm.dll+0x678a4a]
V  [jvm.dll+0x7d9cfd]
V  [jvm.dll+0x7db60e]
V  [jvm.dll+0x7dbc73]
V  [jvm.dll+0x245e1f]
V  [jvm.dll+0xaaafb]
V  [jvm.dll+0xab09c]
V  [jvm.dll+0x2ab7ef]
V  [jvm.dll+0x5812e5]
V  [jvm.dll+0x220c52]
V  [jvm.dll+0x22102f]
V  [jvm.dll+0x219f86]
V  [jvm.dll+0x217459]
V  [jvm.dll+0x1a3bc0]
V  [jvm.dll+0x2272de]
V  [jvm.dll+0x22548b]
V  [jvm.dll+0x78f58c]
V  [jvm.dll+0x78998a]
V  [jvm.dll+0x677875]
C  [ucrtbase.dll+0x37b0]
C  [KERNEL32.DLL+0x2e8d7]
C  [ntdll.dll+0x8c40c]


---------------  P R O C E S S  ---------------

Threads class SMR info:
_java_thread_list=0x000001e1d8f4a770, length=13, elements={
0x000001e1f4bc4f70, 0x000001e1ff87ada0, 0x000001e1ff87c4d0, 0x000001e1ff88dca0,
0x000001e1ff88f670, 0x000001e1ff890030, 0x000001e1ff8909f0, 0x000001e1ff891790,
0x000001e1ff8964a0, 0x000001e1ff89ba30, 0x000001e1d825d6e0, 0x000001e1d8268250,
0x000001e1dc9764b0
}

Java Threads: ( => current thread )
  0x000001e1f4bc4f70 JavaThread "main" [_thread_in_vm, id=3004, stack(0x0000006c41f00000,0x0000006c42000000)]
  0x000001e1ff87ada0 JavaThread "Reference Handler" daemon [_thread_blocked, id=16092, stack(0x0000006c42600000,0x0000006c42700000)]
  0x000001e1ff87c4d0 JavaThread "Finalizer" daemon [_thread_blocked, id=23120, stack(0x0000006c42700000,0x0000006c42800000)]
  0x000001e1ff88dca0 JavaThread "Signal Dispatcher" daemon [_thread_blocked, id=24568, stack(0x0000006c42800000,0x0000006c42900000)]
  0x000001e1ff88f670 JavaThread "Attach Listener" daemon [_thread_blocked, id=3120, stack(0x0000006c42900000,0x0000006c42a00000)]
  0x000001e1ff890030 JavaThread "Service Thread" daemon [_thread_blocked, id=14580, stack(0x0000006c42a00000,0x0000006c42b00000)]
  0x000001e1ff8909f0 JavaThread "Monitor Deflation Thread" daemon [_thread_blocked, id=14384, stack(0x0000006c42b00000,0x0000006c42c00000)]
=>0x000001e1ff891790 JavaThread "C2 CompilerThread0" daemon [_thread_in_native, id=19584, stack(0x0000006c42c00000,0x0000006c42d00000)]
  0x000001e1ff8964a0 JavaThread "C1 CompilerThread0" daemon [_thread_blocked, id=828, stack(0x0000006c42d00000,0x0000006c42e00000)]
  0x000001e1ff89ba30 JavaThread "Sweeper thread" daemon [_thread_blocked, id=19804, stack(0x0000006c42e00000,0x0000006c42f00000)]
  0x000001e1d825d6e0 JavaThread "Notification Thread" daemon [_thread_blocked, id=7248, stack(0x0000006c42f00000,0x0000006c43000000)]
  0x000001e1d8268250 JavaThread "Common-Cleaner" daemon [_thread_blocked, id=25540, stack(0x0000006c43100000,0x0000006c43200000)]
  0x000001e1dc9764b0 JavaThread "mysql-cj-abandoned-connection-cleanup" daemon [_thread_blocked, id=15700, stack(0x0000006c43a00000,0x0000006c43b00000)]

Other Threads:
  0x000001e1ff873d00 VMThread "VM Thread" [stack: 0x0000006c42500000,0x0000006c42600000] [id=17724]
  0x000001e1d825efe0 WatcherThread [stack: 0x0000006c43000000,0x0000006c43100000] [id=23492]
  0x000001e1f4c2ca60 GCTaskThread "GC Thread#0" [stack: 0x0000006c42000000,0x0000006c42100000] [id=22044]
  0x000001e1d8b2cf10 GCTaskThread "GC Thread#1" [stack: 0x0000006c43200000,0x0000006c43300000] [id=21824]
  0x000001e1d8b2d3f0 GCTaskThread "GC Thread#2" [stack: 0x0000006c43300000,0x0000006c43400000] [id=7824]
  0x000001e1d835e590 GCTaskThread "GC Thread#3" [stack: 0x0000006c43400000,0x0000006c43500000] [id=1052]
  0x000001e1d835e850 GCTaskThread "GC Thread#4" [stack: 0x0000006c43500000,0x0000006c43600000] [id=980]
  0x000001e1d8e9bca0 GCTaskThread "GC Thread#5" [stack: 0x0000006c43700000,0x0000006c43800000] [id=6504]
  0x000001e1d89af800 GCTaskThread "GC Thread#6" [stack: 0x0000006c43800000,0x0000006c43900000] [id=24388]
  0x000001e1d89afac0 GCTaskThread "GC Thread#7" [stack: 0x0000006c43900000,0x0000006c43a00000] [id=8468]
  0x000001e1f4c3d2f0 ConcurrentGCThread "G1 Main Marker" [stack: 0x0000006c42100000,0x0000006c42200000] [id=25424]
  0x000001e1f4c3dd00 ConcurrentGCThread "G1 Conc#0" [stack: 0x0000006c42200000,0x0000006c42300000] [id=23136]
  0x000001e1da42f1d0 ConcurrentGCThread "G1 Conc#1" [stack: 0x0000006c43600000,0x0000006c43700000] [id=6212]
  0x000001e1f4c5e910 ConcurrentGCThread "G1 Refine#0" [stack: 0x0000006c42300000,0x0000006c42400000] [id=22404]
  0x000001e1ff728890 ConcurrentGCThread "G1 Service" [stack: 0x0000006c42400000,0x0000006c42500000] [id=25648]

Threads with active compile tasks:
C2 CompilerThread0   110459 4409   !   4       jdk.internal.loader.BuiltinClassLoader::findClassOnClassPathOrNull (64 bytes)

VM state: not at safepoint (normal execution)

VM Mutex/Monitor currently owned by a thread:  ([mutex/lock_event])
[0x000001e1f4bb33d0] CodeCache_lock - owner thread: 0x000001e1f4bc4f70
[0x000001e1f4bc2a30] Compile_lock - owner thread: 0x000001e1f4bc4f70

Heap address: 0x0000000083600000, size: 1994 MB, Compressed Oops mode: 32-bit

CDS archive(s) mapped at: [0x000001e193000000-0x000001e193bd0000-0x000001e193bd0000), size 12386304, SharedBaseAddress: 0x000001e193000000, ArchiveRelocationMode: 1.
Compressed class space mapped at: 0x000001e194000000-0x000001e1d4000000, reserved size: 1073741824
Narrow klass base: 0x000001e193000000, Narrow klass shift: 0, Narrow klass range: 0x100000000

GC Precious Log:
 CPUs: 8 total, 8 available
 Memory: 7971M
 Large Page Support: Disabled
 NUMA Support: Disabled
 Compressed Oops: Enabled (32-bit)
 Heap Region Size: 1M
 Heap Min Capacity: 8M
 Heap Initial Capacity: 126M
 Heap Max Capacity: 1994M
 Pre-touch: Disabled
 Parallel Workers: 8
 Concurrent Workers: 2
 Concurrent Refinement Workers: 8
 Periodic GC: Disabled

Heap:
 garbage-first heap   total 55296K, used 35624K [0x0000000083600000, 0x0000000100000000)
  region size 1024K, 19 young (19456K), 2 survivors (2048K)
 Metaspace       used 35297K, committed 35712K, reserved 1114112K
  class space    used 4677K, committed 4864K, reserved 1048576K

Heap Regions: E=young(eden), S=young(survivor), O=old, HS=humongous(starts), HC=humongous(continues), CS=collection set, F=free, OA=open archive, CA=closed archive, TAMS=top-at-mark-start (previous, next)
|   0|0x0000000083600000, 0x0000000083700000, 0x0000000083700000|100%|HS|  |TAMS 0x0000000083700000, 0x0000000083600000| Complete 
|   1|0x0000000083700000, 0x0000000083800000, 0x0000000083800000|100%| O|  |TAMS 0x0000000083800000, 0x0000000083700000| Untracked 
|   2|0x0000000083800000, 0x0000000083900000, 0x0000000083900000|100%| O|  |TAMS 0x0000000083900000, 0x0000000083800000| Untracked 
|   3|0x0000000083900000, 0x0000000083a00000, 0x0000000083a00000|100%| O|  |TAMS 0x0000000083a00000, 0x0000000083900000| Untracked 
|   4|0x0000000083a00000, 0x0000000083b00000, 0x0000000083b00000|100%| O|  |TAMS 0x0000000083b00000, 0x0000000083a00000| Untracked 
|   5|0x0000000083b00000, 0x0000000083c00000, 0x0000000083c00000|100%| O|  |TAMS 0x0000000083c00000, 0x0000000083b00000| Untracked 
|   6|0x0000000083c00000, 0x0000000083d00000, 0x0000000083d00000|100%| O|  |TAMS 0x0000000083d00000, 0x0000000083c00000| Untracked 
|   7|0x0000000083d00000, 0x0000000083e00000, 0x0000000083e00000|100%| O|  |TAMS 0x0000000083d00000, 0x0000000083d00000| Untracked 
|   8|0x0000000083e00000, 0x0000000083f00000, 0x0000000083f00000|100%| O|  |TAMS 0x0000000083e00000, 0x0000000083e00000| Untracked 
|   9|0x0000000083f00000, 0x0000000084000000, 0x0000000084000000|100%| O|  |TAMS 0x0000000083f00000, 0x0000000083f00000| Untracked 
|  10|0x0000000084000000, 0x0000000084100000, 0x0000000084100000|100%| O|  |TAMS 0x0000000084000000, 0x0000000084000000| Untracked 
|  11|0x0000000084100000, 0x0000000084200000, 0x0000000084200000|100%| O|  |TAMS 0x0000000084100000, 0x0000000084100000| Untracked 
|  12|0x0000000084200000, 0x0000000084300000, 0x0000000084300000|100%| O|  |TAMS 0x0000000084200000, 0x0000000084200000| Untracked 
|  13|0x0000000084300000, 0x0000000084400000, 0x0000000084400000|100%| O|  |TAMS 0x0000000084300000, 0x0000000084300000| Untracked 
|  14|0x0000000084400000, 0x0000000084500000, 0x0000000084500000|100%| O|  |TAMS 0x0000000084400000, 0x0000000084400000| Untracked 
|  15|0x0000000084500000, 0x0000000084600000, 0x0000000084600000|100%| O|  |TAMS 0x0000000084500000, 0x0000000084500000| Untracked 
|  16|0x0000000084600000, 0x0000000084700000, 0x0000000084700000|100%| O|  |TAMS 0x0000000084600000, 0x0000000084600000| Untracked 
|  17|0x0000000084700000, 0x000000008470fe00, 0x0000000084800000|  6%| O|  |TAMS 0x0000000084700000, 0x0000000084700000| Untracked 
|  18|0x0000000084800000, 0x0000000084800000, 0x0000000084900000|  0%| F|  |TAMS 0x0000000084800000, 0x0000000084800000| Untracked 
|  19|0x0000000084900000, 0x0000000084900000, 0x0000000084a00000|  0%| F|  |TAMS 0x0000000084900000, 0x0000000084900000| Untracked 
|  20|0x0000000084a00000, 0x0000000084a00000, 0x0000000084b00000|  0%| F|  |TAMS 0x0000000084a00000, 0x0000000084a00000| Untracked 
|  21|0x0000000084b00000, 0x0000000084b00000, 0x0000000084c00000|  0%| F|  |TAMS 0x0000000084b00000, 0x0000000084b00000| Untracked 
|  22|0x0000000084c00000, 0x0000000084c00000, 0x0000000084d00000|  0%| F|  |TAMS 0x0000000084c00000, 0x0000000084c00000| Untracked 
|  23|0x0000000084d00000, 0x0000000084d00000, 0x0000000084e00000|  0%| F|  |TAMS 0x0000000084d00000, 0x0000000084d00000| Untracked 
|  24|0x0000000084e00000, 0x0000000084e00000, 0x0000000084f00000|  0%| F|  |TAMS 0x0000000084e00000, 0x0000000084e00000| Untracked 
|  25|0x0000000084f00000, 0x0000000084f00000, 0x0000000085000000|  0%| F|  |TAMS 0x0000000084f00000, 0x0000000084f00000| Untracked 
|  26|0x0000000085000000, 0x0000000085000000, 0x0000000085100000|  0%| F|  |TAMS 0x0000000085000000, 0x0000000085000000| Untracked 
|  27|0x0000000085100000, 0x0000000085100000, 0x0000000085200000|  0%| F|  |TAMS 0x0000000085100000, 0x0000000085100000| Untracked 
|  28|0x0000000085200000, 0x00000000852ba4e0, 0x0000000085300000| 72%| S|CS|TAMS 0x0000000085200000, 0x0000000085200000| Complete 
|  29|0x0000000085300000, 0x0000000085300000, 0x0000000085400000|  0%| F|  |TAMS 0x0000000085300000, 0x0000000085300000| Untracked 
|  30|0x0000000085400000, 0x0000000085400000, 0x0000000085500000|  0%| F|  |TAMS 0x0000000085400000, 0x0000000085400000| Untracked 
|  31|0x0000000085500000, 0x0000000085500000, 0x0000000085600000|  0%| F|  |TAMS 0x0000000085500000, 0x0000000085500000| Untracked 
|  32|0x0000000085600000, 0x0000000085700000, 0x0000000085700000|100%| S|CS|TAMS 0x0000000085600000, 0x0000000085600000| Complete 
|  33|0x0000000085700000, 0x0000000085700000, 0x0000000085800000|  0%| F|  |TAMS 0x0000000085700000, 0x0000000085700000| Untracked 
|  34|0x0000000085800000, 0x0000000085800000, 0x0000000085900000|  0%| F|  |TAMS 0x0000000085800000, 0x0000000085800000| Untracked 
|  35|0x0000000085900000, 0x0000000085900000, 0x0000000085a00000|  0%| F|  |TAMS 0x0000000085900000, 0x0000000085900000| Untracked 
|  36|0x0000000085a00000, 0x0000000085a00000, 0x0000000085b00000|  0%| F|  |TAMS 0x0000000085a00000, 0x0000000085a00000| Untracked 
|  37|0x0000000085b00000, 0x0000000085bc1668, 0x0000000085c00000| 75%| E|  |TAMS 0x0000000085b00000, 0x0000000085b00000| Complete 
|  38|0x0000000085c00000, 0x0000000085d00000, 0x0000000085d00000|100%| E|CS|TAMS 0x0000000085c00000, 0x0000000085c00000| Complete 
|  39|0x0000000085d00000, 0x0000000085e00000, 0x0000000085e00000|100%| E|CS|TAMS 0x0000000085d00000, 0x0000000085d00000| Complete 
|  40|0x0000000085e00000, 0x0000000085f00000, 0x0000000085f00000|100%| E|CS|TAMS 0x0000000085e00000, 0x0000000085e00000| Complete 
|  41|0x0000000085f00000, 0x0000000086000000, 0x0000000086000000|100%| E|CS|TAMS 0x0000000085f00000, 0x0000000085f00000| Complete 
|  42|0x0000000086000000, 0x0000000086100000, 0x0000000086100000|100%| E|CS|TAMS 0x0000000086000000, 0x0000000086000000| Complete 
|  43|0x0000000086100000, 0x0000000086200000, 0x0000000086200000|100%| E|CS|TAMS 0x0000000086100000, 0x0000000086100000| Complete 
|  44|0x0000000086200000, 0x0000000086300000, 0x0000000086300000|100%| E|CS|TAMS 0x0000000086200000, 0x0000000086200000| Complete 
|  45|0x0000000086300000, 0x0000000086400000, 0x0000000086400000|100%| E|CS|TAMS 0x0000000086300000, 0x0000000086300000| Complete 
|  67|0x0000000087900000, 0x0000000087a00000, 0x0000000087a00000|100%| E|CS|TAMS 0x0000000087900000, 0x0000000087900000| Complete 
|  68|0x0000000087a00000, 0x0000000087b00000, 0x0000000087b00000|100%| E|CS|TAMS 0x0000000087a00000, 0x0000000087a00000| Complete 
|  69|0x0000000087b00000, 0x0000000087c00000, 0x0000000087c00000|100%| E|CS|TAMS 0x0000000087b00000, 0x0000000087b00000| Complete 
|  70|0x0000000087c00000, 0x0000000087d00000, 0x0000000087d00000|100%| E|CS|TAMS 0x0000000087c00000, 0x0000000087c00000| Complete 
|  71|0x0000000087d00000, 0x0000000087e00000, 0x0000000087e00000|100%| E|CS|TAMS 0x0000000087d00000, 0x0000000087d00000| Complete 
|  72|0x0000000087e00000, 0x0000000087f00000, 0x0000000087f00000|100%| E|CS|TAMS 0x0000000087e00000, 0x0000000087e00000| Complete 
|  73|0x0000000087f00000, 0x0000000088000000, 0x0000000088000000|100%| E|CS|TAMS 0x0000000087f00000, 0x0000000087f00000| Complete 
| 125|0x000000008b300000, 0x000000008b400000, 0x000000008b400000|100%| E|CS|TAMS 0x000000008b300000, 0x000000008b300000| Complete 

Card table byte_map: [0x000001e1fcb50000,0x000001e1fcf40000] _byte_map_base: 0x000001e1fc735000

Marking Bits (Prev, Next): (CMBitMap*) 0x000001e1f4c2d0c0, (CMBitMap*) 0x000001e1f4c2d080
 Prev Bits: [0x000001e18f000000, 0x000001e190f28000)
 Next Bits: [0x000001e1fd330000, 0x000001e1ff258000)

Polling page: 0x000001e1f2b80000

Metaspace:

Usage:
  Non-class:     29.90 MB used.
      Class:      4.57 MB used.
       Both:     34.47 MB used.

Virtual space:
  Non-class space:       64.00 MB reserved,      30.12 MB ( 47%) committed,  1 nodes.
      Class space:        1.00 GB reserved,       4.75 MB ( <1%) committed,  1 nodes.
             Both:        1.06 GB reserved,      34.88 MB (  3%) committed. 

Chunk freelists:
   Non-Class:  1.50 MB
       Class:  11.08 MB
        Both:  12.58 MB

MaxMetaspaceSize: unlimited
CompressedClassSpaceSize: 1.00 GB
Initial GC threshold: 21.00 MB
Current GC threshold: 35.12 MB
CDS: on
MetaspaceReclaimPolicy: balanced
 - commit_granule_bytes: 65536.
 - commit_granule_words: 8192.
 - virtual_space_node_default_size: 8388608.
 - enlarge_chunks_in_place: 1.
 - new_chunks_are_fully_committed: 0.
 - uncommit_free_chunks: 1.
 - use_allocation_guard: 0.
 - handle_deallocations: 1.


Internal statistics:

num_allocs_failed_limit: 3.
num_arena_births: 520.
num_arena_deaths: 0.
num_vsnodes_births: 2.
num_vsnodes_deaths: 0.
num_space_committed: 558.
num_space_uncommitted: 0.
num_chunks_returned_to_freelist: 3.
num_chunks_taken_from_freelist: 1795.
num_chunk_merges: 3.
num_chunk_splits: 1261.
num_chunks_enlarged: 952.
num_inconsistent_stats: 0.

CodeHeap 'non-profiled nmethods': size=120000Kb used=2525Kb max_used=3347Kb free=117474Kb
 bounds [0x000001e187ad0000, 0x000001e187e30000, 0x000001e18f000000]
CodeHeap 'profiled nmethods': size=120000Kb used=7635Kb max_used=9585Kb free=112364Kb
 bounds [0x000001e180000000, 0x000001e180960000, 0x000001e187530000]
CodeHeap 'non-nmethods': size=5760Kb used=1232Kb max_used=1298Kb free=4527Kb
 bounds [0x000001e187530000, 0x000001e1877a0000, 0x000001e187ad0000]
 total_blobs=4235 nmethods=3708 adapters=439
 compilation: enabled
              stopped_count=0, restarted_count=0
 full_count=0

Compilation events (20 events):
Event: 106.038 Thread 0x000001e1ff891790 nmethod 4400 0x000001e187b2ee90 code [0x000001e187b2f000, 0x000001e187b2f0d8]
Event: 106.601 Thread 0x000001e1ff8964a0 4401       3       java.lang.invoke.MethodHandles$Lookup::resolveOrNull (46 bytes)
Event: 106.602 Thread 0x000001e1ff8964a0 nmethod 4401 0x000001e180190b10 code [0x000001e180190da0, 0x000001e180191928]
Event: 106.693 Thread 0x000001e1ff891790 4402       4       java.lang.reflect.Method::getAnnotation (6 bytes)
Event: 106.701 Thread 0x000001e1ff891790 nmethod 4402 0x000001e187b3a910 code [0x000001e187b3aac0, 0x000001e187b3ae88]
Event: 106.742 Thread 0x000001e1ff8964a0 4403       3       jdk.internal.loader.BuiltinClassLoader$1::hasMoreElements (5 bytes)
Event: 106.742 Thread 0x000001e1ff8964a0 nmethod 4403 0x000001e1801c1a90 code [0x000001e1801c1c20, 0x000001e1801c1d68]
Event: 106.940 Thread 0x000001e1ff891790 4404       4       jdk.internal.org.objectweb.asm.ClassReader::<init> (371 bytes)
Event: 106.946 Thread 0x000001e1ff8964a0 4405       3       java.lang.Long::valueOf (40 bytes)
Event: 106.946 Thread 0x000001e1ff8964a0 nmethod 4405 0x000001e1801ee190 code [0x000001e1801ee340, 0x000001e1801ee698]
Event: 106.959 Thread 0x000001e1ff891790 nmethod 4404 0x000001e187bf1790 code [0x000001e187bf1940, 0x000001e187bf22f8]
Event: 107.002 Thread 0x000001e1ff891790 4406       4       java.util.ArrayDeque::poll (5 bytes)
Event: 107.004 Thread 0x000001e1ff891790 nmethod 4406 0x000001e187b5c990 code [0x000001e187b5cb00, 0x000001e187b5cc18]
Event: 107.068 Thread 0x000001e1ff891790 4407   !   4       java.util.zip.ZipFile$ZipFileInflaterInputStream::close (67 bytes)
Event: 107.127 Thread 0x000001e1ff891790 nmethod 4407 0x000001e187daf810 code [0x000001e187dafa40, 0x000001e187db1810]
Event: 107.127 Thread 0x000001e1ff891790 4408       4       java.util.zip.ZipFile$InflaterCleanupAction::run (12 bytes)
Event: 107.137 Thread 0x000001e1ff891790 nmethod 4408 0x000001e187b95d10 code [0x000001e187b95ec0, 0x000001e187b967c8]
Event: 107.180 Thread 0x000001e1ff891790 4409   !   4       jdk.internal.loader.BuiltinClassLoader::findClassOnClassPathOrNull (64 bytes)
Event: 109.291 Thread 0x000001e1ff8964a0 4411       3       jdk.internal.loader.ClassLoaders::bootLoader (4 bytes)
Event: 109.292 Thread 0x000001e1ff8964a0 nmethod 4411 0x000001e180078b90 code [0x000001e180078d20, 0x000001e180078e18]

GC Heap History (14 events):
Event: 8.671 GC heap before
{Heap before GC invocations=0 (full 0):
 garbage-first heap   total 129024K, used 23552K [0x0000000083600000, 0x0000000100000000)
  region size 1024K, 23 young (23552K), 0 survivors (0K)
 Metaspace       used 6017K, committed 6144K, reserved 1114112K
  class space    used 712K, committed 768K, reserved 1048576K
}
Event: 8.727 GC heap after
{Heap after GC invocations=1 (full 0):
 garbage-first heap   total 129024K, used 7411K [0x0000000083600000, 0x0000000100000000)
  region size 1024K, 3 young (3072K), 3 survivors (3072K)
 Metaspace       used 6017K, committed 6144K, reserved 1114112K
  class space    used 712K, committed 768K, reserved 1048576K
}
Event: 15.125 GC heap before
{Heap before GC invocations=1 (full 0):
 garbage-first heap   total 129024K, used 30963K [0x0000000083600000, 0x0000000100000000)
  region size 1024K, 27 young (27648K), 3 survivors (3072K)
 Metaspace       used 11773K, committed 12032K, reserved 1114112K
  class space    used 1584K, committed 1728K, reserved 1048576K
}
Event: 15.136 GC heap after
{Heap after GC invocations=2 (full 0):
 garbage-first heap   total 129024K, used 9352K [0x0000000083600000, 0x0000000100000000)
  region size 1024K, 2 young (2048K), 2 survivors (2048K)
 Metaspace       used 11773K, committed 12032K, reserved 1114112K
  class space    used 1584K, committed 1728K, reserved 1048576K
}
Event: 24.029 GC heap before
{Heap before GC invocations=2 (full 0):
 garbage-first heap   total 129024K, used 59528K [0x0000000083600000, 0x0000000100000000)
  region size 1024K, 52 young (53248K), 2 survivors (2048K)
 Metaspace       used 21273K, committed 21504K, reserved 1114112K
  class space    used 2708K, committed 2816K, reserved 1048576K
}
Event: 24.045 GC heap after
{Heap after GC invocations=3 (full 0):
 garbage-first heap   total 129024K, used 14139K [0x0000000083600000, 0x0000000100000000)
  region size 1024K, 7 young (7168K), 7 survivors (7168K)
 Metaspace       used 21273K, committed 21504K, reserved 1114112K
  class space    used 2708K, committed 2816K, reserved 1048576K
}
Event: 30.339 GC heap before
{Heap before GC invocations=4 (full 0):
 garbage-first heap   total 55296K, used 39739K [0x0000000083600000, 0x0000000100000000)
  region size 1024K, 32 young (32768K), 7 survivors (7168K)
 Metaspace       used 24409K, committed 24640K, reserved 1114112K
  class space    used 3152K, committed 3264K, reserved 1048576K
}
Event: 30.360 GC heap after
{Heap after GC invocations=5 (full 0):
 garbage-first heap   total 55296K, used 15478K [0x0000000083600000, 0x0000000100000000)
  region size 1024K, 2 young (2048K), 2 survivors (2048K)
 Metaspace       used 24409K, committed 24640K, reserved 1114112K
  class space    used 3152K, committed 3264K, reserved 1048576K
}
Event: 30.467 GC heap before
{Heap before GC invocations=5 (full 0):
 garbage-first heap   total 55296K, used 16502K [0x0000000083600000, 0x0000000100000000)
  region size 1024K, 3 young (3072K), 2 survivors (2048K)
 Metaspace       used 24511K, committed 24768K, reserved 1114112K
  class space    used 3164K, committed 3264K, reserved 1048576K
}
Event: 30.474 GC heap after
{Heap after GC invocations=6 (full 0):
 garbage-first heap   total 55296K, used 15734K [0x0000000083600000, 0x0000000100000000)
  region size 1024K, 1 young (1024K), 1 survivors (1024K)
 Metaspace       used 24511K, committed 24768K, reserved 1114112K
  class space    used 3164K, committed 3264K, reserved 1048576K
}
Event: 37.854 GC heap before
{Heap before GC invocations=6 (full 0):
 garbage-first heap   total 55296K, used 37238K [0x0000000083600000, 0x0000000100000000)
  region size 1024K, 22 young (22528K), 1 survivors (1024K)
 Metaspace       used 28346K, committed 28736K, reserved 1114112K
  class space    used 3729K, committed 3904K, reserved 1048576K
}
Event: 37.871 GC heap after
{Heap after GC invocations=7 (full 0):
 garbage-first heap   total 55296K, used 17550K [0x0000000083600000, 0x0000000100000000)
  region size 1024K, 3 young (3072K), 3 survivors (3072K)
 Metaspace       used 28346K, committed 28736K, reserved 1114112K
  class space    used 3729K, committed 3904K, reserved 1048576K
}
Event: 99.831 GC heap before
{Heap before GC invocations=7 (full 0):
 garbage-first heap   total 55296K, used 39054K [0x0000000083600000, 0x0000000100000000)
  region size 1024K, 24 young (24576K), 3 survivors (3072K)
 Metaspace       used 31774K, committed 32192K, reserved 1114112K
  class space    used 4159K, committed 4352K, reserved 1048576K
}
Event: 99.881 GC heap after
{Heap after GC invocations=8 (full 0):
 garbage-first heap   total 55296K, used 19240K [0x0000000083600000, 0x0000000100000000)
  region size 1024K, 2 young (2048K), 2 survivors (2048K)
 Metaspace       used 31774K, committed 32192K, reserved 1114112K
  class space    used 4159K, committed 4352K, reserved 1048576K
}

Deoptimization events (20 events):
Event: 103.553 Thread 0x000001e1f4bc4f70 Uncommon trap: trap_request=0xffffff45 fr.pc=0x000001e187dd627c relative=0x00000000000038dc
Event: 103.553 Thread 0x000001e1f4bc4f70 Uncommon trap: reason=unstable_if action=reinterpret pc=0x000001e187dd627c method=org.springframework.core.BridgeMethodResolver.resolveBridgeMethod(Ljava/lang/reflect/Method;Ljava/lang/Class;)Ljava/lang/reflect/Method; @ 106 c2
Event: 103.553 Thread 0x000001e1f4bc4f70 DEOPT PACKING pc=0x000001e187dd627c sp=0x0000006c41ff97d0
Event: 103.553 Thread 0x000001e1f4bc4f70 DEOPT UNPACKING pc=0x000001e187585ba3 sp=0x0000006c41ff9838 mode 2
Event: 104.056 Thread 0x000001e1f4bc4f70 Uncommon trap: trap_request=0xffffff45 fr.pc=0x000001e187cc6360 relative=0x0000000000000060
Event: 104.056 Thread 0x000001e1f4bc4f70 Uncommon trap: reason=unstable_if action=reinterpret pc=0x000001e187cc6360 method=java.lang.ClassLoader.createOrGetClassLoaderValueMap()Ljava/util/concurrent/ConcurrentHashMap; @ 6 c2
Event: 104.056 Thread 0x000001e1f4bc4f70 DEOPT PACKING pc=0x000001e187cc6360 sp=0x0000006c41ffa0d0
Event: 104.056 Thread 0x000001e1f4bc4f70 DEOPT UNPACKING pc=0x000001e187585ba3 sp=0x0000006c41ffa058 mode 2
Event: 106.965 Thread 0x000001e1f4bc4f70 Uncommon trap: trap_request=0xffffffc6 fr.pc=0x000001e187aea728 relative=0x00000000000001c8
Event: 106.965 Thread 0x000001e1f4bc4f70 Uncommon trap: reason=bimorphic_or_optimized_type_check action=maybe_recompile pc=0x000001e187aea728 method=java.lang.ClassLoader.loadClass(Ljava/lang/String;)Ljava/lang/Class; @ 3 c2
Event: 106.965 Thread 0x000001e1f4bc4f70 DEOPT PACKING pc=0x000001e187aea728 sp=0x0000006c41ff99c0
Event: 106.965 Thread 0x000001e1f4bc4f70 DEOPT UNPACKING pc=0x000001e187585ba3 sp=0x0000006c41ff9950 mode 2
Event: 106.965 Thread 0x000001e1f4bc4f70 Uncommon trap: trap_request=0xffffff45 fr.pc=0x000001e187bcac80 relative=0x00000000000000e0
Event: 106.965 Thread 0x000001e1f4bc4f70 Uncommon trap: reason=unstable_if action=reinterpret pc=0x000001e187bcac80 method=java.lang.ClassLoader.getClassLoadingLock(Ljava/lang/String;)Ljava/lang/Object; @ 6 c2
Event: 106.965 Thread 0x000001e1f4bc4f70 DEOPT PACKING pc=0x000001e187bcac80 sp=0x0000006c41ff9890
Event: 106.965 Thread 0x000001e1f4bc4f70 DEOPT UNPACKING pc=0x000001e187585ba3 sp=0x0000006c41ff9830 mode 2
Event: 106.970 Thread 0x000001e1f4bc4f70 Uncommon trap: trap_request=0xffffffc6 fr.pc=0x000001e187aea728 relative=0x00000000000001c8
Event: 106.970 Thread 0x000001e1f4bc4f70 Uncommon trap: reason=bimorphic_or_optimized_type_check action=maybe_recompile pc=0x000001e187aea728 method=java.lang.ClassLoader.loadClass(Ljava/lang/String;)Ljava/lang/Class; @ 3 c2
Event: 106.970 Thread 0x000001e1f4bc4f70 DEOPT PACKING pc=0x000001e187aea728 sp=0x0000006c41ff9950
Event: 106.970 Thread 0x000001e1f4bc4f70 DEOPT UNPACKING pc=0x000001e187585ba3 sp=0x0000006c41ff98e0 mode 2

Classes unloaded (0 events):
No events

Classes redefined (0 events):
No events

Internal exceptions (20 events):
Event: 34.890 Thread 0x000001e1f4bc4f70 Implicit null exception at 0x000001e187befccc to 0x000001e187befea0
Event: 37.558 Thread 0x000001e1f4bc4f70 Exception <a 'java/lang/NoSuchMethodError'{0x000000008563a618}: 'void java.lang.invoke.DirectMethodHandle$Holder.invokeInterface(java.lang.Object, java.lang.Object, int)'> (0x000000008563a618) 
thrown [s\open\src\hotspot\share\interpreter\linkResolver.cpp, line 759]
Event: 37.600 Thread 0x000001e1f4bc4f70 Exception <a 'java/lang/IncompatibleClassChangeError'{0x000000008568a940}: Found class java.lang.Object, but interface was expected> (0x000000008568a940) 
thrown [s\open\src\hotspot\share\interpreter\linkResolver.cpp, line 826]
Event: 37.602 Thread 0x000001e1f4bc4f70 Exception <a 'java/lang/NoSuchMethodError'{0x000000008569b478}: 'int java.lang.invoke.DirectMethodHandle$Holder.invokeSpecialIFC(java.lang.Object, java.lang.Object, java.lang.Object)'> (0x000000008569b478) 
thrown [s\open\src\hotspot\share\interpreter\linkResolver.cpp, line 759]
Event: 37.606 Thread 0x000001e1f4bc4f70 Exception <a 'java/lang/NoSuchMethodError'{0x00000000856a9340}: 'void java.lang.invoke.DirectMethodHandle$Holder.invokeStatic(java.lang.Object, int, java.lang.Object)'> (0x00000000856a9340) 
thrown [s\open\src\hotspot\share\interpreter\linkResolver.cpp, line 759]
Event: 37.786 Thread 0x000001e1f4bc4f70 Exception <a 'java/lang/NoSuchMethodError'{0x00000000856e5430}: 'void java.lang.invoke.DirectMethodHandle$Holder.invokeVirtual(java.lang.Object, java.lang.Object, int)'> (0x00000000856e5430) 
thrown [s\open\src\hotspot\share\interpreter\linkResolver.cpp, line 759]
Event: 37.792 Thread 0x000001e1f4bc4f70 Exception <a 'java/lang/NoSuchMethodError'{0x00000000856eb5e8}: 'void java.lang.invoke.DirectMethodHandle$Holder.invokeStatic(java.lang.Object, java.lang.Object, java.lang.Object, int, java.lang.Object)'> (0x00000000856eb5e8) 
thrown [s\open\src\hotspot\share\interpreter\linkResolver.cpp, line 759]
Event: 37.806 Thread 0x000001e1f4bc4f70 Exception <a 'java/lang/NoSuchMethodError'{0x00000000856f2a68}: 'java.lang.Object java.lang.invoke.DirectMethodHandle$Holder.newInvokeSpecial(java.lang.Object, java.lang.Object, java.lang.Object, int)'> (0x00000000856f2a68) 
thrown [s\open\src\hotspot\share\interpreter\linkResolver.cpp, line 759]
Event: 37.806 Thread 0x000001e1f4bc4f70 Exception <a 'java/lang/NoSuchMethodError'{0x00000000856f6d50}: 'java.lang.Object java.lang.invoke.DirectMethodHandle$Holder.invokeSpecial(java.lang.Object, java.lang.Object, java.lang.Object, java.lang.Object, int)'> (0x00000000856f6d50) 
thrown [s\open\src\hotspot\share\interpreter\linkResolver.cpp, line 759]
Event: 37.807 Thread 0x000001e1f4bc4f70 Exception <a 'java/lang/NoSuchMethodError'{0x00000000856fa918}: 'java.lang.Object java.lang.invoke.Invokers$Holder.linkToTargetMethod(java.lang.Object, java.lang.Object, int, java.lang.Object)'> (0x00000000856fa918) 
thrown [s\open\src\hotspot\share\interpreter\linkResolver.cpp, line 759]
Event: 42.142 Thread 0x000001e1f4bc4f70 Exception <a 'java/lang/NoSuchMethodError'{0x0000000087b6b3e0}: 'java.lang.Object java.lang.invoke.DirectMethodHandle$Holder.invokeStaticInit(java.lang.Object, int, int, int, int)'> (0x0000000087b6b3e0) 
thrown [s\open\src\hotspot\share\interpreter\linkResolver.cpp, line 759]
Event: 70.482 Thread 0x000001e1f4bc4f70 Exception <a 'java/lang/NoSuchMethodError'{0x0000000087aa2598}: 'java.lang.Object java.lang.invoke.DirectMethodHandle$Holder.invokeStaticInit(java.lang.Object, java.lang.Object, int, int, int, int)'> (0x0000000087aa2598) 
thrown [s\open\src\hotspot\share\interpreter\linkResolver.cpp, line 759]
Event: 88.959 Thread 0x000001e1f4bc4f70 Exception <a 'java/lang/NoSuchMethodError'{0x000000008608f030}: 'java.lang.Object java.lang.invoke.DirectMethodHandle$Holder.invokeSpecial(java.lang.Object, java.lang.Object, long, java.lang.Object, java.lang.Object, java.lang.Object, java.lang.Object, java.lang.Object, java.lang.Object)'> (0x000000008608f030) 
thrown [s\open\src\hotspot\share\interpreter\linkResolver.cpp, line 759]
Event: 88.959 Thread 0x000001e1f4bc4f70 Exception <a 'java/lang/NoSuchMethodError'{0x0000000086093b58}: 'java.lang.Object java.lang.invoke.DelegatingMethodHandle$Holder.reinvoke_L(java.lang.Object, long, java.lang.Object, java.lang.Object, java.lang.Object, java.lang.Object, java.lang.Object, java.lang.Object)'> (0x0000000086093b58) 
thrown [s\open\src\hotspot\share\interpreter\linkResolver.cpp, line 759]
Event: 92.720 Thread 0x000001e1f4bc4f70 Exception <a 'java/io/FileNotFoundException'{0x0000000085e2d1f8}> (0x0000000085e2d1f8) 
thrown [s\open\src\hotspot\share\prims\jni.cpp, line 516]
Event: 95.128 Thread 0x000001e1f4bc4f70 Exception <a 'java/lang/NoSuchMethodError'{0x0000000085c12488}: 'int java.lang.invoke.DirectMethodHandle$Holder.invokeInterface(java.lang.Object, java.lang.Object, java.lang.Object, java.lang.Object)'> (0x0000000085c12488) 
thrown [s\open\src\hotspot\share\interpreter\linkResolver.cpp, line 759]
Event: 99.706 Thread 0x000001e1f4bc4f70 Implicit null exception at 0x000001e187d662a4 to 0x000001e187d66a6c
Event: 99.762 Thread 0x000001e1f4bc4f70 Implicit null exception at 0x000001e187d64f11 to 0x000001e187d65548
Event: 103.218 Thread 0x000001e1f4bc4f70 Implicit null exception at 0x000001e187c7ed53 to 0x000001e187c7f118
Event: 103.401 Thread 0x000001e1f4bc4f70 Exception <a 'sun/nio/fs/WindowsException'{0x0000000087d67e98}> (0x0000000087d67e98) 
thrown [s\open\src\hotspot\share\prims\jni.cpp, line 516]

VM Operations (20 events):
Event: 101.973 Executing VM operation: Cleanup
Event: 102.054 Executing VM operation: Cleanup done
Event: 102.690 Executing VM operation: HandshakeAllThreads
Event: 102.690 Executing VM operation: HandshakeAllThreads done
Event: 102.744 Executing VM operation: HandshakeAllThreads
Event: 102.744 Executing VM operation: HandshakeAllThreads done
Event: 103.218 Executing VM operation: HandshakeAllThreads
Event: 103.218 Executing VM operation: HandshakeAllThreads done
Event: 103.218 Executing VM operation: Cleanup
Event: 103.218 Executing VM operation: Cleanup done
Event: 103.280 Executing VM operation: HandshakeAllThreads
Event: 103.290 Executing VM operation: HandshakeAllThreads done
Event: 104.297 Executing VM operation: Cleanup
Event: 104.323 Executing VM operation: Cleanup done
Event: 105.333 Executing VM operation: Cleanup
Event: 105.337 Executing VM operation: Cleanup done
Event: 106.348 Executing VM operation: Cleanup
Event: 106.348 Executing VM operation: Cleanup done
Event: 107.361 Executing VM operation: Cleanup
Event: 107.361 Executing VM operation: Cleanup done

Events (20 events):
Event: 103.299 Thread 0x000001e1ff89ba30 flushing nmethod 0x000001e18081a510
Event: 103.299 Thread 0x000001e1ff89ba30 flushing nmethod 0x000001e180829990
Event: 103.299 Thread 0x000001e1ff89ba30 flushing nmethod 0x000001e18082a310
Event: 103.299 Thread 0x000001e1ff89ba30 flushing nmethod 0x000001e18082aa90
Event: 103.299 Thread 0x000001e1ff89ba30 flushing nmethod 0x000001e18082d490
Event: 103.299 Thread 0x000001e1ff89ba30 flushing nmethod 0x000001e18082ea90
Event: 103.299 Thread 0x000001e1ff89ba30 flushing nmethod 0x000001e18082f610
Event: 103.299 Thread 0x000001e1ff89ba30 flushing nmethod 0x000001e18082fe10
Event: 103.299 Thread 0x000001e1ff89ba30 flushing nmethod 0x000001e18083bc90
Event: 103.299 Thread 0x000001e1ff89ba30 flushing nmethod 0x000001e18084af90
Event: 103.299 Thread 0x000001e1ff89ba30 flushing nmethod 0x000001e18084c990
Event: 103.299 Thread 0x000001e1ff89ba30 flushing nmethod 0x000001e180871510
Event: 103.299 Thread 0x000001e1ff89ba30 flushing nmethod 0x000001e1808a4a90
Event: 103.299 Thread 0x000001e1ff89ba30 flushing nmethod 0x000001e1808a5790
Event: 103.299 Thread 0x000001e1ff89ba30 flushing nmethod 0x000001e1808a8f10
Event: 103.299 Thread 0x000001e1ff89ba30 flushing nmethod 0x000001e1808acf90
Event: 103.300 Thread 0x000001e1ff89ba30 flushing nmethod 0x000001e18091e710
Event: 103.300 Thread 0x000001e1ff89ba30 flushing nmethod 0x000001e18092e590
Event: 103.625 loading class java/lang/instrument/ClassFileTransformer
Event: 103.626 loading class java/lang/instrument/ClassFileTransformer done


Dynamic libraries:
0x00007ff6b7480000 - 0x00007ff6b7490000 	C:\Program Files\Java\jdk-17\bin\java.exe
0x00007ff851240000 - 0x00007ff8514a8000 	C:\WINDOWS\SYSTEM32\ntdll.dll
0x00007ff850710000 - 0x00007ff8507d9000 	C:\WINDOWS\System32\KERNEL32.DLL
0x00007ff84dc60000 - 0x00007ff84e051000 	C:\WINDOWS\System32\KERNELBASE.dll
0x00007ff84e060000 - 0x00007ff84e1ab000 	C:\WINDOWS\System32\ucrtbase.dll
0x00007fffffa50000 - 0x00007fffffa69000 	C:\Program Files\Java\jdk-17\bin\jli.dll
0x00007ff84f300000 - 0x00007ff84f3b4000 	C:\WINDOWS\System32\ADVAPI32.dll
0x00007ff850dc0000 - 0x00007ff850e69000 	C:\WINDOWS\System32\msvcrt.dll
0x00007ff850ec0000 - 0x00007ff850f66000 	C:\WINDOWS\System32\sechost.dll
0x00007ff84f100000 - 0x00007ff84f218000 	C:\WINDOWS\System32\RPCRT4.dll
0x00007ff8500b0000 - 0x00007ff850276000 	C:\WINDOWS\System32\USER32.dll
0x00007ff84e330000 - 0x00007ff84e357000 	C:\WINDOWS\System32\win32u.dll
0x00007ff84fdc0000 - 0x00007ff84fdeb000 	C:\WINDOWS\System32\GDI32.dll
0x00007ff84ee00000 - 0x00007ff84ef2b000 	C:\WINDOWS\System32\gdi32full.dll
0x00007ff84dbb0000 - 0x00007ff84dc53000 	C:\WINDOWS\System32\msvcp_win.dll
0x00007ffffe890000 - 0x00007ffffe8ab000 	C:\Program Files\Java\jdk-17\bin\VCRUNTIME140.dll
0x00007ff832120000 - 0x00007ff8323b3000 	C:\WINDOWS\WinSxS\amd64_microsoft.windows.common-controls_6595b64144ccf1df_6.0.26100.7824_none_3e0870b2e3345462\COMCTL32.dll
0x00007ff84d600000 - 0x00007ff84d60b000 	C:\WINDOWS\SYSTEM32\VERSION.dll
0x00007ff8509f0000 - 0x00007ff850a21000 	C:\WINDOWS\System32\IMM32.DLL
0x000000006b0d0000 - 0x000000006b0dd000 	C:\Program Files (x86)\360\Total Security\safemon\SafeWrapper.dll
0x00007ff848b40000 - 0x00007ff848c45000 	C:\Program Files (x86)\360\Total Security\safemon\libzdtp64.dll
0x00007ff84f660000 - 0x00007ff84fdb2000 	C:\WINDOWS\System32\SHELL32.dll
0x00007ff84ec90000 - 0x00007ff84edfa000 	C:\WINDOWS\System32\wintypes.dll
0x00007ff850a30000 - 0x00007ff850db6000 	C:\WINDOWS\System32\combase.dll
0x00007ff8510e0000 - 0x00007ff851147000 	C:\WINDOWS\System32\SHLWAPI.dll
0x00007ff84e360000 - 0x00007ff84ebc3000 	C:\WINDOWS\System32\Windows.Storage.dll
0x00007ff801da0000 - 0x00007ff801dac000 	C:\Program Files\Java\jdk-17\bin\vcruntime140_1.dll
0x00007fffd8040000 - 0x00007fffd80ce000 	C:\Program Files\Java\jdk-17\bin\msvcp140.dll
0x00007fff82e40000 - 0x00007fff83a21000 	C:\Program Files\Java\jdk-17\bin\server\jvm.dll
0x00007ff8500a0000 - 0x00007ff8500a8000 	C:\WINDOWS\System32\PSAPI.DLL
0x00007ff83cd90000 - 0x00007ff83cd9a000 	C:\WINDOWS\SYSTEM32\WSOCK32.dll
0x00007ff851150000 - 0x00007ff8511c4000 	C:\WINDOWS\System32\WS2_32.dll
0x00007ff845b40000 - 0x00007ff845b75000 	C:\WINDOWS\SYSTEM32\WINMM.dll
0x00007ff84c850000 - 0x00007ff84c86b000 	C:\WINDOWS\SYSTEM32\kernel.appcore.dll
0x00007ff800fa0000 - 0x00007ff800faa000 	C:\Program Files\Java\jdk-17\bin\jimage.dll
0x00007ff84b220000 - 0x00007ff84b462000 	C:\WINDOWS\SYSTEM32\DBGHELP.DLL
0x00007ff84f220000 - 0x00007ff84f2f7000 	C:\WINDOWS\System32\OLEAUT32.dll
0x00007ff82f1a0000 - 0x00007ff82f1db000 	C:\WINDOWS\SYSTEM32\dbgcore.DLL
0x00007ff84ef30000 - 0x00007ff84efd5000 	C:\WINDOWS\System32\bcryptPrimitives.dll
0x00007ffffdfd0000 - 0x00007ffffdff5000 	C:\Program Files\Java\jdk-17\bin\java.dll
0x00007fffbee80000 - 0x00007fffbef57000 	C:\Program Files\Java\jdk-17\bin\jsvml.dll
0x00007ff8507e0000 - 0x00007ff8508d6000 	C:\WINDOWS\System32\SHCORE.dll
0x00007ff84da40000 - 0x00007ff84da69000 	C:\WINDOWS\SYSTEM32\profapi.dll
0x00007ffffe870000 - 0x00007ffffe889000 	C:\Program Files\Java\jdk-17\bin\net.dll
0x00007ff83fbd0000 - 0x00007ff83fcf7000 	C:\WINDOWS\SYSTEM32\WINHTTP.dll
0x00007ff84cdc0000 - 0x00007ff84ce2b000 	C:\WINDOWS\system32\mswsock.dll
0x00007ffffe620000 - 0x00007ffffe636000 	C:\Program Files\Java\jdk-17\bin\nio.dll
0x00007ffffdf90000 - 0x00007ffffdfa8000 	C:\Program Files\Java\jdk-17\bin\zip.dll
0x00007ff8398e0000 - 0x00007ff8398f0000 	C:\Program Files\Java\jdk-17\bin\verify.dll
0x00007ff83c9c0000 - 0x00007ff83c9ce000 	C:\Program Files\Java\jdk-17\bin\sunmscapi.dll
0x00007ff84e1b0000 - 0x00007ff84e327000 	C:\WINDOWS\System32\CRYPT32.dll
0x00007ff84d2b0000 - 0x00007ff84d2e0000 	C:\WINDOWS\SYSTEM32\ncrypt.dll
0x00007ff84d260000 - 0x00007ff84d29f000 	C:\WINDOWS\SYSTEM32\NTASN1.dll
0x00007ff84d090000 - 0x00007ff84d0ab000 	C:\WINDOWS\SYSTEM32\CRYPTSP.dll
0x00007ff84c7b0000 - 0x00007ff84c7e9000 	C:\WINDOWS\system32\rsaenh.dll
0x00007ff84ce70000 - 0x00007ff84ce9b000 	C:\WINDOWS\SYSTEM32\USERENV.dll
0x00007ff84da10000 - 0x00007ff84da3a000 	C:\WINDOWS\SYSTEM32\bcrypt.dll
0x00007ff84d0b0000 - 0x00007ff84d0bc000 	C:\WINDOWS\SYSTEM32\CRYPTBASE.dll
0x00007ff84c300000 - 0x00007ff84c334000 	C:\WINDOWS\SYSTEM32\IPHLPAPI.DLL
0x00007ff84f3c0000 - 0x00007ff84f3ca000 	C:\WINDOWS\System32\NSI.dll
0x00007ff846cd0000 - 0x00007ff846cee000 	C:\WINDOWS\SYSTEM32\dhcpcsvc6.DLL
0x00007ff845b80000 - 0x00007ff845ba3000 	C:\WINDOWS\SYSTEM32\dhcpcsvc.DLL
0x00007ff84c3e0000 - 0x00007ff84c50c000 	C:\WINDOWS\SYSTEM32\DNSAPI.dll
0x00007ff8398d0000 - 0x00007ff8398da000 	C:\Program Files\Java\jdk-17\bin\management.dll
0x00007ff8398c0000 - 0x00007ff8398cb000 	C:\Program Files\Java\jdk-17\bin\management_ext.dll

dbghelp: loaded successfully - version: 4.0.5 - missing functions: none
symbol engine: initialized successfully - sym options: 0x614 - pdb path: .;C:\Program Files\Java\jdk-17\bin;C:\WINDOWS\SYSTEM32;C:\WINDOWS\WinSxS\amd64_microsoft.windows.common-controls_6595b64144ccf1df_6.0.26100.7824_none_3e0870b2e3345462;C:\Program Files (x86)\360\Total Security\safemon;C:\Program Files\Java\jdk-17\bin\server

VM Arguments:
jvm_args: -XX:+ShowCodeDetailsInExceptionMessages 
java_command: vn.kurisu.mentormatch.MentorMatchApplication
java_class_path (initial): C:\Users\Long Phung\OneDrive\Documents\TechByteIntern\buiphuongnam_test_t3\backend\target\classes;C:\Users\Long Phung\.m2\repository\org\springframework\boot\spring-boot-starter-data-jpa\3.2.4\spring-boot-starter-data-jpa-3.2.4.jar;C:\Users\Long Phung\.m2\repository\org\springframework\boot\spring-boot-starter-aop\3.2.4\spring-boot-starter-aop-3.2.4.jar;C:\Users\Long Phung\.m2\repository\org\aspectj\aspectjweaver\1.9.21\aspectjweaver-1.9.21.jar;C:\Users\Long Phung\.m2\repository\org\springframework\boot\spring-boot-starter-jdbc\3.2.4\spring-boot-starter-jdbc-3.2.4.jar;C:\Users\Long Phung\.m2\repository\com\zaxxer\HikariCP\5.0.1\HikariCP-5.0.1.jar;C:\Users\Long Phung\.m2\repository\org\springframework\spring-jdbc\6.1.5\spring-jdbc-6.1.5.jar;C:\Users\Long Phung\.m2\repository\org\hibernate\orm\hibernate-core\6.4.4.Final\hibernate-core-6.4.4.Final.jar;C:\Users\Long Phung\.m2\repository\jakarta\persistence\jakarta.persistence-api\3.1.0\jakarta.persistence-api-3.1.0.jar;C:\Users\Long Phung\.m2\repository\jakarta\transaction\jakarta.transaction-api\2.0.1\jakarta.transaction-api-2.0.1.jar;C:\Users\Long Phung\.m2\repository\org\jboss\logging\jboss-logging\3.5.3.Final\jboss-logging-3.5.3.Final.jar;C:\Users\Long Phung\.m2\repository\org\hibernate\common\hibernate-commons-annotations\6.0.6.Final\hibernate-commons-annotations-6.0.6.Final.jar;C:\Users\Long Phung\.m2\repository\io\smallrye\jandex\3.1.2\jandex-3.1.2.jar;C:\Users\Long Phung\.m2\repository\com\fasterxml\classmate\1.6.0\classmate-1.6.0.jar;C:\Users\Long Phung\.m2\repository\net\bytebuddy\byte-buddy\1.14.12\byte-buddy-1.14.12.jar;C:\Users\Long Phung\.m2\repository\org\glassfish\jaxb\jaxb-runtime\4.0.5\jaxb-runtime-4.0.5.jar;C:\Users\Long Phung\.m2\repository\org\glassfish\jaxb\jaxb-core\4.0.5\jaxb-core-4.0.5.jar;C:\Users\Long Phung\.m2\repository\org\eclipse\angus\angus-activation\2.0.2\angus-activation-2.0.2.jar;C:\Users\Long Phung\.m2\repository\org\glassfish\jaxb\txw2\4.0.5\txw2-4.0.5.j
Launcher Type: SUN_STANDARD

[Global flags]
     intx CICompilerCount                          = 4                                         {product} {ergonomic}
     uint ConcGCThreads                            = 2                                         {product} {ergonomic}
     uint G1ConcRefinementThreads                  = 8                                         {product} {ergonomic}
   size_t G1HeapRegionSize                         = 1048576                                   {product} {ergonomic}
    uintx GCDrainStackTargetSize                   = 64                                        {product} {ergonomic}
   size_t InitialHeapSize                          = 132120576                                 {product} {ergonomic}
   size_t MarkStackSize                            = 4194304                                   {product} {ergonomic}
   size_t MaxHeapSize                              = 2090860544                                {product} {ergonomic}
   size_t MaxNewSize                               = 1254096896                                {product} {ergonomic}
   size_t MinHeapDeltaBytes                        = 1048576                                   {product} {ergonomic}
   size_t MinHeapSize                              = 8388608                                   {product} {ergonomic}
    uintx NonNMethodCodeHeapSize                   = 5839372                                {pd product} {ergonomic}
    uintx NonProfiledCodeHeapSize                  = 122909434                              {pd product} {ergonomic}
    uintx ProfiledCodeHeapSize                     = 122909434                              {pd product} {ergonomic}
    uintx ReservedCodeCacheSize                    = 251658240                              {pd product} {ergonomic}
     bool SegmentedCodeCache                       = true                                      {product} {ergonomic}
     bool ShowCodeDetailsInExceptionMessages       = true                                   {manageable} {command line}
   size_t SoftMaxHeapSize                          = 2090860544                             {manageable} {ergonomic}
     bool UseCompressedClassPointers               = true                           {product lp64_product} {ergonomic}
     bool UseCompressedOops                        = true                           {product lp64_product} {ergonomic}
     bool UseG1GC                                  = true                                      {product} {ergonomic}
     bool UseLargePagesIndividualAllocation        = false                                  {pd product} {ergonomic}

Logging:
Log output configuration:
 #0: stdout all=warning uptime,level,tags
 #1: stderr all=off uptime,level,tags

Environment Variables:
JAVA_HOME=C:\Program Files\Java\jdk-23
PATH=C:\Program Files\Common Files\Oracle\Java\javapath;C:\WINDOWS\system32;C:\WINDOWS;C:\WINDOWS\System32\Wbem;C:\WINDOWS\System32\WindowsPowerShell\v1.0\;C:\WINDOWS\System32\OpenSSH\;C:\Program Files\dotnet\;C:\Program Files (x86)\Microsoft SQL Server\160\DTS\Binn\;C:\Program Files\Azure Data Studio\bin;C:\Program Files (x86)\Microsoft SQL Server\160\Tools\Binn\;C:\Program Files\Microsoft SQL Server\160\Tools\Binn\;C:\Program Files\Microsoft SQL Server\Client SDK\ODBC\170\Tools\Binn\;C:\Program Files\Microsoft SQL Server\160\DTS\Binn\;F:\common;C:\Program Files\Java\jdk-23\bin;C:\apache-maven-3.9.11\bin;C:\Program Files\nodejs\;C:\Program Files\Docker\Docker\resources\bin;C:\ProgramData\DockerDesktop\version-bin;C:\Program Files\Cloudflare\Cloudflare WARP\;C:\Program Files (x86)\Windows Kits\10\Windows Performance Toolkit\;C:\Program Files\Microsoft SQL Server\150\Tools\Binn\;C:\Program Files\CMake\bin;C:\Program Files\Git\cmd;C:\msys64\usr\bin;C:\Program Files\Go\bin;C:\Users\Long Phung\Downloads\skaff;G:\Minikube;C:\Program Files (x86)\Graphviz\bin;C:\Users\Long Phung\AppData\Local\Programs\Python\Python312\Scripts\;C:\Users\Long Phung\AppData\Local\Programs\Python\Python312\;C:\Users\Long Phung\AppData\Local\Programs\Python\Launcher\;C:\Users\Long Phung\AppData\Local\Microsoft\WindowsApps;C:\Program Files\Azure Data Studio\bin;F:\Microsoft VS Code\bin;C:\Users\Long Phung\AppData\Local\GitHubDesktop\bin;C:\Users\Long Phung\AppData\Roaming\npm;C:\Program Files\Java\jdk-17\bin;C:\Users\Long Phung\.dotnet\tools;C:\Program Files\JetBrains\PyCharm 2025.1.3.1\bin;;C:\Users\Long Phung\go\bin;C:\Users\Long Phung\AppData\Local\Google\Cloud SDK\google-cloud-sdk\bin;F:\Antigravity\bin;G:\cursor\resources\app\bin;c:\Users\Long Phung\.antigravity\extensions\vscjava.vscode-java-debug-0.58.5-universal\bundled\scripts\noConfigScripts
USERNAME=Long Phung
LANG=en_US.UTF-8
OS=Windows_NT
PROCESSOR_IDENTIFIER=Intel64 Family 6 Model 140 Stepping 1, GenuineIntel



---------------  S Y S T E M  ---------------

OS:
 Windows 11 , 64 bit Build 26100 (10.0.26100.7705)
OS uptime: 2 days 14:06 hours
Hyper-V role detected

CPU: total 8 (initial active 8) (4 cores per cpu, 2 threads per core) family 6 model 140 stepping 1 microcode 0x8a, cx8, cmov, fxsr, ht, mmx, 3dnowpref, sse, sse2, sse3, ssse3, sse4.1, sse4.2, popcnt, lzcnt, tsc, tscinvbit, avx, avx2, aes, erms, clmul, bmi1, bmi2, adx, avx512f, avx512dq, avx512cd, avx512bw, avx512vl, sha, fma, vzeroupper, avx512_vpopcntdq, avx512_vpclmulqdq, avx512_vaes, avx512_vnni, clflush, clflushopt, clwb, avx512_vbmi2, avx512_vbmi, hv

Memory: 4k page, system-wide physical 7971M (151M free)
TotalPageFile size 25471M (AvailPageFile size 3M)
current process WorkingSet (physical memory assigned to process): 74M, peak: 177M
current process commit charge ("private bytes"): 211M, peak: 276M

vm_info: Java HotSpot(TM) 64-Bit Server VM (17.0.9+11-LTS-201) for windows-amd64 JRE (17.0.9+11-LTS-201), built on Oct 10 2023 23:16:06 by "mach5one" with MS VC++ 17.1 (VS2022)

END.
