#
# There is insufficient memory for the Java Runtime Environment to continue.
# Native memory allocation (malloc) failed to allocate 32744 bytes. Error detail: Chunk::new
# Possible reasons:
#   The system is out of physical RAM or swap space
#   This process is running with CompressedOops enabled, and the Java Heap may be blocking the growth of the native heap
# Possible solutions:
#   Reduce memory load on the system
#   Increase physical memory or swap space
#   Check if swap backing store is full
#   Decrease Java heap size (-Xmx/-Xms)
#   Decrease number of Java threads
#   Decrease Java thread stack sizes (-Xss)
#   Set larger code cache with -XX:ReservedCodeCacheSize=
#   JVM is running with Unscaled Compressed Oops mode in which the Java heap is
#     placed in the first 4GB address space. The Java Heap base address is the
#     maximum limit for the native heap growth. Please use -XX:HeapBaseMinAddress
#     to set the Java Heap base and to place the Java Heap above 4GB virtual address.
# This output file may be truncated or incomplete.
#
#  Out of Memory Error (arena.cpp:168), pid=2692, tid=22520
#
# JRE version: OpenJDK Runtime Environment Temurin-21.0.9+10 (21.0.9+10) (build 21.0.9+10-LTS)
# Java VM: OpenJDK 64-Bit Server VM Temurin-21.0.9+10 (21.0.9+10-LTS, mixed mode, sharing, tiered, compressed oops, compressed class ptrs, parallel gc, windows-amd64)
# No core dump will be written. Minidumps are not enabled by default on client versions of Windows
#

---------------  S U M M A R Y ------------

Command Line: --add-modules=ALL-SYSTEM --add-opens=java.base/java.util=ALL-UNNAMED --add-opens=java.base/java.lang=ALL-UNNAMED --add-opens=java.base/sun.nio.fs=ALL-UNNAMED -Declipse.application=org.eclipse.jdt.ls.core.id1 -Dosgi.bundles.defaultStartLevel=4 -Declipse.product=org.eclipse.jdt.ls.core.product -Djava.import.generatesMetadataFilesAtProjectRoot=false -DDetectVMInstallationsJob.disabled=true -Dfile.encoding=utf8 -XX:+UseParallelGC -XX:GCTimeRatio=4 -XX:AdaptiveSizePolicyWeight=90 -Dsun.zip.disableMemoryMapping=true -Xmx2G -Xms100m -Xlog:disable -javaagent:c:\Users\Long Phung\.antigravity\extensions\redhat.java-1.52.0-win32-x64\lombok\lombok-1.18.39-4050.jar c:\Users\Long Phung\.antigravity\extensions\redhat.java-1.52.0-win32-x64\server\plugins\org.eclipse.equinox.launcher_1.7.100.v20251111-0406.jar -configuration c:\Users\Long Phung\AppData\Roaming\Antigravity\User\globalStorage\redhat.java\1.52.0\config_ss_win -data c:\Users\Long Phung\AppData\Roaming\Antigravity\User\workspaceStorage\2dd67a9ae43f6bc20a053f33c7cc8e95\redhat.java\ss_ws --pipe=\\.\pipe\lsp-718bcecd9907bce75d5463aecb740b76-sock

Host: 11th Gen Intel(R) Core(TM) i7-1165G7 @ 2.80GHz, 8 cores, 7G,  Windows 11 , 64 bit Build 26100 (10.0.26100.7705)
Time: Fri Mar  6 16:26:06 2026 SE Asia Standard Time elapsed time: 11.587864 seconds (0d 0h 0m 11s)

---------------  T H R E A D  ---------------

Current thread (0x000001a00365c6a0):  JavaThread "C1 CompilerThread0" daemon [_thread_in_native, id=22520, stack(0x0000009592200000,0x0000009592300000) (1024K)]


Current CompileTask:
C1:11588 2242       3       java.lang.invoke.MethodHandleImpl::makePairwiseConvertByEditor (617 bytes)

Stack: [0x0000009592200000,0x0000009592300000]
Native frames: (J=compiled Java code, j=interpreted, Vv=VM code, C=native code)
V  [jvm.dll+0x6d6e29]
V  [jvm.dll+0x8b4b76]
V  [jvm.dll+0x8b712e]
V  [jvm.dll+0x8b7813]
V  [jvm.dll+0x283d86]
V  [jvm.dll+0xc66ed]
V  [jvm.dll+0xc6c31]
V  [jvm.dll+0x15606b]
V  [jvm.dll+0x19b470]
V  [jvm.dll+0x19b42f]
V  [jvm.dll+0x19b42f]
V  [jvm.dll+0x19a204]
V  [jvm.dll+0x19a4ca]
V  [jvm.dll+0x19c71e]
V  [jvm.dll+0x157375]
V  [jvm.dll+0x156c17]
V  [jvm.dll+0x156e44]
V  [jvm.dll+0x15625c]
V  [jvm.dll+0x157fed]
V  [jvm.dll+0x25b29d]
V  [jvm.dll+0x25982a]
V  [jvm.dll+0x3f7ea6]
V  [jvm.dll+0x85e9ad]
V  [jvm.dll+0x6d565d]
C  [ucrtbase.dll+0x37b0]
C  [KERNEL32.DLL+0x2e8d7]
C  [ntdll.dll+0x8c40c]


---------------  P R O C E S S  ---------------

Threads class SMR info:
_java_thread_list=0x000001a008751c90, length=17, elements={
0x0000019fa8054db0, 0x0000019faa2dafd0, 0x0000019faa2dde70, 0x0000019faa2e12f0,
0x0000019faa2e2d50, 0x0000019faa2e6320, 0x0000019faa2e9cf0, 0x000001a003650820,
0x000001a00365c6a0, 0x000001a00383d660, 0x000001a003a46870, 0x000001a008680b00,
0x000001a0086b0030, 0x000001a0086b0690, 0x000001a00881bbe0, 0x000001a008870710,
0x000001a0080bf790
}

Java Threads: ( => current thread )
  0x0000019fa8054db0 JavaThread "main"                              [_thread_blocked, id=11832, stack(0x0000009591700000,0x0000009591800000) (1024K)]
  0x0000019faa2dafd0 JavaThread "Reference Handler"          daemon [_thread_blocked, id=14856, stack(0x0000009591b00000,0x0000009591c00000) (1024K)]
  0x0000019faa2dde70 JavaThread "Finalizer"                  daemon [_thread_blocked, id=12760, stack(0x0000009591c00000,0x0000009591d00000) (1024K)]
  0x0000019faa2e12f0 JavaThread "Signal Dispatcher"          daemon [_thread_blocked, id=17144, stack(0x0000009591d00000,0x0000009591e00000) (1024K)]
  0x0000019faa2e2d50 JavaThread "Attach Listener"            daemon [_thread_blocked, id=25664, stack(0x0000009591e00000,0x0000009591f00000) (1024K)]
  0x0000019faa2e6320 JavaThread "Service Thread"             daemon [_thread_blocked, id=12040, stack(0x0000009591f00000,0x0000009592000000) (1024K)]
  0x0000019faa2e9cf0 JavaThread "Monitor Deflation Thread"   daemon [_thread_blocked, id=8292, stack(0x0000009592000000,0x0000009592100000) (1024K)]
  0x000001a003650820 JavaThread "C2 CompilerThread0"         daemon [_thread_blocked, id=3152, stack(0x0000009592100000,0x0000009592200000) (1024K)]
=>0x000001a00365c6a0 JavaThread "C1 CompilerThread0"         daemon [_thread_in_native, id=22520, stack(0x0000009592200000,0x0000009592300000) (1024K)]
  0x000001a00383d660 JavaThread "Common-Cleaner"             daemon [_thread_blocked, id=13820, stack(0x0000009592300000,0x0000009592400000) (1024K)]
  0x000001a003a46870 JavaThread "Notification Thread"        daemon [_thread_blocked, id=24592, stack(0x0000009592400000,0x0000009592500000) (1024K)]
  0x000001a008680b00 JavaThread "Active Thread: Equinox Container: 9d179a11-fe8f-4fae-968b-2886856226c3"        [_thread_blocked, id=26244, stack(0x0000009592500000,0x0000009592600000) (1024K)]
  0x000001a0086b0030 JavaThread "Framework Event Dispatcher: Equinox Container: 9d179a11-fe8f-4fae-968b-2886856226c3" daemon [_thread_blocked, id=8944, stack(0x0000009592600000,0x0000009592700000) (1024K)]
  0x000001a0086b0690 JavaThread "Start Level: Equinox Container: 9d179a11-fe8f-4fae-968b-2886856226c3" daemon [_thread_in_native, id=3648, stack(0x0000009592d00000,0x0000009592e00000) (1024K)]
  0x000001a00881bbe0 JavaThread "SCR Component Actor"        daemon [_thread_blocked, id=12896, stack(0x0000009592f00000,0x0000009593000000) (1024K)]
  0x000001a008870710 JavaThread "C2 CompilerThread1"         daemon [_thread_blocked, id=18928, stack(0x0000009593000000,0x0000009593100000) (1024K)]
  0x000001a0080bf790 JavaThread "Worker-JM"                         [_thread_blocked, id=13404, stack(0x0000009593100000,0x0000009593200000) (1024K)]
Total: 17

Other Threads:
  0x0000019faa2d2ec0 VMThread "VM Thread"                           [id=18844, stack(0x0000009591a00000,0x0000009591b00000) (1024K)]
  0x0000019faa3d99d0 WatcherThread "VM Periodic Task Thread"        [id=7404, stack(0x0000009591900000,0x0000009591a00000) (1024K)]
  0x0000019faa38a5c0 WorkerThread "GC Thread#0"                     [id=18416, stack(0x0000009591800000,0x0000009591900000) (1024K)]
  0x000001a0081ca430 WorkerThread "GC Thread#1"                     [id=12828, stack(0x0000009592700000,0x0000009592800000) (1024K)]
  0x000001a0082326c0 WorkerThread "GC Thread#2"                     [id=17804, stack(0x0000009592800000,0x0000009592900000) (1024K)]
  0x000001a008232a60 WorkerThread "GC Thread#3"                     [id=1928, stack(0x0000009592900000,0x0000009592a00000) (1024K)]
  0x000001a008212160 WorkerThread "GC Thread#4"                     [id=7540, stack(0x0000009592a00000,0x0000009592b00000) (1024K)]
  0x000001a008212500 WorkerThread "GC Thread#5"                     [id=12872, stack(0x0000009592b00000,0x0000009592c00000) (1024K)]
  0x000001a0082128a0 WorkerThread "GC Thread#6"                     [id=16308, stack(0x0000009592c00000,0x0000009592d00000) (1024K)]
  0x000001a0088fa100 WorkerThread "GC Thread#7"                     [id=584, stack(0x0000009592e00000,0x0000009592f00000) (1024K)]
Total: 10

Threads with active compile tasks:
C1 CompilerThread0  16684 2242       3       java.lang.invoke.MethodHandleImpl::makePairwiseConvertByEditor (617 bytes)
Total: 1

VM state: not at safepoint (normal execution)

VM Mutex/Monitor currently owned by a thread: None

Heap address: 0x0000000080000000, size: 2048 MB, Compressed Oops mode: 32-bit

CDS archive(s) mapped at: [0x0000019fc1000000-0x0000019fc1ba0000-0x0000019fc1ba0000), size 12189696, SharedBaseAddress: 0x0000019fc1000000, ArchiveRelocationMode: 1.
Compressed class space mapped at: 0x0000019fc2000000-0x000001a002000000, reserved size: 1073741824
Narrow klass base: 0x0000019fc1000000, Narrow klass shift: 0, Narrow klass range: 0x100000000

GC Precious Log:
 CardTable entry size: 512
 CPUs: 8 total, 8 available
 Memory: 7971M
 Large Page Support: Disabled
 NUMA Support: Disabled
 Compressed Oops: Enabled (32-bit)
 Alignments: Space 512K, Generation 512K, Heap 2M
 Heap Min Capacity: 100M
 Heap Initial Capacity: 100M
 Heap Max Capacity: 2G
 Pre-touch: Disabled
 Parallel Workers: 8

Heap:
 PSYoungGen      total 29696K, used 5084K [0x00000000d5580000, 0x00000000d7680000, 0x0000000100000000)
  eden space 25600K, 3% used [0x00000000d5580000,0x00000000d5679218,0x00000000d6e80000)
  from space 4096K, 99% used [0x00000000d6e80000,0x00000000d727dee8,0x00000000d7280000)
  to   space 4096K, 0% used [0x00000000d7280000,0x00000000d7280000,0x00000000d7680000)
 ParOldGen       total 68608K, used 3007K [0x0000000080000000, 0x0000000084300000, 0x00000000d5580000)
  object space 68608K, 4% used [0x0000000080000000,0x00000000802efff0,0x0000000084300000)
 Metaspace       used 13024K, committed 13504K, reserved 1114112K
  class space    used 1388K, committed 1600K, reserved 1048576K

Card table byte_map: [0x0000019fa9ce0000,0x0000019faa0f0000] _byte_map_base: 0x0000019fa98e0000

Marking Bits: (ParMarkBitMap*) 0x00007ff86f972460
 Begin Bits: [0x0000019fbc7f0000, 0x0000019fbe7f0000)
 End Bits:   [0x0000019fbe7f0000, 0x0000019fc07f0000)

Polling page: 0x0000019fa8140000

Metaspace:

Usage:
  Non-class:     11.36 MB used.
      Class:      1.36 MB used.
       Both:     12.72 MB used.

Virtual space:
  Non-class space:       64.00 MB reserved,      11.62 MB ( 18%) committed,  1 nodes.
      Class space:        1.00 GB reserved,       1.56 MB ( <1%) committed,  1 nodes.
             Both:        1.06 GB reserved,      13.19 MB (  1%) committed. 

Chunk freelists:
   Non-Class:  4.25 MB
       Class:  14.45 MB
        Both:  18.70 MB

MaxMetaspaceSize: unlimited
CompressedClassSpaceSize: 1.00 GB
Initial GC threshold: 21.00 MB
Current GC threshold: 21.00 MB
CDS: on
 - commit_granule_bytes: 65536.
 - commit_granule_words: 8192.
 - virtual_space_node_default_size: 8388608.
 - enlarge_chunks_in_place: 1.
 - use_allocation_guard: 0.


Internal statistics:

num_allocs_failed_limit: 0.
num_arena_births: 378.
num_arena_deaths: 0.
num_vsnodes_births: 2.
num_vsnodes_deaths: 0.
num_space_committed: 211.
num_space_uncommitted: 0.
num_chunks_returned_to_freelist: 0.
num_chunks_taken_from_freelist: 810.
num_chunk_merges: 0.
num_chunk_splits: 514.
num_chunks_enlarged: 336.
num_inconsistent_stats: 0.

CodeHeap 'non-profiled nmethods': size=120000Kb used=987Kb max_used=987Kb free=119012Kb
 bounds [0x0000019fb5010000, 0x0000019fb5280000, 0x0000019fbc540000]
CodeHeap 'profiled nmethods': size=120000Kb used=4111Kb max_used=4111Kb free=115888Kb
 bounds [0x0000019fad540000, 0x0000019fad950000, 0x0000019fb4a70000]
CodeHeap 'non-nmethods': size=5760Kb used=1262Kb max_used=1300Kb free=4497Kb
 bounds [0x0000019fb4a70000, 0x0000019fb4ce0000, 0x0000019fb5010000]
CodeCache: size=245760Kb, used=6360Kb, max_used=6398Kb, free=239397Kb
 total_blobs=2768, nmethods=2246, adapters=428, full_count=0
Compilation: enabled, stopped_count=0, restarted_count=0

Compilation events (20 events):
Event: 9.561 Thread 0x000001a00365c6a0 nmethod 2229 0x0000019fad93d110 code [0x0000019fad93d300, 0x0000019fad93d5d8]
Event: 9.561 Thread 0x000001a00365c6a0 2224       3       java.lang.invoke.MethodHandle::asType (32 bytes)
Event: 9.562 Thread 0x000001a00365c6a0 nmethod 2224 0x0000019fad93d710 code [0x0000019fad93d940, 0x0000019fad93dfd0]
Event: 9.562 Thread 0x000001a00365c6a0 2225       3       java.lang.invoke.ClassSpecializer$SpeciesData::getterFunction (78 bytes)
Event: 9.562 Thread 0x000001a00365c6a0 nmethod 2225 0x0000019fad93e210 code [0x0000019fad93e3c0, 0x0000019fad93e6b8]
Event: 9.562 Thread 0x000001a00365c6a0 2230       3       java.lang.invoke.MethodHandle::asTypeUncached (54 bytes)
Event: 9.562 Thread 0x000001a00365c6a0 nmethod 2230 0x0000019fad93e790 code [0x0000019fad93ea60, 0x0000019fad93f558]
Event: 9.562 Thread 0x000001a00365c6a0 2231       3       java.lang.invoke.MethodType::isConvertibleTo (164 bytes)
Event: 9.563 Thread 0x000001a00365c6a0 nmethod 2231 0x0000019fad93fa10 code [0x0000019fad93fc60, 0x0000019fad940538]
Event: 9.563 Thread 0x000001a00365c6a0 2232       3       java.lang.invoke.DirectMethodHandle$StaticAccessor::<init> (30 bytes)
Event: 9.563 Thread 0x000001a00365c6a0 nmethod 2232 0x0000019fad940810 code [0x0000019fad9409c0, 0x0000019fad940ba0]
Event: 9.563 Thread 0x000001a00365c6a0 2234       3       java.lang.invoke.MethodHandles$Lookup::getDirectFieldCommon (67 bytes)
Event: 9.564 Thread 0x000001a00365c6a0 nmethod 2234 0x0000019fad940d10 code [0x0000019fad940f20, 0x0000019fad941390]
Event: 9.564 Thread 0x000001a00365c6a0 2237       3       java.lang.invoke.BoundMethodHandle$SpeciesData::extendWith (64 bytes)
Event: 9.564 Thread 0x000001a00365c6a0 nmethod 2237 0x0000019fad941510 code [0x0000019fad941760, 0x0000019fad9420b0]
Event: 9.564 Thread 0x000001a00365c6a0 2236       3       java.lang.invoke.DirectMethodHandle::preparedFieldLambdaForm (180 bytes)
Event: 9.565 Thread 0x000001a00365c6a0 nmethod 2236 0x0000019fad942410 code [0x0000019fad942660, 0x0000019fad942d88]
Event: 9.565 Thread 0x000001a00365c6a0 2243       3       java.lang.invoke.MethodHandleImpl::computeValueConversions (121 bytes)
Event: 9.566 Thread 0x000001a00365c6a0 nmethod 2243 0x0000019fad943090 code [0x0000019fad9432a0, 0x0000019fad943a38]
Event: 9.566 Thread 0x000001a00365c6a0 2242       3       java.lang.invoke.MethodHandleImpl::makePairwiseConvertByEditor (617 bytes)

GC Heap History (4 events):
Event: 1.981 GC heap before
{Heap before GC invocations=1 (full 0):
 PSYoungGen      total 29696K, used 25600K [0x00000000d5580000, 0x00000000d7680000, 0x0000000100000000)
  eden space 25600K, 100% used [0x00000000d5580000,0x00000000d6e80000,0x00000000d6e80000)
  from space 4096K, 0% used [0x00000000d7280000,0x00000000d7280000,0x00000000d7680000)
  to   space 4096K, 0% used [0x00000000d6e80000,0x00000000d6e80000,0x00000000d7280000)
 ParOldGen       total 68608K, used 0K [0x0000000080000000, 0x0000000084300000, 0x00000000d5580000)
  object space 68608K, 0% used [0x0000000080000000,0x0000000080000000,0x0000000084300000)
 Metaspace       used 4326K, committed 4608K, reserved 1114112K
  class space    used 474K, committed 576K, reserved 1048576K
}
Event: 1.988 GC heap after
{Heap after GC invocations=1 (full 0):
 PSYoungGen      total 29696K, used 3373K [0x00000000d5580000, 0x00000000d7680000, 0x0000000100000000)
  eden space 25600K, 0% used [0x00000000d5580000,0x00000000d5580000,0x00000000d6e80000)
  from space 4096K, 82% used [0x00000000d6e80000,0x00000000d71cb4b8,0x00000000d7280000)
  to   space 4096K, 0% used [0x00000000d7280000,0x00000000d7280000,0x00000000d7680000)
 ParOldGen       total 68608K, used 16K [0x0000000080000000, 0x0000000084300000, 0x00000000d5580000)
  object space 68608K, 0% used [0x0000000080000000,0x0000000080004000,0x0000000084300000)
 Metaspace       used 4326K, committed 4608K, reserved 1114112K
  class space    used 474K, committed 576K, reserved 1048576K
}
Event: 5.043 GC heap before
{Heap before GC invocations=2 (full 0):
 PSYoungGen      total 29696K, used 28973K [0x00000000d5580000, 0x00000000d7680000, 0x0000000100000000)
  eden space 25600K, 100% used [0x00000000d5580000,0x00000000d6e80000,0x00000000d6e80000)
  from space 4096K, 82% used [0x00000000d6e80000,0x00000000d71cb4b8,0x00000000d7280000)
  to   space 4096K, 0% used [0x00000000d7280000,0x00000000d7280000,0x00000000d7680000)
 ParOldGen       total 68608K, used 16K [0x0000000080000000, 0x0000000084300000, 0x00000000d5580000)
  object space 68608K, 0% used [0x0000000080000000,0x0000000080004000,0x0000000084300000)
 Metaspace       used 8157K, committed 8448K, reserved 1114112K
  class space    used 867K, committed 960K, reserved 1048576K
}
Event: 5.050 GC heap after
{Heap after GC invocations=2 (full 0):
 PSYoungGen      total 29696K, used 4081K [0x00000000d5580000, 0x00000000d7680000, 0x0000000100000000)
  eden space 25600K, 0% used [0x00000000d5580000,0x00000000d5580000,0x00000000d6e80000)
  from space 4096K, 99% used [0x00000000d7280000,0x00000000d767c5f8,0x00000000d7680000)
  to   space 4096K, 0% used [0x00000000d6e80000,0x00000000d6e80000,0x00000000d7280000)
 ParOldGen       total 68608K, used 1224K [0x0000000080000000, 0x0000000084300000, 0x00000000d5580000)
  object space 68608K, 1% used [0x0000000080000000,0x0000000080132088,0x0000000084300000)
 Metaspace       used 8157K, committed 8448K, reserved 1114112K
  class space    used 867K, committed 960K, reserved 1048576K
}

Dll operation events (9 events):
Event: 0.034 Loaded shared library c:\Users\Long Phung\.antigravity\extensions\redhat.java-1.52.0-win32-x64\jre\21.0.9-win32-x86_64\bin\java.dll
Event: 0.086 Loaded shared library c:\Users\Long Phung\.antigravity\extensions\redhat.java-1.52.0-win32-x64\jre\21.0.9-win32-x86_64\bin\zip.dll
Event: 0.184 Loaded shared library C:\Users\Long Phung\.antigravity\extensions\redhat.java-1.52.0-win32-x64\jre\21.0.9-win32-x86_64\bin\instrument.dll
Event: 0.191 Loaded shared library C:\Users\Long Phung\.antigravity\extensions\redhat.java-1.52.0-win32-x64\jre\21.0.9-win32-x86_64\bin\net.dll
Event: 0.195 Loaded shared library C:\Users\Long Phung\.antigravity\extensions\redhat.java-1.52.0-win32-x64\jre\21.0.9-win32-x86_64\bin\nio.dll
Event: 0.201 Loaded shared library C:\Users\Long Phung\.antigravity\extensions\redhat.java-1.52.0-win32-x64\jre\21.0.9-win32-x86_64\bin\zip.dll
Event: 0.227 Loaded shared library C:\Users\Long Phung\.antigravity\extensions\redhat.java-1.52.0-win32-x64\jre\21.0.9-win32-x86_64\bin\jimage.dll
Event: 0.700 Loaded shared library c:\Users\Long Phung\.antigravity\extensions\redhat.java-1.52.0-win32-x64\jre\21.0.9-win32-x86_64\bin\verify.dll
Event: 5.016 Loaded shared library C:\Users\Long Phung\AppData\Roaming\Antigravity\User\globalStorage\redhat.java\1.52.0\config_ss_win\org.eclipse.equinox.launcher\org.eclipse.equinox.launcher.win32.win32.x86_64_1.2.1500.v20260121-1430\eclipse_11919.dll

Deoptimization events (20 events):
Event: 9.492 Thread 0x000001a0086b0690 Uncommon trap: trap_request=0xffffffc6 fr.pc=0x0000019fb50f26f0 relative=0x00000000000004b0
Event: 9.492 Thread 0x000001a0086b0690 Uncommon trap: reason=bimorphic_or_optimized_type_check action=maybe_recompile pc=0x0000019fb50f26f0 method=java.io.DataInputStream.readUnsignedByte()I @ 4 c2
Event: 9.492 Thread 0x000001a0086b0690 DEOPT PACKING pc=0x0000019fb50f26f0 sp=0x0000009592df8860
Event: 9.492 Thread 0x000001a0086b0690 DEOPT UNPACKING pc=0x0000019fb4ac6da2 sp=0x0000009592df87a8 mode 2
Event: 9.492 Thread 0x000001a0086b0690 Uncommon trap: trap_request=0xffffffc6 fr.pc=0x0000019fb50f26f0 relative=0x00000000000004b0
Event: 9.492 Thread 0x000001a0086b0690 Uncommon trap: reason=bimorphic_or_optimized_type_check action=maybe_recompile pc=0x0000019fb50f26f0 method=java.io.DataInputStream.readUnsignedByte()I @ 4 c2
Event: 9.492 Thread 0x000001a0086b0690 DEOPT PACKING pc=0x0000019fb50f26f0 sp=0x0000009592df8860
Event: 9.492 Thread 0x000001a0086b0690 DEOPT UNPACKING pc=0x0000019fb4ac6da2 sp=0x0000009592df87a8 mode 2
Event: 9.492 Thread 0x000001a0086b0690 Uncommon trap: trap_request=0xffffffc6 fr.pc=0x0000019fb50f26f0 relative=0x00000000000004b0
Event: 9.492 Thread 0x000001a0086b0690 Uncommon trap: reason=bimorphic_or_optimized_type_check action=maybe_recompile pc=0x0000019fb50f26f0 method=java.io.DataInputStream.readUnsignedByte()I @ 4 c2
Event: 9.492 Thread 0x000001a0086b0690 DEOPT PACKING pc=0x0000019fb50f26f0 sp=0x0000009592df8860
Event: 9.492 Thread 0x000001a0086b0690 DEOPT UNPACKING pc=0x0000019fb4ac6da2 sp=0x0000009592df87a8 mode 2
Event: 9.492 Thread 0x000001a0086b0690 Uncommon trap: trap_request=0xffffffc6 fr.pc=0x0000019fb50f41f0 relative=0x00000000000004b0
Event: 9.492 Thread 0x000001a0086b0690 Uncommon trap: reason=bimorphic_or_optimized_type_check action=maybe_recompile pc=0x0000019fb50f41f0 method=java.io.DataInputStream.readUnsignedByte()I @ 4 c2
Event: 9.492 Thread 0x000001a0086b0690 DEOPT PACKING pc=0x0000019fb50f41f0 sp=0x0000009592df8800
Event: 9.492 Thread 0x000001a0086b0690 DEOPT UNPACKING pc=0x0000019fb4ac6da2 sp=0x0000009592df87a8 mode 2
Event: 9.495 Thread 0x000001a0086b0690 Uncommon trap: trap_request=0xffffff45 fr.pc=0x0000019fb50d3d0c relative=0x000000000000006c
Event: 9.495 Thread 0x000001a0086b0690 Uncommon trap: reason=unstable_if action=reinterpret pc=0x0000019fb50d3d0c method=java.util.Objects.equals(Ljava/lang/Object;Ljava/lang/Object;)Z @ 6 c2
Event: 9.495 Thread 0x000001a0086b0690 DEOPT PACKING pc=0x0000019fb50d3d0c sp=0x0000009592df8cb0
Event: 9.495 Thread 0x000001a0086b0690 DEOPT UNPACKING pc=0x0000019fb4ac6da2 sp=0x0000009592df8c50 mode 2

Classes loaded (20 events):
Event: 9.493 Loading class java/time/zone/TzdbZoneRulesProvider
Event: 9.493 Loading class java/time/zone/TzdbZoneRulesProvider done
Event: 9.495 Loading class java/time/zone/Ser
Event: 9.495 Loading class java/io/Externalizable
Event: 9.495 Loading class java/io/Externalizable done
Event: 9.495 Loading class java/time/zone/Ser done
Event: 9.497 Loading class java/util/Formatter$FixedString
Event: 9.498 Loading class java/util/Formatter$FixedString done
Event: 9.514 Loading class java/util/concurrent/TimeoutException
Event: 9.514 Loading class java/util/concurrent/TimeoutException done
Event: 9.534 Loading class java/util/PropertyResourceBundle
Event: 9.535 Loading class java/util/PropertyResourceBundle done
Event: 9.535 Loading class sun/util/PropertyResourceBundleCharset
Event: 9.535 Loading class sun/util/PropertyResourceBundleCharset done
Event: 9.535 Loading class sun/util/PropertyResourceBundleCharset$PropertiesFileDecoder
Event: 9.535 Loading class sun/util/PropertyResourceBundleCharset$PropertiesFileDecoder done
Event: 9.536 Loading class java/lang/invoke/DirectMethodHandle$StaticAccessor
Event: 9.536 Loading class java/lang/invoke/DirectMethodHandle$StaticAccessor done
Event: 9.552 Loading class java/lang/AbstractMethodError
Event: 9.553 Loading class java/lang/AbstractMethodError done

Classes unloaded (0 events):
No events

Classes redefined (0 events):
No events

Internal exceptions (20 events):
Event: 2.065 Thread 0x0000019fa8054db0 Exception <a 'java/lang/NoSuchMethodError'{0x00000000d5716378}: 'void java.lang.invoke.DirectMethodHandle$Holder.invokeStatic(java.lang.Object, java.lang.Object, java.lang.Object, java.lang.Object)'> (0x00000000d5716378) 
thrown [s\src\hotspot\share\interpreter\linkResolver.cpp, line 773]
Event: 2.067 Thread 0x0000019fa8054db0 Implicit null exception at 0x0000019fb5081b9a to 0x0000019fb5081da4
Event: 2.067 Thread 0x0000019fa8054db0 Implicit null exception at 0x0000019fb507483d to 0x0000019fb50748c1
Event: 2.168 Thread 0x0000019fa8054db0 Exception <a 'java/lang/NoSuchMethodError'{0x00000000d59db1d0}: 'void java.lang.invoke.DirectMethodHandle$Holder.invokeSpecial(java.lang.Object, java.lang.Object, java.lang.Object)'> (0x00000000d59db1d0) 
thrown [s\src\hotspot\share\interpreter\linkResolver.cpp, line 773]
Event: 3.427 Thread 0x0000019fa8054db0 Exception <a 'java/lang/NoSuchMethodError'{0x00000000d62ff478}: 'int java.lang.invoke.DirectMethodHandle$Holder.invokeVirtual(java.lang.Object, java.lang.Object)'> (0x00000000d62ff478) 
thrown [s\src\hotspot\share\interpreter\linkResolver.cpp, line 773]
Event: 3.573 Thread 0x0000019fa8054db0 Exception <a 'java/lang/NoSuchMethodError'{0x00000000d6474890}: 'int java.lang.invoke.DirectMethodHandle$Holder.invokeStaticInit(java.lang.Object, java.lang.Object, java.lang.Object, java.lang.Object)'> (0x00000000d6474890) 
thrown [s\src\hotspot\share\interpreter\linkResolver.cpp, line 773]
Event: 3.574 Thread 0x0000019fa8054db0 Exception <a 'java/lang/IncompatibleClassChangeError'{0x00000000d647cc98}: Found class java.lang.Object, but interface was expected> (0x00000000d647cc98) 
thrown [s\src\hotspot\share\interpreter\linkResolver.cpp, line 840]
Event: 3.575 Thread 0x0000019fa8054db0 Exception <a 'java/lang/NoSuchMethodError'{0x00000000d6483268}: 'void java.lang.invoke.DirectMethodHandle$Holder.invokeStaticInit(java.lang.Object, java.lang.Object)'> (0x00000000d6483268) 
thrown [s\src\hotspot\share\interpreter\linkResolver.cpp, line 773]
Event: 3.576 Thread 0x0000019fa8054db0 Exception <a 'java/lang/NoSuchMethodError'{0x00000000d648c440}: 'int java.lang.invoke.DirectMethodHandle$Holder.invokeStaticInit(java.lang.Object, java.lang.Object)'> (0x00000000d648c440) 
thrown [s\src\hotspot\share\interpreter\linkResolver.cpp, line 773]
Event: 3.631 Thread 0x0000019fa8054db0 Exception <a 'java/lang/NoSuchMethodError'{0x00000000d66d8778}: 'java.lang.Object java.lang.invoke.DirectMethodHandle$Holder.newInvokeSpecial(java.lang.Object, int, java.lang.Object)'> (0x00000000d66d8778) 
thrown [s\src\hotspot\share\interpreter\linkResolver.cpp, line 773]
Event: 3.749 Thread 0x0000019fa8054db0 Exception <a 'java/lang/ClassNotFoundException'{0x00000000d68f34e0}: sun/net/www/protocol/plurl/Handler> (0x00000000d68f34e0) 
thrown [s\src\hotspot\share\classfile\systemDictionary.cpp, line 312]
Event: 3.749 Thread 0x0000019fa8054db0 Exception <a 'java/lang/ClassNotFoundException'{0x00000000d68f4360}: sun/net/www/protocol/plurl/Handler> (0x00000000d68f4360) 
thrown [s\src\hotspot\share\classfile\systemDictionary.cpp, line 312]
Event: 5.005 Thread 0x0000019fa8054db0 Exception <a 'java/lang/UnsatisfiedLinkError'{0x00000000d6d4a058}: 'void org.eclipse.equinox.launcher.JNIBridge._update_splash()'> (0x00000000d6d4a058) 
thrown [s\src\hotspot\share\prims\nativeLookup.cpp, line 415]
Event: 5.102 Thread 0x000001a0086b0690 Exception <a 'java/lang/NullPointerException'{0x00000000d583dc50}> (0x00000000d583dc50) 
thrown [s\src\hotspot\share\interpreter\linkResolver.cpp, line 1372]
Event: 5.102 Thread 0x000001a0086b0690 Exception <a 'java/lang/NullPointerException'{0x00000000d583df30}> (0x00000000d583df30) 
thrown [s\src\hotspot\share\interpreter\linkResolver.cpp, line 1372]
Event: 6.313 Thread 0x000001a0086b0690 Exception <a 'java/lang/NoSuchMethodError'{0x00000000d6137428}: 'long java.lang.invoke.DirectMethodHandle$Holder.invokeSpecial(java.lang.Object, java.lang.Object)'> (0x00000000d6137428) 
thrown [s\src\hotspot\share\interpreter\linkResolver.cpp, line 773]
Event: 9.386 Thread 0x000001a0086b0690 Exception <a 'java/io/FileNotFoundException'{0x00000000d62fc008}> (0x00000000d62fc008) 
thrown [s\src\hotspot\share\prims\jni.cpp, line 520]
Event: 9.460 Thread 0x000001a0086b0690 Exception <a 'java/lang/NoSuchMethodError'{0x00000000d6615688}: 'java.lang.Object java.lang.invoke.Invokers$Holder.linkToTargetMethod(java.lang.Object, long, java.lang.Object)'> (0x00000000d6615688) 
thrown [s\src\hotspot\share\interpreter\linkResolver.cpp, line 773]
Event: 9.515 Thread 0x000001a0086b0690 Exception <a 'java/lang/NoSuchMethodError'{0x00000000d69aa088}: 'void java.lang.invoke.DirectMethodHandle$Holder.invokeInterface(java.lang.Object, java.lang.Object, java.lang.Object)'> (0x00000000d69aa088) 
thrown [s\src\hotspot\share\interpreter\linkResolver.cpp, line 773]
Event: 9.537 Thread 0x000001a0086b0690 Exception <a 'java/lang/NoSuchMethodError'{0x00000000d6bbc2a8}: 'void java.lang.invoke.Invokers$Holder.invokeExact_MT(java.lang.Object, java.lang.Object, java.lang.Object)'> (0x00000000d6bbc2a8) 
thrown [s\src\hotspot\share\interpreter\linkResolver.cpp, line 773]

ZGC Phase Switch (0 events):
No events

VM Operations (20 events):
Event: 3.700 Executing VM operation: HandshakeAllThreads (Deoptimize) done
Event: 3.742 Executing VM operation: HandshakeAllThreads (Deoptimize)
Event: 3.742 Executing VM operation: HandshakeAllThreads (Deoptimize) done
Event: 4.747 Executing VM operation: Cleanup
Event: 4.997 Executing VM operation: Cleanup done
Event: 5.043 Executing VM operation: ParallelGCFailedAllocation (Allocation Failure)
Event: 5.050 Executing VM operation: ParallelGCFailedAllocation (Allocation Failure) done
Event: 6.055 Executing VM operation: Cleanup
Event: 6.130 Executing VM operation: Cleanup done
Event: 6.253 Executing VM operation: HandshakeAllThreads (Deoptimize)
Event: 6.253 Executing VM operation: HandshakeAllThreads (Deoptimize) done
Event: 7.256 Executing VM operation: Cleanup
Event: 7.256 Executing VM operation: Cleanup done
Event: 8.264 Executing VM operation: Cleanup
Event: 8.264 Executing VM operation: Cleanup done
Event: 9.492 Executing VM operation: HandshakeAllThreads (Deoptimize)
Event: 9.492 Executing VM operation: HandshakeAllThreads (Deoptimize) done
Event: 9.492 Executing VM operation: Cleanup
Event: 9.492 Executing VM operation: Cleanup done
Event: 10.497 Executing VM operation: Cleanup

Memory protections (0 events):
No events

Nmethod flushes (0 events):
No events

Events (20 events):
Event: 0.100 Thread 0x0000019fa8054db0 Thread added: 0x0000019faa2dafd0
Event: 0.100 Thread 0x0000019fa8054db0 Thread added: 0x0000019faa2dde70
Event: 0.100 Thread 0x0000019fa8054db0 Thread added: 0x0000019faa2e12f0
Event: 0.100 Thread 0x0000019fa8054db0 Thread added: 0x0000019faa2e2d50
Event: 0.101 Thread 0x0000019fa8054db0 Thread added: 0x0000019faa2e6320
Event: 0.101 Thread 0x0000019fa8054db0 Thread added: 0x0000019faa2e9cf0
Event: 0.101 Thread 0x0000019fa8054db0 Thread added: 0x000001a003650820
Event: 0.101 Thread 0x0000019fa8054db0 Thread added: 0x000001a00365c6a0
Event: 0.187 Thread 0x0000019fa8054db0 Thread added: 0x000001a00383d660
Event: 1.212 Thread 0x0000019fa8054db0 Thread added: 0x000001a003a46870
Event: 1.393 Thread 0x000001a00365c6a0 Thread added: 0x000001a0080263c0
Event: 1.491 Thread 0x000001a00365c6a0 Thread added: 0x000001a0039d8810
Event: 3.550 Thread 0x000001a0039d8810 Thread exited: 0x000001a0039d8810
Event: 3.551 Thread 0x000001a0080263c0 Thread exited: 0x000001a0080263c0
Event: 3.587 Thread 0x0000019fa8054db0 Thread added: 0x000001a008680b00
Event: 3.970 Thread 0x0000019fa8054db0 Thread added: 0x000001a0086b0030
Event: 5.003 Thread 0x0000019fa8054db0 Thread added: 0x000001a0086b0690
Event: 6.242 Thread 0x000001a0086b0690 Thread added: 0x000001a00881bbe0
Event: 6.324 Thread 0x000001a00365c6a0 Thread added: 0x000001a008870710
Event: 9.520 Thread 0x000001a0086b0690 Thread added: 0x000001a0080bf790


Dynamic libraries:
0x00007ff714050000 - 0x00007ff71405e000 	c:\Users\Long Phung\.antigravity\extensions\redhat.java-1.52.0-win32-x64\jre\21.0.9-win32-x86_64\bin\java.exe
0x00007ff9589a0000 - 0x00007ff958c08000 	C:\WINDOWS\SYSTEM32\ntdll.dll
0x00007ff957140000 - 0x00007ff957209000 	C:\WINDOWS\System32\KERNEL32.DLL
0x00007ff956060000 - 0x00007ff956451000 	C:\WINDOWS\System32\KERNELBASE.dll
0x00007ff955f10000 - 0x00007ff95605b000 	C:\WINDOWS\System32\ucrtbase.dll
0x00007ff93fc40000 - 0x00007ff93fc58000 	c:\Users\Long Phung\.antigravity\extensions\redhat.java-1.52.0-win32-x64\jre\21.0.9-win32-x86_64\bin\jli.dll
0x00007ff9385d0000 - 0x00007ff9385ee000 	c:\Users\Long Phung\.antigravity\extensions\redhat.java-1.52.0-win32-x64\jre\21.0.9-win32-x86_64\bin\VCRUNTIME140.dll
0x00007ff957910000 - 0x00007ff957ad6000 	C:\WINDOWS\System32\USER32.dll
0x00007ff955e30000 - 0x00007ff955e57000 	C:\WINDOWS\System32\win32u.dll
0x00007ff9397e0000 - 0x00007ff939a73000 	C:\WINDOWS\WinSxS\amd64_microsoft.windows.common-controls_6595b64144ccf1df_6.0.26100.7824_none_3e0870b2e3345462\COMCTL32.dll
0x00007ff958890000 - 0x00007ff9588bb000 	C:\WINDOWS\System32\GDI32.dll
0x00007ff955b80000 - 0x00007ff955cab000 	C:\WINDOWS\System32\gdi32full.dll
0x00007ff956a30000 - 0x00007ff956ad9000 	C:\WINDOWS\System32\msvcrt.dll
0x00007ff956520000 - 0x00007ff9565c3000 	C:\WINDOWS\System32\msvcp_win.dll
0x00007ff956bf0000 - 0x00007ff956c21000 	C:\WINDOWS\System32\IMM32.DLL
0x0000000053920000 - 0x000000005392d000 	C:\Program Files (x86)\360\Total Security\safemon\SafeWrapper.dll
0x00007ff9587d0000 - 0x00007ff958884000 	C:\WINDOWS\System32\ADVAPI32.dll
0x00007ff9567a0000 - 0x00007ff956846000 	C:\WINDOWS\System32\sechost.dll
0x00007ff9572e0000 - 0x00007ff9573f8000 	C:\WINDOWS\System32\RPCRT4.dll
0x00007ff93ac30000 - 0x00007ff93ad35000 	C:\Program Files (x86)\360\Total Security\safemon\libzdtp64.dll
0x00007ff958070000 - 0x00007ff9587c2000 	C:\WINDOWS\System32\SHELL32.dll
0x00007ff9565d0000 - 0x00007ff95673a000 	C:\WINDOWS\System32\wintypes.dll
0x00007ff957500000 - 0x00007ff957886000 	C:\WINDOWS\System32\combase.dll
0x00007ff9588c0000 - 0x00007ff958927000 	C:\WINDOWS\System32\SHLWAPI.dll
0x00007ff955310000 - 0x00007ff955b73000 	C:\WINDOWS\System32\Windows.Storage.dll
0x00007ff954d60000 - 0x00007ff954d6b000 	C:\WINDOWS\SYSTEM32\VERSION.dll
0x00007ff9505a0000 - 0x00007ff9505ac000 	c:\Users\Long Phung\.antigravity\extensions\redhat.java-1.52.0-win32-x64\jre\21.0.9-win32-x86_64\bin\vcruntime140_1.dll
0x00007ff8f5e00000 - 0x00007ff8f5e8d000 	c:\Users\Long Phung\.antigravity\extensions\redhat.java-1.52.0-win32-x64\jre\21.0.9-win32-x86_64\bin\msvcp140.dll
0x00007ff86ecb0000 - 0x00007ff86fa50000 	c:\Users\Long Phung\.antigravity\extensions\redhat.java-1.52.0-win32-x64\jre\21.0.9-win32-x86_64\bin\server\jvm.dll
0x00007ff957890000 - 0x00007ff957904000 	C:\WINDOWS\System32\WS2_32.dll
0x00007ff9550e0000 - 0x00007ff95513e000 	C:\WINDOWS\SYSTEM32\POWRPROF.dll
0x00007ff94ba00000 - 0x00007ff94ba35000 	C:\WINDOWS\SYSTEM32\WINMM.dll
0x00007ff9550b0000 - 0x00007ff9550c4000 	C:\WINDOWS\SYSTEM32\UMPDC.dll
0x00007ff953fb0000 - 0x00007ff953fcb000 	C:\WINDOWS\SYSTEM32\kernel.appcore.dll
0x00007ff93efe0000 - 0x00007ff93efea000 	c:\Users\Long Phung\.antigravity\extensions\redhat.java-1.52.0-win32-x64\jre\21.0.9-win32-x86_64\bin\jimage.dll
0x00007ff952e50000 - 0x00007ff953092000 	C:\WINDOWS\SYSTEM32\DBGHELP.DLL
0x00007ff957060000 - 0x00007ff957137000 	C:\WINDOWS\System32\OLEAUT32.dll
0x00007ff930540000 - 0x00007ff93057b000 	C:\WINDOWS\SYSTEM32\dbgcore.DLL
0x00007ff955e60000 - 0x00007ff955f05000 	C:\WINDOWS\System32\bcryptPrimitives.dll
0x00007ff93ed10000 - 0x00007ff93ed1f000 	c:\Users\Long Phung\.antigravity\extensions\redhat.java-1.52.0-win32-x64\jre\21.0.9-win32-x86_64\bin\instrument.dll
0x00007ff9371f0000 - 0x00007ff937210000 	c:\Users\Long Phung\.antigravity\extensions\redhat.java-1.52.0-win32-x64\jre\21.0.9-win32-x86_64\bin\java.dll
0x00007ff957f70000 - 0x00007ff958066000 	C:\WINDOWS\System32\SHCORE.dll
0x00007ff9551a0000 - 0x00007ff9551c9000 	C:\WINDOWS\SYSTEM32\profapi.dll
0x00007ff932390000 - 0x00007ff9323a8000 	c:\Users\Long Phung\.antigravity\extensions\redhat.java-1.52.0-win32-x64\jre\21.0.9-win32-x86_64\bin\zip.dll
0x00007ff93c080000 - 0x00007ff93c090000 	C:\Users\Long Phung\.antigravity\extensions\redhat.java-1.52.0-win32-x64\jre\21.0.9-win32-x86_64\bin\net.dll
0x00007ff945c80000 - 0x00007ff945da7000 	C:\WINDOWS\SYSTEM32\WINHTTP.dll
0x00007ff954520000 - 0x00007ff95458b000 	C:\WINDOWS\system32\mswsock.dll
0x00007ff91ebb0000 - 0x00007ff91ebc6000 	C:\Users\Long Phung\.antigravity\extensions\redhat.java-1.52.0-win32-x64\jre\21.0.9-win32-x86_64\bin\nio.dll
0x00007ff93ba60000 - 0x00007ff93ba70000 	c:\Users\Long Phung\.antigravity\extensions\redhat.java-1.52.0-win32-x64\jre\21.0.9-win32-x86_64\bin\verify.dll
0x00007ff9010b0000 - 0x00007ff9010f5000 	C:\Users\Long Phung\AppData\Roaming\Antigravity\User\globalStorage\redhat.java\1.52.0\config_ss_win\org.eclipse.equinox.launcher\org.eclipse.equinox.launcher.win32.win32.x86_64_1.2.1500.v20260121-1430\eclipse_11919.dll
0x00007ff956e90000 - 0x00007ff957027000 	C:\WINDOWS\System32\ole32.dll

JVMTI agents:
c:\Users\Long Phung\.antigravity\extensions\redhat.java-1.52.0-win32-x64\lombok\lombok-1.18.39-4050.jar path:c:\Users\Long Phung\.antigravity\extensions\redhat.java-1.52.0-win32-x64\jre\21.0.9-win32-x86_64\bin\instrument.dll, loaded, initialized, instrumentlib options:none

dbghelp: loaded successfully - version: 4.0.5 - missing functions: none
symbol engine: initialized successfully - sym options: 0x614 - pdb path: .;c:\Users\Long Phung\.antigravity\extensions\redhat.java-1.52.0-win32-x64\jre\21.0.9-win32-x86_64\bin;C:\WINDOWS\SYSTEM32;C:\WINDOWS\WinSxS\amd64_microsoft.windows.common-controls_6595b64144ccf1df_6.0.26100.7824_none_3e0870b2e3345462;C:\Program Files (x86)\360\Total Security\safemon;c:\Users\Long Phung\.antigravity\extensions\redhat.java-1.52.0-win32-x64\jre\21.0.9-win32-x86_64\bin\server;C:\Users\Long Phung\AppData\Roaming\Antigravity\User\globalStorage\redhat.java\1.52.0\config_ss_win\org.eclipse.equinox.launcher\org.eclipse.equinox.launcher.win32.win32.x86_64_1.2.1500.v20260121-1430

VM Arguments:
jvm_args: --add-modules=ALL-SYSTEM --add-opens=java.base/java.util=ALL-UNNAMED --add-opens=java.base/java.lang=ALL-UNNAMED --add-opens=java.base/sun.nio.fs=ALL-UNNAMED -Declipse.application=org.eclipse.jdt.ls.core.id1 -Dosgi.bundles.defaultStartLevel=4 -Declipse.product=org.eclipse.jdt.ls.core.product -Djava.import.generatesMetadataFilesAtProjectRoot=false -DDetectVMInstallationsJob.disabled=true -Dfile.encoding=utf8 -XX:+UseParallelGC -XX:GCTimeRatio=4 -XX:AdaptiveSizePolicyWeight=90 -Dsun.zip.disableMemoryMapping=true -Xmx2G -Xms100m -Xlog:disable -javaagent:c:\Users\Long Phung\.antigravity\extensions\redhat.java-1.52.0-win32-x64\lombok\lombok-1.18.39-4050.jar 
java_command: c:\Users\Long Phung\.antigravity\extensions\redhat.java-1.52.0-win32-x64\server\plugins\org.eclipse.equinox.launcher_1.7.100.v20251111-0406.jar -configuration c:\Users\Long Phung\AppData\Roaming\Antigravity\User\globalStorage\redhat.java\1.52.0\config_ss_win -data c:\Users\Long Phung\AppData\Roaming\Antigravity\User\workspaceStorage\2dd67a9ae43f6bc20a053f33c7cc8e95\redhat.java\ss_ws --pipe=\\.\pipe\lsp-718bcecd9907bce75d5463aecb740b76-sock
java_class_path (initial): c:\Users\Long Phung\.antigravity\extensions\redhat.java-1.52.0-win32-x64\server\plugins\org.eclipse.equinox.launcher_1.7.100.v20251111-0406.jar
Launcher Type: SUN_STANDARD

[Global flags]
    uintx AdaptiveSizePolicyWeight                 = 90                                        {product} {command line}
     intx CICompilerCount                          = 4                                         {product} {ergonomic}
    uintx GCTimeRatio                              = 4                                         {product} {command line}
   size_t InitialHeapSize                          = 104857600                                 {product} {command line}
   size_t MaxHeapSize                              = 2147483648                                {product} {command line}
   size_t MaxNewSize                               = 715653120                                 {product} {ergonomic}
   size_t MinHeapDeltaBytes                        = 524288                                    {product} {ergonomic}
   size_t MinHeapSize                              = 104857600                                 {product} {command line}
   size_t NewSize                                  = 34603008                                  {product} {ergonomic}
    uintx NonNMethodCodeHeapSize                   = 5839372                                {pd product} {ergonomic}
    uintx NonProfiledCodeHeapSize                  = 122909434                              {pd product} {ergonomic}
   size_t OldSize                                  = 70254592                                  {product} {ergonomic}
    uintx ProfiledCodeHeapSize                     = 122909434                              {pd product} {ergonomic}
    uintx ReservedCodeCacheSize                    = 251658240                              {pd product} {ergonomic}
     bool SegmentedCodeCache                       = true                                      {product} {ergonomic}
   size_t SoftMaxHeapSize                          = 2147483648                             {manageable} {ergonomic}
     bool UseCompressedOops                        = true                           {product lp64_product} {ergonomic}
     bool UseLargePagesIndividualAllocation        = false                                  {pd product} {ergonomic}
     bool UseParallelGC                            = true                                      {product} {command line}

Logging:
Log output configuration:
 #0: stdout all=off uptime,level,tags foldmultilines=false
 #1: stderr all=off uptime,level,tags foldmultilines=false

Release file:
JAVA_VERSION="21.0.9" 
MODULES="java.base java.compiler java.datatransfer java.xml java.prefs java.desktop java.instrument java.logging java.management java.security.sasl java.naming java.rmi java.management.rmi java.net.http java.scripting java.security.jgss java.transaction.xa java.sql java.sql.rowset java.xml.crypto java.se java.smartcardio jdk.accessibility jdk.internal.jvmstat jdk.attach jdk.charsets jdk.internal.opt jdk.zipfs jdk.compiler jdk.crypto.ec jdk.crypto.cryptoki jdk.crypto.mscapi jdk.dynalink jdk.internal.ed jdk.editpad jdk.hotspot.agent jdk.httpserver jdk.internal.le jdk.internal.vm.ci jdk.internal.vm.compiler jdk.internal.vm.compiler.management jdk.jartool jdk.javadoc jdk.jcmd jdk.management jdk.management.agent jdk.jconsole jdk.jdeps jdk.jdwp.agent jdk.jdi jdk.jfr jdk.jshell jdk.jsobject jdk.jstatd jdk.localedata jdk.management.jfr jdk.naming.dns jdk.naming.rmi jdk.net jdk.nio.mapmode jdk.random jdk.sctp jdk.security.auth jdk.security.jgss jdk.unsupported jdk.unsupported.desktop jdk.xml.dom" 

Environment Variables:
JAVA_HOME=C:\Program Files\Java\jdk-23
PATH=C:\Program Files\Common Files\Oracle\Java\javapath;C:\WINDOWS\system32;C:\WINDOWS;C:\WINDOWS\System32\Wbem;C:\WINDOWS\System32\WindowsPowerShell\v1.0\;C:\WINDOWS\System32\OpenSSH\;C:\Program Files\dotnet\;C:\Program Files (x86)\Microsoft SQL Server\160\DTS\Binn\;C:\Program Files\Azure Data Studio\bin;C:\Program Files (x86)\Microsoft SQL Server\160\Tools\Binn\;C:\Program Files\Microsoft SQL Server\160\Tools\Binn\;C:\Program Files\Microsoft SQL Server\Client SDK\ODBC\170\Tools\Binn\;C:\Program Files\Microsoft SQL Server\160\DTS\Binn\;F:\common;C:\Program Files\Java\jdk-23\bin;C:\apache-maven-3.9.11\bin;C:\Program Files\nodejs\;C:\Program Files\Docker\Docker\resources\bin;C:\ProgramData\DockerDesktop\version-bin;C:\Program Files\Cloudflare\Cloudflare WARP\;C:\Program Files (x86)\Windows Kits\10\Windows Performance Toolkit\;C:\Program Files\Microsoft SQL Server\150\Tools\Binn\;C:\Program Files\CMake\bin;C:\Program Files\Git\cmd;C:\msys64\usr\bin;C:\Program Files\Go\bin;C:\Users\Long Phung\Downloads\skaff;G:\Minikube;C:\Program Files (x86)\Graphviz\bin;C:\Users\Long Phung\AppData\Local\Programs\Python\Python312\Scripts\;C:\Users\Long Phung\AppData\Local\Programs\Python\Python312\;C:\Users\Long Phung\AppData\Local\Programs\Python\Launcher\;C:\Users\Long Phung\AppData\Local\Microsoft\WindowsApps;C:\Program Files\Azure Data Studio\bin;F:\Microsoft VS Code\bin;C:\Users\Long Phung\AppData\Local\GitHubDesktop\bin;C:\Users\Long Phung\AppData\Roaming\npm;C:\Program Files\Java\jdk-17\bin;C:\Users\Long Phung\.dotnet\tools;C:\Program Files\JetBrains\PyCharm 2025.1.3.1\bin;;C:\Users\Long Phung\go\bin;C:\Users\Long Phung\AppData\Local\Google\Cloud SDK\google-cloud-sdk\bin;F:\Antigravity\bin;G:\cursor\resources\app\bin
USERNAME=Long Phung
OS=Windows_NT
PROCESSOR_IDENTIFIER=Intel64 Family 6 Model 140 Stepping 1, GenuineIntel
TMP=C:\Users\LONGPH~1\AppData\Local\Temp
TEMP=C:\Users\LONGPH~1\AppData\Local\Temp




Periodic native trim disabled

---------------  S Y S T E M  ---------------

OS:
 Windows 11 , 64 bit Build 26100 (10.0.26100.7705)
OS uptime: 5 days 2:37 hours
Hyper-V role detected

CPU: total 8 (initial active 8) (4 cores per cpu, 2 threads per core) family 6 model 140 stepping 1 microcode 0x8a, cx8, cmov, fxsr, ht, mmx, 3dnowpref, sse, sse2, sse3, ssse3, sse4.1, sse4.2, popcnt, lzcnt, tsc, tscinvbit, avx, avx2, aes, erms, clmul, bmi1, bmi2, adx, avx512f, avx512dq, avx512cd, avx512bw, avx512vl, sha, fma, vzeroupper, avx512_vpopcntdq, avx512_vpclmulqdq, avx512_vaes, avx512_vnni, clflush, clflushopt, clwb, avx512_vbmi2, avx512_vbmi, hv, rdtscp, rdpid, fsrm, gfni, avx512_bitalg, f16c, cet_ibt, cet_ss, avx512_ifma
Processor Information for the first 8 processors :
  Max Mhz: 2803, Current Mhz: 2803, Mhz Limit: 2803

Memory: 4k page, system-wide physical 7971M (436M free)
TotalPageFile size 25471M (AvailPageFile size 4M)
current process WorkingSet (physical memory assigned to process): 108M, peak: 108M
current process commit charge ("private bytes"): 250M, peak: 251M

vm_info: OpenJDK 64-Bit Server VM (21.0.9+10-LTS) for windows-amd64 JRE (21.0.9+10-LTS), built on 2025-10-21T00:00:00Z by "admin" with unknown MS VC++:1942

END.
