#
# There is insufficient memory for the Java Runtime Environment to continue.
# Native memory allocation (malloc) failed to allocate 1197936 bytes for Chunk::new
# Possible reasons:
#   The system is out of physical RAM or swap space
#   The process is running with CompressedOops enabled, and the Java Heap may be blocking the growth of the native heap
# Possible solutions:
#   Reduce memory load on the system
#   Increase physical memory or swap space
#   Check if swap backing store is full
#   Decrease Java heap size (-Xmx/-Xms)
#   Decrease number of Java threads
#   Decrease Java thread stack sizes (-Xss)
#   Set larger code cache with -XX:ReservedCodeCacheSize=
#   JVM is running with Unscaled Compressed Oops mode in which the Java heap is
#     placed in the first 4GB address space. The Java Heap base address is the
#     maximum limit for the native heap growth. Please use -XX:HeapBaseMinAddress
#     to set the Java Heap base and to place the Java Heap above 4GB virtual address.
# This output file may be truncated or incomplete.
#
#  Out of Memory Error (arena.cpp:189), pid=16880, tid=9300
#
# JRE version: Java(TM) SE Runtime Environment (17.0.9+11) (build 17.0.9+11-LTS-201)
# Java VM: Java HotSpot(TM) 64-Bit Server VM (17.0.9+11-LTS-201, mixed mode, sharing, tiered, compressed oops, compressed class ptrs, g1 gc, windows-amd64)
# No core dump will be written. Minidumps are not enabled by default on client versions of Windows
#

---------------  S U M M A R Y ------------

Command Line: -XX:+ShowCodeDetailsInExceptionMessages vn.kurisu.mentormatch.MentorMatchApplication

Host: 11th Gen Intel(R) Core(TM) i7-1165G7 @ 2.80GHz, 8 cores, 7G,  Windows 11 , 64 bit Build 26100 (10.0.26100.7705)
Time: Mon Mar  9 10:05:32 2026 SE Asia Standard Time elapsed time: 122.660237 seconds (0d 0h 2m 2s)

---------------  T H R E A D  ---------------

Current thread (0x0000023016144a70):  JavaThread "C2 CompilerThread0" daemon [_thread_in_native, id=9300, stack(0x0000008e51100000,0x0000008e51200000)]


Current CompileTask:
C2: 122660 4864       4       java.lang.invoke.MethodType::makeImpl (109 bytes)

Stack: [0x0000008e51100000,0x0000008e51200000]
Native frames: (J=compiled Java code, j=interpreted, Vv=VM code, C=native code)
V  [jvm.dll+0x678a4a]
V  [jvm.dll+0x7d9cfd]
V  [jvm.dll+0x7db60e]
V  [jvm.dll+0x7dbc73]
V  [jvm.dll+0x245e1f]
V  [jvm.dll+0xaaafb]
V  [jvm.dll+0xab09c]
V  [jvm.dll+0x36232f]
V  [jvm.dll+0x32ca01]
V  [jvm.dll+0x32be9a]
V  [jvm.dll+0x21812f]
V  [jvm.dll+0x217561]
V  [jvm.dll+0x1a3bc0]
V  [jvm.dll+0x2272de]
V  [jvm.dll+0x22548b]
V  [jvm.dll+0x78f58c]
V  [jvm.dll+0x78998a]
V  [jvm.dll+0x677875]
C  [ucrtbase.dll+0x37b0]
C  [KERNEL32.DLL+0x2e8d7]
C  [ntdll.dll+0x8c40c]


---------------  P R O C E S S  ---------------

Threads class SMR info:
_java_thread_list=0x00000230169c29e0, length=14, elements={
0x00000230780a70b0, 0x000002301612f730, 0x0000023016130a70, 0x0000023016141f40,
0x0000023016143520, 0x0000023016143af0, 0x00000230161440c0, 0x0000023016144a70,
0x0000023016149390, 0x00000230162f8010, 0x00000230163dcb10, 0x00000230163e91d0,
0x000002305ce793e0, 0x000002305c89d330
}

Java Threads: ( => current thread )
  0x00000230780a70b0 JavaThread "main" [_thread_in_vm, id=19568, stack(0x0000008e50400000,0x0000008e50500000)]
  0x000002301612f730 JavaThread "Reference Handler" daemon [_thread_blocked, id=12916, stack(0x0000008e50b00000,0x0000008e50c00000)]
  0x0000023016130a70 JavaThread "Finalizer" daemon [_thread_blocked, id=26084, stack(0x0000008e50c00000,0x0000008e50d00000)]
  0x0000023016141f40 JavaThread "Signal Dispatcher" daemon [_thread_blocked, id=8272, stack(0x0000008e50d00000,0x0000008e50e00000)]
  0x0000023016143520 JavaThread "Attach Listener" daemon [_thread_blocked, id=25720, stack(0x0000008e50e00000,0x0000008e50f00000)]
  0x0000023016143af0 JavaThread "Service Thread" daemon [_thread_blocked, id=11772, stack(0x0000008e50f00000,0x0000008e51000000)]
  0x00000230161440c0 JavaThread "Monitor Deflation Thread" daemon [_thread_blocked, id=13516, stack(0x0000008e51000000,0x0000008e51100000)]
=>0x0000023016144a70 JavaThread "C2 CompilerThread0" daemon [_thread_in_native, id=9300, stack(0x0000008e51100000,0x0000008e51200000)]
  0x0000023016149390 JavaThread "C1 CompilerThread0" daemon [_thread_blocked, id=23648, stack(0x0000008e51200000,0x0000008e51300000)]
  0x00000230162f8010 JavaThread "Sweeper thread" daemon [_thread_blocked, id=17424, stack(0x0000008e51300000,0x0000008e51400000)]
  0x00000230163dcb10 JavaThread "Notification Thread" daemon [_thread_blocked, id=12956, stack(0x0000008e51400000,0x0000008e51500000)]
  0x00000230163e91d0 JavaThread "Common-Cleaner" daemon [_thread_blocked, id=10912, stack(0x0000008e51600000,0x0000008e51700000)]
  0x000002305ce793e0 JavaThread "mysql-cj-abandoned-connection-cleanup" daemon [_thread_blocked, id=18272, stack(0x0000008e50200000,0x0000008e50300000)]
  0x000002305c89d330 JavaThread "HikariPool-1 housekeeper" daemon [_thread_blocked, id=6036, stack(0x0000008e50300000,0x0000008e50400000)]

Other Threads:
  0x0000023016126190 VMThread "VM Thread" [stack: 0x0000008e50a00000,0x0000008e50b00000] [id=26520]
  0x0000023078124180 WatcherThread [stack: 0x0000008e51500000,0x0000008e51600000] [id=21600]
  0x000002307810c9d0 GCTaskThread "GC Thread#0" [stack: 0x0000008e50500000,0x0000008e50600000] [id=13272]
  0x000002301694eb80 GCTaskThread "GC Thread#1" [stack: 0x0000008e51700000,0x0000008e51800000] [id=19824]
  0x0000023016a95fa0 GCTaskThread "GC Thread#2" [stack: 0x0000008e51800000,0x0000008e51900000] [id=22432]
  0x0000023016361b70 GCTaskThread "GC Thread#3" [stack: 0x0000008e51900000,0x0000008e51a00000] [id=14968]
  0x0000023016361e30 GCTaskThread "GC Thread#4" [stack: 0x0000008e51a00000,0x0000008e51b00000] [id=1168]
  0x000002305ca0b7a0 GCTaskThread "GC Thread#5" [stack: 0x0000008e51c00000,0x0000008e51d00000] [id=12564]
  0x000002305cca7490 GCTaskThread "GC Thread#6" [stack: 0x0000008e51d00000,0x0000008e51e00000] [id=13480]
  0x000002305cca7750 GCTaskThread "GC Thread#7" [stack: 0x0000008e51e00000,0x0000008e51f00000] [id=14056]
  0x000002307811d260 ConcurrentGCThread "G1 Main Marker" [stack: 0x0000008e50600000,0x0000008e50700000] [id=9352]
  0x000002307811dc70 ConcurrentGCThread "G1 Conc#0" [stack: 0x0000008e50700000,0x0000008e50800000] [id=16840]
  0x000002305c4fe430 ConcurrentGCThread "G1 Conc#1" [stack: 0x0000008e51b00000,0x0000008e51c00000] [id=6400]
  0x0000023015fdb110 ConcurrentGCThread "G1 Refine#0" [stack: 0x0000008e50800000,0x0000008e50900000] [id=16316]
  0x0000023015fdbca0 ConcurrentGCThread "G1 Service" [stack: 0x0000008e50900000,0x0000008e50a00000] [id=16568]

Threads with active compile tasks:
C2 CompilerThread0   122715 4864       4       java.lang.invoke.MethodType::makeImpl (109 bytes)

VM state: not at safepoint (normal execution)

VM Mutex/Monitor currently owned by a thread: None

Heap address: 0x0000000083600000, size: 1994 MB, Compressed Oops mode: 32-bit

CDS archive(s) mapped at: [0x0000023017000000-0x0000023017bd0000-0x0000023017bd0000), size 12386304, SharedBaseAddress: 0x0000023017000000, ArchiveRelocationMode: 1.
Compressed class space mapped at: 0x0000023018000000-0x0000023058000000, reserved size: 1073741824
Narrow klass base: 0x0000023017000000, Narrow klass shift: 0, Narrow klass range: 0x100000000

GC Precious Log:
 CPUs: 8 total, 8 available
 Memory: 7971M
 Large Page Support: Disabled
 NUMA Support: Disabled
 Compressed Oops: Enabled (32-bit)
 Heap Region Size: 1M
 Heap Min Capacity: 8M
 Heap Initial Capacity: 126M
 Heap Max Capacity: 1994M
 Pre-touch: Disabled
 Parallel Workers: 8
 Concurrent Workers: 2
 Concurrent Refinement Workers: 8
 Periodic GC: Disabled

Heap:
 garbage-first heap   total 65536K, used 35313K [0x0000000083600000, 0x0000000100000000)
  region size 1024K, 16 young (16384K), 3 survivors (3072K)
 Metaspace       used 46940K, committed 47360K, reserved 1114112K
  class space    used 6216K, committed 6400K, reserved 1048576K

Heap Regions: E=young(eden), S=young(survivor), O=old, HS=humongous(starts), HC=humongous(continues), CS=collection set, F=free, OA=open archive, CA=closed archive, TAMS=top-at-mark-start (previous, next)
|   0|0x0000000083600000, 0x0000000083700000, 0x0000000083700000|100%|HS|  |TAMS 0x0000000083700000, 0x0000000083600000| Complete 
|   1|0x0000000083700000, 0x0000000083800000, 0x0000000083800000|100%| O|  |TAMS 0x0000000083800000, 0x0000000083700000| Untracked 
|   2|0x0000000083800000, 0x0000000083900000, 0x0000000083900000|100%| O|  |TAMS 0x0000000083900000, 0x0000000083800000| Untracked 
|   3|0x0000000083900000, 0x0000000083a00000, 0x0000000083a00000|100%| O|  |TAMS 0x0000000083a00000, 0x0000000083900000| Untracked 
|   4|0x0000000083a00000, 0x0000000083b00000, 0x0000000083b00000|100%| O|  |TAMS 0x0000000083b00000, 0x0000000083a00000| Untracked 
|   5|0x0000000083b00000, 0x0000000083c00000, 0x0000000083c00000|100%| O|  |TAMS 0x0000000083c00000, 0x0000000083b00000| Untracked 
|   6|0x0000000083c00000, 0x0000000083d00000, 0x0000000083d00000|100%| O|  |TAMS 0x0000000083d00000, 0x0000000083c00000| Untracked 
|   7|0x0000000083d00000, 0x0000000083e00000, 0x0000000083e00000|100%| O|  |TAMS 0x0000000083d00000, 0x0000000083d00000| Untracked 
|   8|0x0000000083e00000, 0x0000000083f00000, 0x0000000083f00000|100%| O|  |TAMS 0x0000000083f00000, 0x0000000083e00000| Untracked 
|   9|0x0000000083f00000, 0x0000000084000000, 0x0000000084000000|100%| O|  |TAMS 0x0000000084000000, 0x0000000083f00000| Untracked 
|  10|0x0000000084000000, 0x0000000084100000, 0x0000000084100000|100%| O|  |TAMS 0x0000000084100000, 0x0000000084000000| Untracked 
|  11|0x0000000084100000, 0x0000000084200000, 0x0000000084200000|100%| O|  |TAMS 0x0000000084200000, 0x0000000084100000| Untracked 
|  12|0x0000000084200000, 0x0000000084300000, 0x0000000084300000|100%| O|  |TAMS 0x0000000084300000, 0x0000000084200000| Untracked 
|  13|0x0000000084300000, 0x0000000084400000, 0x0000000084400000|100%| O|  |TAMS 0x0000000084400000, 0x0000000084300000| Untracked 
|  14|0x0000000084400000, 0x0000000084500000, 0x0000000084500000|100%| O|  |TAMS 0x0000000084500000, 0x0000000084400000| Untracked 
|  15|0x0000000084500000, 0x0000000084600000, 0x0000000084600000|100%| O|  |TAMS 0x0000000084600000, 0x0000000084500000| Untracked 
|  16|0x0000000084600000, 0x0000000084600000, 0x0000000084700000|  0%| F|  |TAMS 0x0000000084600000, 0x0000000084600000| Untracked 
|  17|0x0000000084700000, 0x0000000084800000, 0x0000000084800000|100%| O|  |TAMS 0x0000000084700000, 0x0000000084700000| Untracked 
|  18|0x0000000084800000, 0x0000000084900000, 0x0000000084900000|100%| O|  |TAMS 0x0000000084800000, 0x0000000084800000| Untracked 
|  19|0x0000000084900000, 0x0000000084a00000, 0x0000000084a00000|100%| O|  |TAMS 0x0000000084900000, 0x0000000084900000| Untracked 
|  20|0x0000000084a00000, 0x0000000084a9b200, 0x0000000084b00000| 60%| O|  |TAMS 0x0000000084a00000, 0x0000000084a00000| Untracked 
|  21|0x0000000084b00000, 0x0000000084b00000, 0x0000000084c00000|  0%| F|  |TAMS 0x0000000084b00000, 0x0000000084b00000| Untracked 
|  22|0x0000000084c00000, 0x0000000084c00000, 0x0000000084d00000|  0%| F|  |TAMS 0x0000000084c00000, 0x0000000084c00000| Untracked 
|  23|0x0000000084d00000, 0x0000000084d00000, 0x0000000084e00000|  0%| F|  |TAMS 0x0000000084d00000, 0x0000000084d00000| Untracked 
|  24|0x0000000084e00000, 0x0000000084e00000, 0x0000000084f00000|  0%| F|  |TAMS 0x0000000084e00000, 0x0000000084e00000| Untracked 
|  25|0x0000000084f00000, 0x0000000084f00000, 0x0000000085000000|  0%| F|  |TAMS 0x0000000084f00000, 0x0000000084f00000| Untracked 
|  26|0x0000000085000000, 0x0000000085000000, 0x0000000085100000|  0%| F|  |TAMS 0x0000000085000000, 0x0000000085000000| Untracked 
|  27|0x0000000085100000, 0x0000000085100000, 0x0000000085200000|  0%| F|  |TAMS 0x0000000085100000, 0x0000000085100000| Untracked 
|  28|0x0000000085200000, 0x0000000085200000, 0x0000000085300000|  0%| F|  |TAMS 0x0000000085200000, 0x0000000085200000| Untracked 
|  29|0x0000000085300000, 0x0000000085300000, 0x0000000085400000|  0%| F|  |TAMS 0x0000000085300000, 0x0000000085300000| Untracked 
|  30|0x0000000085400000, 0x0000000085400000, 0x0000000085500000|  0%| F|  |TAMS 0x0000000085400000, 0x0000000085400000| Untracked 
|  31|0x0000000085500000, 0x0000000085500000, 0x0000000085600000|  0%| F|  |TAMS 0x0000000085500000, 0x0000000085500000| Untracked 
|  32|0x0000000085600000, 0x00000000856e1578, 0x0000000085700000| 88%| S|CS|TAMS 0x0000000085600000, 0x0000000085600000| Complete 
|  33|0x0000000085700000, 0x0000000085800000, 0x0000000085800000|100%| S|CS|TAMS 0x0000000085700000, 0x0000000085700000| Complete 
|  34|0x0000000085800000, 0x0000000085900000, 0x0000000085900000|100%| S|CS|TAMS 0x0000000085800000, 0x0000000085800000| Complete 
|  35|0x0000000085900000, 0x0000000085900000, 0x0000000085a00000|  0%| F|  |TAMS 0x0000000085900000, 0x0000000085900000| Untracked 
|  36|0x0000000085a00000, 0x0000000085a00000, 0x0000000085b00000|  0%| F|  |TAMS 0x0000000085a00000, 0x0000000085a00000| Untracked 
|  37|0x0000000085b00000, 0x0000000085b00000, 0x0000000085c00000|  0%| F|  |TAMS 0x0000000085b00000, 0x0000000085b00000| Untracked 
|  38|0x0000000085c00000, 0x0000000085c00000, 0x0000000085d00000|  0%| F|  |TAMS 0x0000000085c00000, 0x0000000085c00000| Untracked 
|  39|0x0000000085d00000, 0x0000000085d00000, 0x0000000085e00000|  0%| F|  |TAMS 0x0000000085d00000, 0x0000000085d00000| Untracked 
|  40|0x0000000085e00000, 0x0000000085e00000, 0x0000000085f00000|  0%| F|  |TAMS 0x0000000085e00000, 0x0000000085e00000| Untracked 
|  41|0x0000000085f00000, 0x0000000085f00000, 0x0000000086000000|  0%| F|  |TAMS 0x0000000085f00000, 0x0000000085f00000| Untracked 
|  42|0x0000000086000000, 0x0000000086000000, 0x0000000086100000|  0%| F|  |TAMS 0x0000000086000000, 0x0000000086000000| Untracked 
|  43|0x0000000086100000, 0x0000000086100000, 0x0000000086200000|  0%| F|  |TAMS 0x0000000086100000, 0x0000000086100000| Untracked 
|  44|0x0000000086200000, 0x0000000086200000, 0x0000000086300000|  0%| F|  |TAMS 0x0000000086200000, 0x0000000086200000| Untracked 
|  45|0x0000000086300000, 0x0000000086300000, 0x0000000086400000|  0%| F|  |TAMS 0x0000000086300000, 0x0000000086300000| Untracked 
|  46|0x0000000086400000, 0x0000000086400000, 0x0000000086500000|  0%| F|  |TAMS 0x0000000086400000, 0x0000000086400000| Untracked 
|  47|0x0000000086500000, 0x0000000086500000, 0x0000000086600000|  0%| F|  |TAMS 0x0000000086500000, 0x0000000086500000| Untracked 
|  48|0x0000000086600000, 0x0000000086600000, 0x0000000086700000|  0%| F|  |TAMS 0x0000000086600000, 0x0000000086600000| Untracked 
|  49|0x0000000086700000, 0x0000000086700000, 0x0000000086800000|  0%| F|  |TAMS 0x0000000086700000, 0x0000000086700000| Untracked 
|  50|0x0000000086800000, 0x0000000086800000, 0x0000000086900000|  0%| F|  |TAMS 0x0000000086800000, 0x0000000086800000| Untracked 
|  51|0x0000000086900000, 0x0000000086980338, 0x0000000086a00000| 50%| E|  |TAMS 0x0000000086900000, 0x0000000086900000| Complete 
|  52|0x0000000086a00000, 0x0000000086b00000, 0x0000000086b00000|100%| E|CS|TAMS 0x0000000086a00000, 0x0000000086a00000| Complete 
|  66|0x0000000087800000, 0x0000000087900000, 0x0000000087900000|100%| E|CS|TAMS 0x0000000087800000, 0x0000000087800000| Complete 
|  67|0x0000000087900000, 0x0000000087a00000, 0x0000000087a00000|100%| E|CS|TAMS 0x0000000087900000, 0x0000000087900000| Complete 
|  68|0x0000000087a00000, 0x0000000087b00000, 0x0000000087b00000|100%| E|CS|TAMS 0x0000000087a00000, 0x0000000087a00000| Complete 
|  69|0x0000000087b00000, 0x0000000087c00000, 0x0000000087c00000|100%| E|CS|TAMS 0x0000000087b00000, 0x0000000087b00000| Complete 
|  70|0x0000000087c00000, 0x0000000087d00000, 0x0000000087d00000|100%| E|CS|TAMS 0x0000000087c00000, 0x0000000087c00000| Complete 
|  71|0x0000000087d00000, 0x0000000087e00000, 0x0000000087e00000|100%| E|CS|TAMS 0x0000000087d00000, 0x0000000087d00000| Complete 
|  72|0x0000000087e00000, 0x0000000087f00000, 0x0000000087f00000|100%| E|CS|TAMS 0x0000000087e00000, 0x0000000087e00000| Complete 
| 122|0x000000008b000000, 0x000000008b100000, 0x000000008b100000|100%| E|CS|TAMS 0x000000008b000000, 0x000000008b000000| Complete 
| 123|0x000000008b100000, 0x000000008b200000, 0x000000008b200000|100%| E|CS|TAMS 0x000000008b100000, 0x000000008b100000| Complete 
| 124|0x000000008b200000, 0x000000008b300000, 0x000000008b300000|100%| E|CS|TAMS 0x000000008b200000, 0x000000008b200000| Complete 
| 125|0x000000008b300000, 0x000000008b400000, 0x000000008b400000|100%| E|CS|TAMS 0x000000008b300000, 0x000000008b300000| Complete 

Card table byte_map: [0x000002300f3f0000,0x000002300f7e0000] _byte_map_base: 0x000002300efd5000

Marking Bits (Prev, Next): (CMBitMap*) 0x000002307810cff0, (CMBitMap*) 0x000002307810d030
 Prev Bits: [0x000002300fbd0000, 0x0000023011af8000)
 Next Bits: [0x0000023011b00000, 0x0000023013a28000)

Polling page: 0x0000023075d30000

Metaspace:

Usage:
  Non-class:     39.77 MB used.
      Class:      6.07 MB used.
       Both:     45.84 MB used.

Virtual space:
  Non-class space:       64.00 MB reserved,      40.00 MB ( 62%) committed,  1 nodes.
      Class space:        1.00 GB reserved,       6.25 MB ( <1%) committed,  1 nodes.
             Both:        1.06 GB reserved,      46.25 MB (  4%) committed. 

Chunk freelists:
   Non-Class:  7.31 MB
       Class:  9.66 MB
        Both:  16.97 MB

MaxMetaspaceSize: unlimited
CompressedClassSpaceSize: 1.00 GB
Initial GC threshold: 21.00 MB
Current GC threshold: 59.19 MB
CDS: on
MetaspaceReclaimPolicy: balanced
 - commit_granule_bytes: 65536.
 - commit_granule_words: 8192.
 - virtual_space_node_default_size: 8388608.
 - enlarge_chunks_in_place: 1.
 - new_chunks_are_fully_committed: 0.
 - uncommit_free_chunks: 1.
 - use_allocation_guard: 0.
 - handle_deallocations: 1.


Internal statistics:

num_allocs_failed_limit: 6.
num_arena_births: 532.
num_arena_deaths: 0.
num_vsnodes_births: 2.
num_vsnodes_deaths: 0.
num_space_committed: 740.
num_space_uncommitted: 0.
num_chunks_returned_to_freelist: 6.
num_chunks_taken_from_freelist: 2191.
num_chunk_merges: 6.
num_chunk_splits: 1610.
num_chunks_enlarged: 1265.
num_inconsistent_stats: 0.

CodeHeap 'non-profiled nmethods': size=120000Kb used=2857Kb max_used=3492Kb free=117142Kb
 bounds [0x0000023007ad0000, 0x0000023007e40000, 0x000002300f000000]
CodeHeap 'profiled nmethods': size=120000Kb used=8253Kb max_used=10110Kb free=111746Kb
 bounds [0x0000023000000000, 0x00000230009e0000, 0x0000023007530000]
CodeHeap 'non-nmethods': size=5760Kb used=1278Kb max_used=1309Kb free=4481Kb
 bounds [0x0000023007530000, 0x00000230077a0000, 0x0000023007ad0000]
 total_blobs=4693 nmethods=4108 adapters=497
 compilation: enabled
              stopped_count=0, restarted_count=0
 full_count=0

Compilation events (20 events):
Event: 119.484 Thread 0x0000023016149390 4857       3       org.hibernate.validator.internal.util.CollectionHelper::newArrayList (8 bytes)
Event: 119.484 Thread 0x0000023016149390 nmethod 4857 0x0000023000338610 code [0x00000230003387c0, 0x0000023000338af8]
Event: 119.484 Thread 0x0000023016149390 4858       3       java.util.stream.Collectors::collectingAndThen (95 bytes)
Event: 119.485 Thread 0x0000023016149390 nmethod 4858 0x0000023000366c90 code [0x0000023000366f20, 0x0000023000367cb8]
Event: 119.485 Thread 0x0000023016149390 4861       3       java.util.EnumSet::copyOf (84 bytes)
Event: 119.486 Thread 0x0000023016149390 nmethod 4861 0x0000023000355290 code [0x0000023000355560, 0x0000023000356658]
Event: 119.486 Thread 0x0000023016149390 4860       3       org.hibernate.validator.internal.metadata.aggregated.AbstractConstraintMetaData::<init> (83 bytes)
Event: 119.487 Thread 0x0000023016149390 nmethod 4860 0x0000023000963990 code [0x0000023000963be0, 0x0000023000964578]
Event: 119.489 Thread 0x0000023016149390 4862       3       org.hibernate.validator.internal.metadata.aggregated.AbstractConstraintMetaData::hashCode (31 bytes)
Event: 119.489 Thread 0x0000023016149390 nmethod 4862 0x00000230004a3110 code [0x00000230004a32c0, 0x00000230004a3468]
Event: 119.490 Thread 0x0000023016149390 4863       1       org.hibernate.validator.internal.metadata.aggregated.AbstractConstraintMetaData::isConstrained (5 bytes)
Event: 119.490 Thread 0x0000023016149390 nmethod 4863 0x0000023007c7cd10 code [0x0000023007c7cea0, 0x0000023007c7cf78]
Event: 119.493 Thread 0x0000023016144a70 nmethod 4859 0x0000023007ad5990 code [0x0000023007ad5bc0, 0x0000023007ad6190]
Event: 119.514 Thread 0x0000023016144a70 4864       4       java.lang.invoke.MethodType::makeImpl (109 bytes)
Event: 119.577 Thread 0x0000023016149390 4866       3       java.lang.ClassLoader::getParent (32 bytes)
Event: 119.578 Thread 0x0000023016149390 nmethod 4866 0x000002300001a810 code [0x000002300001aa40, 0x000002300001b3d8]
Event: 119.584 Thread 0x0000023016149390 4867       1       org.hibernate.type.AbstractStandardBasicType::getJavaTypeDescriptor (5 bytes)
Event: 119.585 Thread 0x0000023016149390 nmethod 4867 0x0000023007ad5590 code [0x0000023007ad5720, 0x0000023007ad57f8]
Event: 119.585 Thread 0x0000023016149390 4868       1       java.util.Formatter$FixedString::index (3 bytes)
Event: 119.585 Thread 0x0000023016149390 nmethod 4868 0x0000023007c7ca10 code [0x0000023007c7cba0, 0x0000023007c7cc78]

GC Heap History (20 events):
Event: 7.324 GC heap before
{Heap before GC invocations=0 (full 0):
 garbage-first heap   total 129024K, used 23552K [0x0000000083600000, 0x0000000100000000)
  region size 1024K, 23 young (23552K), 0 survivors (0K)
 Metaspace       used 6013K, committed 6144K, reserved 1114112K
  class space    used 712K, committed 768K, reserved 1048576K
}
Event: 7.343 GC heap after
{Heap after GC invocations=1 (full 0):
 garbage-first heap   total 129024K, used 7542K [0x0000000083600000, 0x0000000100000000)
  region size 1024K, 3 young (3072K), 3 survivors (3072K)
 Metaspace       used 6013K, committed 6144K, reserved 1114112K
  class space    used 712K, committed 768K, reserved 1048576K
}
Event: 15.540 GC heap before
{Heap before GC invocations=1 (full 0):
 garbage-first heap   total 129024K, used 33142K [0x0000000083600000, 0x0000000100000000)
  region size 1024K, 28 young (28672K), 3 survivors (3072K)
 Metaspace       used 11981K, committed 12224K, reserved 1114112K
  class space    used 1603K, committed 1728K, reserved 1048576K
}
Event: 15.550 GC heap after
{Heap after GC invocations=2 (full 0):
 garbage-first heap   total 129024K, used 9619K [0x0000000083600000, 0x0000000100000000)
  region size 1024K, 2 young (2048K), 2 survivors (2048K)
 Metaspace       used 11981K, committed 12224K, reserved 1114112K
  class space    used 1603K, committed 1728K, reserved 1048576K
}
Event: 24.476 GC heap before
{Heap before GC invocations=2 (full 0):
 garbage-first heap   total 129024K, used 60819K [0x0000000083600000, 0x0000000100000000)
  region size 1024K, 53 young (54272K), 2 survivors (2048K)
 Metaspace       used 21329K, committed 21504K, reserved 1114112K
  class space    used 2720K, committed 2816K, reserved 1048576K
}
Event: 24.494 GC heap after
{Heap after GC invocations=3 (full 0):
 garbage-first heap   total 129024K, used 14538K [0x0000000083600000, 0x0000000100000000)
  region size 1024K, 7 young (7168K), 7 survivors (7168K)
 Metaspace       used 21329K, committed 21504K, reserved 1114112K
  class space    used 2720K, committed 2816K, reserved 1048576K
}
Event: 34.744 GC heap before
{Heap before GC invocations=4 (full 0):
 garbage-first heap   total 65536K, used 46282K [0x0000000083600000, 0x0000000100000000)
  region size 1024K, 38 young (38912K), 7 survivors (7168K)
 Metaspace       used 25818K, committed 26240K, reserved 1114112K
  class space    used 3339K, committed 3520K, reserved 1048576K
}
Event: 34.783 GC heap after
{Heap after GC invocations=5 (full 0):
 garbage-first heap   total 65536K, used 16402K [0x0000000083600000, 0x0000000100000000)
  region size 1024K, 3 young (3072K), 3 survivors (3072K)
 Metaspace       used 25818K, committed 26240K, reserved 1114112K
  class space    used 3339K, committed 3520K, reserved 1048576K
}
Event: 35.027 GC heap before
{Heap before GC invocations=5 (full 0):
 garbage-first heap   total 65536K, used 17426K [0x0000000083600000, 0x0000000100000000)
  region size 1024K, 4 young (4096K), 3 survivors (3072K)
 Metaspace       used 25881K, committed 26240K, reserved 1114112K
  class space    used 3347K, committed 3520K, reserved 1048576K
}
Event: 35.038 GC heap after
{Heap after GC invocations=6 (full 0):
 garbage-first heap   total 65536K, used 16838K [0x0000000083600000, 0x0000000100000000)
  region size 1024K, 1 young (1024K), 1 survivors (1024K)
 Metaspace       used 25881K, committed 26240K, reserved 1114112K
  class space    used 3347K, committed 3520K, reserved 1048576K
}
Event: 43.796 GC heap before
{Heap before GC invocations=6 (full 0):
 garbage-first heap   total 65536K, used 44486K [0x0000000083600000, 0x0000000100000000)
  region size 1024K, 29 young (29696K), 1 survivors (1024K)
 Metaspace       used 31309K, committed 31744K, reserved 1114112K
  class space    used 4081K, committed 4288K, reserved 1048576K
}
Event: 43.816 GC heap after
{Heap after GC invocations=7 (full 0):
 garbage-first heap   total 65536K, used 19059K [0x0000000083600000, 0x0000000100000000)
  region size 1024K, 3 young (3072K), 3 survivors (3072K)
 Metaspace       used 31309K, committed 31744K, reserved 1114112K
  class space    used 4081K, committed 4288K, reserved 1048576K
}
Event: 76.353 GC heap before
{Heap before GC invocations=7 (full 0):
 garbage-first heap   total 65536K, used 44659K [0x0000000083600000, 0x0000000100000000)
  region size 1024K, 29 young (29696K), 3 survivors (3072K)
 Metaspace       used 35945K, committed 36288K, reserved 1114112K
  class space    used 4768K, committed 4928K, reserved 1048576K
}
Event: 76.880 GC heap after
{Heap after GC invocations=8 (full 0):
 garbage-first heap   total 65536K, used 20422K [0x0000000083600000, 0x0000000100000000)
  region size 1024K, 2 young (2048K), 2 survivors (2048K)
 Metaspace       used 35945K, committed 36288K, reserved 1114112K
  class space    used 4768K, committed 4928K, reserved 1048576K
}
Event: 79.577 GC heap before
{Heap before GC invocations=9 (full 0):
 garbage-first heap   total 65536K, used 21446K [0x0000000083600000, 0x0000000100000000)
  region size 1024K, 3 young (3072K), 2 survivors (2048K)
 Metaspace       used 36131K, committed 36544K, reserved 1114112K
  class space    used 4799K, committed 4992K, reserved 1048576K
}
Event: 79.580 GC heap after
{Heap after GC invocations=10 (full 0):
 garbage-first heap   total 65536K, used 20794K [0x0000000083600000, 0x0000000100000000)
  region size 1024K, 1 young (1024K), 1 survivors (1024K)
 Metaspace       used 36131K, committed 36544K, reserved 1114112K
  class space    used 4799K, committed 4992K, reserved 1048576K
}
Event: 84.214 GC heap before
{Heap before GC invocations=10 (full 0):
 garbage-first heap   total 65536K, used 21818K [0x0000000083600000, 0x0000000100000000)
  region size 1024K, 3 young (3072K), 1 survivors (1024K)
 Metaspace       used 36540K, committed 36928K, reserved 1114112K
  class space    used 4883K, committed 5056K, reserved 1048576K
}
Event: 84.315 GC heap after
{Heap after GC invocations=11 (full 0):
 garbage-first heap   total 65536K, used 20246K [0x0000000083600000, 0x0000000100000000)
  region size 1024K, 1 young (1024K), 1 survivors (1024K)
 Metaspace       used 36540K, committed 36928K, reserved 1114112K
  class space    used 4883K, committed 5056K, reserved 1048576K
}
Event: 115.805 GC heap before
{Heap before GC invocations=11 (full 0):
 garbage-first heap   total 65536K, used 48918K [0x0000000083600000, 0x0000000100000000)
  region size 1024K, 29 young (29696K), 1 survivors (1024K)
 Metaspace       used 44263K, committed 44672K, reserved 1114112K
  class space    used 5915K, committed 6080K, reserved 1048576K
}
Event: 115.828 GC heap after
{Heap after GC invocations=12 (full 0):
 garbage-first heap   total 65536K, used 23025K [0x0000000083600000, 0x0000000100000000)
  region size 1024K, 3 young (3072K), 3 survivors (3072K)
 Metaspace       used 44263K, committed 44672K, reserved 1114112K
  class space    used 5915K, committed 6080K, reserved 1048576K
}

Deoptimization events (20 events):
Event: 112.131 Thread 0x00000230780a70b0 Uncommon trap: trap_request=0xffffff45 fr.pc=0x0000023007d60814 relative=0x0000000000000394
Event: 112.131 Thread 0x00000230780a70b0 Uncommon trap: reason=unstable_if action=reinterpret pc=0x0000023007d60814 method=java.lang.reflect.AnnotatedElement.isAnnotationPresent(Ljava/lang/Class;)Z @ 7 c2
Event: 112.131 Thread 0x00000230780a70b0 DEOPT PACKING pc=0x0000023007d60814 sp=0x0000008e504fa3c0
Event: 112.131 Thread 0x00000230780a70b0 DEOPT UNPACKING pc=0x0000023007585ba3 sp=0x0000008e504fa318 mode 2
Event: 115.964 Thread 0x00000230780a70b0 Uncommon trap: trap_request=0xffffff45 fr.pc=0x0000023007d419f4 relative=0x0000000000000074
Event: 115.964 Thread 0x00000230780a70b0 Uncommon trap: reason=unstable_if action=reinterpret pc=0x0000023007d419f4 method=jdk.internal.misc.Unsafe.convEndian(ZI)I @ 4 c2
Event: 115.964 Thread 0x00000230780a70b0 DEOPT PACKING pc=0x0000023007d419f4 sp=0x0000008e504fa010
Event: 115.964 Thread 0x00000230780a70b0 DEOPT UNPACKING pc=0x0000023007585ba3 sp=0x0000008e504f9f18 mode 2
Event: 115.964 Thread 0x00000230780a70b0 Uncommon trap: trap_request=0xffffff45 fr.pc=0x0000023007d442b8 relative=0x0000000000000038
Event: 115.964 Thread 0x00000230780a70b0 Uncommon trap: reason=unstable_if action=reinterpret pc=0x0000023007d442b8 method=jdk.internal.misc.Unsafe.convEndian(ZI)I @ 4 c2
Event: 115.964 Thread 0x00000230780a70b0 DEOPT PACKING pc=0x0000023007d442b8 sp=0x0000008e504f9f70
Event: 115.964 Thread 0x00000230780a70b0 DEOPT UNPACKING pc=0x0000023007585ba3 sp=0x0000008e504f9f08 mode 2
Event: 119.460 Thread 0x00000230780a70b0 Uncommon trap: trap_request=0xffffffcc fr.pc=0x0000023007ad90a4 relative=0x0000000000000284
Event: 119.460 Thread 0x00000230780a70b0 Uncommon trap: reason=intrinsic_or_type_checked_inlining action=make_not_entrant pc=0x0000023007ad90a4 method=java.util.ArrayList.toArray([Ljava/lang/Object;)[Ljava/lang/Object; @ 36 c2
Event: 119.460 Thread 0x00000230780a70b0 DEOPT PACKING pc=0x0000023007ad90a4 sp=0x0000008e504f9560
Event: 119.461 Thread 0x00000230780a70b0 DEOPT UNPACKING pc=0x0000023007585ba3 sp=0x0000008e504f9510 mode 2
Event: 119.515 Thread 0x00000230780a70b0 Uncommon trap: trap_request=0xffffff45 fr.pc=0x0000023007be3e48 relative=0x0000000000000048
Event: 119.515 Thread 0x00000230780a70b0 Uncommon trap: reason=unstable_if action=reinterpret pc=0x0000023007be3e48 method=java.lang.StringConcatHelper.stringOf(Ljava/lang/Object;)Ljava/lang/String; @ 1 c2
Event: 119.515 Thread 0x00000230780a70b0 DEOPT PACKING pc=0x0000023007be3e48 sp=0x0000008e504fa6e0
Event: 119.515 Thread 0x00000230780a70b0 DEOPT UNPACKING pc=0x0000023007585ba3 sp=0x0000008e504fa670 mode 2

Classes unloaded (0 events):
No events

Classes redefined (0 events):
No events

Internal exceptions (20 events):
Event: 39.194 Thread 0x00000230780a70b0 Exception <a 'java/lang/NoSuchMethodError'{0x00000000868ae3c0}: 'void java.lang.invoke.DirectMethodHandle$Holder.invokeStatic(java.lang.Object, int, java.lang.Object)'> (0x00000000868ae3c0) 
thrown [s\open\src\hotspot\share\interpreter\linkResolver.cpp, line 759]
Event: 39.214 Thread 0x00000230780a70b0 Exception <a 'java/lang/NoSuchMethodError'{0x00000000868ea288}: 'void java.lang.invoke.DirectMethodHandle$Holder.invokeVirtual(java.lang.Object, java.lang.Object, int)'> (0x00000000868ea288) 
thrown [s\open\src\hotspot\share\interpreter\linkResolver.cpp, line 759]
Event: 39.219 Thread 0x00000230780a70b0 Exception <a 'java/lang/NoSuchMethodError'{0x00000000868f04d0}: 'void java.lang.invoke.DirectMethodHandle$Holder.invokeStatic(java.lang.Object, java.lang.Object, java.lang.Object, int, java.lang.Object)'> (0x00000000868f04d0) 
thrown [s\open\src\hotspot\share\interpreter\linkResolver.cpp, line 759]
Event: 39.221 Thread 0x00000230780a70b0 Exception <a 'java/lang/NoSuchMethodError'{0x00000000868f79d8}: 'java.lang.Object java.lang.invoke.DirectMethodHandle$Holder.newInvokeSpecial(java.lang.Object, java.lang.Object, java.lang.Object, int)'> (0x00000000868f79d8) 
thrown [s\open\src\hotspot\share\interpreter\linkResolver.cpp, line 759]
Event: 39.222 Thread 0x00000230780a70b0 Exception <a 'java/lang/NoSuchMethodError'{0x00000000868fbcc0}: 'java.lang.Object java.lang.invoke.DirectMethodHandle$Holder.invokeSpecial(java.lang.Object, java.lang.Object, java.lang.Object, java.lang.Object, int)'> (0x00000000868fbcc0) 
thrown [s\open\src\hotspot\share\interpreter\linkResolver.cpp, line 759]
Event: 39.227 Thread 0x00000230780a70b0 Exception <a 'java/lang/NoSuchMethodError'{0x00000000868ffae8}: 'java.lang.Object java.lang.invoke.Invokers$Holder.linkToTargetMethod(java.lang.Object, java.lang.Object, int, java.lang.Object)'> (0x00000000868ffae8) 
thrown [s\open\src\hotspot\share\interpreter\linkResolver.cpp, line 759]
Event: 40.965 Thread 0x00000230780a70b0 Exception <a 'java/lang/NoSuchMethodError'{0x00000000862670a8}: 'java.lang.Object java.lang.invoke.DirectMethodHandle$Holder.invokeStaticInit(java.lang.Object, int, int, int, int)'> (0x00000000862670a8) 
thrown [s\open\src\hotspot\share\interpreter\linkResolver.cpp, line 759]
Event: 42.038 Thread 0x00000230780a70b0 Exception <a 'java/lang/NoSuchMethodError'{0x000000008619f680}: 'java.lang.Object java.lang.invoke.DirectMethodHandle$Holder.invokeStaticInit(java.lang.Object, java.lang.Object, int, int, int, int)'> (0x000000008619f680) 
thrown [s\open\src\hotspot\share\interpreter\linkResolver.cpp, line 759]
Event: 42.657 Thread 0x00000230780a70b0 Exception <a 'java/lang/NoSuchMethodError'{0x0000000085c86208}: 'java.lang.Object java.lang.invoke.DirectMethodHandle$Holder.invokeSpecial(java.lang.Object, java.lang.Object, long, java.lang.Object, java.lang.Object, java.lang.Object, java.lang.Object, java.lang.Object, java.lang.Object)'> (0x0000000085c86208) 
thrown [s\open\src\hotspot\share\interpreter\linkResolver.cpp, line 759]
Event: 42.661 Thread 0x00000230780a70b0 Exception <a 'java/lang/NoSuchMethodError'{0x0000000085c8ad30}: 'java.lang.Object java.lang.invoke.DelegatingMethodHandle$Holder.reinvoke_L(java.lang.Object, long, java.lang.Object, java.lang.Object, java.lang.Object, java.lang.Object, java.lang.Object, java.lang.Object)'> (0x0000000085c8ad30) 
thrown [s\open\src\hotspot\share\interpreter\linkResolver.cpp, line 759]
Event: 42.902 Thread 0x00000230780a70b0 Exception <a 'java/io/FileNotFoundException'{0x0000000085bff608}> (0x0000000085bff608) 
thrown [s\open\src\hotspot\share\prims\jni.cpp, line 516]
Event: 43.761 Thread 0x00000230780a70b0 Exception <a 'java/lang/NoSuchMethodError'{0x00000000859e0e78}: 'int java.lang.invoke.DirectMethodHandle$Holder.invokeInterface(java.lang.Object, java.lang.Object, java.lang.Object, java.lang.Object)'> (0x00000000859e0e78) 
thrown [s\open\src\hotspot\share\interpreter\linkResolver.cpp, line 759]
Event: 46.110 Thread 0x00000230780a70b0 Implicit null exception at 0x0000023007d3b180 to 0x0000023007d3b8f0
Event: 46.116 Thread 0x00000230780a70b0 Implicit null exception at 0x0000023007d39ef1 to 0x0000023007d3a4e0
Event: 47.798 Thread 0x00000230780a70b0 Implicit null exception at 0x0000023007c7c867 to 0x0000023007c7ca4c
Event: 47.977 Thread 0x00000230780a70b0 Exception <a 'sun/nio/fs/WindowsException'{0x00000000879438b0}> (0x00000000879438b0) 
thrown [s\open\src\hotspot\share\prims\jni.cpp, line 516]
Event: 91.011 Thread 0x00000230780a70b0 Exception <a 'java/lang/NoSuchMethodError'{0x0000000087d5bf98}: 'int java.lang.invoke.DirectMethodHandle$Holder.invokeStatic(java.lang.Object)'> (0x0000000087d5bf98) 
thrown [s\open\src\hotspot\share\interpreter\linkResolver.cpp, line 759]
Event: 108.106 Thread 0x00000230780a70b0 Exception <a 'java/lang/NoSuchMethodError'{0x000000008633a9e8}: 'java.lang.Object java.lang.invoke.DirectMethodHandle$Holder.invokeStaticInit(java.lang.Object, java.lang.Object, java.lang.Object, java.lang.Object)'> (0x000000008633a9e8) 
thrown [s\open\src\hotspot\share\interpreter\linkResolver.cpp, line 759]
Event: 114.970 Thread 0x00000230780a70b0 Exception <a 'java/lang/NoSuchMethodError'{0x0000000085beedd8}: 'java.lang.Object java.lang.invoke.DirectMethodHandle$Holder.newInvokeSpecial(java.lang.Object, java.lang.Object, java.lang.Object, java.lang.Object, java.lang.Object, java.lang.Object)'> (0x0000000085beedd8) 
thrown [s\open\src\hotspot\share\interpreter\linkResolver.cpp, line 759]
Event: 119.580 Thread 0x00000230780a70b0 Exception <a 'java/lang/IncompatibleClassChangeError'{0x0000000086ab6398}: Found class java.lang.Object, but interface was expected> (0x0000000086ab6398) 
thrown [s\open\src\hotspot\share\interpreter\linkResolver.cpp, line 826]

VM Operations (20 events):
Event: 111.942 Executing VM operation: HandshakeAllThreads
Event: 111.958 Executing VM operation: HandshakeAllThreads done
Event: 112.115 Executing VM operation: HandshakeAllThreads
Event: 112.122 Executing VM operation: HandshakeAllThreads done
Event: 112.122 Executing VM operation: Cleanup
Event: 112.122 Executing VM operation: Cleanup done
Event: 112.225 Executing VM operation: HandshakeAllThreads
Event: 112.329 Executing VM operation: HandshakeAllThreads done
Event: 113.336 Executing VM operation: Cleanup
Event: 113.336 Executing VM operation: Cleanup done
Event: 114.346 Executing VM operation: Cleanup
Event: 114.376 Executing VM operation: Cleanup done
Event: 115.391 Executing VM operation: Cleanup
Event: 115.391 Executing VM operation: Cleanup done
Event: 115.804 Executing VM operation: G1CollectForAllocation
Event: 115.828 Executing VM operation: G1CollectForAllocation done
Event: 116.830 Executing VM operation: Cleanup
Event: 116.830 Executing VM operation: Cleanup done
Event: 119.841 Executing VM operation: Cleanup
Event: 120.617 Executing VM operation: Cleanup done

Events (20 events):
Event: 115.962 loading class sun/security/provider/ByteArrayAccess$LE
Event: 115.963 loading class sun/security/provider/ByteArrayAccess$LE done
Event: 115.965 loading class java/math/MutableBigInteger
Event: 115.966 loading class java/math/MutableBigInteger done
Event: 117.029 loading class javax/naming/RefAddr
Event: 117.030 loading class javax/naming/RefAddr done
Event: 117.030 loading class javax/naming/StringRefAddr
Event: 117.030 loading class javax/naming/StringRefAddr done
Event: 118.056 loading class java/util/concurrent/CompletionStage
Event: 118.057 loading class java/util/concurrent/CompletionStage done
Event: 118.067 loading class java/util/concurrent/CompletableFuture
Event: 118.071 loading class java/util/concurrent/CompletableFuture done
Event: 118.071 loading class java/util/concurrent/CompletableFuture$AltResult
Event: 118.072 loading class java/util/concurrent/CompletableFuture$AltResult done
Event: 118.090 loading class java/util/concurrent/CompletableFuture$Completion
Event: 118.090 loading class java/util/concurrent/CompletableFuture$AsynchronousCompletionTask
Event: 118.091 loading class java/util/concurrent/CompletableFuture$AsynchronousCompletionTask done
Event: 118.091 loading class java/util/concurrent/CompletableFuture$Completion done
Event: 119.552 loading class java/util/concurrent/CancellationException
Event: 119.552 loading class java/util/concurrent/CancellationException done


Dynamic libraries:
0x00007ff6b7480000 - 0x00007ff6b7490000 	C:\Program Files\Java\jdk-17\bin\java.exe
0x00007ff851240000 - 0x00007ff8514a8000 	C:\WINDOWS\SYSTEM32\ntdll.dll
0x00007ff850710000 - 0x00007ff8507d9000 	C:\WINDOWS\System32\KERNEL32.DLL
0x00007ff84dc60000 - 0x00007ff84e051000 	C:\WINDOWS\System32\KERNELBASE.dll
0x00007ff84e060000 - 0x00007ff84e1ab000 	C:\WINDOWS\System32\ucrtbase.dll
0x00007fffffa50000 - 0x00007fffffa69000 	C:\Program Files\Java\jdk-17\bin\jli.dll
0x00007ff84f300000 - 0x00007ff84f3b4000 	C:\WINDOWS\System32\ADVAPI32.dll
0x00007ff850dc0000 - 0x00007ff850e69000 	C:\WINDOWS\System32\msvcrt.dll
0x00007ff850ec0000 - 0x00007ff850f66000 	C:\WINDOWS\System32\sechost.dll
0x00007ff84f100000 - 0x00007ff84f218000 	C:\WINDOWS\System32\RPCRT4.dll
0x00007ff8500b0000 - 0x00007ff850276000 	C:\WINDOWS\System32\USER32.dll
0x00007ff84e330000 - 0x00007ff84e357000 	C:\WINDOWS\System32\win32u.dll
0x00007ff84fdc0000 - 0x00007ff84fdeb000 	C:\WINDOWS\System32\GDI32.dll
0x00007ffffe890000 - 0x00007ffffe8ab000 	C:\Program Files\Java\jdk-17\bin\VCRUNTIME140.dll
0x00007ff84ee00000 - 0x00007ff84ef2b000 	C:\WINDOWS\System32\gdi32full.dll
0x00007ff84dbb0000 - 0x00007ff84dc53000 	C:\WINDOWS\System32\msvcp_win.dll
0x00007ff832120000 - 0x00007ff8323b3000 	C:\WINDOWS\WinSxS\amd64_microsoft.windows.common-controls_6595b64144ccf1df_6.0.26100.7824_none_3e0870b2e3345462\COMCTL32.dll
0x00007ff84d600000 - 0x00007ff84d60b000 	C:\WINDOWS\SYSTEM32\VERSION.dll
0x00007ff8509f0000 - 0x00007ff850a21000 	C:\WINDOWS\System32\IMM32.DLL
0x000000006b0d0000 - 0x000000006b0dd000 	C:\Program Files (x86)\360\Total Security\safemon\SafeWrapper.dll
0x00007ff848b40000 - 0x00007ff848c45000 	C:\Program Files (x86)\360\Total Security\safemon\libzdtp64.dll
0x00007ff84f660000 - 0x00007ff84fdb2000 	C:\WINDOWS\System32\SHELL32.dll
0x00007ff84ec90000 - 0x00007ff84edfa000 	C:\WINDOWS\System32\wintypes.dll
0x00007ff850a30000 - 0x00007ff850db6000 	C:\WINDOWS\System32\combase.dll
0x00007ff8510e0000 - 0x00007ff851147000 	C:\WINDOWS\System32\SHLWAPI.dll
0x00007ff84e360000 - 0x00007ff84ebc3000 	C:\WINDOWS\System32\Windows.Storage.dll
0x00007ff801da0000 - 0x00007ff801dac000 	C:\Program Files\Java\jdk-17\bin\vcruntime140_1.dll
0x00007fffd8040000 - 0x00007fffd80ce000 	C:\Program Files\Java\jdk-17\bin\msvcp140.dll
0x00007fff82e40000 - 0x00007fff83a21000 	C:\Program Files\Java\jdk-17\bin\server\jvm.dll
0x00007ff8500a0000 - 0x00007ff8500a8000 	C:\WINDOWS\System32\PSAPI.DLL
0x00007ff83cd90000 - 0x00007ff83cd9a000 	C:\WINDOWS\SYSTEM32\WSOCK32.dll
0x00007ff845b40000 - 0x00007ff845b75000 	C:\WINDOWS\SYSTEM32\WINMM.dll
0x00007ff851150000 - 0x00007ff8511c4000 	C:\WINDOWS\System32\WS2_32.dll
0x00007ff84c850000 - 0x00007ff84c86b000 	C:\WINDOWS\SYSTEM32\kernel.appcore.dll
0x00007ff800fa0000 - 0x00007ff800faa000 	C:\Program Files\Java\jdk-17\bin\jimage.dll
0x00007ff84b220000 - 0x00007ff84b462000 	C:\WINDOWS\SYSTEM32\DBGHELP.DLL
0x00007ff84f220000 - 0x00007ff84f2f7000 	C:\WINDOWS\System32\OLEAUT32.dll
0x00007ff82f1a0000 - 0x00007ff82f1db000 	C:\WINDOWS\SYSTEM32\dbgcore.DLL
0x00007ff84ef30000 - 0x00007ff84efd5000 	C:\WINDOWS\System32\bcryptPrimitives.dll
0x00007ffffdfd0000 - 0x00007ffffdff5000 	C:\Program Files\Java\jdk-17\bin\java.dll
0x00007fffbee80000 - 0x00007fffbef57000 	C:\Program Files\Java\jdk-17\bin\jsvml.dll
0x00007ff8507e0000 - 0x00007ff8508d6000 	C:\WINDOWS\System32\SHCORE.dll
0x00007ff84da40000 - 0x00007ff84da69000 	C:\WINDOWS\SYSTEM32\profapi.dll
0x00007ffffe870000 - 0x00007ffffe889000 	C:\Program Files\Java\jdk-17\bin\net.dll
0x00007ff83fbd0000 - 0x00007ff83fcf7000 	C:\WINDOWS\SYSTEM32\WINHTTP.dll
0x00007ff84cdc0000 - 0x00007ff84ce2b000 	C:\WINDOWS\system32\mswsock.dll
0x00007ffffe620000 - 0x00007ffffe636000 	C:\Program Files\Java\jdk-17\bin\nio.dll
0x00007ffffdf90000 - 0x00007ffffdfa8000 	C:\Program Files\Java\jdk-17\bin\zip.dll
0x00007ff8398e0000 - 0x00007ff8398f0000 	C:\Program Files\Java\jdk-17\bin\verify.dll
0x00007ff83c9c0000 - 0x00007ff83c9ce000 	C:\Program Files\Java\jdk-17\bin\sunmscapi.dll
0x00007ff84e1b0000 - 0x00007ff84e327000 	C:\WINDOWS\System32\CRYPT32.dll
0x00007ff84d2b0000 - 0x00007ff84d2e0000 	C:\WINDOWS\SYSTEM32\ncrypt.dll
0x00007ff84d260000 - 0x00007ff84d29f000 	C:\WINDOWS\SYSTEM32\NTASN1.dll
0x00007ff84d090000 - 0x00007ff84d0ab000 	C:\WINDOWS\SYSTEM32\CRYPTSP.dll
0x00007ff84c7b0000 - 0x00007ff84c7e9000 	C:\WINDOWS\system32\rsaenh.dll
0x00007ff84ce70000 - 0x00007ff84ce9b000 	C:\WINDOWS\SYSTEM32\USERENV.dll
0x00007ff84da10000 - 0x00007ff84da3a000 	C:\WINDOWS\SYSTEM32\bcrypt.dll
0x00007ff84d0b0000 - 0x00007ff84d0bc000 	C:\WINDOWS\SYSTEM32\CRYPTBASE.dll
0x00007ff84c300000 - 0x00007ff84c334000 	C:\WINDOWS\SYSTEM32\IPHLPAPI.DLL
0x00007ff84f3c0000 - 0x00007ff84f3ca000 	C:\WINDOWS\System32\NSI.dll
0x00007ff846cd0000 - 0x00007ff846cee000 	C:\WINDOWS\SYSTEM32\dhcpcsvc6.DLL
0x00007ff845b80000 - 0x00007ff845ba3000 	C:\WINDOWS\SYSTEM32\dhcpcsvc.DLL
0x00007ff84c3e0000 - 0x00007ff84c50c000 	C:\WINDOWS\SYSTEM32\DNSAPI.dll
0x00007ff8398d0000 - 0x00007ff8398da000 	C:\Program Files\Java\jdk-17\bin\management.dll
0x00007ff8398c0000 - 0x00007ff8398cb000 	C:\Program Files\Java\jdk-17\bin\management_ext.dll
0x00007ff8455d0000 - 0x00007ff8455db000 	C:\Windows\System32\rasadhlp.dll
0x00007ff847400000 - 0x00007ff847486000 	C:\WINDOWS\System32\fwpuclnt.dll

dbghelp: loaded successfully - version: 4.0.5 - missing functions: none
symbol engine: initialized successfully - sym options: 0x614 - pdb path: .;C:\Program Files\Java\jdk-17\bin;C:\WINDOWS\SYSTEM32;C:\WINDOWS\WinSxS\amd64_microsoft.windows.common-controls_6595b64144ccf1df_6.0.26100.7824_none_3e0870b2e3345462;C:\Program Files (x86)\360\Total Security\safemon;C:\Program Files\Java\jdk-17\bin\server

VM Arguments:
jvm_args: -XX:+ShowCodeDetailsInExceptionMessages 
java_command: vn.kurisu.mentormatch.MentorMatchApplication
java_class_path (initial): C:\Users\Long Phung\OneDrive\Documents\TechByteIntern\buiphuongnam_test_t3\backend\target\classes;C:\Users\Long Phung\.m2\repository\org\springframework\boot\spring-boot-starter-data-jpa\3.2.4\spring-boot-starter-data-jpa-3.2.4.jar;C:\Users\Long Phung\.m2\repository\org\springframework\boot\spring-boot-starter-aop\3.2.4\spring-boot-starter-aop-3.2.4.jar;C:\Users\Long Phung\.m2\repository\org\aspectj\aspectjweaver\1.9.21\aspectjweaver-1.9.21.jar;C:\Users\Long Phung\.m2\repository\org\springframework\boot\spring-boot-starter-jdbc\3.2.4\spring-boot-starter-jdbc-3.2.4.jar;C:\Users\Long Phung\.m2\repository\com\zaxxer\HikariCP\5.0.1\HikariCP-5.0.1.jar;C:\Users\Long Phung\.m2\repository\org\springframework\spring-jdbc\6.1.5\spring-jdbc-6.1.5.jar;C:\Users\Long Phung\.m2\repository\org\hibernate\orm\hibernate-core\6.4.4.Final\hibernate-core-6.4.4.Final.jar;C:\Users\Long Phung\.m2\repository\jakarta\persistence\jakarta.persistence-api\3.1.0\jakarta.persistence-api-3.1.0.jar;C:\Users\Long Phung\.m2\repository\jakarta\transaction\jakarta.transaction-api\2.0.1\jakarta.transaction-api-2.0.1.jar;C:\Users\Long Phung\.m2\repository\org\jboss\logging\jboss-logging\3.5.3.Final\jboss-logging-3.5.3.Final.jar;C:\Users\Long Phung\.m2\repository\org\hibernate\common\hibernate-commons-annotations\6.0.6.Final\hibernate-commons-annotations-6.0.6.Final.jar;C:\Users\Long Phung\.m2\repository\io\smallrye\jandex\3.1.2\jandex-3.1.2.jar;C:\Users\Long Phung\.m2\repository\com\fasterxml\classmate\1.6.0\classmate-1.6.0.jar;C:\Users\Long Phung\.m2\repository\net\bytebuddy\byte-buddy\1.14.12\byte-buddy-1.14.12.jar;C:\Users\Long Phung\.m2\repository\org\glassfish\jaxb\jaxb-runtime\4.0.5\jaxb-runtime-4.0.5.jar;C:\Users\Long Phung\.m2\repository\org\glassfish\jaxb\jaxb-core\4.0.5\jaxb-core-4.0.5.jar;C:\Users\Long Phung\.m2\repository\org\eclipse\angus\angus-activation\2.0.2\angus-activation-2.0.2.jar;C:\Users\Long Phung\.m2\repository\org\glassfish\jaxb\txw2\4.0.5\txw2-4.0.5.j
Launcher Type: SUN_STANDARD

[Global flags]
     intx CICompilerCount                          = 4                                         {product} {ergonomic}
     uint ConcGCThreads                            = 2                                         {product} {ergonomic}
     uint G1ConcRefinementThreads                  = 8                                         {product} {ergonomic}
   size_t G1HeapRegionSize                         = 1048576                                   {product} {ergonomic}
    uintx GCDrainStackTargetSize                   = 64                                        {product} {ergonomic}
   size_t InitialHeapSize                          = 132120576                                 {product} {ergonomic}
   size_t MarkStackSize                            = 4194304                                   {product} {ergonomic}
   size_t MaxHeapSize                              = 2090860544                                {product} {ergonomic}
   size_t MaxNewSize                               = 1254096896                                {product} {ergonomic}
   size_t MinHeapDeltaBytes                        = 1048576                                   {product} {ergonomic}
   size_t MinHeapSize                              = 8388608                                   {product} {ergonomic}
    uintx NonNMethodCodeHeapSize                   = 5839372                                {pd product} {ergonomic}
    uintx NonProfiledCodeHeapSize                  = 122909434                              {pd product} {ergonomic}
    uintx ProfiledCodeHeapSize                     = 122909434                              {pd product} {ergonomic}
    uintx ReservedCodeCacheSize                    = 251658240                              {pd product} {ergonomic}
     bool SegmentedCodeCache                       = true                                      {product} {ergonomic}
     bool ShowCodeDetailsInExceptionMessages       = true                                   {manageable} {command line}
   size_t SoftMaxHeapSize                          = 2090860544                             {manageable} {ergonomic}
     bool UseCompressedClassPointers               = true                           {product lp64_product} {ergonomic}
     bool UseCompressedOops                        = true                           {product lp64_product} {ergonomic}
     bool UseG1GC                                  = true                                      {product} {ergonomic}
     bool UseLargePagesIndividualAllocation        = false                                  {pd product} {ergonomic}

Logging:
Log output configuration:
 #0: stdout all=warning uptime,level,tags
 #1: stderr all=off uptime,level,tags

Environment Variables:
JAVA_HOME=C:\Program Files\Java\jdk-23
PATH=C:\Program Files\Common Files\Oracle\Java\javapath;C:\WINDOWS\system32;C:\WINDOWS;C:\WINDOWS\System32\Wbem;C:\WINDOWS\System32\WindowsPowerShell\v1.0\;C:\WINDOWS\System32\OpenSSH\;C:\Program Files\dotnet\;C:\Program Files (x86)\Microsoft SQL Server\160\DTS\Binn\;C:\Program Files\Azure Data Studio\bin;C:\Program Files (x86)\Microsoft SQL Server\160\Tools\Binn\;C:\Program Files\Microsoft SQL Server\160\Tools\Binn\;C:\Program Files\Microsoft SQL Server\Client SDK\ODBC\170\Tools\Binn\;C:\Program Files\Microsoft SQL Server\160\DTS\Binn\;F:\common;C:\Program Files\Java\jdk-23\bin;C:\apache-maven-3.9.11\bin;C:\Program Files\nodejs\;C:\Program Files\Docker\Docker\resources\bin;C:\ProgramData\DockerDesktop\version-bin;C:\Program Files\Cloudflare\Cloudflare WARP\;C:\Program Files (x86)\Windows Kits\10\Windows Performance Toolkit\;C:\Program Files\Microsoft SQL Server\150\Tools\Binn\;C:\Program Files\CMake\bin;C:\Program Files\Git\cmd;C:\msys64\usr\bin;C:\Program Files\Go\bin;C:\Users\Long Phung\Downloads\skaff;G:\Minikube;C:\Program Files (x86)\Graphviz\bin;C:\Users\Long Phung\AppData\Local\Programs\Python\Python312\Scripts\;C:\Users\Long Phung\AppData\Local\Programs\Python\Python312\;C:\Users\Long Phung\AppData\Local\Programs\Python\Launcher\;C:\Users\Long Phung\AppData\Local\Microsoft\WindowsApps;C:\Program Files\Azure Data Studio\bin;F:\Microsoft VS Code\bin;C:\Users\Long Phung\AppData\Local\GitHubDesktop\bin;C:\Users\Long Phung\AppData\Roaming\npm;C:\Program Files\Java\jdk-17\bin;C:\Users\Long Phung\.dotnet\tools;C:\Program Files\JetBrains\PyCharm 2025.1.3.1\bin;;C:\Users\Long Phung\go\bin;C:\Users\Long Phung\AppData\Local\Google\Cloud SDK\google-cloud-sdk\bin;F:\Antigravity\bin;G:\cursor\resources\app\bin;c:\Users\Long Phung\.antigravity\extensions\vscjava.vscode-java-debug-0.58.5-universal\bundled\scripts\noConfigScripts
USERNAME=Long Phung
LANG=en_US.UTF-8
OS=Windows_NT
PROCESSOR_IDENTIFIER=Intel64 Family 6 Model 140 Stepping 1, GenuineIntel



---------------  S Y S T E M  ---------------

OS:
 Windows 11 , 64 bit Build 26100 (10.0.26100.7705)
OS uptime: 2 days 14:06 hours
Hyper-V role detected

CPU: total 8 (initial active 8) (4 cores per cpu, 2 threads per core) family 6 model 140 stepping 1 microcode 0x8a, cx8, cmov, fxsr, ht, mmx, 3dnowpref, sse, sse2, sse3, ssse3, sse4.1, sse4.2, popcnt, lzcnt, tsc, tscinvbit, avx, avx2, aes, erms, clmul, bmi1, bmi2, adx, avx512f, avx512dq, avx512cd, avx512bw, avx512vl, sha, fma, vzeroupper, avx512_vpopcntdq, avx512_vpclmulqdq, avx512_vaes, avx512_vnni, clflush, clflushopt, clwb, avx512_vbmi2, avx512_vbmi, hv

Memory: 4k page, system-wide physical 7971M (155M free)
TotalPageFile size 25471M (AvailPageFile size 4M)
current process WorkingSet (physical memory assigned to process): 83M, peak: 152M
current process commit charge ("private bytes"): 235M, peak: 270M

vm_info: Java HotSpot(TM) 64-Bit Server VM (17.0.9+11-LTS-201) for windows-amd64 JRE (17.0.9+11-LTS-201), built on Oct 10 2023 23:16:06 by "mach5one" with MS VC++ 17.1 (VS2022)

END.
