#
# There is insufficient memory for the Java Runtime Environment to continue.
# Native memory allocation (malloc) failed to allocate 1130736 bytes. Error detail: Chunk::new
# Possible reasons:
#   The system is out of physical RAM or swap space
#   This process is running with CompressedOops enabled, and the Java Heap may be blocking the growth of the native heap
# Possible solutions:
#   Reduce memory load on the system
#   Increase physical memory or swap space
#   Check if swap backing store is full
#   Decrease Java heap size (-Xmx/-Xms)
#   Decrease number of Java threads
#   Decrease Java thread stack sizes (-Xss)
#   Set larger code cache with -XX:ReservedCodeCacheSize=
#   JVM is running with Unscaled Compressed Oops mode in which the Java heap is
#     placed in the first 4GB address space. The Java Heap base address is the
#     maximum limit for the native heap growth. Please use -XX:HeapBaseMinAddress
#     to set the Java Heap base and to place the Java Heap above 4GB virtual address.
# This output file may be truncated or incomplete.
#
#  Out of Memory Error (arena.cpp:168), pid=4572, tid=27316
#
# JRE version: OpenJDK Runtime Environment Temurin-21.0.9+10 (21.0.9+10) (build 21.0.9+10-LTS)
# Java VM: OpenJDK 64-Bit Server VM Temurin-21.0.9+10 (21.0.9+10-LTS, mixed mode, sharing, tiered, compressed oops, compressed class ptrs, parallel gc, windows-amd64)
# No core dump will be written. Minidumps are not enabled by default on client versions of Windows
#

---------------  S U M M A R Y ------------

Command Line: --add-modules=ALL-SYSTEM --add-opens=java.base/java.util=ALL-UNNAMED --add-opens=java.base/java.lang=ALL-UNNAMED --add-opens=java.base/sun.nio.fs=ALL-UNNAMED -Declipse.application=org.eclipse.jdt.ls.core.id1 -Dosgi.bundles.defaultStartLevel=4 -Declipse.product=org.eclipse.jdt.ls.core.product -Djava.import.generatesMetadataFilesAtProjectRoot=false -DDetectVMInstallationsJob.disabled=true -Dfile.encoding=utf8 -XX:+UseParallelGC -XX:GCTimeRatio=4 -XX:AdaptiveSizePolicyWeight=90 -Dsun.zip.disableMemoryMapping=true -Xmx2G -Xms100m -Xlog:disable -javaagent:c:\Users\Long Phung\.antigravity\extensions\redhat.java-1.52.0-win32-x64\lombok\lombok-1.18.39-4050.jar -XX:+HeapDumpOnOutOfMemoryError -XX:HeapDumpPath=c:\Users\Long Phung\AppData\Roaming\Antigravity\User\workspaceStorage\2dd67a9ae43f6bc20a053f33c7cc8e95\redhat.java -Daether.dependencyCollector.impl=bf c:\Users\Long Phung\.antigravity\extensions\redhat.java-1.52.0-win32-x64\server\plugins\org.eclipse.equinox.launcher_1.7.100.v20251111-0406.jar -configuration c:\Users\Long Phung\AppData\Roaming\Antigravity\User\globalStorage\redhat.java\1.52.0\config_win -data c:\Users\Long Phung\AppData\Roaming\Antigravity\User\workspaceStorage\2dd67a9ae43f6bc20a053f33c7cc8e95\redhat.java\jdt_ws --pipe=\\.\pipe\lsp-05487484ba6425cef3c83a6fee6946ad-sock

Host: 11th Gen Intel(R) Core(TM) i7-1165G7 @ 2.80GHz, 8 cores, 7G,  Windows 11 , 64 bit Build 26100 (10.0.26100.7705)
Time: Mon Mar  9 14:50:37 2026 SE Asia Standard Time elapsed time: 15.967182 seconds (0d 0h 0m 15s)

---------------  T H R E A D  ---------------

Current thread (0x00000215e51ada20):  JavaThread "C2 CompilerThread1" daemon [_thread_in_native, id=27316, stack(0x0000006c3e400000,0x0000006c3e500000) (1024K)]


Current CompileTask:
C2:15967 6255       4       org.eclipse.osgi.internal.serviceregistry.ServiceRegistry::notifyHooksPrivileged (57 bytes)

Stack: [0x0000006c3e400000,0x0000006c3e500000]
Native frames: (J=compiled Java code, j=interpreted, Vv=VM code, C=native code)
V  [jvm.dll+0x6d6e29]
V  [jvm.dll+0x8b4b76]
V  [jvm.dll+0x8b712e]
V  [jvm.dll+0x8b7813]
V  [jvm.dll+0x283d86]
V  [jvm.dll+0xc66ed]
V  [jvm.dll+0xc6c31]
V  [jvm.dll+0x3be501]
V  [jvm.dll+0x38ab92]
V  [jvm.dll+0x389fda]
V  [jvm.dll+0x24bfa0]
V  [jvm.dll+0x24b580]
V  [jvm.dll+0x1cb13e]
V  [jvm.dll+0x25b29d]
V  [jvm.dll+0x25982a]
V  [jvm.dll+0x3f7ea6]
V  [jvm.dll+0x85e9ad]
V  [jvm.dll+0x6d565d]
C  [ucrtbase.dll+0x37b0]
C  [KERNEL32.DLL+0x2e8d7]
C  [ntdll.dll+0x8c40c]


---------------  P R O C E S S  ---------------

Threads class SMR info:
_java_thread_list=0x00000215e4d06b90, length=45, elements={
0x00000215c609eae0, 0x00000215dcb0c310, 0x00000215dcb0e230, 0x00000215dcb19c40,
0x00000215dcb1c2b0, 0x00000215dcb1c910, 0x00000215de3cc390, 0x00000215de3d0bc0,
0x00000215de3d1c60, 0x00000215de5c3120, 0x00000215de702f80, 0x00000215dee6a170,
0x00000215deebda00, 0x00000215dee1ec30, 0x00000215dee1f290, 0x00000215de9158a0,
0x00000215e322b320, 0x00000215e36f3200, 0x00000215e367e650, 0x00000215e3967eb0,
0x00000215e3966b00, 0x00000215e3966470, 0x00000215e3965750, 0x00000215e3968540,
0x00000215e3965de0, 0x00000215e3967190, 0x00000215e3967820, 0x00000215e3968bd0,
0x00000215e4e329d0, 0x00000215e4e33060, 0x00000215e4e30f90, 0x00000215e4e336f0,
0x00000215e4e31620, 0x00000215e4e33d80, 0x00000215e4e30900, 0x00000215e4e31cb0,
0x00000215e4e32340, 0x00000215e4c54260, 0x00000215e4c548f0, 0x00000215e4c56330,
0x00000215e4c54f80, 0x00000215e4c55ca0, 0x00000215e4c55610, 0x00000215e4c569c0,
0x00000215e51ada20
}

Java Threads: ( => current thread )
  0x00000215c609eae0 JavaThread "main"                              [_thread_blocked, id=23780, stack(0x0000006c3ac00000,0x0000006c3ad00000) (1024K)]
  0x00000215dcb0c310 JavaThread "Reference Handler"          daemon [_thread_blocked, id=10948, stack(0x0000006c3b000000,0x0000006c3b100000) (1024K)]
  0x00000215dcb0e230 JavaThread "Finalizer"                  daemon [_thread_blocked, id=17668, stack(0x0000006c3b100000,0x0000006c3b200000) (1024K)]
  0x00000215dcb19c40 JavaThread "Signal Dispatcher"          daemon [_thread_blocked, id=22760, stack(0x0000006c3b200000,0x0000006c3b300000) (1024K)]
  0x00000215dcb1c2b0 JavaThread "Attach Listener"            daemon [_thread_blocked, id=18088, stack(0x0000006c3b300000,0x0000006c3b400000) (1024K)]
  0x00000215dcb1c910 JavaThread "Service Thread"             daemon [_thread_blocked, id=23112, stack(0x0000006c3b400000,0x0000006c3b500000) (1024K)]
  0x00000215de3cc390 JavaThread "Monitor Deflation Thread"   daemon [_thread_blocked, id=12196, stack(0x0000006c3b500000,0x0000006c3b600000) (1024K)]
  0x00000215de3d0bc0 JavaThread "C2 CompilerThread0"         daemon [_thread_in_native, id=20304, stack(0x0000006c3b600000,0x0000006c3b700000) (1024K)]
  0x00000215de3d1c60 JavaThread "C1 CompilerThread0"         daemon [_thread_blocked, id=17960, stack(0x0000006c3b700000,0x0000006c3b800000) (1024K)]
  0x00000215de5c3120 JavaThread "Common-Cleaner"             daemon [_thread_blocked, id=26884, stack(0x0000006c3b800000,0x0000006c3b900000) (1024K)]
  0x00000215de702f80 JavaThread "Notification Thread"        daemon [_thread_blocked, id=9296, stack(0x0000006c3b900000,0x0000006c3ba00000) (1024K)]
  0x00000215dee6a170 JavaThread "Active Thread: Equinox Container: cff18f0d-271d-435a-8ce5-d066abec5329"        [_thread_blocked, id=27372, stack(0x0000006c3c000000,0x0000006c3c100000) (1024K)]
  0x00000215deebda00 JavaThread "Refresh Thread: Equinox Container: cff18f0d-271d-435a-8ce5-d066abec5329" daemon [_thread_blocked, id=22744, stack(0x0000006c3c200000,0x0000006c3c300000) (1024K)]
  0x00000215dee1ec30 JavaThread "Framework Event Dispatcher: Equinox Container: cff18f0d-271d-435a-8ce5-d066abec5329" daemon [_thread_blocked, id=9440, stack(0x0000006c3c300000,0x0000006c3c400000) (1024K)]
  0x00000215dee1f290 JavaThread "Start Level: Equinox Container: cff18f0d-271d-435a-8ce5-d066abec5329" daemon [_thread_blocked, id=2600, stack(0x0000006c3c400000,0x0000006c3c500000) (1024K)]
  0x00000215de9158a0 JavaThread "Bundle File Closer"         daemon [_thread_blocked, id=25476, stack(0x0000006c3c600000,0x0000006c3c700000) (1024K)]
  0x00000215e322b320 JavaThread "SCR Component Actor"        daemon [_thread_blocked, id=13808, stack(0x0000006c3c500000,0x0000006c3c600000) (1024K)]
  0x00000215e36f3200 JavaThread "Worker-JM"                         [_thread_blocked, id=22628, stack(0x0000006c3c700000,0x0000006c3c800000) (1024K)]
  0x00000215e367e650 JavaThread "JNA Cleaner"                daemon [_thread_blocked, id=25140, stack(0x0000006c3c800000,0x0000006c3c900000) (1024K)]
  0x00000215e3967eb0 JavaThread "Worker-0"                          [_thread_blocked, id=25400, stack(0x0000006c3c900000,0x0000006c3ca00000) (1024K)]
  0x00000215e3966b00 JavaThread "Worker-1"                          [_thread_blocked, id=20124, stack(0x0000006c3ca00000,0x0000006c3cb00000) (1024K)]
  0x00000215e3966470 JavaThread "Java indexing"              daemon [_thread_blocked, id=15924, stack(0x0000006c3cb00000,0x0000006c3cc00000) (1024K)]
  0x00000215e3965750 JavaThread "Worker-2"                          [_thread_blocked, id=9848, stack(0x0000006c3cc00000,0x0000006c3cd00000) (1024K)]
  0x00000215e3968540 JavaThread "Worker-3"                          [_thread_blocked, id=9860, stack(0x0000006c3cf00000,0x0000006c3d000000) (1024K)]
  0x00000215e3965de0 JavaThread "Worker-4: Initialize Workspace"        [_thread_in_native, id=17340, stack(0x0000006c3d000000,0x0000006c3d100000) (1024K)]
  0x00000215e3967190 JavaThread "Thread-1"                   daemon [_thread_in_native, id=12952, stack(0x0000006c3d100000,0x0000006c3d200000) (1024K)]
  0x00000215e3967820 JavaThread "Thread-2"                   daemon [_thread_in_native, id=4724, stack(0x0000006c3d200000,0x0000006c3d300000) (1024K)]
  0x00000215e3968bd0 JavaThread "Thread-3"                   daemon [_thread_in_native, id=17240, stack(0x0000006c3d300000,0x0000006c3d400000) (1024K)]
  0x00000215e4e329d0 JavaThread "Thread-4"                   daemon [_thread_in_native, id=5728, stack(0x0000006c3d400000,0x0000006c3d500000) (1024K)]
  0x00000215e4e33060 JavaThread "Thread-5"                   daemon [_thread_in_native, id=27032, stack(0x0000006c3d500000,0x0000006c3d600000) (1024K)]
  0x00000215e4e30f90 JavaThread "Thread-6"                   daemon [_thread_in_native, id=10316, stack(0x0000006c3d600000,0x0000006c3d700000) (1024K)]
  0x00000215e4e336f0 JavaThread "Thread-7"                   daemon [_thread_in_native, id=16872, stack(0x0000006c3d700000,0x0000006c3d800000) (1024K)]
  0x00000215e4e31620 JavaThread "Thread-8"                   daemon [_thread_in_native, id=19752, stack(0x0000006c3d800000,0x0000006c3d900000) (1024K)]
  0x00000215e4e33d80 JavaThread "Thread-9"                   daemon [_thread_in_native, id=21924, stack(0x0000006c3d900000,0x0000006c3da00000) (1024K)]
  0x00000215e4e30900 JavaThread "pool-2-thread-1"                   [_thread_blocked, id=10188, stack(0x0000006c3da00000,0x0000006c3db00000) (1024K)]
  0x00000215e4e31cb0 JavaThread "WorkspaceEventsHandler"            [_thread_blocked, id=24760, stack(0x0000006c3db00000,0x0000006c3dc00000) (1024K)]
  0x00000215e4e32340 JavaThread "pool-1-thread-1"                   [_thread_blocked, id=21952, stack(0x0000006c3dc00000,0x0000006c3dd00000) (1024K)]
  0x00000215e4c54260 JavaThread "ForkJoinPool.commonPool-worker-1" daemon [_thread_blocked, id=23640, stack(0x0000006c3dd00000,0x0000006c3de00000) (1024K)]
  0x00000215e4c548f0 JavaThread "ForkJoinPool.commonPool-worker-2" daemon [_thread_blocked, id=2972, stack(0x0000006c3de00000,0x0000006c3df00000) (1024K)]
  0x00000215e4c56330 JavaThread "ForkJoinPool.commonPool-worker-3" daemon [_thread_blocked, id=15660, stack(0x0000006c3df00000,0x0000006c3e000000) (1024K)]
  0x00000215e4c54f80 JavaThread "ForkJoinPool.commonPool-worker-4" daemon [_thread_blocked, id=22192, stack(0x0000006c3e000000,0x0000006c3e100000) (1024K)]
  0x00000215e4c55ca0 JavaThread "ForkJoinPool.commonPool-worker-5" daemon [_thread_blocked, id=24220, stack(0x0000006c3e100000,0x0000006c3e200000) (1024K)]
  0x00000215e4c55610 JavaThread "ForkJoinPool.commonPool-worker-6" daemon [_thread_blocked, id=20108, stack(0x0000006c3e200000,0x0000006c3e300000) (1024K)]
  0x00000215e4c569c0 JavaThread "ForkJoinPool.commonPool-worker-7" daemon [_thread_blocked, id=18836, stack(0x0000006c3e300000,0x0000006c3e400000) (1024K)]
=>0x00000215e51ada20 JavaThread "C2 CompilerThread1"         daemon [_thread_in_native, id=27316, stack(0x0000006c3e400000,0x0000006c3e500000) (1024K)]
Total: 45

Other Threads:
  0x00000215c611fae0 VMThread "VM Thread"                           [id=26708, stack(0x0000006c3af00000,0x0000006c3b000000) (1024K)]
  0x00000215c610b510 WatcherThread "VM Periodic Task Thread"        [id=27212, stack(0x0000006c3ae00000,0x0000006c3af00000) (1024K)]
  0x00000215c60bc940 WorkerThread "GC Thread#0"                     [id=11356, stack(0x0000006c3ad00000,0x0000006c3ae00000) (1024K)]
  0x00000215deaefac0 WorkerThread "GC Thread#1"                     [id=27336, stack(0x0000006c3ba00000,0x0000006c3bb00000) (1024K)]
  0x00000215de9dd8c0 WorkerThread "GC Thread#2"                     [id=12572, stack(0x0000006c3bb00000,0x0000006c3bc00000) (1024K)]
  0x00000215de9ddc60 WorkerThread "GC Thread#3"                     [id=8964, stack(0x0000006c3bc00000,0x0000006c3bd00000) (1024K)]
  0x00000215de9de000 WorkerThread "GC Thread#4"                     [id=23576, stack(0x0000006c3bd00000,0x0000006c3be00000) (1024K)]
  0x00000215de9de3a0 WorkerThread "GC Thread#5"                     [id=19112, stack(0x0000006c3be00000,0x0000006c3bf00000) (1024K)]
  0x00000215de729850 WorkerThread "GC Thread#6"                     [id=18092, stack(0x0000006c3bf00000,0x0000006c3c000000) (1024K)]
  0x00000215dee6d3a0 WorkerThread "GC Thread#7"                     [id=21448, stack(0x0000006c3c100000,0x0000006c3c200000) (1024K)]
Total: 10

Threads with active compile tasks:
C2 CompilerThread0  16030 4693       4       com.google.gson.internal.bind.TypeAdapters$15::read (6 bytes)
C2 CompilerThread1  16030 6255       4       org.eclipse.osgi.internal.serviceregistry.ServiceRegistry::notifyHooksPrivileged (57 bytes)
Total: 2

VM state: not at safepoint (normal execution)

VM Mutex/Monitor currently owned by a thread: None

Heap address: 0x0000000080000000, size: 2048 MB, Compressed Oops mode: 32-bit

CDS archive(s) mapped at: [0x0000021580000000-0x0000021580ba0000-0x0000021580ba0000), size 12189696, SharedBaseAddress: 0x0000021580000000, ArchiveRelocationMode: 1.
Compressed class space mapped at: 0x0000021581000000-0x00000215c1000000, reserved size: 1073741824
Narrow klass base: 0x0000021580000000, Narrow klass shift: 0, Narrow klass range: 0x100000000

GC Precious Log:
 CardTable entry size: 512
 CPUs: 8 total, 8 available
 Memory: 7971M
 Large Page Support: Disabled
 NUMA Support: Disabled
 Compressed Oops: Enabled (32-bit)
 Alignments: Space 512K, Generation 512K, Heap 2M
 Heap Min Capacity: 100M
 Heap Initial Capacity: 100M
 Heap Max Capacity: 2G
 Pre-touch: Disabled
 Parallel Workers: 8

Heap:
 PSYoungGen      total 24576K, used 18114K [0x00000000d5580000, 0x00000000d7980000, 0x0000000100000000)
  eden space 22016K, 72% used [0x00000000d5580000,0x00000000d6528a70,0x00000000d6b00000)
  from space 2560K, 81% used [0x00000000d7700000,0x00000000d7908000,0x00000000d7980000)
  to   space 5632K, 0% used [0x00000000d6e80000,0x00000000d6e80000,0x00000000d7400000)
 ParOldGen       total 68608K, used 32508K [0x0000000080000000, 0x0000000084300000, 0x00000000d5580000)
  object space 68608K, 47% used [0x0000000080000000,0x0000000081fbf070,0x0000000084300000)
 Metaspace       used 46486K, committed 47744K, reserved 1114112K
  class space    used 5096K, committed 5632K, reserved 1048576K

Card table byte_map: [0x00000215c5a10000,0x00000215c5e20000] _byte_map_base: 0x00000215c5610000

Marking Bits: (ParMarkBitMap*) 0x00007fff6d1e2460
 Begin Bits: [0x00000215d8520000, 0x00000215da520000)
 End Bits:   [0x00000215da520000, 0x00000215dc520000)

Polling page: 0x00000215c4110000

Metaspace:

Usage:
  Non-class:     40.42 MB used.
      Class:      4.98 MB used.
       Both:     45.40 MB used.

Virtual space:
  Non-class space:       64.00 MB reserved,      41.12 MB ( 64%) committed,  1 nodes.
      Class space:        1.00 GB reserved,       5.50 MB ( <1%) committed,  1 nodes.
             Both:        1.06 GB reserved,      46.62 MB (  4%) committed. 

Chunk freelists:
   Non-Class:  6.86 MB
       Class:  10.38 MB
        Both:  17.24 MB

MaxMetaspaceSize: unlimited
CompressedClassSpaceSize: 1.00 GB
Initial GC threshold: 21.00 MB
Current GC threshold: 58.38 MB
CDS: on
 - commit_granule_bytes: 65536.
 - commit_granule_words: 8192.
 - virtual_space_node_default_size: 8388608.
 - enlarge_chunks_in_place: 1.
 - use_allocation_guard: 0.


Internal statistics:

num_allocs_failed_limit: 6.
num_arena_births: 968.
num_arena_deaths: 14.
num_vsnodes_births: 2.
num_vsnodes_deaths: 0.
num_space_committed: 746.
num_space_uncommitted: 0.
num_chunks_returned_to_freelist: 20.
num_chunks_taken_from_freelist: 3133.
num_chunk_merges: 10.
num_chunk_splits: 1919.
num_chunks_enlarged: 1045.
num_inconsistent_stats: 0.

CodeHeap 'non-profiled nmethods': size=120000Kb used=2211Kb max_used=2211Kb free=117788Kb
 bounds [0x00000215d0d40000, 0x00000215d0fb0000, 0x00000215d8270000]
CodeHeap 'profiled nmethods': size=120000Kb used=11430Kb max_used=11430Kb free=108569Kb
 bounds [0x00000215c9270000, 0x00000215c9da0000, 0x00000215d07a0000]
CodeHeap 'non-nmethods': size=5760Kb used=1378Kb max_used=1425Kb free=4382Kb
 bounds [0x00000215d07a0000, 0x00000215d0a10000, 0x00000215d0d40000]
CodeCache: size=245760Kb, used=15019Kb, max_used=15066Kb, free=230739Kb
 total_blobs=6507, nmethods=5840, adapters=573, full_count=0
Compilation: enabled, stopped_count=0, restarted_count=0

Compilation events (20 events):
Event: 14.950 Thread 0x00000215de3d0bc0 4693       4       com.google.gson.internal.bind.TypeAdapters$15::read (6 bytes)
Event: 14.951 Thread 0x00000215de3d1c60 nmethod 6366 0x00000215c9d86990 code [0x00000215c9d86ba0, 0x00000215c9d870b8]
Event: 14.951 Thread 0x00000215de3d1c60 6364       3       org.eclipse.osgi.internal.log.EquinoxLogWriter::write (27 bytes)
Event: 14.951 Thread 0x00000215de3d1c60 nmethod 6364 0x00000215c9d87310 code [0x00000215c9d87500, 0x00000215c9d87918]
Event: 14.952 Thread 0x00000215de3d1c60 6365   !   3       java.io.BufferedWriter::write (82 bytes)
Event: 14.952 Thread 0x00000215de3d1c60 nmethod 6365 0x00000215c9d87b10 code [0x00000215c9d87dc0, 0x00000215c9d88c38]
Event: 14.952 Thread 0x00000215de3d1c60 6367       3       java.io.BufferedWriter::growIfNeeded (63 bytes)
Event: 14.953 Thread 0x00000215de3d1c60 nmethod 6367 0x00000215c9d89110 code [0x00000215c9d892c0, 0x00000215c9d89560]
Event: 14.953 Thread 0x00000215de3d1c60 6368       3       java.io.BufferedWriter::min (9 bytes)
Event: 14.953 Thread 0x00000215de3d1c60 nmethod 6368 0x00000215c9d89690 code [0x00000215c9d89840, 0x00000215c9d899a8]
Event: 14.953 Thread 0x00000215de3d1c60 6369       3       sun.util.locale.LocaleUtils::isAlphaNumeric (20 bytes)
Event: 14.953 Thread 0x00000215de3d1c60 nmethod 6369 0x00000215c9d89a10 code [0x00000215c9d89bc0, 0x00000215c9d89f40]
Event: 15.010 Thread 0x00000215de3d1c60 6370       3       java.util.concurrent.ConcurrentLinkedQueue::updateHead (26 bytes)
Event: 15.012 Thread 0x00000215de3d1c60 nmethod 6370 0x00000215c9d8a010 code [0x00000215c9d8a360, 0x00000215c9d8b7b8]
Event: 15.169 Thread 0x00000215de3d1c60 6371       3       org.eclipse.core.internal.jobs.InternalJob::getState (60 bytes)
Event: 15.170 Thread 0x00000215de3d1c60 nmethod 6371 0x00000215c9d8be90 code [0x00000215c9d8c040, 0x00000215c9d8c268]
Event: 15.292 Thread 0x00000215de3d1c60 6372       3       org.eclipse.core.runtime.jobs.Job::getState (5 bytes)
Event: 15.292 Thread 0x00000215de3d1c60 nmethod 6372 0x00000215c9d8c310 code [0x00000215c9d8c4c0, 0x00000215c9d8c600]
Event: 15.742 Thread 0x00000215de3d1c60 6374       3       org.eclipse.core.internal.jobs.JobQueue::peek (26 bytes)
Event: 15.742 Thread 0x00000215de3d1c60 nmethod 6374 0x00000215c9d8c690 code [0x00000215c9d8c840, 0x00000215c9d8c9d8]

GC Heap History (20 events):
Event: 11.648 GC heap before
{Heap before GC invocations=11 (full 1):
 PSYoungGen      total 25088K, used 24993K [0x00000000d5580000, 0x00000000d7380000, 0x0000000100000000)
  eden space 23552K, 100% used [0x00000000d5580000,0x00000000d6c80000,0x00000000d6c80000)
  from space 1536K, 93% used [0x00000000d6f00000,0x00000000d70686f8,0x00000000d7080000)
  to   space 2048K, 0% used [0x00000000d7180000,0x00000000d7180000,0x00000000d7380000)
 ParOldGen       total 68608K, used 13325K [0x0000000080000000, 0x0000000084300000, 0x00000000d5580000)
  object space 68608K, 19% used [0x0000000080000000,0x0000000080d037b0,0x0000000084300000)
 Metaspace       used 27916K, committed 28928K, reserved 1114112K
  class space    used 2762K, committed 3200K, reserved 1048576K
}
Event: 11.650 GC heap after
{Heap after GC invocations=11 (full 1):
 PSYoungGen      total 25088K, used 2011K [0x00000000d5580000, 0x00000000d7380000, 0x0000000100000000)
  eden space 23040K, 0% used [0x00000000d5580000,0x00000000d5580000,0x00000000d6c00000)
  from space 2048K, 98% used [0x00000000d7180000,0x00000000d7376da0,0x00000000d7380000)
  to   space 2560K, 0% used [0x00000000d6e80000,0x00000000d6e80000,0x00000000d7100000)
 ParOldGen       total 68608K, used 15038K [0x0000000080000000, 0x0000000084300000, 0x00000000d5580000)
  object space 68608K, 21% used [0x0000000080000000,0x0000000080eafbf0,0x0000000084300000)
 Metaspace       used 27916K, committed 28928K, reserved 1114112K
  class space    used 2762K, committed 3200K, reserved 1048576K
}
Event: 11.890 GC heap before
{Heap before GC invocations=12 (full 1):
 PSYoungGen      total 25088K, used 25051K [0x00000000d5580000, 0x00000000d7380000, 0x0000000100000000)
  eden space 23040K, 100% used [0x00000000d5580000,0x00000000d6c00000,0x00000000d6c00000)
  from space 2048K, 98% used [0x00000000d7180000,0x00000000d7376da0,0x00000000d7380000)
  to   space 2560K, 0% used [0x00000000d6e80000,0x00000000d6e80000,0x00000000d7100000)
 ParOldGen       total 68608K, used 15038K [0x0000000080000000, 0x0000000084300000, 0x00000000d5580000)
  object space 68608K, 21% used [0x0000000080000000,0x0000000080eafbf0,0x0000000084300000)
 Metaspace       used 31302K, committed 32320K, reserved 1114112K
  class space    used 3180K, committed 3584K, reserved 1048576K
}
Event: 11.894 GC heap after
{Heap after GC invocations=12 (full 1):
 PSYoungGen      total 24064K, used 1474K [0x00000000d5580000, 0x00000000d7200000, 0x0000000100000000)
  eden space 22528K, 0% used [0x00000000d5580000,0x00000000d5580000,0x00000000d6b80000)
  from space 1536K, 96% used [0x00000000d6e80000,0x00000000d6ff0b10,0x00000000d7000000)
  to   space 2048K, 0% used [0x00000000d7000000,0x00000000d7000000,0x00000000d7200000)
 ParOldGen       total 68608K, used 16848K [0x0000000080000000, 0x0000000084300000, 0x00000000d5580000)
  object space 68608K, 24% used [0x0000000080000000,0x00000000810741d8,0x0000000084300000)
 Metaspace       used 31302K, committed 32320K, reserved 1114112K
  class space    used 3180K, committed 3584K, reserved 1048576K
}
Event: 12.067 GC heap before
{Heap before GC invocations=13 (full 1):
 PSYoungGen      total 24064K, used 24002K [0x00000000d5580000, 0x00000000d7200000, 0x0000000100000000)
  eden space 22528K, 100% used [0x00000000d5580000,0x00000000d6b80000,0x00000000d6b80000)
  from space 1536K, 96% used [0x00000000d6e80000,0x00000000d6ff0b10,0x00000000d7000000)
  to   space 2048K, 0% used [0x00000000d7000000,0x00000000d7000000,0x00000000d7200000)
 ParOldGen       total 68608K, used 16848K [0x0000000080000000, 0x0000000084300000, 0x00000000d5580000)
  object space 68608K, 24% used [0x0000000080000000,0x00000000810741d8,0x0000000084300000)
 Metaspace       used 33409K, committed 34560K, reserved 1114112K
  class space    used 3471K, committed 3968K, reserved 1048576K
}
Event: 12.069 GC heap after
{Heap after GC invocations=13 (full 1):
 PSYoungGen      total 24064K, used 1755K [0x00000000d5580000, 0x00000000d7200000, 0x0000000100000000)
  eden space 22016K, 0% used [0x00000000d5580000,0x00000000d5580000,0x00000000d6b00000)
  from space 2048K, 85% used [0x00000000d7000000,0x00000000d71b6e70,0x00000000d7200000)
  to   space 2048K, 0% used [0x00000000d6e00000,0x00000000d6e00000,0x00000000d7000000)
 ParOldGen       total 68608K, used 18067K [0x0000000080000000, 0x0000000084300000, 0x00000000d5580000)
  object space 68608K, 26% used [0x0000000080000000,0x00000000811a4fa8,0x0000000084300000)
 Metaspace       used 33409K, committed 34560K, reserved 1114112K
  class space    used 3471K, committed 3968K, reserved 1048576K
}
Event: 12.125 GC heap before
{Heap before GC invocations=14 (full 1):
 PSYoungGen      total 24064K, used 14077K [0x00000000d5580000, 0x00000000d7200000, 0x0000000100000000)
  eden space 22016K, 55% used [0x00000000d5580000,0x00000000d61886f0,0x00000000d6b00000)
  from space 2048K, 85% used [0x00000000d7000000,0x00000000d71b6e70,0x00000000d7200000)
  to   space 2048K, 0% used [0x00000000d6e00000,0x00000000d6e00000,0x00000000d7000000)
 ParOldGen       total 68608K, used 18067K [0x0000000080000000, 0x0000000084300000, 0x00000000d5580000)
  object space 68608K, 26% used [0x0000000080000000,0x00000000811a4fa8,0x0000000084300000)
 Metaspace       used 34741K, committed 35840K, reserved 1114112K
  class space    used 3626K, committed 4096K, reserved 1048576K
}
Event: 12.127 GC heap after
{Heap after GC invocations=14 (full 1):
 PSYoungGen      total 22528K, used 384K [0x00000000d5580000, 0x00000000d7080000, 0x0000000100000000)
  eden space 22016K, 0% used [0x00000000d5580000,0x00000000d5580000,0x00000000d6b00000)
  from space 512K, 75% used [0x00000000d6e00000,0x00000000d6e60000,0x00000000d6e80000)
  to   space 1024K, 0% used [0x00000000d6f80000,0x00000000d6f80000,0x00000000d7080000)
 ParOldGen       total 68608K, used 19659K [0x0000000080000000, 0x0000000084300000, 0x00000000d5580000)
  object space 68608K, 28% used [0x0000000080000000,0x0000000081332ca0,0x0000000084300000)
 Metaspace       used 34741K, committed 35840K, reserved 1114112K
  class space    used 3626K, committed 4096K, reserved 1048576K
}
Event: 12.127 GC heap before
{Heap before GC invocations=15 (full 2):
 PSYoungGen      total 22528K, used 384K [0x00000000d5580000, 0x00000000d7080000, 0x0000000100000000)
  eden space 22016K, 0% used [0x00000000d5580000,0x00000000d5580000,0x00000000d6b00000)
  from space 512K, 75% used [0x00000000d6e00000,0x00000000d6e60000,0x00000000d6e80000)
  to   space 1024K, 0% used [0x00000000d6f80000,0x00000000d6f80000,0x00000000d7080000)
 ParOldGen       total 68608K, used 19659K [0x0000000080000000, 0x0000000084300000, 0x00000000d5580000)
  object space 68608K, 28% used [0x0000000080000000,0x0000000081332ca0,0x0000000084300000)
 Metaspace       used 34741K, committed 35840K, reserved 1114112K
  class space    used 3626K, committed 4096K, reserved 1048576K
}
Event: 12.163 GC heap after
{Heap after GC invocations=15 (full 2):
 PSYoungGen      total 22528K, used 0K [0x00000000d5580000, 0x00000000d7080000, 0x0000000100000000)
  eden space 22016K, 0% used [0x00000000d5580000,0x00000000d5580000,0x00000000d6b00000)
  from space 512K, 0% used [0x00000000d6e00000,0x00000000d6e00000,0x00000000d6e80000)
  to   space 1024K, 0% used [0x00000000d6f80000,0x00000000d6f80000,0x00000000d7080000)
 ParOldGen       total 68608K, used 19058K [0x0000000080000000, 0x0000000084300000, 0x00000000d5580000)
  object space 68608K, 27% used [0x0000000080000000,0x000000008129ca08,0x0000000084300000)
 Metaspace       used 34741K, committed 35840K, reserved 1114112K
  class space    used 3626K, committed 4096K, reserved 1048576K
}
Event: 12.328 GC heap before
{Heap before GC invocations=16 (full 2):
 PSYoungGen      total 22528K, used 22016K [0x00000000d5580000, 0x00000000d7080000, 0x0000000100000000)
  eden space 22016K, 100% used [0x00000000d5580000,0x00000000d6b00000,0x00000000d6b00000)
  from space 512K, 0% used [0x00000000d6e00000,0x00000000d6e00000,0x00000000d6e80000)
  to   space 1024K, 0% used [0x00000000d6f80000,0x00000000d6f80000,0x00000000d7080000)
 ParOldGen       total 68608K, used 19058K [0x0000000080000000, 0x0000000084300000, 0x00000000d5580000)
  object space 68608K, 27% used [0x0000000080000000,0x000000008129ca08,0x0000000084300000)
 Metaspace       used 36739K, committed 37952K, reserved 1114112K
  class space    used 3889K, committed 4416K, reserved 1048576K
}
Event: 12.331 GC heap after
{Heap after GC invocations=16 (full 2):
 PSYoungGen      total 23040K, used 1024K [0x00000000d5580000, 0x00000000d7080000, 0x0000000100000000)
  eden space 22016K, 0% used [0x00000000d5580000,0x00000000d5580000,0x00000000d6b00000)
  from space 1024K, 100% used [0x00000000d6f80000,0x00000000d7080000,0x00000000d7080000)
  to   space 2560K, 0% used [0x00000000d6b80000,0x00000000d6b80000,0x00000000d6e00000)
 ParOldGen       total 68608K, used 20210K [0x0000000080000000, 0x0000000084300000, 0x00000000d5580000)
  object space 68608K, 29% used [0x0000000080000000,0x00000000813bca08,0x0000000084300000)
 Metaspace       used 36739K, committed 37952K, reserved 1114112K
  class space    used 3889K, committed 4416K, reserved 1048576K
}
Event: 12.498 GC heap before
{Heap before GC invocations=17 (full 2):
 PSYoungGen      total 23040K, used 23040K [0x00000000d5580000, 0x00000000d7080000, 0x0000000100000000)
  eden space 22016K, 100% used [0x00000000d5580000,0x00000000d6b00000,0x00000000d6b00000)
  from space 1024K, 100% used [0x00000000d6f80000,0x00000000d7080000,0x00000000d7080000)
  to   space 2560K, 0% used [0x00000000d6b80000,0x00000000d6b80000,0x00000000d6e00000)
 ParOldGen       total 68608K, used 20210K [0x0000000080000000, 0x0000000084300000, 0x00000000d5580000)
  object space 68608K, 29% used [0x0000000080000000,0x00000000813bca08,0x0000000084300000)
 Metaspace       used 38674K, committed 39936K, reserved 1114112K
  class space    used 4142K, committed 4736K, reserved 1048576K
}
Event: 12.501 GC heap after
{Heap after GC invocations=17 (full 2):
 PSYoungGen      total 24576K, used 1088K [0x00000000d5580000, 0x00000000d7000000, 0x0000000100000000)
  eden space 22016K, 0% used [0x00000000d5580000,0x00000000d5580000,0x00000000d6b00000)
  from space 2560K, 42% used [0x00000000d6b80000,0x00000000d6c90000,0x00000000d6e00000)
  to   space 1536K, 0% used [0x00000000d6e80000,0x00000000d6e80000,0x00000000d7000000)
 ParOldGen       total 68608K, used 21152K [0x0000000080000000, 0x0000000084300000, 0x00000000d5580000)
  object space 68608K, 30% used [0x0000000080000000,0x00000000814a8338,0x0000000084300000)
 Metaspace       used 38674K, committed 39936K, reserved 1114112K
  class space    used 4142K, committed 4736K, reserved 1048576K
}
Event: 12.746 GC heap before
{Heap before GC invocations=18 (full 2):
 PSYoungGen      total 24576K, used 23104K [0x00000000d5580000, 0x00000000d7000000, 0x0000000100000000)
  eden space 22016K, 100% used [0x00000000d5580000,0x00000000d6b00000,0x00000000d6b00000)
  from space 2560K, 42% used [0x00000000d6b80000,0x00000000d6c90000,0x00000000d6e00000)
  to   space 1536K, 0% used [0x00000000d6e80000,0x00000000d6e80000,0x00000000d7000000)
 ParOldGen       total 68608K, used 21152K [0x0000000080000000, 0x0000000084300000, 0x00000000d5580000)
  object space 68608K, 30% used [0x0000000080000000,0x00000000814a8338,0x0000000084300000)
 Metaspace       used 40773K, committed 41984K, reserved 1114112K
  class space    used 4370K, committed 4928K, reserved 1048576K
}
Event: 12.749 GC heap after
{Heap after GC invocations=18 (full 2):
 PSYoungGen      total 23552K, used 1280K [0x00000000d5580000, 0x00000000d7000000, 0x0000000100000000)
  eden space 22016K, 0% used [0x00000000d5580000,0x00000000d5580000,0x00000000d6b00000)
  from space 1536K, 83% used [0x00000000d6e80000,0x00000000d6fc0000,0x00000000d7000000)
  to   space 1536K, 0% used [0x00000000d6d00000,0x00000000d6d00000,0x00000000d6e80000)
 ParOldGen       total 68608K, used 21937K [0x0000000080000000, 0x0000000084300000, 0x00000000d5580000)
  object space 68608K, 31% used [0x0000000080000000,0x000000008156c748,0x0000000084300000)
 Metaspace       used 40773K, committed 41984K, reserved 1114112K
  class space    used 4370K, committed 4928K, reserved 1048576K
}
Event: 13.006 GC heap before
{Heap before GC invocations=19 (full 2):
 PSYoungGen      total 23552K, used 23296K [0x00000000d5580000, 0x00000000d7000000, 0x0000000100000000)
  eden space 22016K, 100% used [0x00000000d5580000,0x00000000d6b00000,0x00000000d6b00000)
  from space 1536K, 83% used [0x00000000d6e80000,0x00000000d6fc0000,0x00000000d7000000)
  to   space 1536K, 0% used [0x00000000d6d00000,0x00000000d6d00000,0x00000000d6e80000)
 ParOldGen       total 68608K, used 21937K [0x0000000080000000, 0x0000000084300000, 0x00000000d5580000)
  object space 68608K, 31% used [0x0000000080000000,0x000000008156c748,0x0000000084300000)
 Metaspace       used 42112K, committed 43392K, reserved 1114112K
  class space    used 4538K, committed 5120K, reserved 1048576K
}
Event: 13.013 GC heap after
{Heap after GC invocations=19 (full 2):
 PSYoungGen      total 23552K, used 1514K [0x00000000d5580000, 0x00000000d8300000, 0x0000000100000000)
  eden space 22016K, 0% used [0x00000000d5580000,0x00000000d5580000,0x00000000d6b00000)
  from space 1536K, 98% used [0x00000000d6d00000,0x00000000d6e7a820,0x00000000d6e80000)
  to   space 12288K, 0% used [0x00000000d7700000,0x00000000d7700000,0x00000000d8300000)
 ParOldGen       total 68608K, used 30994K [0x0000000080000000, 0x0000000084300000, 0x00000000d5580000)
  object space 68608K, 45% used [0x0000000080000000,0x0000000081e448a8,0x0000000084300000)
 Metaspace       used 42112K, committed 43392K, reserved 1114112K
  class space    used 4538K, committed 5120K, reserved 1048576K
}
Event: 14.556 GC heap before
{Heap before GC invocations=20 (full 2):
 PSYoungGen      total 23552K, used 23530K [0x00000000d5580000, 0x00000000d8300000, 0x0000000100000000)
  eden space 22016K, 100% used [0x00000000d5580000,0x00000000d6b00000,0x00000000d6b00000)
  from space 1536K, 98% used [0x00000000d6d00000,0x00000000d6e7a820,0x00000000d6e80000)
  to   space 12288K, 0% used [0x00000000d7700000,0x00000000d7700000,0x00000000d8300000)
 ParOldGen       total 68608K, used 30994K [0x0000000080000000, 0x0000000084300000, 0x00000000d5580000)
  object space 68608K, 45% used [0x0000000080000000,0x0000000081e448a8,0x0000000084300000)
 Metaspace       used 44601K, committed 45888K, reserved 1114112K
  class space    used 4880K, committed 5504K, reserved 1048576K
}
Event: 14.558 GC heap after
{Heap after GC invocations=20 (full 2):
 PSYoungGen      total 24576K, used 2080K [0x00000000d5580000, 0x00000000d7980000, 0x0000000100000000)
  eden space 22016K, 0% used [0x00000000d5580000,0x00000000d5580000,0x00000000d6b00000)
  from space 2560K, 81% used [0x00000000d7700000,0x00000000d7908000,0x00000000d7980000)
  to   space 5632K, 0% used [0x00000000d6e80000,0x00000000d6e80000,0x00000000d7400000)
 ParOldGen       total 68608K, used 32508K [0x0000000080000000, 0x0000000084300000, 0x00000000d5580000)
  object space 68608K, 47% used [0x0000000080000000,0x0000000081fbf070,0x0000000084300000)
 Metaspace       used 44601K, committed 45888K, reserved 1114112K
  class space    used 4880K, committed 5504K, reserved 1048576K
}

Dll operation events (10 events):
Event: 0.065 Loaded shared library c:\Users\Long Phung\.antigravity\extensions\redhat.java-1.52.0-win32-x64\jre\21.0.9-win32-x86_64\bin\java.dll
Event: 0.182 Loaded shared library c:\Users\Long Phung\.antigravity\extensions\redhat.java-1.52.0-win32-x64\jre\21.0.9-win32-x86_64\bin\zip.dll
Event: 0.302 Loaded shared library C:\Users\Long Phung\.antigravity\extensions\redhat.java-1.52.0-win32-x64\jre\21.0.9-win32-x86_64\bin\instrument.dll
Event: 0.320 Loaded shared library C:\Users\Long Phung\.antigravity\extensions\redhat.java-1.52.0-win32-x64\jre\21.0.9-win32-x86_64\bin\net.dll
Event: 0.357 Loaded shared library C:\Users\Long Phung\.antigravity\extensions\redhat.java-1.52.0-win32-x64\jre\21.0.9-win32-x86_64\bin\nio.dll
Event: 0.372 Loaded shared library C:\Users\Long Phung\.antigravity\extensions\redhat.java-1.52.0-win32-x64\jre\21.0.9-win32-x86_64\bin\zip.dll
Event: 0.419 Loaded shared library C:\Users\Long Phung\.antigravity\extensions\redhat.java-1.52.0-win32-x64\jre\21.0.9-win32-x86_64\bin\jimage.dll
Event: 0.581 Loaded shared library c:\Users\Long Phung\.antigravity\extensions\redhat.java-1.52.0-win32-x64\jre\21.0.9-win32-x86_64\bin\verify.dll
Event: 5.327 Loaded shared library C:\Users\Long Phung\AppData\Roaming\Antigravity\User\globalStorage\redhat.java\1.52.0\config_win\org.eclipse.equinox.launcher\org.eclipse.equinox.launcher.win32.win32.x86_64_1.2.1500.v20260121-1430\eclipse_11919.dll
Event: 9.404 Loaded shared library C:\Users\Long Phung\AppData\Local\Temp\jna--166703790\jna16629911397011420978.dll

Deoptimization events (20 events):
Event: 13.294 Thread 0x00000215e3966b00 DEOPT PACKING pc=0x00000215d0de7fcc sp=0x0000006c3cafc7b0
Event: 13.294 Thread 0x00000215e3966b00 DEOPT UNPACKING pc=0x00000215d07f6da2 sp=0x0000006c3cafc730 mode 2
Event: 13.466 Thread 0x00000215e3966b00 DEOPT PACKING pc=0x00000215c9c55005 sp=0x0000006c3cafd5e0
Event: 13.466 Thread 0x00000215e3966b00 DEOPT UNPACKING pc=0x00000215d07f78e2 sp=0x0000006c3cafcae0 mode 0
Event: 13.538 Thread 0x00000215e3966b00 DEOPT PACKING pc=0x00000215c9caa027 sp=0x0000006c3cafd420
Event: 13.538 Thread 0x00000215e3966b00 DEOPT UNPACKING pc=0x00000215d07f78e2 sp=0x0000006c3cafc920 mode 0
Event: 14.678 Thread 0x00000215e3966b00 Uncommon trap: trap_request=0x00000259 fr.pc=0x00000215d0d84700 relative=0x00000000000000e0
Event: 14.678 Thread 0x00000215e3966b00 Uncommon trap: reason=unloaded action=reinterpret pc=0x00000215d0d84700 method=org.codehaus.plexus.util.xml.pull.MXParser.more()C @ 22 c2
Event: 14.678 Thread 0x00000215e3966b00 DEOPT PACKING pc=0x00000215d0d84700 sp=0x0000006c3cafeb00
Event: 14.678 Thread 0x00000215e3966b00 DEOPT UNPACKING pc=0x00000215d07f6da2 sp=0x0000006c3cafeaa0 mode 2
Event: 14.784 Thread 0x00000215e4e32340 DEOPT PACKING pc=0x00000215c987ac3e sp=0x0000006c3dcfdec0
Event: 14.784 Thread 0x00000215e4e32340 DEOPT UNPACKING pc=0x00000215d07f78e2 sp=0x0000006c3dcfd400 mode 0
Event: 14.805 Thread 0x00000215e3966b00 Uncommon trap: trap_request=0xffffff76 fr.pc=0x00000215d0f34b98 relative=0x0000000000000b38
Event: 14.805 Thread 0x00000215e3966b00 Uncommon trap: reason=predicate action=maybe_recompile pc=0x00000215d0f34b98 method=java.util.TreeMap.put(Ljava/lang/Object;Ljava/lang/Object;Z)Ljava/lang/Object; @ 123 c2
Event: 14.805 Thread 0x00000215e3966b00 DEOPT PACKING pc=0x00000215d0f34b98 sp=0x0000006c3cafb6a0
Event: 14.805 Thread 0x00000215e3966b00 DEOPT UNPACKING pc=0x00000215d07f6da2 sp=0x0000006c3cafb628 mode 2
Event: 14.824 Thread 0x00000215e3966b00 Uncommon trap: trap_request=0xffffff45 fr.pc=0x00000215d0ed8f70 relative=0x00000000000010d0
Event: 14.825 Thread 0x00000215e3966b00 Uncommon trap: reason=unstable_if action=reinterpret pc=0x00000215d0ed8f70 method=jdk.internal.org.objectweb.asm.SymbolTable.put(Ljdk/internal/org/objectweb/asm/SymbolTable$Entry;)Ljdk/internal/org/objectweb/asm/SymbolTable$Entry; @ 13 c2
Event: 14.825 Thread 0x00000215e3966b00 DEOPT PACKING pc=0x00000215d0ed8f70 sp=0x0000006c3caf97a0
Event: 14.825 Thread 0x00000215e3966b00 DEOPT UNPACKING pc=0x00000215d07f6da2 sp=0x0000006c3caf9648 mode 2

Classes loaded (20 events):
Event: 13.291 Loading class jdk/internal/org/objectweb/asm/ClassReader
Event: 13.293 Loading class jdk/internal/org/objectweb/asm/ClassReader done
Event: 14.667 Loading class java/lang/ProcessEnvironment$CheckedKeySet
Event: 14.668 Loading class java/lang/ProcessEnvironment$CheckedKeySet done
Event: 14.831 Loading class java/util/concurrent/CompletableFuture$AltResult
Event: 14.831 Loading class java/util/concurrent/CompletableFuture$AltResult done
Event: 14.831 Loading class java/util/concurrent/CompletableFuture$Completion
Event: 14.832 Loading class java/util/concurrent/CompletableFuture$AsynchronousCompletionTask
Event: 14.832 Loading class java/util/concurrent/CompletableFuture$AsynchronousCompletionTask done
Event: 14.832 Loading class java/util/concurrent/CompletableFuture$Completion done
Event: 14.842 Loading class sun/nio/ch/WindowsAsynchronousFileChannelImpl$WriteTask
Event: 14.843 Loading class sun/nio/ch/WindowsAsynchronousFileChannelImpl$WriteTask done
Event: 14.844 Loading class jdk/internal/math/FormattedFPDecimal
Event: 14.848 Loading class jdk/internal/math/FormattedFPDecimal done
Event: 14.901 Loading class java/util/regex/Pattern$Pos
Event: 14.901 Loading class java/util/regex/Pattern$Pos done
Event: 14.925 Loading class sun/security/provider/MD5
Event: 14.925 Loading class sun/security/provider/MD5 done
Event: 14.925 Loading class sun/security/provider/ByteArrayAccess$LE
Event: 14.926 Loading class sun/security/provider/ByteArrayAccess$LE done

Classes unloaded (7 events):
Event: 10.460 Thread 0x00000215c611fae0 Unloading class 0x00000215811aa800 'java/lang/invoke/LambdaForm$MH+0x00000215811aa800'
Event: 10.460 Thread 0x00000215c611fae0 Unloading class 0x00000215811aa400 'java/lang/invoke/LambdaForm$MH+0x00000215811aa400'
Event: 10.460 Thread 0x00000215c611fae0 Unloading class 0x00000215811aa000 'java/lang/invoke/LambdaForm$MH+0x00000215811aa000'
Event: 10.460 Thread 0x00000215c611fae0 Unloading class 0x00000215811a9c00 'java/lang/invoke/LambdaForm$MH+0x00000215811a9c00'
Event: 10.460 Thread 0x00000215c611fae0 Unloading class 0x00000215811a9800 'java/lang/invoke/LambdaForm$BMH+0x00000215811a9800'
Event: 10.460 Thread 0x00000215c611fae0 Unloading class 0x00000215811a9400 'java/lang/invoke/LambdaForm$DMH+0x00000215811a9400'
Event: 10.460 Thread 0x00000215c611fae0 Unloading class 0x00000215811a8400 'java/lang/invoke/LambdaForm$DMH+0x00000215811a8400'

Classes redefined (0 events):
No events

Internal exceptions (20 events):
Event: 12.704 Thread 0x00000215e3967eb0 Exception <a 'sun/nio/fs/WindowsException'{0x00000000d67a7068}> (0x00000000d67a7068) 
thrown [s\src\hotspot\share\prims\jni.cpp, line 520]
Event: 12.736 Thread 0x00000215e3967eb0 Exception <a 'java/io/FileNotFoundException'{0x00000000d6a4d458}> (0x00000000d6a4d458) 
thrown [s\src\hotspot\share\prims\jni.cpp, line 520]
Event: 12.737 Thread 0x00000215e3967eb0 Exception <a 'java/io/FileNotFoundException'{0x00000000d6a4e760}> (0x00000000d6a4e760) 
thrown [s\src\hotspot\share\prims\jni.cpp, line 520]
Event: 12.738 Thread 0x00000215e3967eb0 Exception <a 'java/lang/NoSuchMethodError'{0x00000000d6a88ec0}: 'java.lang.Object java.lang.invoke.DirectMethodHandle$Holder.newInvokeSpecial(java.lang.Object, java.lang.Object, java.lang.Object, int)'> (0x00000000d6a88ec0) 
thrown [s\src\hotspot\share\interpreter\linkResolver.cpp, line 773]
Event: 12.739 Thread 0x00000215e3967eb0 Exception <a 'java/lang/NoSuchMethodError'{0x00000000d6a8cb38}: 'java.lang.Object java.lang.invoke.DirectMethodHandle$Holder.invokeSpecial(java.lang.Object, java.lang.Object, java.lang.Object, java.lang.Object, int)'> (0x00000000d6a8cb38) 
thrown [s\src\hotspot\share\interpreter\linkResolver.cpp, line 773]
Event: 12.739 Thread 0x00000215e3967eb0 Exception <a 'java/lang/NoSuchMethodError'{0x00000000d6a8ffe0}: 'java.lang.Object java.lang.invoke.Invokers$Holder.linkToTargetMethod(java.lang.Object, java.lang.Object, int, java.lang.Object)'> (0x00000000d6a8ffe0) 
thrown [s\src\hotspot\share\interpreter\linkResolver.cpp, line 773]
Event: 12.743 Thread 0x00000215e3967eb0 Exception <a 'java/lang/NoSuchMethodError'{0x00000000d6ac8618}: 'void java.lang.invoke.DirectMethodHandle$Holder.invokeStaticInit(java.lang.Object, java.lang.Object, java.lang.Object)'> (0x00000000d6ac8618) 
thrown [s\src\hotspot\share\interpreter\linkResolver.cpp, line 773]
Event: 12.900 Thread 0x00000215e3967eb0 Exception <a 'java/io/FileNotFoundException'{0x00000000d5ff33b0}> (0x00000000d5ff33b0) 
thrown [s\src\hotspot\share\prims\jni.cpp, line 520]
Event: 12.900 Thread 0x00000215e3967eb0 Exception <a 'java/io/FileNotFoundException'{0x00000000d5ff4148}> (0x00000000d5ff4148) 
thrown [s\src\hotspot\share\prims\jni.cpp, line 520]
Event: 13.048 Thread 0x00000215e4e32340 Exception <a 'java/io/FileNotFoundException'{0x00000000d58af5b0}> (0x00000000d58af5b0) 
thrown [s\src\hotspot\share\prims\jni.cpp, line 520]
Event: 13.099 Thread 0x00000215e4e32340 Exception <a 'java/lang/NoSuchMethodError'{0x00000000d5c36d98}: 'java.lang.Object java.lang.invoke.DirectMethodHandle$Holder.invokeStatic(java.lang.Object, int, java.lang.Object, java.lang.Object)'> (0x00000000d5c36d98) 
thrown [s\src\hotspot\share\interpreter\linkResolver.cpp, line 773]
Event: 13.099 Thread 0x00000215e4e32340 Exception <a 'java/lang/NoSuchMethodError'{0x00000000d5c3a598}: 'java.lang.Object java.lang.invoke.DelegatingMethodHandle$Holder.delegate(java.lang.Object, int, java.lang.Object, java.lang.Object)'> (0x00000000d5c3a598) 
thrown [s\src\hotspot\share\interpreter\linkResolver.cpp, line 773]
Event: 13.101 Thread 0x00000215e4e32340 Exception <a 'java/lang/NoSuchMethodError'{0x00000000d5c4e450}: 'int java.lang.invoke.Invokers$Holder.linkToTargetMethod(java.lang.Object, java.lang.Object, java.lang.Object)'> (0x00000000d5c4e450) 
thrown [s\src\hotspot\share\interpreter\linkResolver.cpp, line 773]
Event: 13.263 Thread 0x00000215e3966b00 Exception <a 'java/lang/ExceptionInInitializerError'{0x00000000d5cd4c40}> (0x00000000d5cd4c40) 
thrown [s\src\hotspot\share\oops\instanceKlass.cpp, line 1220]
Event: 13.294 Thread 0x00000215e3966b00 Implicit null exception at 0x00000215d0e72dfe to 0x00000215d0e73064
Event: 13.294 Thread 0x00000215e3966b00 Implicit null exception at 0x00000215d0de709c to 0x00000215d0de7fbc
Event: 13.298 Thread 0x00000215e3966b00 Exception <a 'java/lang/NoSuchMethodError'{0x00000000d5d8d500}: 'java.lang.Object java.lang.invoke.Invokers$Holder.invokeExact_MT(java.lang.Object, int, java.lang.Object)'> (0x00000000d5d8d500) 
thrown [s\src\hotspot\share\interpreter\linkResolver.cpp, line 773]
Event: 13.635 Thread 0x00000215e3966b00 Exception <a 'java/lang/NoClassDefFoundError'{0x00000000d6a43060}: com/google/inject/servlet/ServletModuleTargetVisitor> (0x00000000d6a43060) 
thrown [s\src\hotspot\share\classfile\systemDictionary.cpp, line 301]
Event: 14.865 Thread 0x00000215e3965de0 Exception <a 'java/lang/NoSuchMethodError'{0x00000000d5e0c8a0}: 'int java.lang.invoke.DirectMethodHandle$Holder.invokeSpecialIFC(java.lang.Object, java.lang.Object, java.lang.Object, java.lang.Object)'> (0x00000000d5e0c8a0) 
thrown [s\src\hotspot\share\interpreter\linkResolver.cpp, line 773]
Event: 14.899 Thread 0x00000215e4e32340 Exception <a 'java/lang/IncompatibleClassChangeError'{0x00000000d60f3c20}: Found class java.lang.Object, but interface was expected> (0x00000000d60f3c20) 
thrown [s\src\hotspot\share\interpreter\linkResolver.cpp, line 840]

ZGC Phase Switch (0 events):
No events

VM Operations (20 events):
Event: 12.498 Executing VM operation: ParallelGCFailedAllocation (Allocation Failure)
Event: 12.501 Executing VM operation: ParallelGCFailedAllocation (Allocation Failure) done
Event: 12.603 Executing VM operation: HandshakeAllThreads (Deoptimize)
Event: 12.603 Executing VM operation: HandshakeAllThreads (Deoptimize) done
Event: 12.665 Executing VM operation: HandshakeAllThreads (Deoptimize)
Event: 12.665 Executing VM operation: HandshakeAllThreads (Deoptimize) done
Event: 12.746 Executing VM operation: ParallelGCFailedAllocation (Allocation Failure)
Event: 12.749 Executing VM operation: ParallelGCFailedAllocation (Allocation Failure) done
Event: 13.006 Executing VM operation: ParallelGCFailedAllocation (Allocation Failure)
Event: 13.013 Executing VM operation: ParallelGCFailedAllocation (Allocation Failure) done
Event: 13.029 Executing VM operation: HandshakeAllThreads (Deoptimize)
Event: 13.029 Executing VM operation: HandshakeAllThreads (Deoptimize) done
Event: 13.358 Executing VM operation: HandshakeAllThreads (Deoptimize)
Event: 13.358 Executing VM operation: HandshakeAllThreads (Deoptimize) done
Event: 14.366 Executing VM operation: Cleanup
Event: 14.366 Executing VM operation: Cleanup done
Event: 14.556 Executing VM operation: ParallelGCFailedAllocation (Allocation Failure)
Event: 14.558 Executing VM operation: ParallelGCFailedAllocation (Allocation Failure) done
Event: 15.561 Executing VM operation: Cleanup
Event: 15.561 Executing VM operation: Cleanup done

Memory protections (0 events):
No events

Nmethod flushes (20 events):
Event: 12.144 Thread 0x00000215c611fae0 flushing  nmethod 0x00000215c9891610
Event: 12.144 Thread 0x00000215c611fae0 flushing  nmethod 0x00000215c98c8790
Event: 12.144 Thread 0x00000215c611fae0 flushing  nmethod 0x00000215c98c9c10
Event: 12.144 Thread 0x00000215c611fae0 flushing  nmethod 0x00000215c98ca510
Event: 12.144 Thread 0x00000215c611fae0 flushing  nmethod 0x00000215c98cb710
Event: 12.144 Thread 0x00000215c611fae0 flushing  nmethod 0x00000215c98cbf10
Event: 12.144 Thread 0x00000215c611fae0 flushing  nmethod 0x00000215c98cdc10
Event: 12.144 Thread 0x00000215c611fae0 flushing  nmethod 0x00000215c98cee10
Event: 12.144 Thread 0x00000215c611fae0 flushing  nmethod 0x00000215c98d1210
Event: 12.144 Thread 0x00000215c611fae0 flushing  nmethod 0x00000215c98dd710
Event: 12.144 Thread 0x00000215c611fae0 flushing  nmethod 0x00000215c990f590
Event: 12.144 Thread 0x00000215c611fae0 flushing  nmethod 0x00000215c9912c90
Event: 12.144 Thread 0x00000215c611fae0 flushing  nmethod 0x00000215c9928790
Event: 12.144 Thread 0x00000215c611fae0 flushing  nmethod 0x00000215c9963d10
Event: 12.144 Thread 0x00000215c611fae0 flushing  nmethod 0x00000215c9966a10
Event: 12.144 Thread 0x00000215c611fae0 flushing  nmethod 0x00000215c997d210
Event: 12.144 Thread 0x00000215c611fae0 flushing  nmethod 0x00000215c998e390
Event: 12.144 Thread 0x00000215c611fae0 flushing  nmethod 0x00000215c99b8a10
Event: 12.144 Thread 0x00000215c611fae0 flushing  nmethod 0x00000215c99d5590
Event: 12.144 Thread 0x00000215c611fae0 flushing  nmethod 0x00000215c99d5a10

Events (20 events):
Event: 12.167 Thread 0x00000215c609eae0 Thread added: 0x00000215e3967190
Event: 12.167 Thread 0x00000215c609eae0 Thread added: 0x00000215e3967820
Event: 12.168 Thread 0x00000215c609eae0 Thread added: 0x00000215e3968bd0
Event: 12.168 Thread 0x00000215c609eae0 Thread added: 0x00000215e4e329d0
Event: 12.168 Thread 0x00000215c609eae0 Thread added: 0x00000215e4e33060
Event: 12.168 Thread 0x00000215c609eae0 Thread added: 0x00000215e4e30f90
Event: 12.168 Thread 0x00000215c609eae0 Thread added: 0x00000215e4e336f0
Event: 12.168 Thread 0x00000215c609eae0 Thread added: 0x00000215e4e31620
Event: 12.168 Thread 0x00000215c609eae0 Thread added: 0x00000215e4e33d80
Event: 12.209 Thread 0x00000215c609eae0 Thread added: 0x00000215e4e30900
Event: 12.435 Thread 0x00000215c609eae0 Thread added: 0x00000215e4e31cb0
Event: 12.436 Thread 0x00000215c609eae0 Thread added: 0x00000215e4e32340
Event: 12.904 Thread 0x00000215e3967eb0 Thread added: 0x00000215e4c54260
Event: 12.904 Thread 0x00000215e3967eb0 Thread added: 0x00000215e4c548f0
Event: 12.906 Thread 0x00000215e4c54260 Thread added: 0x00000215e4c56330
Event: 12.908 Thread 0x00000215e4c548f0 Thread added: 0x00000215e4c54f80
Event: 12.910 Thread 0x00000215e4c56330 Thread added: 0x00000215e4c55ca0
Event: 12.910 Thread 0x00000215e4c54f80 Thread added: 0x00000215e4c55610
Event: 12.911 Thread 0x00000215e4c55ca0 Thread added: 0x00000215e4c569c0
Event: 14.662 Thread 0x00000215de3d1c60 Thread added: 0x00000215e51ada20


Dynamic libraries:
0x00007ff776d10000 - 0x00007ff776d1e000 	c:\Users\Long Phung\.antigravity\extensions\redhat.java-1.52.0-win32-x64\jre\21.0.9-win32-x86_64\bin\java.exe
0x00007ff851240000 - 0x00007ff8514a8000 	C:\WINDOWS\SYSTEM32\ntdll.dll
0x00007ff850710000 - 0x00007ff8507d9000 	C:\WINDOWS\System32\KERNEL32.DLL
0x00007ff84dc60000 - 0x00007ff84e051000 	C:\WINDOWS\System32\KERNELBASE.dll
0x00007ff84e060000 - 0x00007ff84e1ab000 	C:\WINDOWS\System32\ucrtbase.dll
0x00007ff803f70000 - 0x00007ff803f88000 	c:\Users\Long Phung\.antigravity\extensions\redhat.java-1.52.0-win32-x64\jre\21.0.9-win32-x86_64\bin\jli.dll
0x00007ff8500b0000 - 0x00007ff850276000 	C:\WINDOWS\System32\USER32.dll
0x00007ff84e330000 - 0x00007ff84e357000 	C:\WINDOWS\System32\win32u.dll
0x00007ff84fdc0000 - 0x00007ff84fdeb000 	C:\WINDOWS\System32\GDI32.dll
0x00007ff832120000 - 0x00007ff8323b3000 	C:\WINDOWS\WinSxS\amd64_microsoft.windows.common-controls_6595b64144ccf1df_6.0.26100.7824_none_3e0870b2e3345462\COMCTL32.dll
0x00007ff84ee00000 - 0x00007ff84ef2b000 	C:\WINDOWS\System32\gdi32full.dll
0x00007ff850dc0000 - 0x00007ff850e69000 	C:\WINDOWS\System32\msvcrt.dll
0x00007ff84dbb0000 - 0x00007ff84dc53000 	C:\WINDOWS\System32\msvcp_win.dll
0x00007ff803c30000 - 0x00007ff803c4e000 	c:\Users\Long Phung\.antigravity\extensions\redhat.java-1.52.0-win32-x64\jre\21.0.9-win32-x86_64\bin\VCRUNTIME140.dll
0x00007ff8509f0000 - 0x00007ff850a21000 	C:\WINDOWS\System32\IMM32.DLL
0x000000006b0d0000 - 0x000000006b0dd000 	C:\Program Files (x86)\360\Total Security\safemon\SafeWrapper.dll
0x00007ff84f300000 - 0x00007ff84f3b4000 	C:\WINDOWS\System32\ADVAPI32.dll
0x00007ff850ec0000 - 0x00007ff850f66000 	C:\WINDOWS\System32\sechost.dll
0x00007ff84f100000 - 0x00007ff84f218000 	C:\WINDOWS\System32\RPCRT4.dll
0x00007ff848b40000 - 0x00007ff848c45000 	C:\Program Files (x86)\360\Total Security\safemon\libzdtp64.dll
0x00007ff84f660000 - 0x00007ff84fdb2000 	C:\WINDOWS\System32\SHELL32.dll
0x00007ff84ec90000 - 0x00007ff84edfa000 	C:\WINDOWS\System32\wintypes.dll
0x00007ff850a30000 - 0x00007ff850db6000 	C:\WINDOWS\System32\combase.dll
0x00007ff8510e0000 - 0x00007ff851147000 	C:\WINDOWS\System32\SHLWAPI.dll
0x00007ff84e360000 - 0x00007ff84ebc3000 	C:\WINDOWS\System32\Windows.Storage.dll
0x00007ff84d600000 - 0x00007ff84d60b000 	C:\WINDOWS\SYSTEM32\VERSION.dll
0x00007ff818790000 - 0x00007ff81879c000 	c:\Users\Long Phung\.antigravity\extensions\redhat.java-1.52.0-win32-x64\jre\21.0.9-win32-x86_64\bin\vcruntime140_1.dll
0x00007fffd85d0000 - 0x00007fffd865d000 	c:\Users\Long Phung\.antigravity\extensions\redhat.java-1.52.0-win32-x64\jre\21.0.9-win32-x86_64\bin\msvcp140.dll
0x00007fff6c520000 - 0x00007fff6d2c0000 	c:\Users\Long Phung\.antigravity\extensions\redhat.java-1.52.0-win32-x64\jre\21.0.9-win32-x86_64\bin\server\jvm.dll
0x00007ff851150000 - 0x00007ff8511c4000 	C:\WINDOWS\System32\WS2_32.dll
0x00007ff84d980000 - 0x00007ff84d9de000 	C:\WINDOWS\SYSTEM32\POWRPROF.dll
0x00007ff845b40000 - 0x00007ff845b75000 	C:\WINDOWS\SYSTEM32\WINMM.dll
0x00007ff84d960000 - 0x00007ff84d974000 	C:\WINDOWS\SYSTEM32\UMPDC.dll
0x00007ff84c850000 - 0x00007ff84c86b000 	C:\WINDOWS\SYSTEM32\kernel.appcore.dll
0x00007ff817ae0000 - 0x00007ff817aea000 	c:\Users\Long Phung\.antigravity\extensions\redhat.java-1.52.0-win32-x64\jre\21.0.9-win32-x86_64\bin\jimage.dll
0x00007ff84b220000 - 0x00007ff84b462000 	C:\WINDOWS\SYSTEM32\DBGHELP.DLL
0x00007ff84f220000 - 0x00007ff84f2f7000 	C:\WINDOWS\System32\OLEAUT32.dll
0x00007ff82f1a0000 - 0x00007ff82f1db000 	C:\WINDOWS\SYSTEM32\dbgcore.DLL
0x00007ff84ef30000 - 0x00007ff84efd5000 	C:\WINDOWS\System32\bcryptPrimitives.dll
0x00007ff806a20000 - 0x00007ff806a2f000 	c:\Users\Long Phung\.antigravity\extensions\redhat.java-1.52.0-win32-x64\jre\21.0.9-win32-x86_64\bin\instrument.dll
0x00007ff803c10000 - 0x00007ff803c30000 	c:\Users\Long Phung\.antigravity\extensions\redhat.java-1.52.0-win32-x64\jre\21.0.9-win32-x86_64\bin\java.dll
0x00007ff8507e0000 - 0x00007ff8508d6000 	C:\WINDOWS\System32\SHCORE.dll
0x00007ff84da40000 - 0x00007ff84da69000 	C:\WINDOWS\SYSTEM32\profapi.dll
0x00007ff83c910000 - 0x00007ff83c928000 	c:\Users\Long Phung\.antigravity\extensions\redhat.java-1.52.0-win32-x64\jre\21.0.9-win32-x86_64\bin\zip.dll
0x00007ff83bf80000 - 0x00007ff83bf90000 	C:\Users\Long Phung\.antigravity\extensions\redhat.java-1.52.0-win32-x64\jre\21.0.9-win32-x86_64\bin\net.dll
0x00007ff83fbd0000 - 0x00007ff83fcf7000 	C:\WINDOWS\SYSTEM32\WINHTTP.dll
0x00007ff84cdc0000 - 0x00007ff84ce2b000 	C:\WINDOWS\system32\mswsock.dll
0x00007ff83a710000 - 0x00007ff83a726000 	C:\Users\Long Phung\.antigravity\extensions\redhat.java-1.52.0-win32-x64\jre\21.0.9-win32-x86_64\bin\nio.dll
0x00007ff83bf70000 - 0x00007ff83bf80000 	c:\Users\Long Phung\.antigravity\extensions\redhat.java-1.52.0-win32-x64\jre\21.0.9-win32-x86_64\bin\verify.dll
0x00007ff8369e0000 - 0x00007ff836a25000 	C:\Users\Long Phung\AppData\Roaming\Antigravity\User\globalStorage\redhat.java\1.52.0\config_win\org.eclipse.equinox.launcher\org.eclipse.equinox.launcher.win32.win32.x86_64_1.2.1500.v20260121-1430\eclipse_11919.dll
0x00007ff84fe80000 - 0x00007ff850017000 	C:\WINDOWS\System32\ole32.dll
0x00007ff84d090000 - 0x00007ff84d0ab000 	C:\WINDOWS\SYSTEM32\CRYPTSP.dll
0x00007ff84c7b0000 - 0x00007ff84c7e9000 	C:\WINDOWS\system32\rsaenh.dll
0x00007ff84ce70000 - 0x00007ff84ce9b000 	C:\WINDOWS\SYSTEM32\USERENV.dll
0x00007ff84da10000 - 0x00007ff84da3a000 	C:\WINDOWS\SYSTEM32\bcrypt.dll
0x00007ff84d0b0000 - 0x00007ff84d0bc000 	C:\WINDOWS\SYSTEM32\CRYPTBASE.dll
0x00007ff84c300000 - 0x00007ff84c334000 	C:\WINDOWS\SYSTEM32\IPHLPAPI.DLL
0x00007ff84f3c0000 - 0x00007ff84f3ca000 	C:\WINDOWS\System32\NSI.dll
0x00007ff8368c0000 - 0x00007ff836909000 	C:\Users\Long Phung\AppData\Local\Temp\jna--166703790\jna16629911397011420978.dll
0x00007ff8500a0000 - 0x00007ff8500a8000 	C:\WINDOWS\System32\PSAPI.DLL
0x00007ff846cd0000 - 0x00007ff846cee000 	C:\WINDOWS\SYSTEM32\dhcpcsvc6.DLL
0x00007ff845b80000 - 0x00007ff845ba3000 	C:\WINDOWS\SYSTEM32\dhcpcsvc.DLL

JVMTI agents:
c:\Users\Long Phung\.antigravity\extensions\redhat.java-1.52.0-win32-x64\lombok\lombok-1.18.39-4050.jar path:c:\Users\Long Phung\.antigravity\extensions\redhat.java-1.52.0-win32-x64\jre\21.0.9-win32-x86_64\bin\instrument.dll, loaded, initialized, instrumentlib options:none

dbghelp: loaded successfully - version: 4.0.5 - missing functions: none
symbol engine: initialized successfully - sym options: 0x614 - pdb path: .;c:\Users\Long Phung\.antigravity\extensions\redhat.java-1.52.0-win32-x64\jre\21.0.9-win32-x86_64\bin;C:\WINDOWS\SYSTEM32;C:\WINDOWS\WinSxS\amd64_microsoft.windows.common-controls_6595b64144ccf1df_6.0.26100.7824_none_3e0870b2e3345462;C:\Program Files (x86)\360\Total Security\safemon;c:\Users\Long Phung\.antigravity\extensions\redhat.java-1.52.0-win32-x64\jre\21.0.9-win32-x86_64\bin\server;C:\Users\Long Phung\AppData\Roaming\Antigravity\User\globalStorage\redhat.java\1.52.0\config_win\org.eclipse.equinox.launcher\org.eclipse.equinox.launcher.win32.win32.x86_64_1.2.1500.v20260121-1430;C:\Users\Long Phung\AppData\Local\Temp\jna--166703790

VM Arguments:
jvm_args: --add-modules=ALL-SYSTEM --add-opens=java.base/java.util=ALL-UNNAMED --add-opens=java.base/java.lang=ALL-UNNAMED --add-opens=java.base/sun.nio.fs=ALL-UNNAMED -Declipse.application=org.eclipse.jdt.ls.core.id1 -Dosgi.bundles.defaultStartLevel=4 -Declipse.product=org.eclipse.jdt.ls.core.product -Djava.import.generatesMetadataFilesAtProjectRoot=false -DDetectVMInstallationsJob.disabled=true -Dfile.encoding=utf8 -XX:+UseParallelGC -XX:GCTimeRatio=4 -XX:AdaptiveSizePolicyWeight=90 -Dsun.zip.disableMemoryMapping=true -Xmx2G -Xms100m -Xlog:disable -javaagent:c:\Users\Long Phung\.antigravity\extensions\redhat.java-1.52.0-win32-x64\lombok\lombok-1.18.39-4050.jar -XX:+HeapDumpOnOutOfMemoryError -XX:HeapDumpPath=c:\Users\Long Phung\AppData\Roaming\Antigravity\User\workspaceStorage\2dd67a9ae43f6bc20a053f33c7cc8e95\redhat.java -Daether.dependencyCollector.impl=bf 
java_command: c:\Users\Long Phung\.antigravity\extensions\redhat.java-1.52.0-win32-x64\server\plugins\org.eclipse.equinox.launcher_1.7.100.v20251111-0406.jar -configuration c:\Users\Long Phung\AppData\Roaming\Antigravity\User\globalStorage\redhat.java\1.52.0\config_win -data c:\Users\Long Phung\AppData\Roaming\Antigravity\User\workspaceStorage\2dd67a9ae43f6bc20a053f33c7cc8e95\redhat.java\jdt_ws --pipe=\\.\pipe\lsp-05487484ba6425cef3c83a6fee6946ad-sock
java_class_path (initial): c:\Users\Long Phung\.antigravity\extensions\redhat.java-1.52.0-win32-x64\server\plugins\org.eclipse.equinox.launcher_1.7.100.v20251111-0406.jar
Launcher Type: SUN_STANDARD

[Global flags]
    uintx AdaptiveSizePolicyWeight                 = 90                                        {product} {command line}
     intx CICompilerCount                          = 4                                         {product} {ergonomic}
    uintx GCTimeRatio                              = 4                                         {product} {command line}
     bool HeapDumpOnOutOfMemoryError               = true                                   {manageable} {command line}
    ccstr HeapDumpPath                             = c:\Users\Long Phung\AppData\Roaming\Antigravity\User\workspaceStorage\2dd67a9ae43f6bc20a053f33c7cc8e95\redhat.java         {manageable} {command line}
   size_t InitialHeapSize                          = 104857600                                 {product} {command line}
   size_t MaxHeapSize                              = 2147483648                                {product} {command line}
   size_t MaxNewSize                               = 715653120                                 {product} {ergonomic}
   size_t MinHeapDeltaBytes                        = 524288                                    {product} {ergonomic}
   size_t MinHeapSize                              = 104857600                                 {product} {command line}
   size_t NewSize                                  = 34603008                                  {product} {ergonomic}
    uintx NonNMethodCodeHeapSize                   = 5839372                                {pd product} {ergonomic}
    uintx NonProfiledCodeHeapSize                  = 122909434                              {pd product} {ergonomic}
   size_t OldSize                                  = 70254592                                  {product} {ergonomic}
    uintx ProfiledCodeHeapSize                     = 122909434                              {pd product} {ergonomic}
    uintx ReservedCodeCacheSize                    = 251658240                              {pd product} {ergonomic}
     bool SegmentedCodeCache                       = true                                      {product} {ergonomic}
   size_t SoftMaxHeapSize                          = 2147483648                             {manageable} {ergonomic}
     bool UseCompressedOops                        = true                           {product lp64_product} {ergonomic}
     bool UseLargePagesIndividualAllocation        = false                                  {pd product} {ergonomic}
     bool UseParallelGC                            = true                                      {product} {command line}

Logging:
Log output configuration:
 #0: stdout all=off uptime,level,tags foldmultilines=false
 #1: stderr all=off uptime,level,tags foldmultilines=false

Release file:
JAVA_VERSION="21.0.9" 
MODULES="java.base java.compiler java.datatransfer java.xml java.prefs java.desktop java.instrument java.logging java.management java.security.sasl java.naming java.rmi java.management.rmi java.net.http java.scripting java.security.jgss java.transaction.xa java.sql java.sql.rowset java.xml.crypto java.se java.smartcardio jdk.accessibility jdk.internal.jvmstat jdk.attach jdk.charsets jdk.internal.opt jdk.zipfs jdk.compiler jdk.crypto.ec jdk.crypto.cryptoki jdk.crypto.mscapi jdk.dynalink jdk.internal.ed jdk.editpad jdk.hotspot.agent jdk.httpserver jdk.internal.le jdk.internal.vm.ci jdk.internal.vm.compiler jdk.internal.vm.compiler.management jdk.jartool jdk.javadoc jdk.jcmd jdk.management jdk.management.agent jdk.jconsole jdk.jdeps jdk.jdwp.agent jdk.jdi jdk.jfr jdk.jshell jdk.jsobject jdk.jstatd jdk.localedata jdk.management.jfr jdk.naming.dns jdk.naming.rmi jdk.net jdk.nio.mapmode jdk.random jdk.sctp jdk.security.auth jdk.security.jgss jdk.unsupported jdk.unsupported.desktop jdk.xml.dom" 

Environment Variables:
JAVA_HOME=C:\Program Files\Java\jdk-23
PATH=C:\Program Files\Common Files\Oracle\Java\javapath;C:\WINDOWS\system32;C:\WINDOWS;C:\WINDOWS\System32\Wbem;C:\WINDOWS\System32\WindowsPowerShell\v1.0\;C:\WINDOWS\System32\OpenSSH\;C:\Program Files\dotnet\;C:\Program Files (x86)\Microsoft SQL Server\160\DTS\Binn\;C:\Program Files\Azure Data Studio\bin;C:\Program Files (x86)\Microsoft SQL Server\160\Tools\Binn\;C:\Program Files\Microsoft SQL Server\160\Tools\Binn\;C:\Program Files\Microsoft SQL Server\Client SDK\ODBC\170\Tools\Binn\;C:\Program Files\Microsoft SQL Server\160\DTS\Binn\;F:\common;C:\Program Files\Java\jdk-23\bin;C:\apache-maven-3.9.11\bin;C:\Program Files\nodejs\;C:\Program Files\Docker\Docker\resources\bin;C:\ProgramData\DockerDesktop\version-bin;C:\Program Files\Cloudflare\Cloudflare WARP\;C:\Program Files (x86)\Windows Kits\10\Windows Performance Toolkit\;C:\Program Files\Microsoft SQL Server\150\Tools\Binn\;C:\Program Files\CMake\bin;C:\Program Files\Git\cmd;C:\msys64\usr\bin;C:\Program Files\Go\bin;C:\Users\Long Phung\Downloads\skaff;G:\Minikube;C:\Program Files (x86)\Graphviz\bin;C:\Users\Long Phung\AppData\Local\Programs\Python\Python312\Scripts\;C:\Users\Long Phung\AppData\Local\Programs\Python\Python312\;C:\Users\Long Phung\AppData\Local\Programs\Python\Launcher\;C:\Users\Long Phung\AppData\Local\Microsoft\WindowsApps;C:\Program Files\Azure Data Studio\bin;F:\Microsoft VS Code\bin;C:\Users\Long Phung\AppData\Local\GitHubDesktop\bin;C:\Users\Long Phung\AppData\Roaming\npm;C:\Program Files\Java\jdk-17\bin;C:\Users\Long Phung\.dotnet\tools;C:\Program Files\JetBrains\PyCharm 2025.1.3.1\bin;;C:\Users\Long Phung\go\bin;C:\Users\Long Phung\AppData\Local\Google\Cloud SDK\google-cloud-sdk\bin;F:\Antigravity\bin;G:\cursor\resources\app\bin
USERNAME=Long Phung
OS=Windows_NT
PROCESSOR_IDENTIFIER=Intel64 Family 6 Model 140 Stepping 1, GenuineIntel
TMP=C:\Users\LONGPH~1\AppData\Local\Temp
TEMP=C:\Users\LONGPH~1\AppData\Local\Temp




Periodic native trim disabled

---------------  S Y S T E M  ---------------

OS:
 Windows 11 , 64 bit Build 26100 (10.0.26100.7705)
OS uptime: 2 days 18:51 hours
Hyper-V role detected

CPU: total 8 (initial active 8) (4 cores per cpu, 2 threads per core) family 6 model 140 stepping 1 microcode 0x8a, cx8, cmov, fxsr, ht, mmx, 3dnowpref, sse, sse2, sse3, ssse3, sse4.1, sse4.2, popcnt, lzcnt, tsc, tscinvbit, avx, avx2, aes, erms, clmul, bmi1, bmi2, adx, avx512f, avx512dq, avx512cd, avx512bw, avx512vl, sha, fma, vzeroupper, avx512_vpopcntdq, avx512_vpclmulqdq, avx512_vaes, avx512_vnni, clflush, clflushopt, clwb, avx512_vbmi2, avx512_vbmi, hv, rdtscp, rdpid, fsrm, gfni, avx512_bitalg, f16c, cet_ibt, cet_ss, avx512_ifma
Processor Information for the first 8 processors :
  Max Mhz: 2803, Current Mhz: 2803, Mhz Limit: 2803

Memory: 4k page, system-wide physical 7971M (407M free)
TotalPageFile size 25471M (AvailPageFile size 15M)
current process WorkingSet (physical memory assigned to process): 203M, peak: 213M
current process commit charge ("private bytes"): 329M, peak: 351M

vm_info: OpenJDK 64-Bit Server VM (21.0.9+10-LTS) for windows-amd64 JRE (21.0.9+10-LTS), built on 2025-10-21T00:00:00Z by "admin" with unknown MS VC++:1942

END.
