#
# There is insufficient memory for the Java Runtime Environment to continue.
# Native memory allocation (mmap) failed to map 201326592 bytes. Error detail: G1 virtual space
# Possible reasons:
#   The system is out of physical RAM or swap space
#   This process is running with CompressedOops enabled, and the Java Heap may be blocking the growth of the native heap
# Possible solutions:
#   Reduce memory load on the system
#   Increase physical memory or swap space
#   Check if swap backing store is full
#   Decrease Java heap size (-Xmx/-Xms)
#   Decrease number of Java threads
#   Decrease Java thread stack sizes (-Xss)
#   Set larger code cache with -XX:ReservedCodeCacheSize=
#   JVM is running with Unscaled Compressed Oops mode in which the Java heap is
#     placed in the first 4GB address space. The Java Heap base address is the
#     maximum limit for the native heap growth. Please use -XX:HeapBaseMinAddress
#     to set the Java Heap base and to place the Java Heap above 4GB virtual address.
# This output file may be truncated or incomplete.
#
#  Out of Memory Error (os_windows.cpp:3703), pid=26368, tid=24472
#
# JRE version: Java(TM) SE Runtime Environment (23.0.1+11) (build 23.0.1+11-39)
# Java VM: Java HotSpot(TM) 64-Bit Server VM (23.0.1+11-39, mixed mode, emulated-client, sharing, tiered, compressed oops, compressed class ptrs, g1 gc, windows-amd64)
# No core dump will be written. Minidumps are not enabled by default on client versions of Windows
#

---------------  S U M M A R Y ------------

Command Line: -XX:TieredStopAtLevel=1 vn.kurisu.mentormatch.MentorMatchApplication

Host: 11th Gen Intel(R) Core(TM) i7-1165G7 @ 2.80GHz, 8 cores, 7G,  Windows 11 , 64 bit Build 26100 (10.0.26100.7705)
Time: Thu Mar 12 11:45:37 2026 SE Asia Standard Time elapsed time: 21.094069 seconds (0d 0h 0m 21s)

---------------  T H R E A D  ---------------

Current thread (0x000001e7e438d350):  VMThread "VM Thread"          [id=24472, stack(0x000000af02000000,0x000000af02100000) (1024K)]

Stack: [0x000000af02000000,0x000000af02100000]
Native frames: (J=compiled Java code, j=interpreted, Vv=VM code, C=native code)
V  [jvm.dll+0x6e08b9]  (no source info available)
V  [jvm.dll+0x87dc83]  (no source info available)
V  [jvm.dll+0x88010e]  (no source info available)
V  [jvm.dll+0x8807e3]  (no source info available)
V  [jvm.dll+0x27aee6]  (no source info available)
V  [jvm.dll+0x6dd1c5]  (no source info available)
V  [jvm.dll+0x6d104a]  (no source info available)
V  [jvm.dll+0x35b3ea]  (no source info available)
V  [jvm.dll+0x3637f6]  (no source info available)
V  [jvm.dll+0x34fd5e]  (no source info available)
V  [jvm.dll+0x34fff8]  (no source info available)
V  [jvm.dll+0x3289cc]  (no source info available)
V  [jvm.dll+0x328a5a]  (no source info available)
V  [jvm.dll+0x374c92]  (no source info available)
V  [jvm.dll+0x373392]  (no source info available)
V  [jvm.dll+0x3281a7]  (no source info available)
V  [jvm.dll+0x372b44]  (no source info available)
V  [jvm.dll+0x886720]  (no source info available)
V  [jvm.dll+0x887a47]  (no source info available)
V  [jvm.dll+0x887f78]  (no source info available)
V  [jvm.dll+0x888213]  (no source info available)
V  [jvm.dll+0x824f8b]  (no source info available)
V  [jvm.dll+0x6df065]  (no source info available)
C  [ucrtbase.dll+0x37b0]  (no source info available)
C  [KERNEL32.DLL+0x2e8d7]  (no source info available)
C  [ntdll.dll+0x8c40c]  (no source info available)

VM_Operation (0x000000af031f8f10): G1CollectForAllocation, mode: safepoint, requested by thread 0x000001e7c5cec010


---------------  P R O C E S S  ---------------

Threads class SMR info:
_java_thread_list=0x000001e7c5cbf1c0, length=13, elements={
0x000001e7d1b328a0, 0x000001e7e43a7350, 0x000001e7e43a7db0, 0x000001e7e43ac8c0,
0x000001e7e43ad450, 0x000001e7e43afec0, 0x000001e7e43b2e90, 0x000001e7c50384a0,
0x000001e7c5168740, 0x000001e7c51735e0, 0x000001e7c57f5160, 0x000001e7c5b173d0,
0x000001e7c5cec010
}

Java Threads: ( => current thread )
  0x000001e7d1b328a0 JavaThread "main"                              [_thread_blocked, id=25648, stack(0x000000af01900000,0x000000af01a00000) (1024K)]
  0x000001e7e43a7350 JavaThread "Reference Handler"          daemon [_thread_blocked, id=2768, stack(0x000000af02100000,0x000000af02200000) (1024K)]
  0x000001e7e43a7db0 JavaThread "Finalizer"                  daemon [_thread_blocked, id=22780, stack(0x000000af02200000,0x000000af02300000) (1024K)]
  0x000001e7e43ac8c0 JavaThread "Signal Dispatcher"          daemon [_thread_blocked, id=22724, stack(0x000000af02300000,0x000000af02400000) (1024K)]
  0x000001e7e43ad450 JavaThread "Attach Listener"            daemon [_thread_blocked, id=12808, stack(0x000000af02400000,0x000000af02500000) (1024K)]
  0x000001e7e43afec0 JavaThread "Service Thread"             daemon [_thread_blocked, id=26392, stack(0x000000af02500000,0x000000af02600000) (1024K)]
  0x000001e7e43b2e90 JavaThread "Monitor Deflation Thread"   daemon [_thread_blocked, id=16036, stack(0x000000af02600000,0x000000af02700000) (1024K)]
  0x000001e7c50384a0 JavaThread "C1 CompilerThread0"         daemon [_thread_blocked, id=21700, stack(0x000000af02700000,0x000000af02800000) (1024K)]
  0x000001e7c5168740 JavaThread "Notification Thread"        daemon [_thread_blocked, id=23720, stack(0x000000af02900000,0x000000af02a00000) (1024K)]
  0x000001e7c51735e0 JavaThread "Common-Cleaner"             daemon [_thread_blocked, id=25696, stack(0x000000af02a00000,0x000000af02b00000) (1024K)]
  0x000001e7c57f5160 JavaThread "C1 CompilerThread1"         daemon [_thread_blocked, id=18820, stack(0x000000af02800000,0x000000af02900000) (1024K)]
  0x000001e7c5b173d0 JavaThread "C1 CompilerThread2"         daemon [_thread_blocked, id=26080, stack(0x000000af02b00000,0x000000af02c00000) (1024K)]
  0x000001e7c5cec010 JavaThread "background-preinit"                [_thread_blocked, id=13472, stack(0x000000af03100000,0x000000af03200000) (1024K)]
Total: 13

Other Threads:
=>0x000001e7e438d350 VMThread "VM Thread"                           [id=24472, stack(0x000000af02000000,0x000000af02100000) (1024K)]
  0x000001e7e437da80 WatcherThread "VM Periodic Task Thread"        [id=19960, stack(0x000000af01f00000,0x000000af02000000) (1024K)]
  0x000001e7d3f337d0 WorkerThread "GC Thread#0"                     [id=23944, stack(0x000000af01a00000,0x000000af01b00000) (1024K)]
  0x000001e7c5bae270 WorkerThread "GC Thread#1"                     [id=4064, stack(0x000000af02c00000,0x000000af02d00000) (1024K)]
  0x000001e7c5baea20 WorkerThread "GC Thread#2"                     [id=21628, stack(0x000000af02d00000,0x000000af02e00000) (1024K)]
  0x000001e7c5bcdd60 WorkerThread "GC Thread#3"                     [id=16400, stack(0x000000af02e00000,0x000000af02f00000) (1024K)]
  0x000001e7c5bd93a0 WorkerThread "GC Thread#4"                     [id=26248, stack(0x000000af02f00000,0x000000af03000000) (1024K)]
  0x000001e7c5bd9960 WorkerThread "GC Thread#5"                     [id=22188, stack(0x000000af03000000,0x000000af03100000) (1024K)]
  0x000001e7c5ee4850 WorkerThread "GC Thread#6"                     [id=22984, stack(0x000000af03200000,0x000000af03300000) (1024K)]
  0x000001e7c5ee4c00 WorkerThread "GC Thread#7"                     [id=3400, stack(0x000000af03300000,0x000000af03400000) (1024K)]
  0x000001e7d3f48f50 ConcurrentGCThread "G1 Main Marker"            [id=1296, stack(0x000000af01b00000,0x000000af01c00000) (1024K)]
  0x000001e7d3f49970 WorkerThread "G1 Conc#0"                       [id=23996, stack(0x000000af01c00000,0x000000af01d00000) (1024K)]
  0x000001e7e424e5d0 ConcurrentGCThread "G1 Refine#0"               [id=12464, stack(0x000000af01d00000,0x000000af01e00000) (1024K)]
  0x000001e7e424ff10 ConcurrentGCThread "G1 Service"                [id=25260, stack(0x000000af01e00000,0x000000af01f00000) (1024K)]
Total: 14

Threads with active compile tasks:
C1 CompilerThread0  21249 2372       1       org.springframework.core.type.filter.AnnotationTypeFilter::matchSelf (52 bytes)
C1 CompilerThread2  21249 2371       1       jdk.internal.org.objectweb.asm.FieldWriter::putFieldInfo (269 bytes)
Total: 2

VM state: at safepoint (normal execution)

VM Mutex/Monitor currently owned by a thread:  ([mutex/lock_event])
[0x00007ff8b7c33910] Threads_lock - owner thread: 0x000001e7e438d350
[0x00007ff8b7c33a10] Heap_lock - owner thread: 0x000001e7c5cec010

Heap address: 0x0000000083600000, size: 1994 MB, Compressed Oops mode: 32-bit

CDS archive(s) mapped at: [0x000001e780000000-0x000001e780d70000-0x000001e780d70000), size 14090240, SharedBaseAddress: 0x000001e780000000, ArchiveRelocationMode: 1.
Compressed class space mapped at: 0x000001e781000000-0x000001e7c1000000, reserved size: 1073741824
Narrow klass base: 0x000001e780000000, Narrow klass shift: 0, Narrow klass range: 0x41000000

GC Precious Log:
 CardTable entry size: 512
 Card Set container configuration: InlinePtr #cards 5 size 8 Array Of Cards #cards 10 size 36 Howl #buckets 4 coarsen threshold 1843 Howl Bitmap #cards 512 size 80 coarsen threshold 460 Card regions per heap region 1 cards per card region 2048
 CPUs: 8 total, 8 available
 Memory: 7971M
 Large Page Support: Disabled
 NUMA Support: Disabled
 Compressed Oops: Enabled (32-bit)
 Heap Region Size: 1M
 Heap Min Capacity: 8M
 Heap Initial Capacity: 126M
 Heap Max Capacity: 1994M
 Pre-touch: Disabled
 Parallel Workers: 8
 Concurrent Workers: 2
 Concurrent Refinement Workers: 8
 Periodic GC: Disabled

Heap:
 garbage-first heap   total reserved 2041856K, committed 129024K, used 10847K [0x0000000083600000, 0x0000000100000000)
  region size 1024K, 1 young (1024K), 1 survivors (1024K)
 Metaspace       used 14920K, committed 15232K, reserved 1114112K
  class space    used 2176K, committed 2304K, reserved 1048576K

Heap Regions: E=young(eden), S=young(survivor), O=old, HS=humongous(starts), HC=humongous(continues), CS=collection set, F=free, TAMS=top-at-mark-start, PB=parsable bottom
|   0|0x0000000083600000, 0x0000000083700000, 0x0000000083700000|100%|HS|  |TAMS 0x0000000083600000| PB 0x0000000083600000| Complete |  0
|   1|0x0000000083700000, 0x0000000083800000, 0x0000000083800000|100%| O|  |TAMS 0x0000000083700000| PB 0x0000000083700000| Untracked |  0
|   2|0x0000000083800000, 0x0000000083900000, 0x0000000083900000|100%| O|  |TAMS 0x0000000083800000| PB 0x0000000083800000| Untracked |  0
|   3|0x0000000083900000, 0x0000000083a00000, 0x0000000083a00000|100%| O|  |TAMS 0x0000000083900000| PB 0x0000000083900000| Untracked |  0
|   4|0x0000000083a00000, 0x0000000083b00000, 0x0000000083b00000|100%| O|  |TAMS 0x0000000083a00000| PB 0x0000000083a00000| Untracked |  0
|   5|0x0000000083b00000, 0x0000000083c00000, 0x0000000083c00000|100%| O|  |TAMS 0x0000000083b00000| PB 0x0000000083b00000| Untracked |  0
|   6|0x0000000083c00000, 0x0000000083d00000, 0x0000000083d00000|100%| O|  |TAMS 0x0000000083c00000| PB 0x0000000083c00000| Untracked |  0
|   7|0x0000000083d00000, 0x0000000083e00000, 0x0000000083e00000|100%| O|  |TAMS 0x0000000083d00000| PB 0x0000000083d00000| Untracked |  0
|   8|0x0000000083e00000, 0x0000000083f00000, 0x0000000083f00000|100%| O|  |TAMS 0x0000000083e00000| PB 0x0000000083e00000| Untracked |  0
|   9|0x0000000083f00000, 0x0000000083f97f40, 0x0000000084000000| 59%| O|  |TAMS 0x0000000083f00000| PB 0x0000000083f00000| Untracked |  0
|  10|0x0000000084000000, 0x0000000084000000, 0x0000000084100000|  0%| F|  |TAMS 0x0000000084000000| PB 0x0000000084000000| Untracked |  0
|  11|0x0000000084100000, 0x0000000084100000, 0x0000000084200000|  0%| F|  |TAMS 0x0000000084100000| PB 0x0000000084100000| Untracked |  0
|  12|0x0000000084200000, 0x0000000084200000, 0x0000000084300000|  0%| F|  |TAMS 0x0000000084200000| PB 0x0000000084200000| Untracked |  0
|  13|0x0000000084300000, 0x0000000084300000, 0x0000000084400000|  0%| F|  |TAMS 0x0000000084300000| PB 0x0000000084300000| Untracked |  0
|  14|0x0000000084400000, 0x0000000084400000, 0x0000000084500000|  0%| F|  |TAMS 0x0000000084400000| PB 0x0000000084400000| Untracked |  0
|  15|0x0000000084500000, 0x0000000084500000, 0x0000000084600000|  0%| F|  |TAMS 0x0000000084500000| PB 0x0000000084500000| Untracked |  0
|  16|0x0000000084600000, 0x0000000084600000, 0x0000000084700000|  0%| F|  |TAMS 0x0000000084600000| PB 0x0000000084600000| Untracked |  0
|  17|0x0000000084700000, 0x0000000084700000, 0x0000000084800000|  0%| F|  |TAMS 0x0000000084700000| PB 0x0000000084700000| Untracked |  0
|  18|0x0000000084800000, 0x0000000084800000, 0x0000000084900000|  0%| F|  |TAMS 0x0000000084800000| PB 0x0000000084800000| Untracked |  0
|  19|0x0000000084900000, 0x0000000084900000, 0x0000000084a00000|  0%| F|  |TAMS 0x0000000084900000| PB 0x0000000084900000| Untracked |  0
|  20|0x0000000084a00000, 0x0000000084a00000, 0x0000000084b00000|  0%| F|  |TAMS 0x0000000084a00000| PB 0x0000000084a00000| Untracked |  0
|  21|0x0000000084b00000, 0x0000000084b00000, 0x0000000084c00000|  0%| F|  |TAMS 0x0000000084b00000| PB 0x0000000084b00000| Untracked |  0
|  22|0x0000000084c00000, 0x0000000084c00000, 0x0000000084d00000|  0%| F|  |TAMS 0x0000000084c00000| PB 0x0000000084c00000| Untracked |  0
|  23|0x0000000084d00000, 0x0000000084d00000, 0x0000000084e00000|  0%| F|  |TAMS 0x0000000084d00000| PB 0x0000000084d00000| Untracked |  0
|  24|0x0000000084e00000, 0x0000000084e00000, 0x0000000084f00000|  0%| F|  |TAMS 0x0000000084e00000| PB 0x0000000084e00000| Untracked |  0
|  25|0x0000000084f00000, 0x0000000084f00000, 0x0000000085000000|  0%| F|  |TAMS 0x0000000084f00000| PB 0x0000000084f00000| Untracked |  0
|  26|0x0000000085000000, 0x0000000085000000, 0x0000000085100000|  0%| F|  |TAMS 0x0000000085000000| PB 0x0000000085000000| Untracked |  0
|  27|0x0000000085100000, 0x0000000085100000, 0x0000000085200000|  0%| F|  |TAMS 0x0000000085100000| PB 0x0000000085100000| Untracked |  0
|  28|0x0000000085200000, 0x0000000085200000, 0x0000000085300000|  0%| F|  |TAMS 0x0000000085200000| PB 0x0000000085200000| Untracked |  0
|  29|0x0000000085300000, 0x0000000085300000, 0x0000000085400000|  0%| F|  |TAMS 0x0000000085300000| PB 0x0000000085300000| Untracked |  0
|  30|0x0000000085400000, 0x0000000085400000, 0x0000000085500000|  0%| F|  |TAMS 0x0000000085400000| PB 0x0000000085400000| Untracked |  0
|  31|0x0000000085500000, 0x0000000085500000, 0x0000000085600000|  0%| F|  |TAMS 0x0000000085500000| PB 0x0000000085500000| Untracked |  0
|  32|0x0000000085600000, 0x0000000085600000, 0x0000000085700000|  0%| F|  |TAMS 0x0000000085600000| PB 0x0000000085600000| Untracked |  0
|  33|0x0000000085700000, 0x0000000085700000, 0x0000000085800000|  0%| F|  |TAMS 0x0000000085700000| PB 0x0000000085700000| Untracked |  0
|  34|0x0000000085800000, 0x0000000085800000, 0x0000000085900000|  0%| F|  |TAMS 0x0000000085800000| PB 0x0000000085800000| Untracked |  0
|  35|0x0000000085900000, 0x0000000085900000, 0x0000000085a00000|  0%| F|  |TAMS 0x0000000085900000| PB 0x0000000085900000| Untracked |  0
|  36|0x0000000085a00000, 0x0000000085a00000, 0x0000000085b00000|  0%| F|  |TAMS 0x0000000085a00000| PB 0x0000000085a00000| Untracked |  0
|  37|0x0000000085b00000, 0x0000000085b00000, 0x0000000085c00000|  0%| F|  |TAMS 0x0000000085b00000| PB 0x0000000085b00000| Untracked |  0
|  38|0x0000000085c00000, 0x0000000085c00000, 0x0000000085d00000|  0%| F|  |TAMS 0x0000000085c00000| PB 0x0000000085c00000| Untracked |  0
|  39|0x0000000085d00000, 0x0000000085d00000, 0x0000000085e00000|  0%| F|  |TAMS 0x0000000085d00000| PB 0x0000000085d00000| Untracked |  0
|  40|0x0000000085e00000, 0x0000000085e00000, 0x0000000085f00000|  0%| F|  |TAMS 0x0000000085e00000| PB 0x0000000085e00000| Untracked |  0
|  41|0x0000000085f00000, 0x0000000085f00000, 0x0000000086000000|  0%| F|  |TAMS 0x0000000085f00000| PB 0x0000000085f00000| Untracked |  0
|  42|0x0000000086000000, 0x0000000086000000, 0x0000000086100000|  0%| F|  |TAMS 0x0000000086000000| PB 0x0000000086000000| Untracked |  0
|  43|0x0000000086100000, 0x0000000086100000, 0x0000000086200000|  0%| F|  |TAMS 0x0000000086100000| PB 0x0000000086100000| Untracked |  0
|  44|0x0000000086200000, 0x0000000086200000, 0x0000000086300000|  0%| F|  |TAMS 0x0000000086200000| PB 0x0000000086200000| Untracked |  0
|  45|0x0000000086300000, 0x0000000086300000, 0x0000000086400000|  0%| F|  |TAMS 0x0000000086300000| PB 0x0000000086300000| Untracked |  0
|  46|0x0000000086400000, 0x0000000086400000, 0x0000000086500000|  0%| F|  |TAMS 0x0000000086400000| PB 0x0000000086400000| Untracked |  0
|  47|0x0000000086500000, 0x0000000086500000, 0x0000000086600000|  0%| F|  |TAMS 0x0000000086500000| PB 0x0000000086500000| Untracked |  0
|  48|0x0000000086600000, 0x0000000086600000, 0x0000000086700000|  0%| F|  |TAMS 0x0000000086600000| PB 0x0000000086600000| Untracked |  0
|  49|0x0000000086700000, 0x0000000086700000, 0x0000000086800000|  0%| F|  |TAMS 0x0000000086700000| PB 0x0000000086700000| Untracked |  0
|  50|0x0000000086800000, 0x0000000086800000, 0x0000000086900000|  0%| F|  |TAMS 0x0000000086800000| PB 0x0000000086800000| Untracked |  0
|  51|0x0000000086900000, 0x0000000086900000, 0x0000000086a00000|  0%| F|  |TAMS 0x0000000086900000| PB 0x0000000086900000| Untracked |  0
|  52|0x0000000086a00000, 0x0000000086a00000, 0x0000000086b00000|  0%| F|  |TAMS 0x0000000086a00000| PB 0x0000000086a00000| Untracked |  0
|  53|0x0000000086b00000, 0x0000000086b00000, 0x0000000086c00000|  0%| F|  |TAMS 0x0000000086b00000| PB 0x0000000086b00000| Untracked |  0
|  54|0x0000000086c00000, 0x0000000086c00000, 0x0000000086d00000|  0%| F|  |TAMS 0x0000000086c00000| PB 0x0000000086c00000| Untracked |  0
|  55|0x0000000086d00000, 0x0000000086d00000, 0x0000000086e00000|  0%| F|  |TAMS 0x0000000086d00000| PB 0x0000000086d00000| Untracked |  0
|  56|0x0000000086e00000, 0x0000000086e00000, 0x0000000086f00000|  0%| F|  |TAMS 0x0000000086e00000| PB 0x0000000086e00000| Untracked |  0
|  57|0x0000000086f00000, 0x0000000086f00000, 0x0000000087000000|  0%| F|  |TAMS 0x0000000086f00000| PB 0x0000000086f00000| Untracked |  0
|  58|0x0000000087000000, 0x0000000087000000, 0x0000000087100000|  0%| F|  |TAMS 0x0000000087000000| PB 0x0000000087000000| Untracked |  0
|  59|0x0000000087100000, 0x0000000087100000, 0x0000000087200000|  0%| F|  |TAMS 0x0000000087100000| PB 0x0000000087100000| Untracked |  0
|  60|0x0000000087200000, 0x0000000087200000, 0x0000000087300000|  0%| F|  |TAMS 0x0000000087200000| PB 0x0000000087200000| Untracked |  0
|  61|0x0000000087300000, 0x0000000087300000, 0x0000000087400000|  0%| F|  |TAMS 0x0000000087300000| PB 0x0000000087300000| Untracked |  0
|  62|0x0000000087400000, 0x0000000087400000, 0x0000000087500000|  0%| F|  |TAMS 0x0000000087400000| PB 0x0000000087400000| Untracked |  0
|  63|0x0000000087500000, 0x0000000087500000, 0x0000000087600000|  0%| F|  |TAMS 0x0000000087500000| PB 0x0000000087500000| Untracked |  0
|  64|0x0000000087600000, 0x0000000087600000, 0x0000000087700000|  0%| F|  |TAMS 0x0000000087600000| PB 0x0000000087600000| Untracked |  0
|  65|0x0000000087700000, 0x0000000087700000, 0x0000000087800000|  0%| F|  |TAMS 0x0000000087700000| PB 0x0000000087700000| Untracked |  0
|  66|0x0000000087800000, 0x0000000087800000, 0x0000000087900000|  0%| F|  |TAMS 0x0000000087800000| PB 0x0000000087800000| Untracked |  0
|  67|0x0000000087900000, 0x0000000087900000, 0x0000000087a00000|  0%| F|  |TAMS 0x0000000087900000| PB 0x0000000087900000| Untracked |  0
|  68|0x0000000087a00000, 0x0000000087a00000, 0x0000000087b00000|  0%| F|  |TAMS 0x0000000087a00000| PB 0x0000000087a00000| Untracked |  0
|  69|0x0000000087b00000, 0x0000000087b00000, 0x0000000087c00000|  0%| F|  |TAMS 0x0000000087b00000| PB 0x0000000087b00000| Untracked |  0
|  70|0x0000000087c00000, 0x0000000087c00000, 0x0000000087d00000|  0%| F|  |TAMS 0x0000000087c00000| PB 0x0000000087c00000| Untracked |  0
|  71|0x0000000087d00000, 0x0000000087d00000, 0x0000000087e00000|  0%| F|  |TAMS 0x0000000087d00000| PB 0x0000000087d00000| Untracked |  0
|  72|0x0000000087e00000, 0x0000000087e00000, 0x0000000087f00000|  0%| F|  |TAMS 0x0000000087e00000| PB 0x0000000087e00000| Untracked |  0
|  73|0x0000000087f00000, 0x0000000087f00000, 0x0000000088000000|  0%| F|  |TAMS 0x0000000087f00000| PB 0x0000000087f00000| Untracked |  0
|  74|0x0000000088000000, 0x0000000088000000, 0x0000000088100000|  0%| F|  |TAMS 0x0000000088000000| PB 0x0000000088000000| Untracked |  0
|  75|0x0000000088100000, 0x0000000088100000, 0x0000000088200000|  0%| F|  |TAMS 0x0000000088100000| PB 0x0000000088100000| Untracked |  0
|  76|0x0000000088200000, 0x0000000088200000, 0x0000000088300000|  0%| F|  |TAMS 0x0000000088200000| PB 0x0000000088200000| Untracked |  0
|  77|0x0000000088300000, 0x0000000088300000, 0x0000000088400000|  0%| F|  |TAMS 0x0000000088300000| PB 0x0000000088300000| Untracked |  0
|  78|0x0000000088400000, 0x0000000088400000, 0x0000000088500000|  0%| F|  |TAMS 0x0000000088400000| PB 0x0000000088400000| Untracked |  0
|  79|0x0000000088500000, 0x0000000088500000, 0x0000000088600000|  0%| F|  |TAMS 0x0000000088500000| PB 0x0000000088500000| Untracked |  0
|  80|0x0000000088600000, 0x0000000088600000, 0x0000000088700000|  0%| F|  |TAMS 0x0000000088600000| PB 0x0000000088600000| Untracked |  0
|  81|0x0000000088700000, 0x0000000088700000, 0x0000000088800000|  0%| F|  |TAMS 0x0000000088700000| PB 0x0000000088700000| Untracked |  0
|  82|0x0000000088800000, 0x0000000088800000, 0x0000000088900000|  0%| F|  |TAMS 0x0000000088800000| PB 0x0000000088800000| Untracked |  0
|  83|0x0000000088900000, 0x0000000088900000, 0x0000000088a00000|  0%| F|  |TAMS 0x0000000088900000| PB 0x0000000088900000| Untracked |  0
|  84|0x0000000088a00000, 0x0000000088a00000, 0x0000000088b00000|  0%| F|  |TAMS 0x0000000088a00000| PB 0x0000000088a00000| Untracked |  0
|  85|0x0000000088b00000, 0x0000000088b00000, 0x0000000088c00000|  0%| F|  |TAMS 0x0000000088b00000| PB 0x0000000088b00000| Untracked |  0
|  86|0x0000000088c00000, 0x0000000088c00000, 0x0000000088d00000|  0%| F|  |TAMS 0x0000000088c00000| PB 0x0000000088c00000| Untracked |  0
|  87|0x0000000088d00000, 0x0000000088d00000, 0x0000000088e00000|  0%| F|  |TAMS 0x0000000088d00000| PB 0x0000000088d00000| Untracked |  0
|  88|0x0000000088e00000, 0x0000000088e00000, 0x0000000088f00000|  0%| F|  |TAMS 0x0000000088e00000| PB 0x0000000088e00000| Untracked |  0
|  89|0x0000000088f00000, 0x0000000088f00000, 0x0000000089000000|  0%| F|  |TAMS 0x0000000088f00000| PB 0x0000000088f00000| Untracked |  0
|  90|0x0000000089000000, 0x0000000089000000, 0x0000000089100000|  0%| F|  |TAMS 0x0000000089000000| PB 0x0000000089000000| Untracked |  0
|  91|0x0000000089100000, 0x0000000089100000, 0x0000000089200000|  0%| F|  |TAMS 0x0000000089100000| PB 0x0000000089100000| Untracked |  0
|  92|0x0000000089200000, 0x0000000089200000, 0x0000000089300000|  0%| F|  |TAMS 0x0000000089200000| PB 0x0000000089200000| Untracked |  0
|  93|0x0000000089300000, 0x0000000089300000, 0x0000000089400000|  0%| F|  |TAMS 0x0000000089300000| PB 0x0000000089300000| Untracked |  0
|  94|0x0000000089400000, 0x0000000089400000, 0x0000000089500000|  0%| F|  |TAMS 0x0000000089400000| PB 0x0000000089400000| Untracked |  0
|  95|0x0000000089500000, 0x0000000089500000, 0x0000000089600000|  0%| F|  |TAMS 0x0000000089500000| PB 0x0000000089500000| Untracked |  0
|  96|0x0000000089600000, 0x0000000089600000, 0x0000000089700000|  0%| F|  |TAMS 0x0000000089600000| PB 0x0000000089600000| Untracked |  0
|  97|0x0000000089700000, 0x0000000089700000, 0x0000000089800000|  0%| F|  |TAMS 0x0000000089700000| PB 0x0000000089700000| Untracked |  0
|  98|0x0000000089800000, 0x0000000089800000, 0x0000000089900000|  0%| F|  |TAMS 0x0000000089800000| PB 0x0000000089800000| Untracked |  0
|  99|0x0000000089900000, 0x0000000089900000, 0x0000000089a00000|  0%| F|  |TAMS 0x0000000089900000| PB 0x0000000089900000| Untracked |  0
| 100|0x0000000089a00000, 0x0000000089a00000, 0x0000000089b00000|  0%| F|  |TAMS 0x0000000089a00000| PB 0x0000000089a00000| Untracked |  0
| 101|0x0000000089b00000, 0x0000000089b00000, 0x0000000089c00000|  0%| F|  |TAMS 0x0000000089b00000| PB 0x0000000089b00000| Untracked |  0
| 102|0x0000000089c00000, 0x0000000089c00000, 0x0000000089d00000|  0%| F|  |TAMS 0x0000000089c00000| PB 0x0000000089c00000| Untracked |  0
| 103|0x0000000089d00000, 0x0000000089d00000, 0x0000000089e00000|  0%| F|  |TAMS 0x0000000089d00000| PB 0x0000000089d00000| Untracked |  0
| 104|0x0000000089e00000, 0x0000000089e00000, 0x0000000089f00000|  0%| F|  |TAMS 0x0000000089e00000| PB 0x0000000089e00000| Untracked |  0
| 105|0x0000000089f00000, 0x0000000089f00000, 0x000000008a000000|  0%| F|  |TAMS 0x0000000089f00000| PB 0x0000000089f00000| Untracked |  0
| 106|0x000000008a000000, 0x000000008a000000, 0x000000008a100000|  0%| F|  |TAMS 0x000000008a000000| PB 0x000000008a000000| Untracked |  0
| 107|0x000000008a100000, 0x000000008a100000, 0x000000008a200000|  0%| F|  |TAMS 0x000000008a100000| PB 0x000000008a100000| Untracked |  0
| 108|0x000000008a200000, 0x000000008a200000, 0x000000008a300000|  0%| F|  |TAMS 0x000000008a200000| PB 0x000000008a200000| Untracked |  0
| 109|0x000000008a300000, 0x000000008a300000, 0x000000008a400000|  0%| F|  |TAMS 0x000000008a300000| PB 0x000000008a300000| Untracked |  0
| 110|0x000000008a400000, 0x000000008a400000, 0x000000008a500000|  0%| F|  |TAMS 0x000000008a400000| PB 0x000000008a400000| Untracked |  0
| 111|0x000000008a500000, 0x000000008a500000, 0x000000008a600000|  0%| F|  |TAMS 0x000000008a500000| PB 0x000000008a500000| Untracked |  0
| 112|0x000000008a600000, 0x000000008a600000, 0x000000008a700000|  0%| F|  |TAMS 0x000000008a600000| PB 0x000000008a600000| Untracked |  0
| 113|0x000000008a700000, 0x000000008a700000, 0x000000008a800000|  0%| F|  |TAMS 0x000000008a700000| PB 0x000000008a700000| Untracked |  0
| 114|0x000000008a800000, 0x000000008a800000, 0x000000008a900000|  0%| F|  |TAMS 0x000000008a800000| PB 0x000000008a800000| Untracked |  0
| 115|0x000000008a900000, 0x000000008a900000, 0x000000008aa00000|  0%| F|  |TAMS 0x000000008a900000| PB 0x000000008a900000| Untracked |  0
| 116|0x000000008aa00000, 0x000000008aa00000, 0x000000008ab00000|  0%| F|  |TAMS 0x000000008aa00000| PB 0x000000008aa00000| Untracked |  0
| 117|0x000000008ab00000, 0x000000008ab00000, 0x000000008ac00000|  0%| F|  |TAMS 0x000000008ab00000| PB 0x000000008ab00000| Untracked |  0
| 118|0x000000008ac00000, 0x000000008ac00000, 0x000000008ad00000|  0%| F|  |TAMS 0x000000008ac00000| PB 0x000000008ac00000| Untracked |  0
| 119|0x000000008ad00000, 0x000000008ae00000, 0x000000008ae00000|100%| S|CS|TAMS 0x000000008ad00000| PB 0x000000008ad00000| Complete |  0
| 120|0x000000008ae00000, 0x000000008ae00000, 0x000000008af00000|  0%| F|  |TAMS 0x000000008ae00000| PB 0x000000008ae00000| Untracked |  0
| 121|0x000000008af00000, 0x000000008af00000, 0x000000008b000000|  0%| F|  |TAMS 0x000000008af00000| PB 0x000000008af00000| Untracked |  0
| 122|0x000000008b000000, 0x000000008b000000, 0x000000008b100000|  0%| F|  |TAMS 0x000000008b000000| PB 0x000000008b000000| Untracked |  0
| 123|0x000000008b100000, 0x000000008b100000, 0x000000008b200000|  0%| F|  |TAMS 0x000000008b100000| PB 0x000000008b100000| Untracked |  0
| 124|0x000000008b200000, 0x000000008b200000, 0x000000008b300000|  0%| F|  |TAMS 0x000000008b200000| PB 0x000000008b200000| Untracked |  0
| 125|0x000000008b300000, 0x000000008b300000, 0x000000008b400000|  0%| F|  |TAMS 0x000000008b300000| PB 0x000000008b300000| Untracked |  0

Card table byte_map: [0x000001e7dfae0000,0x000001e7dfed0000] _byte_map_base: 0x000001e7df6c5000

Marking Bits: (CMBitMap*) 0x000001e7d3f33df0
 Bits: [0x000001e7dfed0000, 0x000001e7e1df8000)

Polling page: 0x000001e7d1d10000

Metaspace:

Usage:
  Non-class:     12.44 MB used.
      Class:      2.13 MB used.
       Both:     14.57 MB used.

Virtual space:
  Non-class space:       64.00 MB reserved,      12.62 MB ( 20%) committed,  1 nodes.
      Class space:        1.00 GB reserved,       2.25 MB ( <1%) committed,  1 nodes.
             Both:        1.06 GB reserved,      14.88 MB (  1%) committed. 

Chunk freelists:
   Non-Class:  2.47 MB
       Class:  13.64 MB
        Both:  16.11 MB

MaxMetaspaceSize: unlimited
CompressedClassSpaceSize: 1.00 GB
Initial GC threshold: 21.00 MB
Current GC threshold: 21.00 MB
CDS: on
 - commit_granule_bytes: 65536.
 - commit_granule_words: 8192.
 - virtual_space_node_default_size: 8388608.
 - enlarge_chunks_in_place: 1.
 - use_allocation_guard: 0.


Internal statistics:

num_allocs_failed_limit: 0.
num_arena_births: 242.
num_arena_deaths: 0.
num_vsnodes_births: 2.
num_vsnodes_deaths: 0.
num_space_committed: 238.
num_space_uncommitted: 0.
num_chunks_returned_to_freelist: 0.
num_chunks_taken_from_freelist: 759.
num_chunk_merges: 0.
num_chunk_splits: 488.
num_chunks_enlarged: 329.
num_inconsistent_stats: 0.

CodeCache: size=49152Kb used=5288Kb max_used=5288Kb free=43863Kb
 bounds [0x000001e7dc5d0000, 0x000001e7dcb00000, 0x000001e7df5d0000]
 total_blobs=2873, nmethods=2371, adapters=425, full_count=0
Compilation: enabled, stopped_count=0, restarted_count=0

Compilation events (20 events):
Event: 19.054 Thread 0x000001e7c50384a0 2363       1       java.lang.invoke.LambdaForm$MH/0x000001e781039000::invoke (35 bytes)
Event: 19.054 Thread 0x000001e7c50384a0 nmethod 2363 0x000001e7dcaf8388 code [0x000001e7dcaf84c0, 0x000001e7dcaf8688]
Event: 19.055 Thread 0x000001e7c5b173d0 2364       1       java.util.Collections$EmptyMap::values (4 bytes)
Event: 19.055 Thread 0x000001e7c50384a0 2365       1       java.lang.reflect.Executable::getDeclaredAnnotations (8 bytes)
Event: 19.055 Thread 0x000001e7c5b173d0 nmethod 2364 0x000001e7dcaf8708 code [0x000001e7dcaf8820, 0x000001e7dcaf88f0]
Event: 19.055 Thread 0x000001e7c57f5160 2366       1       java.lang.reflect.Method::getDeclaredAnnotations (5 bytes)
Event: 19.055 Thread 0x000001e7c5b173d0 2367       1       java.lang.NamedPackage::<init> (59 bytes)
Event: 19.055 Thread 0x000001e7c50384a0 nmethod 2365 0x000001e7dcaf8a08 code [0x000001e7dcaf8b40, 0x000001e7dcaf8ce8]
Event: 19.055 Thread 0x000001e7c57f5160 nmethod 2366 0x000001e7dcaf8d08 code [0x000001e7dcaf8e40, 0x000001e7dcaf8fe8]
Event: 19.055 Thread 0x000001e7c50384a0 2368       1       org.springframework.util.ConcurrentReferenceHashMap$SoftEntryReference::getNext (5 bytes)
Event: 19.055 Thread 0x000001e7c50384a0 nmethod 2368 0x000001e7dcaf9008 code [0x000001e7dcaf9120, 0x000001e7dcaf91e8]
Event: 19.055 Thread 0x000001e7c5b173d0 nmethod 2367 0x000001e7dcaf9308 code [0x000001e7dcaf94a0, 0x000001e7dcaf9950]
Event: 19.058 Thread 0x000001e7c5b173d0 2369       1       java.io.FileDescriptor::valid (25 bytes)
Event: 19.058 Thread 0x000001e7c5b173d0 nmethod 2369 0x000001e7dcaf9a08 code [0x000001e7dcaf9b20, 0x000001e7dcaf9c18]
Event: 19.059 Thread 0x000001e7c5b173d0 2370       1       org.springframework.core.annotation.TypeMappedAnnotation::getType (8 bytes)
Event: 19.059 Thread 0x000001e7c5b173d0 nmethod 2370 0x000001e7dcaf9d08 code [0x000001e7dcaf9e20, 0x000001e7dcaf9ef0]
Event: 19.062 Thread 0x000001e7c5b173d0 2371       1       jdk.internal.org.objectweb.asm.FieldWriter::putFieldInfo (269 bytes)
Event: 19.063 Thread 0x000001e7c50384a0 2372       1       org.springframework.core.type.filter.AnnotationTypeFilter::matchSelf (52 bytes)
Event: 19.063 Thread 0x000001e7c57f5160 2373       1       org.springframework.core.type.AnnotationMetadata::hasAnnotation (13 bytes)
Event: 19.063 Thread 0x000001e7c57f5160 nmethod 2373 0x000001e7dcafa008 code [0x000001e7dcafa140, 0x000001e7dcafa268]

GC Heap History (11 events):
Event: 17.371 GC heap before
{Heap before GC invocations=0 (full 0):
 garbage-first heap   total reserved 2041856K, committed 129024K, used 24576K [0x0000000083600000, 0x0000000100000000)
  region size 1024K, 24 young (24576K), 0 survivors (0K)
 Metaspace       used 5560K, committed 5760K, reserved 1114112K
  class space    used 764K, committed 832K, reserved 1048576K
}
Event: 17.378 GC heap after
{Heap after GC invocations=1 (full 0):
 garbage-first heap   total reserved 2041856K, committed 129024K, used 7466K [0x0000000083600000, 0x0000000100000000)
  region size 1024K, 3 young (3072K), 3 survivors (3072K)
 Metaspace       used 5560K, committed 5760K, reserved 1114112K
  class space    used 764K, committed 832K, reserved 1048576K
}
Event: 17.767 GC heap before
{Heap before GC invocations=1 (full 0):
 garbage-first heap   total reserved 2041856K, committed 129024K, used 28970K [0x0000000083600000, 0x0000000100000000)
  region size 1024K, 24 young (24576K), 3 survivors (3072K)
 Metaspace       used 10416K, committed 10688K, reserved 1114112K
  class space    used 1514K, committed 1664K, reserved 1048576K
}
Event: 18.773 GC heap after
{Heap after GC invocations=2 (full 0):
 garbage-first heap   total reserved 2041856K, committed 129024K, used 9171K [0x0000000083600000, 0x0000000100000000)
  region size 1024K, 2 young (2048K), 2 survivors (2048K)
 Metaspace       used 10416K, committed 10688K, reserved 1114112K
  class space    used 1514K, committed 1664K, reserved 1048576K
}
Event: 18.829 GC heap before
{Heap before GC invocations=2 (full 0):
 garbage-first heap   total reserved 2041856K, committed 129024K, used 13267K [0x0000000083600000, 0x0000000100000000)
  region size 1024K, 6 young (6144K), 2 survivors (2048K)
 Metaspace       used 10947K, committed 11264K, reserved 1114112K
  class space    used 1636K, committed 1792K, reserved 1048576K
}
Event: 18.831 GC heap after
{Heap after GC invocations=3 (full 0):
 garbage-first heap   total reserved 2041856K, committed 129024K, used 9426K [0x0000000083600000, 0x0000000100000000)
  region size 1024K, 1 young (1024K), 1 survivors (1024K)
 Metaspace       used 10947K, committed 11264K, reserved 1114112K
  class space    used 1636K, committed 1792K, reserved 1048576K
}
Event: 18.903 GC heap before
{Heap before GC invocations=3 (full 0):
 garbage-first heap   total reserved 2041856K, committed 129024K, used 14546K [0x0000000083600000, 0x0000000100000000)
  region size 1024K, 6 young (6144K), 1 survivors (1024K)
 Metaspace       used 12067K, committed 12352K, reserved 1114112K
  class space    used 1830K, committed 1984K, reserved 1048576K
}
Event: 18.905 GC heap after
{Heap after GC invocations=4 (full 0):
 garbage-first heap   total reserved 2041856K, committed 129024K, used 9748K [0x0000000083600000, 0x0000000100000000)
  region size 1024K, 1 young (1024K), 1 survivors (1024K)
 Metaspace       used 12067K, committed 12352K, reserved 1114112K
  class space    used 1830K, committed 1984K, reserved 1048576K
}
Event: 18.969 GC heap before
{Heap before GC invocations=4 (full 0):
 garbage-first heap   total reserved 2041856K, committed 129024K, used 14868K [0x0000000083600000, 0x0000000100000000)
  region size 1024K, 6 young (6144K), 1 survivors (1024K)
 Metaspace       used 13180K, committed 13504K, reserved 1114112K
  class space    used 1977K, committed 2112K, reserved 1048576K
}
Event: 18.970 GC heap after
{Heap after GC invocations=5 (full 0):
 garbage-first heap   total reserved 2041856K, committed 129024K, used 10095K [0x0000000083600000, 0x0000000100000000)
  region size 1024K, 1 young (1024K), 1 survivors (1024K)
 Metaspace       used 13180K, committed 13504K, reserved 1114112K
  class space    used 1977K, committed 2112K, reserved 1048576K
}
Event: 19.063 GC heap before
{Heap before GC invocations=5 (full 0):
 garbage-first heap   total reserved 2041856K, committed 129024K, used 14191K [0x0000000083600000, 0x0000000100000000)
  region size 1024K, 6 young (6144K), 1 survivors (1024K)
 Metaspace       used 14920K, committed 15232K, reserved 1114112K
  class space    used 2176K, committed 2304K, reserved 1048576K
}

Dll operation events (6 events):
Event: 0.172 Loaded shared library C:\Program Files\Java\jdk-23\bin\java.dll
Event: 0.347 Loaded shared library C:\Program Files\Java\jdk-23\bin\net.dll
Event: 0.349 Loaded shared library C:\Program Files\Java\jdk-23\bin\nio.dll
Event: 0.355 Loaded shared library C:\Program Files\Java\jdk-23\bin\zip.dll
Event: 0.691 Loaded shared library C:\Program Files\Java\jdk-23\bin\verify.dll
Event: 0.704 Loaded shared library C:\Program Files\Java\jdk-23\bin\jimage.dll

Deoptimization events (0 events):
No events

Classes loaded (20 events):
Event: 19.036 Loading class org/xml/sax/ext/Locator2 done
Event: 19.036 Loading class com/sun/org/apache/xerces/internal/parsers/AbstractSAXParser$LocatorProxy done
Event: 19.036 Loading class com/sun/org/apache/xerces/internal/impl/XMLScanner$NameType
Event: 19.036 Loading class com/sun/org/apache/xerces/internal/impl/XMLScanner$NameType done
Event: 19.037 Loading class com/sun/org/apache/xerces/internal/impl/Constants
Event: 19.038 Loading class com/sun/org/apache/xerces/internal/impl/Constants done
Event: 19.038 Loading class com/sun/org/apache/xerces/internal/impl/Constants$ArrayEnumeration
Event: 19.038 Loading class com/sun/org/apache/xerces/internal/impl/Constants$ArrayEnumeration done
Event: 19.039 Loading class javax/xml/catalog/CatalogEntry
Event: 19.039 Loading class javax/xml/catalog/CatalogEntry done
Event: 19.039 Loading class javax/xml/catalog/Normalizer
Event: 19.039 Loading class javax/xml/catalog/Normalizer done
Event: 19.040 Loading class javax/xml/catalog/CatalogReader$1
Event: 19.040 Loading class javax/xml/catalog/CatalogReader$1 done
Event: 19.040 Loading class javax/xml/catalog/SystemEntry
Event: 19.040 Loading class javax/xml/catalog/SystemEntry done
Event: 19.041 Loading class com/sun/org/apache/xerces/internal/impl/io/MalformedByteSequenceException
Event: 19.041 Loading class com/sun/org/apache/xerces/internal/impl/io/MalformedByteSequenceException done
Event: 19.041 Loading class jdk/xml/internal/JdkProperty
Event: 19.041 Loading class jdk/xml/internal/JdkProperty done

Classes unloaded (0 events):
No events

Classes redefined (0 events):
No events

Internal exceptions (20 events):
Event: 17.423 Thread 0x000001e7d1b328a0 Exception <a 'java/lang/NoSuchMethodError'{0x000000008b145850}: 'java.lang.Object java.lang.invoke.DirectMethodHandle$Holder.invokeSpecial(java.lang.Object, java.lang.Object, java.lang.Object, java.lang.Object, java.lang.Object, java.lang.Object, java.lang.Object, int)'> (0x000000008b145850) 
thrown [s\open\src\hotspot\share\interpreter\linkResolver.cpp, line 796]
Event: 17.448 Thread 0x000001e7d1b328a0 Exception <a 'java/lang/NoSuchMethodError'{0x000000008b071c50}: 'int java.lang.invoke.DirectMethodHandle$Holder.invokeInterface(java.lang.Object, java.lang.Object)'> (0x000000008b071c50) 
thrown [s\open\src\hotspot\share\interpreter\linkResolver.cpp, line 796]
Event: 17.467 Thread 0x000001e7d1b328a0 Exception <a 'java/lang/NoSuchMethodError'{0x000000008af3ff18}: 'void java.lang.invoke.DirectMethodHandle$Holder.invokeSpecial(java.lang.Object, java.lang.Object, java.lang.Object, java.lang.Object, java.lang.Object)'> (0x000000008af3ff18) 
thrown [s\open\src\hotspot\share\interpreter\linkResolver.cpp, line 796]
Event: 17.527 Thread 0x000001e7d1b328a0 Exception <a 'java/lang/NoSuchMethodError'{0x000000008ad5c368}: 'void java.lang.invoke.DirectMethodHandle$Holder.invokeSpecial(java.lang.Object, java.lang.Object, java.lang.Object, java.lang.Object, java.lang.Object, java.lang.Object)'> (0x000000008ad5c368) 
thrown [s\open\src\hotspot\share\interpreter\linkResolver.cpp, line 796]
Event: 17.544 Thread 0x000001e7d1b328a0 Exception <a 'java/lang/NoSuchMethodError'{0x000000008ac062e0}: 'java.lang.Object java.lang.invoke.DirectMethodHandle$Holder.invokeSpecial(java.lang.Object, java.lang.Object, java.lang.Object, int, java.lang.Object)'> (0x000000008ac062e0) 
thrown [s\open\src\hotspot\share\interpreter\linkResolver.cpp, line 796]
Event: 17.545 Thread 0x000001e7d1b328a0 Exception <a 'java/lang/NoSuchMethodError'{0x000000008ac0dde8}: 'java.lang.Object java.lang.invoke.DirectMethodHandle$Holder.newInvokeSpecial(java.lang.Object, java.lang.Object, java.lang.Object, int, java.lang.Object)'> (0x000000008ac0dde8) 
thrown [s\open\src\hotspot\share\interpreter\linkResolver.cpp, line 796]
Event: 17.545 Thread 0x000001e7d1b328a0 Exception <a 'java/lang/NoSuchMethodError'{0x000000008ac153c0}: 'java.lang.Object java.lang.invoke.Invokers$Holder.linkToTargetMethod(java.lang.Object, java.lang.Object, int, java.lang.Object, java.lang.Object)'> (0x000000008ac153c0) 
thrown [s\open\src\hotspot\share\interpreter\linkResolver.cpp, line 796]
Event: 17.546 Thread 0x000001e7d1b328a0 Exception <a 'java/lang/NoSuchMethodError'{0x000000008ac1c5c0}: 'int java.lang.invoke.DirectMethodHandle$Holder.invokeStatic(java.lang.Object, int, java.lang.Object, java.lang.Object)'> (0x000000008ac1c5c0) 
thrown [s\open\src\hotspot\share\interpreter\linkResolver.cpp, line 796]
Event: 17.546 Thread 0x000001e7d1b328a0 Exception <a 'java/lang/NoSuchMethodError'{0x000000008ac23788}: 'java.lang.Object java.lang.invoke.DirectMethodHandle$Holder.newInvokeSpecial(java.lang.Object, int, java.lang.Object)'> (0x000000008ac23788) 
thrown [s\open\src\hotspot\share\interpreter\linkResolver.cpp, line 796]
Event: 17.547 Thread 0x000001e7d1b328a0 Exception <a 'java/lang/NoSuchMethodError'{0x000000008ac28310}: 'int java.lang.invoke.DirectMethodHandle$Holder.invokeSpecialIFC(java.lang.Object, java.lang.Object, java.lang.Object, java.lang.Object)'> (0x000000008ac28310) 
thrown [s\open\src\hotspot\share\interpreter\linkResolver.cpp, line 796]
Event: 17.563 Thread 0x000001e7d1b328a0 Exception <a 'java/lang/NoSuchMethodError'{0x000000008ab23470}: 'void java.lang.invoke.DirectMethodHandle$Holder.invokeInterface(java.lang.Object, java.lang.Object, java.lang.Object)'> (0x000000008ab23470) 
thrown [s\open\src\hotspot\share\interpreter\linkResolver.cpp, line 796]
Event: 17.575 Thread 0x000001e7d1b328a0 Exception <a 'java/lang/NoSuchMethodError'{0x000000008abb2240}: 'void java.lang.invoke.DirectMethodHandle$Holder.invokeStaticInit(java.lang.Object, java.lang.Object, java.lang.Object)'> (0x000000008abb2240) 
thrown [s\open\src\hotspot\share\interpreter\linkResolver.cpp, line 796]
Event: 17.579 Thread 0x000001e7d1b328a0 Exception <a 'java/lang/NoSuchMethodError'{0x000000008abf7d78}: 'java.lang.Object java.lang.invoke.DirectMethodHandle$Holder.invokeVirtual(java.lang.Object, java.lang.Object, java.lang.Object)'> (0x000000008abf7d78) 
thrown [s\open\src\hotspot\share\interpreter\linkResolver.cpp, line 796]
Event: 17.583 Thread 0x000001e7d1b328a0 Exception <a 'java/lang/NoSuchMethodError'{0x000000008aa19d60}: 'java.lang.Object java.lang.invoke.DirectMethodHandle$Holder.invokeStatic(java.lang.Object, long, java.lang.Object)'> (0x000000008aa19d60) 
thrown [s\open\src\hotspot\share\interpreter\linkResolver.cpp, line 796]
Event: 17.583 Thread 0x000001e7d1b328a0 Exception <a 'java/lang/NoSuchMethodError'{0x000000008aa1d400}: 'java.lang.Object java.lang.invoke.DirectMethodHandle$Holder.invokeStaticInit(java.lang.Object, long, java.lang.Object)'> (0x000000008aa1d400) 
thrown [s\open\src\hotspot\share\interpreter\linkResolver.cpp, line 796]
Event: 17.583 Thread 0x000001e7d1b328a0 Exception <a 'java/lang/NoSuchMethodError'{0x000000008aa22d30}: 'java.lang.Object java.lang.invoke.DirectMethodHandle$Holder.newInvokeSpecial(java.lang.Object, long)'> (0x000000008aa22d30) 
thrown [s\open\src\hotspot\share\interpreter\linkResolver.cpp, line 796]
Event: 17.594 Thread 0x000001e7d1b328a0 Exception <a 'java/lang/NoSuchMethodError'{0x000000008aa7b9a8}: 'void java.lang.invoke.DirectMethodHandle$Holder.invokeVirtual(java.lang.Object, java.lang.Object, java.lang.Object, java.lang.Object)'> (0x000000008aa7b9a8) 
thrown [s\open\src\hotspot\share\interpreter\linkResolver.cpp, line 796]
Event: 17.630 Thread 0x000001e7d1b328a0 Exception <a 'java/lang/IncompatibleClassChangeError'{0x000000008a9f0030}: Found class java.lang.Object, but interface was expected> (0x000000008a9f0030) 
thrown [s\open\src\hotspot\share\interpreter\linkResolver.cpp, line 863]
Event: 18.940 Thread 0x000001e7d1b328a0 Exception <a 'java/lang/NoSuchMethodError'{0x000000008b1751e8}: 'int java.lang.invoke.DirectMethodHandle$Holder.invokeSpecial(java.lang.Object, java.lang.Object, java.lang.Object, java.lang.Object, java.lang.Object)'> (0x000000008b1751e8) 
thrown [s\open\src\hotspot\share\interpreter\linkResolver.cpp, line 796]
Event: 18.944 Thread 0x000001e7d1b328a0 Exception <a 'java/lang/NoSuchMethodError'{0x000000008b17d850}: 'void java.lang.invoke.DirectMethodHandle$Holder.invokeVirtual(java.lang.Object, java.lang.Object)'> (0x000000008b17d850) 
thrown [s\open\src\hotspot\share\interpreter\linkResolver.cpp, line 796]

VM Operations (20 events):
Event: 17.109 Executing VM operation: HandshakeAllThreads (Deoptimize) done
Event: 17.236 Executing VM operation: HandshakeAllThreads (Deoptimize)
Event: 17.237 Executing VM operation: HandshakeAllThreads (Deoptimize) done
Event: 17.371 Executing VM operation: G1CollectForAllocation (G1 Evacuation Pause)
Event: 17.378 Executing VM operation: G1CollectForAllocation (G1 Evacuation Pause) done
Event: 17.624 Executing VM operation: HandshakeAllThreads (Deoptimize)
Event: 17.624 Executing VM operation: HandshakeAllThreads (Deoptimize) done
Event: 17.767 Executing VM operation: G1CollectForAllocation (G1 Evacuation Pause)
Event: 18.773 Executing VM operation: G1CollectForAllocation (G1 Evacuation Pause) done
Event: 18.829 Executing VM operation: G1CollectForAllocation (G1 Evacuation Pause)
Event: 18.832 Executing VM operation: G1CollectForAllocation (G1 Evacuation Pause) done
Event: 18.864 Executing VM operation: HandshakeAllThreads (Deoptimize)
Event: 18.864 Executing VM operation: HandshakeAllThreads (Deoptimize) done
Event: 18.903 Executing VM operation: G1CollectForAllocation (G1 Evacuation Pause)
Event: 18.905 Executing VM operation: G1CollectForAllocation (G1 Evacuation Pause) done
Event: 18.921 Executing VM operation: HandshakeAllThreads (Deoptimize)
Event: 18.921 Executing VM operation: HandshakeAllThreads (Deoptimize) done
Event: 18.969 Executing VM operation: G1CollectForAllocation (G1 Evacuation Pause)
Event: 18.970 Executing VM operation: G1CollectForAllocation (G1 Evacuation Pause) done
Event: 19.063 Executing VM operation: G1CollectForAllocation (G1 Evacuation Pause)

Memory protections (0 events):
No events

Nmethod flushes (0 events):
No events

Events (20 events):
Event: 0.215 Thread 0x000001e7d1b328a0 Thread added: 0x000001e7e43ac8c0
Event: 0.215 Thread 0x000001e7d1b328a0 Thread added: 0x000001e7e43ad450
Event: 0.215 Thread 0x000001e7d1b328a0 Thread added: 0x000001e7e43afec0
Event: 0.215 Thread 0x000001e7d1b328a0 Thread added: 0x000001e7e43b2e90
Event: 0.215 Thread 0x000001e7d1b328a0 Thread added: 0x000001e7c50384a0
Event: 0.276 Thread 0x000001e7c50384a0 Thread added: 0x000001e7c5114f10
Event: 0.282 Thread 0x000001e7d1b328a0 Thread added: 0x000001e7c5168740
Event: 0.285 Thread 0x000001e7d1b328a0 Thread added: 0x000001e7c51735e0
Event: 0.351 Thread 0x000001e7c5114f10 Thread added: 0x000001e7c517ec90
Event: 2.160 Thread 0x000001e7c517ec90 Thread exited: 0x000001e7c517ec90
Event: 2.160 Thread 0x000001e7c5114f10 Thread exited: 0x000001e7c5114f10
Event: 3.239 Thread 0x000001e7c50384a0 Thread added: 0x000001e7c50c67f0
Event: 6.114 Thread 0x000001e7c50c67f0 Thread exited: 0x000001e7c50c67f0
Event: 6.115 Thread 0x000001e7c50384a0 Thread added: 0x000001e7c57f5160
Event: 6.116 Thread 0x000001e7c57f5160 Thread added: 0x000001e7c57f5820
Event: 6.116 Thread 0x000001e7c57f5160 Thread added: 0x000001e7c57f5ee0
Event: 8.503 Thread 0x000001e7c57f5ee0 Thread exited: 0x000001e7c57f5ee0
Event: 14.270 Thread 0x000001e7c57f5820 Thread exited: 0x000001e7c57f5820
Event: 17.214 Thread 0x000001e7c57f5160 Thread added: 0x000001e7c5b173d0
Event: 17.629 Thread 0x000001e7d1b328a0 Thread added: 0x000001e7c5cec010


Dynamic libraries:
0x00007ff6346f0000 - 0x00007ff634700000 	C:\Program Files\Java\jdk-23\bin\java.exe
0x00007ff9625a0000 - 0x00007ff962808000 	C:\WINDOWS\SYSTEM32\ntdll.dll
0x00007ff9607c0000 - 0x00007ff960889000 	C:\WINDOWS\System32\KERNEL32.DLL
0x00007ff95fe80000 - 0x00007ff960271000 	C:\WINDOWS\System32\KERNELBASE.dll
0x00007ff95f9d0000 - 0x00007ff95fb1b000 	C:\WINDOWS\System32\ucrtbase.dll
0x00007ff934f10000 - 0x00007ff934f27000 	C:\Program Files\Java\jdk-23\bin\jli.dll
0x00007ff934ef0000 - 0x00007ff934f0b000 	C:\Program Files\Java\jdk-23\bin\VCRUNTIME140.dll
0x00007ff962180000 - 0x00007ff962346000 	C:\WINDOWS\System32\USER32.dll
0x00007ff943980000 - 0x00007ff943c13000 	C:\WINDOWS\WinSxS\amd64_microsoft.windows.common-controls_6595b64144ccf1df_6.0.26100.7824_none_3e0870b2e3345462\COMCTL32.dll
0x00007ff95efc0000 - 0x00007ff95efe7000 	C:\WINDOWS\System32\win32u.dll
0x00007ff960ff0000 - 0x00007ff961099000 	C:\WINDOWS\System32\msvcrt.dll
0x00007ff962350000 - 0x00007ff96237b000 	C:\WINDOWS\System32\GDI32.dll
0x00007ff95fb20000 - 0x00007ff95fc4b000 	C:\WINDOWS\System32\gdi32full.dll
0x00007ff95fc50000 - 0x00007ff95fcf3000 	C:\WINDOWS\System32\msvcp_win.dll
0x00007ff960e90000 - 0x00007ff960ec1000 	C:\WINDOWS\System32\IMM32.DLL
0x000000006d500000 - 0x000000006d50d000 	C:\Program Files (x86)\360\Total Security\safemon\SafeWrapper.dll
0x00007ff962420000 - 0x00007ff9624d4000 	C:\WINDOWS\System32\ADVAPI32.dll
0x00007ff960c40000 - 0x00007ff960ce6000 	C:\WINDOWS\System32\sechost.dll
0x00007ff960ed0000 - 0x00007ff960fe8000 	C:\WINDOWS\System32\RPCRT4.dll
0x00007ff959e90000 - 0x00007ff959f95000 	C:\Program Files (x86)\360\Total Security\safemon\libzdtp64.dll
0x00007ff9616c0000 - 0x00007ff961e12000 	C:\WINDOWS\System32\SHELL32.dll
0x00007ff95eff0000 - 0x00007ff95f15a000 	C:\WINDOWS\System32\wintypes.dll
0x00007ff960350000 - 0x00007ff9606d6000 	C:\WINDOWS\System32\combase.dll
0x00007ff960730000 - 0x00007ff960797000 	C:\WINDOWS\System32\SHLWAPI.dll
0x00007ff95f160000 - 0x00007ff95f9c3000 	C:\WINDOWS\System32\Windows.Storage.dll
0x00007ff95e960000 - 0x00007ff95e96b000 	C:\WINDOWS\SYSTEM32\VERSION.dll
0x00007ff95b360000 - 0x00007ff95b36c000 	C:\Program Files\Java\jdk-23\bin\vcruntime140_1.dll
0x00007ff91e600000 - 0x00007ff91e68e000 	C:\Program Files\Java\jdk-23\bin\msvcp140.dll
0x00007ff8b6fc0000 - 0x00007ff8b7d0f000 	C:\Program Files\Java\jdk-23\bin\server\jvm.dll
0x00007ff9609d0000 - 0x00007ff960a44000 	C:\WINDOWS\System32\WS2_32.dll
0x00007ff95ece0000 - 0x00007ff95ed3e000 	C:\WINDOWS\SYSTEM32\POWRPROF.dll
0x00007ff954870000 - 0x00007ff9548a5000 	C:\WINDOWS\SYSTEM32\WINMM.dll
0x00007ff95ecc0000 - 0x00007ff95ecd4000 	C:\WINDOWS\SYSTEM32\UMPDC.dll
0x00007ff95dbb0000 - 0x00007ff95dbcb000 	C:\WINDOWS\SYSTEM32\kernel.appcore.dll
0x00007ff934ee0000 - 0x00007ff934eea000 	C:\Program Files\Java\jdk-23\bin\jimage.dll
0x00007ff95ca60000 - 0x00007ff95cca2000 	C:\WINDOWS\SYSTEM32\DBGHELP.DLL
0x00007ff961fa0000 - 0x00007ff962077000 	C:\WINDOWS\System32\OLEAUT32.dll
0x00007ff93ed20000 - 0x00007ff93ed5b000 	C:\WINDOWS\SYSTEM32\dbgcore.DLL
0x00007ff95ef10000 - 0x00007ff95efb5000 	C:\WINDOWS\System32\bcryptPrimitives.dll
0x00007ff934ec0000 - 0x00007ff934ede000 	C:\Program Files\Java\jdk-23\bin\java.dll
0x00007ff960cf0000 - 0x00007ff960e87000 	C:\WINDOWS\System32\ole32.dll
0x00007ff962080000 - 0x00007ff962176000 	C:\WINDOWS\System32\SHCORE.dll
0x00007ff95eda0000 - 0x00007ff95edc9000 	C:\WINDOWS\SYSTEM32\profapi.dll
0x00007ff934eb0000 - 0x00007ff934ec0000 	C:\Program Files\Java\jdk-23\bin\net.dll
0x00007ff95e120000 - 0x00007ff95e18b000 	C:\WINDOWS\system32\mswsock.dll
0x00007ff934e90000 - 0x00007ff934ea6000 	C:\Program Files\Java\jdk-23\bin\nio.dll
0x00007ff921e50000 - 0x00007ff921e67000 	C:\Program Files\Java\jdk-23\bin\zip.dll
0x00007ff934e80000 - 0x00007ff934e90000 	C:\Program Files\Java\jdk-23\bin\verify.dll

dbghelp: loaded successfully - version: 4.0.5 - missing functions: none
symbol engine: initialized successfully - sym options: 0x614 - pdb path: .;C:\Program Files\Java\jdk-23\bin;C:\WINDOWS\SYSTEM32;C:\WINDOWS\WinSxS\amd64_microsoft.windows.common-controls_6595b64144ccf1df_6.0.26100.7824_none_3e0870b2e3345462;C:\Program Files (x86)\360\Total Security\safemon;C:\Program Files\Java\jdk-23\bin\server

VM Arguments:
jvm_args: -XX:TieredStopAtLevel=1 
java_command: vn.kurisu.mentormatch.MentorMatchApplication
java_class_path (initial): C:\Users\Long Phung\OneDrive\Documents\TechByteIntern\buiphuongnam_test_t3\backend\target\classes;C:\Users\Long Phung\.m2\repository\org\aspectj\aspectjweaver\1.9.21\aspectjweaver-1.9.21.jar;C:\Users\Long Phung\.m2\repository\com\zaxxer\HikariCP\5.0.1\HikariCP-5.0.1.jar;C:\Users\Long Phung\.m2\repository\org\springframework\spring-jdbc\6.1.5\spring-jdbc-6.1.5.jar;C:\Users\Long Phung\.m2\repository\org\hibernate\orm\hibernate-core\6.4.4.Final\hibernate-core-6.4.4.Final.jar;C:\Users\Long Phung\.m2\repository\jakarta\persistence\jakarta.persistence-api\3.1.0\jakarta.persistence-api-3.1.0.jar;C:\Users\Long Phung\.m2\repository\jakarta\transaction\jakarta.transaction-api\2.0.1\jakarta.transaction-api-2.0.1.jar;C:\Users\Long Phung\.m2\repository\org\jboss\logging\jboss-logging\3.5.3.Final\jboss-logging-3.5.3.Final.jar;C:\Users\Long Phung\.m2\repository\org\hibernate\common\hibernate-commons-annotations\6.0.6.Final\hibernate-commons-annotations-6.0.6.Final.jar;C:\Users\Long Phung\.m2\repository\io\smallrye\jandex\3.1.2\jandex-3.1.2.jar;C:\Users\Long Phung\.m2\repository\com\fasterxml\classmate\1.6.0\classmate-1.6.0.jar;C:\Users\Long Phung\.m2\repository\net\bytebuddy\byte-buddy\1.14.12\byte-buddy-1.14.12.jar;C:\Users\Long Phung\.m2\repository\org\glassfish\jaxb\jaxb-runtime\4.0.5\jaxb-runtime-4.0.5.jar;C:\Users\Long Phung\.m2\repository\org\glassfish\jaxb\jaxb-core\4.0.5\jaxb-core-4.0.5.jar;C:\Users\Long Phung\.m2\repository\org\eclipse\angus\angus-activation\2.0.2\angus-activation-2.0.2.jar;C:\Users\Long Phung\.m2\repository\org\glassfish\jaxb\txw2\4.0.5\txw2-4.0.5.jar;C:\Users\Long Phung\.m2\repository\com\sun\istack\istack-commons-runtime\4.1.2\istack-commons-runtime-4.1.2.jar;C:\Users\Long Phung\.m2\repository\jakarta\inject\jakarta.inject-api\2.0.1\jakarta.inject-api-2.0.1.jar;C:\Users\Long Phung\.m2\repository\org\antlr\antlr4-runtime\4.13.0\antlr4-runtime-4.13.0.jar;C:\Users\Long Phung\.m2\repository\org\springframework\data\spring-data-jpa\3.2.4\spring-data-jpa-3.2.4.jar;C:\Users\Long Phung\.m2\repository\org\springframework\data\spring-data-commons\3.2.4\spring-data-commons-3.2.4.jar;C:\Users\Long Phung\.m2\repository\org\springframework\spring-orm\6.1.5\spring-orm-6.1.5.jar;C:\Users\Long Phung\.m2\repository\org\springframework\spring-context\6.1.5\spring-context-6.1.5.jar;C:\Users\Long Phung\.m2\repository\org\springframework\spring-tx\6.1.5\spring-tx-6.1.5.jar;C:\Users\Long Phung\.m2\repository\org\springframework\spring-beans\6.1.5\spring-beans-6.1.5.jar;C:\Users\Long Phung\.m2\repository\jakarta\annotation\jakarta.annotation-api\2.1.1\jakarta.annotation-api-2.1.1.jar;C:\Users\Long Phung\.m2\repository\org\slf4j\slf4j-api\2.0.12\slf4j-api-2.0.12.jar;C:\Users\Long Phung\.m2\repository\org\springframework\spring-aspects\6.1.5\spring-aspects-6.1.5.jar;C:\Users\Long Phung\.m2\repository\org\springframework\boot\spring-boot\3.2.4\spring-boot-3.2.4.jar;C:\Users\Long Phung\.m2\repository\org\springframework\boot\spring-boot-autoconfigure\3.2.4\spring-boot-autoconfigure-3.2.4.jar;C:\Users\Long Phung\.m2\repository\ch\qos\logback\logback-classic\1.4.14\logback-classic-1.4.14.jar;C:\Users\Long Phung\.m2\repository\ch\qos\logback\logback-core\1.4.14\logback-core-1.4.14.jar;C:\Users\Long Phung\.m2\repository\org\apache\logging\log4j\log4j-to-slf4j\2.21.1\log4j-to-slf4j-2.21.1.jar;C:\Users\Long Phung\.m2\repository\org\apache\logging\log4j\log4j-api\2.21.1\log4j-api-2.21.1.jar;C:\Users\Long Phung\.m2\repository\org\slf4j\jul-to-slf4j\2.0.12\jul-to-slf4j-2.0.12.jar;C:\Users\Long Phung\.m2\repository\org\yaml\snakeyaml\2.2\snakeyaml-2.2.jar;C:\Users\Long Phung\.m2\repository\org\springframework\spring-aop\6.1.5\spring-aop-6.1.5.jar;C:\Users\Long Phung\.m2\repository\org\springframework\security\spring-security-config\6.2.3\spring-security-config-6.2.3.jar;C:\Users\Long Phung\.m2\repository\org\springframework\security\spring-security-web\6.2.3\spring-security-web-6.2.3.jar;C:\Users\Long Phung\.m2\repository\org\springframework\spring-expression\6.1.5\spring-expression-6.1.5.jar;C:\Users\Long Phung\.m2\repository\org\apache\tomcat\embed\tomcat-embed-el\10.1.19\tomcat-embed-el-10.1.19.jar;C:\Users\Long Phung\.m2\repository\org\hibernate\validator\hibernate-validator\8.0.1.Final\hibernate-validator-8.0.1.Final.jar;C:\Users\Long Phung\.m2\repository\jakarta\validation\jakarta.validation-api\3.0.2\jakarta.validation-api-3.0.2.jar;C:\Users\Long Phung\.m2\repository\com\fasterxml\jackson\datatype\jackson-datatype-jdk8\2.15.4\jackson-datatype-jdk8-2.15.4.jar;C:\Users\Long Phung\.m2\repository\com\fasterxml\jackson\datatype\jackson-datatype-jsr310\2.15.4\jackson-datatype-jsr310-2.15.4.jar;C:\Users\Long Phung\.m2\repository\com\fasterxml\jackson\module\jackson-module-parameter-names\2.15.4\jackson-module-parameter-names-2.15.4.jar;C:\Users\Long Phung\.m2\repository\org\apache\tomcat\embed\tomcat-embed-core\10.1.19\tomcat-embed-core-10.1.19.jar;C:\Users\Long Phung\.m2\repository\org\apache\tomcat\embed\tomcat-embed-websocket\10.1.19\tomcat-embed-websocket-10.1.19.jar;C:\Users\Long Phung\.m2\repository\org\springframework\spring-web\6.1.5\spring-web-6.1.5.jar;C:\Users\Long Phung\.m2\repository\io\micrometer\micrometer-observation\1.12.4\micrometer-observation-1.12.4.jar;C:\Users\Long Phung\.m2\repository\io\micrometer\micrometer-commons\1.12.4\micrometer-commons-1.12.4.jar;C:\Users\Long Phung\.m2\repository\org\springframework\spring-webmvc\6.1.5\spring-webmvc-6.1.5.jar;C:\Users\Long Phung\.m2\repository\com\mysql\mysql-connector-j\8.3.0\mysql-connector-j-8.3.0.jar;C:\Users\Long Phung\.m2\repository\io\jsonwebtoken\jjwt-api\0.12.5\jjwt-api-0.12.5.jar;C:\Users\Long Phung\.m2\repository\io\jsonwebtoken\jjwt-impl\0.12.5\jjwt-impl-0.12.5.jar;C:\Users\Long Phung\.m2\repository\io\jsonwebtoken\jjwt-jackson\0.12.5\jjwt-jackson-0.12.5.jar;C:\Users\Long Phung\.m2\repository\com\fasterxml\jackson\core\jackson-databind\2.15.4\jackson-databind-2.15.4.jar;C:\Users\Long Phung\.m2\repository\com\fasterxml\jackson\core\jackson-annotations\2.15.4\jackson-annotations-2.15.4.jar;C:\Users\Long Phung\.m2\repository\com\fasterxml\jackson\core\jackson-core\2.15.4\jackson-core-2.15.4.jar;C:\Users\Long Phung\.m2\repository\org\mapstruct\mapstruct\1.5.5.Final\mapstruct-1.5.5.Final.jar;C:\Users\Long Phung\.m2\repository\com\cloudinary\cloudinary-http44\1.36.0\cloudinary-http44-1.36.0.jar;C:\Users\Long Phung\.m2\repository\com\cloudinary\cloudinary-core\1.36.0\cloudinary-core-1.36.0.jar;C:\Users\Long Phung\.m2\repository\org\apache\commons\commons-lang3\3.13.0\commons-lang3-3.13.0.jar;C:\Users\Long Phung\.m2\repository\org\apache\httpcomponents\httpclient\4.4\httpclient-4.4.jar;C:\Users\Long Phung\.m2\repository\org\apache\httpcomponents\httpcore\4.4.16\httpcore-4.4.16.jar;C:\Users\Long Phung\.m2\repository\commons-logging\commons-logging\1.2\commons-logging-1.2.jar;C:\Users\Long Phung\.m2\repository\commons-codec\commons-codec\1.16.1\commons-codec-1.16.1.jar;C:\Users\Long Phung\.m2\repository\org\apache\httpcomponents\httpmime\4.4\httpmime-4.4.jar;C:\Users\Long Phung\.m2\repository\jakarta\xml\bind\jakarta.xml.bind-api\4.0.2\jakarta.xml.bind-api-4.0.2.jar;C:\Users\Long Phung\.m2\repository\jakarta\activation\jakarta.activation-api\2.1.3\jakarta.activation-api-2.1.3.jar;C:\Users\Long Phung\.m2\repository\org\springframework\spring-core\6.1.5\spring-core-6.1.5.jar;C:\Users\Long Phung\.m2\repository\org\springframework\spring-jcl\6.1.5\spring-jcl-6.1.5.jar;C:\Users\Long Phung\.m2\repository\org\springframework\security\spring-security-core\6.2.3\spring-security-core-6.2.3.jar;C:\Users\Long Phung\.m2\repository\org\springframework\security\spring-security-crypto\6.2.3\spring-security-crypto-6.2.3.jar
Launcher Type: SUN_STANDARD

[Global flags]
     intx CICompilerCount                          = 4                                         {product} {ergonomic}
     uint ConcGCThreads                            = 2                                         {product} {ergonomic}
     uint G1ConcRefinementThreads                  = 8                                         {product} {ergonomic}
   size_t G1HeapRegionSize                         = 1048576                                   {product} {ergonomic}
   size_t InitialHeapSize                          = 132120576                                 {product} {ergonomic}
   size_t MarkStackSize                            = 4194304                                   {product} {ergonomic}
   size_t MarkStackSizeMax                         = 536870912                                 {product} {ergonomic}
   size_t MaxHeapSize                              = 2090860544                                {product} {ergonomic}
   size_t MaxNewSize                               = 1254096896                                {product} {ergonomic}
   size_t MinHeapDeltaBytes                        = 1048576                                   {product} {ergonomic}
   size_t MinHeapSize                              = 8388608                                   {product} {ergonomic}
    uintx NonNMethodCodeHeapSize                   = 4096                                   {pd product} {ergonomic}
    uintx NonProfiledCodeHeapSize                  = 0                                      {pd product} {ergonomic}
     bool ProfileInterpreter                       = false                                  {pd product} {command line}
    uintx ProfiledCodeHeapSize                     = 0                                      {pd product} {ergonomic}
   size_t SoftMaxHeapSize                          = 2090860544                             {manageable} {ergonomic}
     intx TieredStopAtLevel                        = 1                                         {product} {command line}
     bool UseCompressedOops                        = true                           {product lp64_product} {ergonomic}
     bool UseG1GC                                  = true                                      {product} {ergonomic}
     bool UseLargePagesIndividualAllocation        = false                                  {pd product} {ergonomic}

Logging:
Log output configuration:
 #0: stdout all=warning uptime,level,tags foldmultilines=false
 #1: stderr all=off uptime,level,tags foldmultilines=false

Environment Variables:
JAVA_HOME=C:\Program Files\Java\jdk-23
PATH=C:\Program Files\Common Files\Oracle\Java\javapath;C:\WINDOWS\system32;C:\WINDOWS;C:\WINDOWS\System32\Wbem;C:\WINDOWS\System32\WindowsPowerShell\v1.0\;C:\WINDOWS\System32\OpenSSH\;C:\Program Files\dotnet\;C:\Program Files (x86)\Microsoft SQL Server\160\DTS\Binn\;C:\Program Files\Azure Data Studio\bin;C:\Program Files (x86)\Microsoft SQL Server\160\Tools\Binn\;C:\Program Files\Microsoft SQL Server\160\Tools\Binn\;C:\Program Files\Microsoft SQL Server\Client SDK\ODBC\170\Tools\Binn\;C:\Program Files\Microsoft SQL Server\160\DTS\Binn\;F:\common;C:\Program Files\Java\jdk-23\bin;C:\apache-maven-3.9.11\bin;C:\Program Files\nodejs\;C:\Program Files\Docker\Docker\resources\bin;C:\ProgramData\DockerDesktop\version-bin;C:\Program Files\Cloudflare\Cloudflare WARP\;C:\Program Files (x86)\Windows Kits\10\Windows Performance Toolkit\;C:\Program Files\Microsoft SQL Server\150\Tools\Binn\;C:\Program Files\CMake\bin;C:\Program Files\Git\cmd;C:\msys64\usr\bin;C:\Program Files\Go\bin;C:\Users\Long Phung\Downloads\skaff;G:\Minikube;C:\Program Files (x86)\Graphviz\bin;C:\Users\Long Phung\AppData\Local\Programs\Python\Python312\Scripts\;C:\Users\Long Phung\AppData\Local\Programs\Python\Python312\;C:\Users\Long Phung\AppData\Local\Programs\Python\Launcher\;C:\Users\Long Phung\AppData\Local\Microsoft\WindowsApps;C:\Program Files\Azure Data Studio\bin;F:\Microsoft VS Code\bin;C:\Users\Long Phung\AppData\Local\GitHubDesktop\bin;C:\Users\Long Phung\AppData\Roaming\npm;C:\Program Files\Java\jdk-17\bin;C:\Users\Long Phung\.dotnet\tools;C:\Program Files\JetBrains\PyCharm 2025.1.3.1\bin;;C:\Users\Long Phung\go\bin;C:\Users\Long Phung\AppData\Local\Google\Cloud SDK\google-cloud-sdk\bin;F:\Antigravity\bin;G:\cursor\resources\app\bin;c:\Users\Long Phung\.antigravity\extensions\vscjava.vscode-java-debug-0.58.5-universal\bundled\scripts\noConfigScripts
USERNAME=Long Phung
LANG=en_US.UTF-8
OS=Windows_NT
PROCESSOR_IDENTIFIER=Intel64 Family 6 Model 140 Stepping 1, GenuineIntel
TMP=C:\Users\LONGPH~1\AppData\Local\Temp
TEMP=C:\Users\LONGPH~1\AppData\Local\Temp




Periodic native trim disabled

---------------  S Y S T E M  ---------------

OS:
 Windows 11 , 64 bit Build 26100 (10.0.26100.7705)
OS uptime: 0 days 16:28 hours
Hyper-V role detected

CPU: total 8 (initial active 8) (4 cores per cpu, 2 threads per core) family 6 model 140 stepping 1 microcode 0x8a, cx8, cmov, fxsr, ht, mmx, 3dnowpref, sse, sse2, sse3, ssse3, sse4.1, sse4.2, popcnt, lzcnt, tsc, tscinvbit, avx, avx2, aes, erms, clmul, bmi1, bmi2, adx, avx512f, avx512dq, avx512cd, avx512bw, avx512vl, sha, fma, vzeroupper, avx512_vpopcntdq, avx512_vpclmulqdq, avx512_vaes, avx512_vnni, clflush, clflushopt, clwb, avx512_vbmi2, avx512_vbmi, hv, rdtscp, rdpid, fsrm, gfni, avx512_bitalg, f16c, cet_ibt, cet_ss, avx512_ifma
Processor Information for the first 8 processors :
  Max Mhz: 2803, Current Mhz: 2803, Mhz Limit: 2803

Memory: 4k page, system-wide physical 7971M (672M free)
TotalPageFile size 25471M (AvailPageFile size 48M)
current process WorkingSet (physical memory assigned to process): 102M, peak: 104M
current process commit charge ("private bytes"): 234M, peak: 427M

vm_info: Java HotSpot(TM) 64-Bit Server VM (23.0.1+11-39) for windows-amd64 JRE (23.0.1+11-39), built on 2024-09-30T07:20:43Z with MS VC++ 17.6 (VS2022)

END.
