#
# There is insufficient memory for the Java Runtime Environment to continue.
# Native memory allocation (malloc) failed to allocate 1750688 bytes. Error detail: Chunk::new
# Possible reasons:
#   The system is out of physical RAM or swap space
#   This process is running with CompressedOops enabled, and the Java Heap may be blocking the growth of the native heap
# Possible solutions:
#   Reduce memory load on the system
#   Increase physical memory or swap space
#   Check if swap backing store is full
#   Decrease Java heap size (-Xmx/-Xms)
#   Decrease number of Java threads
#   Decrease Java thread stack sizes (-Xss)
#   Set larger code cache with -XX:ReservedCodeCacheSize=
#   JVM is running with Unscaled Compressed Oops mode in which the Java heap is
#     placed in the first 4GB address space. The Java Heap base address is the
#     maximum limit for the native heap growth. Please use -XX:HeapBaseMinAddress
#     to set the Java Heap base and to place the Java Heap above 4GB virtual address.
# This output file may be truncated or incomplete.
#
#  Out of Memory Error (arena.cpp:149), pid=11084, tid=1796
#
# JRE version: Java(TM) SE Runtime Environment (23.0.1+11) (build 23.0.1+11-39)
# Java VM: Java HotSpot(TM) 64-Bit Server VM (23.0.1+11-39, mixed mode, sharing, tiered, compressed oops, compressed class ptrs, g1 gc, windows-amd64)
# No core dump will be written. Minidumps are not enabled by default on client versions of Windows
#

---------------  S U M M A R Y ------------

Command Line: --enable-native-access=ALL-UNNAMED -Dclassworlds.conf=C:\apache-maven-3.9.11\bin\m2.conf -Dmaven.home=C:\apache-maven-3.9.11 -Dlibrary.jansi.path=C:\apache-maven-3.9.11\lib\jansi-native -Dmaven.multiModuleProjectDirectory=C:\Users\Long Phung\OneDrive\Documents\TechByteIntern\buiphuongnam_test_t3\backend org.codehaus.plexus.classworlds.launcher.Launcher clean compile

Host: 11th Gen Intel(R) Core(TM) i7-1165G7 @ 2.80GHz, 8 cores, 7G,  Windows 11 , 64 bit Build 26100 (10.0.26100.7705)
Time: Sun Mar  8 22:23:54 2026 SE Asia Standard Time elapsed time: 8.720430 seconds (0d 0h 0m 8s)

---------------  T H R E A D  ---------------

Current thread (0x000001fd7e9d3160):  JavaThread "C2 CompilerThread1" daemon [_thread_in_native, id=1796, stack(0x0000005ac5e00000,0x0000005ac5f00000) (1024K)]


Current CompileTask:
C2:8720 4058   !   4       org.codehaus.plexus.interpolation.StringSearchInterpolator::interpolate (692 bytes)

Stack: [0x0000005ac5e00000,0x0000005ac5f00000]
Native frames: (J=compiled Java code, j=interpreted, Vv=VM code, C=native code)
V  [jvm.dll+0x6e08b9]  (no source info available)
V  [jvm.dll+0x87dc83]  (no source info available)
V  [jvm.dll+0x88010e]  (no source info available)
V  [jvm.dll+0x8807e3]  (no source info available)
V  [jvm.dll+0x27aee6]  (no source info available)
V  [jvm.dll+0xbc06f]  (no source info available)
V  [jvm.dll+0xbc2cb]  (no source info available)
V  [jvm.dll+0x3b3a9c]  (no source info available)
V  [jvm.dll+0x1dc39e]  (no source info available)
V  [jvm.dll+0x244be5]  (no source info available)
V  [jvm.dll+0x243dff]  (no source info available)
V  [jvm.dll+0x1c33a0]  (no source info available)
V  [jvm.dll+0x253cf1]  (no source info available)
V  [jvm.dll+0x251faa]  (no source info available)
V  [jvm.dll+0x3ee036]  (no source info available)
V  [jvm.dll+0x824f8b]  (no source info available)
V  [jvm.dll+0x6df065]  (no source info available)
C  [ucrtbase.dll+0x37b0]  (no source info available)
C  [KERNEL32.DLL+0x2e8d7]  (no source info available)
C  [ntdll.dll+0x8c40c]  (no source info available)

Lock stack of current Java thread (top to bottom):


---------------  P R O C E S S  ---------------

Threads class SMR info:
_java_thread_list=0x000001fd7eb2a780, length=13, elements={
0x000001fd1bc35470, 0x000001fd386e1380, 0x000001fd386e1ed0, 0x000001fd386e6980,
0x000001fd386e74d0, 0x000001fd386e8020, 0x000001fd386eaf80, 0x000001fd386f2580,
0x000001fd386fe1b0, 0x000001fd3893ef40, 0x000001fd38943dd0, 0x000001fd7e9d3160,
0x000001fd7eb0a040
}

Java Threads: ( => current thread )
  0x000001fd1bc35470 JavaThread "main"                              [_thread_in_native, id=26012, stack(0x0000005ac4b00000,0x0000005ac4c00000) (1024K)]
  0x000001fd386e1380 JavaThread "Reference Handler"          daemon [_thread_blocked, id=26564, stack(0x0000005ac5300000,0x0000005ac5400000) (1024K)]
  0x000001fd386e1ed0 JavaThread "Finalizer"                  daemon [_thread_blocked, id=25152, stack(0x0000005ac5400000,0x0000005ac5500000) (1024K)]
  0x000001fd386e6980 JavaThread "Signal Dispatcher"          daemon [_thread_blocked, id=11172, stack(0x0000005ac5500000,0x0000005ac5600000) (1024K)]
  0x000001fd386e74d0 JavaThread "Attach Listener"            daemon [_thread_blocked, id=17624, stack(0x0000005ac5600000,0x0000005ac5700000) (1024K)]
  0x000001fd386e8020 JavaThread "Service Thread"             daemon [_thread_blocked, id=26428, stack(0x0000005ac5700000,0x0000005ac5800000) (1024K)]
  0x000001fd386eaf80 JavaThread "Monitor Deflation Thread"   daemon [_thread_blocked, id=25140, stack(0x0000005ac5800000,0x0000005ac5900000) (1024K)]
  0x000001fd386f2580 JavaThread "C2 CompilerThread0"         daemon [_thread_in_native, id=16068, stack(0x0000005ac5900000,0x0000005ac5a00000) (1024K)]
  0x000001fd386fe1b0 JavaThread "C1 CompilerThread0"         daemon [_thread_blocked, id=25764, stack(0x0000005ac5a00000,0x0000005ac5b00000) (1024K)]
  0x000001fd3893ef40 JavaThread "Notification Thread"        daemon [_thread_blocked, id=1744, stack(0x0000005ac5b00000,0x0000005ac5c00000) (1024K)]
  0x000001fd38943dd0 JavaThread "Common-Cleaner"             daemon [_thread_blocked, id=23124, stack(0x0000005ac5c00000,0x0000005ac5d00000) (1024K)]
=>0x000001fd7e9d3160 JavaThread "C2 CompilerThread1"         daemon [_thread_in_native, id=1796, stack(0x0000005ac5e00000,0x0000005ac5f00000) (1024K)]
  0x000001fd7eb0a040 JavaThread "Thread-1"                   daemon [_thread_blocked, id=2556, stack(0x0000005ac5d00000,0x0000005ac5e00000) (1024K)]
Total: 13

Other Threads:
  0x000001fd386c97f0 VMThread "VM Thread"                           [id=26484, stack(0x0000005ac5200000,0x0000005ac5300000) (1024K)]
  0x000001fd386ac710 WatcherThread "VM Periodic Task Thread"        [id=25912, stack(0x0000005ac5100000,0x0000005ac5200000) (1024K)]
  0x000001fd1bc85800 WorkerThread "GC Thread#0"                     [id=24896, stack(0x0000005ac4c00000,0x0000005ac4d00000) (1024K)]
  0x000001fd7e9903c0 WorkerThread "GC Thread#1"                     [id=10388, stack(0x0000005ac5f00000,0x0000005ac6000000) (1024K)]
  0x000001fd7ed75570 WorkerThread "GC Thread#2"                     [id=21468, stack(0x0000005ac6000000,0x0000005ac6100000) (1024K)]
  0x000001fd7eb6fd70 WorkerThread "GC Thread#3"                     [id=24904, stack(0x0000005ac6100000,0x0000005ac6200000) (1024K)]
  0x000001fd7eb86eb0 WorkerThread "GC Thread#4"                     [id=3364, stack(0x0000005ac6200000,0x0000005ac6300000) (1024K)]
  0x000001fd7eb87660 WorkerThread "GC Thread#5"                     [id=16108, stack(0x0000005ac6300000,0x0000005ac6400000) (1024K)]
  0x000001fd7e9f1d40 WorkerThread "GC Thread#6"                     [id=4036, stack(0x0000005ac6400000,0x0000005ac6500000) (1024K)]
  0x000001fd7e9f2500 WorkerThread "GC Thread#7"                     [id=25012, stack(0x0000005ac6500000,0x0000005ac6600000) (1024K)]
  0x000001fd1bc9bc80 ConcurrentGCThread "G1 Main Marker"            [id=5720, stack(0x0000005ac4d00000,0x0000005ac4e00000) (1024K)]
  0x000001fd1bc9c790 WorkerThread "G1 Conc#0"                       [id=10284, stack(0x0000005ac4e00000,0x0000005ac4f00000) (1024K)]
  0x000001fd3857b6d0 ConcurrentGCThread "G1 Refine#0"               [id=14916, stack(0x0000005ac4f00000,0x0000005ac5000000) (1024K)]
  0x000001fd3857c250 ConcurrentGCThread "G1 Service"                [id=26440, stack(0x0000005ac5000000,0x0000005ac5100000) (1024K)]
Total: 14

Threads with active compile tasks:
C2 CompilerThread0  9875 4392       4       java.lang.StringLatin1::toLowerCase (155 bytes)
C2 CompilerThread1  9875 4058   !   4       org.codehaus.plexus.interpolation.StringSearchInterpolator::interpolate (692 bytes)
Total: 2

VM state: not at safepoint (normal execution)

VM Mutex/Monitor currently owned by a thread: None

Heap address: 0x0000000083600000, size: 1994 MB, Compressed Oops mode: 32-bit

CDS archive(s) mapped at: [0x000001fd39000000-0x000001fd39d70000-0x000001fd39d70000), size 14090240, SharedBaseAddress: 0x000001fd39000000, ArchiveRelocationMode: 1.
Compressed class space mapped at: 0x000001fd3a000000-0x000001fd7a000000, reserved size: 1073741824
Narrow klass base: 0x000001fd39000000, Narrow klass shift: 0, Narrow klass range: 0x41000000

GC Precious Log:
 CardTable entry size: 512
 Card Set container configuration: InlinePtr #cards 5 size 8 Array Of Cards #cards 10 size 36 Howl #buckets 4 coarsen threshold 1843 Howl Bitmap #cards 512 size 80 coarsen threshold 460 Card regions per heap region 1 cards per card region 2048
 CPUs: 8 total, 8 available
 Memory: 7971M
 Large Page Support: Disabled
 NUMA Support: Disabled
 Compressed Oops: Enabled (32-bit)
 Heap Region Size: 1M
 Heap Min Capacity: 8M
 Heap Initial Capacity: 126M
 Heap Max Capacity: 1994M
 Pre-touch: Disabled
 Parallel Workers: 8
 Concurrent Workers: 2
 Concurrent Refinement Workers: 8
 Periodic GC: Disabled

Heap:
 garbage-first heap   total reserved 2041856K, committed 129024K, used 47405K [0x0000000083600000, 0x0000000100000000)
  region size 1024K, 43 young (44032K), 8 survivors (8192K)
 Metaspace       used 16093K, committed 16384K, reserved 1114112K
  class space    used 1948K, committed 2048K, reserved 1048576K

Heap Regions: E=young(eden), S=young(survivor), O=old, HS=humongous(starts), HC=humongous(continues), CS=collection set, F=free, TAMS=top-at-mark-start, PB=parsable bottom
|   0|0x0000000083600000, 0x0000000083700000, 0x0000000083700000|100%| O|  |TAMS 0x0000000083600000| PB 0x0000000083600000| Untracked |  0
|   1|0x0000000083700000, 0x0000000083800000, 0x0000000083800000|100%| O|  |TAMS 0x0000000083700000| PB 0x0000000083700000| Untracked |  0
|   2|0x0000000083800000, 0x0000000083900000, 0x0000000083900000|100%| O|  |TAMS 0x0000000083800000| PB 0x0000000083800000| Untracked |  0
|   3|0x0000000083900000, 0x0000000083a00000, 0x0000000083a00000|100%| O|  |TAMS 0x0000000083900000| PB 0x0000000083900000| Untracked |  0
|   4|0x0000000083a00000, 0x0000000083a4b4b8, 0x0000000083b00000| 29%| O|  |TAMS 0x0000000083a00000| PB 0x0000000083a00000| Untracked |  0
|   5|0x0000000083b00000, 0x0000000083b00000, 0x0000000083c00000|  0%| F|  |TAMS 0x0000000083b00000| PB 0x0000000083b00000| Untracked |  0
|   6|0x0000000083c00000, 0x0000000083c00000, 0x0000000083d00000|  0%| F|  |TAMS 0x0000000083c00000| PB 0x0000000083c00000| Untracked |  0
|   7|0x0000000083d00000, 0x0000000083d00000, 0x0000000083e00000|  0%| F|  |TAMS 0x0000000083d00000| PB 0x0000000083d00000| Untracked |  0
|   8|0x0000000083e00000, 0x0000000083e00000, 0x0000000083f00000|  0%| F|  |TAMS 0x0000000083e00000| PB 0x0000000083e00000| Untracked |  0
|   9|0x0000000083f00000, 0x0000000083f00000, 0x0000000084000000|  0%| F|  |TAMS 0x0000000083f00000| PB 0x0000000083f00000| Untracked |  0
|  10|0x0000000084000000, 0x0000000084000000, 0x0000000084100000|  0%| F|  |TAMS 0x0000000084000000| PB 0x0000000084000000| Untracked |  0
|  11|0x0000000084100000, 0x0000000084100000, 0x0000000084200000|  0%| F|  |TAMS 0x0000000084100000| PB 0x0000000084100000| Untracked |  0
|  12|0x0000000084200000, 0x0000000084200000, 0x0000000084300000|  0%| F|  |TAMS 0x0000000084200000| PB 0x0000000084200000| Untracked |  0
|  13|0x0000000084300000, 0x0000000084300000, 0x0000000084400000|  0%| F|  |TAMS 0x0000000084300000| PB 0x0000000084300000| Untracked |  0
|  14|0x0000000084400000, 0x0000000084400000, 0x0000000084500000|  0%| F|  |TAMS 0x0000000084400000| PB 0x0000000084400000| Untracked |  0
|  15|0x0000000084500000, 0x0000000084500000, 0x0000000084600000|  0%| F|  |TAMS 0x0000000084500000| PB 0x0000000084500000| Untracked |  0
|  16|0x0000000084600000, 0x0000000084600000, 0x0000000084700000|  0%| F|  |TAMS 0x0000000084600000| PB 0x0000000084600000| Untracked |  0
|  17|0x0000000084700000, 0x0000000084700000, 0x0000000084800000|  0%| F|  |TAMS 0x0000000084700000| PB 0x0000000084700000| Untracked |  0
|  18|0x0000000084800000, 0x0000000084800000, 0x0000000084900000|  0%| F|  |TAMS 0x0000000084800000| PB 0x0000000084800000| Untracked |  0
|  19|0x0000000084900000, 0x0000000084900000, 0x0000000084a00000|  0%| F|  |TAMS 0x0000000084900000| PB 0x0000000084900000| Untracked |  0
|  20|0x0000000084a00000, 0x0000000084a00000, 0x0000000084b00000|  0%| F|  |TAMS 0x0000000084a00000| PB 0x0000000084a00000| Untracked |  0
|  21|0x0000000084b00000, 0x0000000084b00000, 0x0000000084c00000|  0%| F|  |TAMS 0x0000000084b00000| PB 0x0000000084b00000| Untracked |  0
|  22|0x0000000084c00000, 0x0000000084c00000, 0x0000000084d00000|  0%| F|  |TAMS 0x0000000084c00000| PB 0x0000000084c00000| Untracked |  0
|  23|0x0000000084d00000, 0x0000000084d00000, 0x0000000084e00000|  0%| F|  |TAMS 0x0000000084d00000| PB 0x0000000084d00000| Untracked |  0
|  24|0x0000000084e00000, 0x0000000084e00000, 0x0000000084f00000|  0%| F|  |TAMS 0x0000000084e00000| PB 0x0000000084e00000| Untracked |  0
|  25|0x0000000084f00000, 0x0000000084f00000, 0x0000000085000000|  0%| F|  |TAMS 0x0000000084f00000| PB 0x0000000084f00000| Untracked |  0
|  26|0x0000000085000000, 0x0000000085000000, 0x0000000085100000|  0%| F|  |TAMS 0x0000000085000000| PB 0x0000000085000000| Untracked |  0
|  27|0x0000000085100000, 0x0000000085100000, 0x0000000085200000|  0%| F|  |TAMS 0x0000000085100000| PB 0x0000000085100000| Untracked |  0
|  28|0x0000000085200000, 0x0000000085200000, 0x0000000085300000|  0%| F|  |TAMS 0x0000000085200000| PB 0x0000000085200000| Untracked |  0
|  29|0x0000000085300000, 0x0000000085300000, 0x0000000085400000|  0%| F|  |TAMS 0x0000000085300000| PB 0x0000000085300000| Untracked |  0
|  30|0x0000000085400000, 0x0000000085400000, 0x0000000085500000|  0%| F|  |TAMS 0x0000000085400000| PB 0x0000000085400000| Untracked |  0
|  31|0x0000000085500000, 0x0000000085500000, 0x0000000085600000|  0%| F|  |TAMS 0x0000000085500000| PB 0x0000000085500000| Untracked |  0
|  32|0x0000000085600000, 0x0000000085600000, 0x0000000085700000|  0%| F|  |TAMS 0x0000000085600000| PB 0x0000000085600000| Untracked |  0
|  33|0x0000000085700000, 0x0000000085700000, 0x0000000085800000|  0%| F|  |TAMS 0x0000000085700000| PB 0x0000000085700000| Untracked |  0
|  34|0x0000000085800000, 0x0000000085800000, 0x0000000085900000|  0%| F|  |TAMS 0x0000000085800000| PB 0x0000000085800000| Untracked |  0
|  35|0x0000000085900000, 0x0000000085900000, 0x0000000085a00000|  0%| F|  |TAMS 0x0000000085900000| PB 0x0000000085900000| Untracked |  0
|  36|0x0000000085a00000, 0x0000000085a00000, 0x0000000085b00000|  0%| F|  |TAMS 0x0000000085a00000| PB 0x0000000085a00000| Untracked |  0
|  37|0x0000000085b00000, 0x0000000085b00000, 0x0000000085c00000|  0%| F|  |TAMS 0x0000000085b00000| PB 0x0000000085b00000| Untracked |  0
|  38|0x0000000085c00000, 0x0000000085c00000, 0x0000000085d00000|  0%| F|  |TAMS 0x0000000085c00000| PB 0x0000000085c00000| Untracked |  0
|  39|0x0000000085d00000, 0x0000000085d00000, 0x0000000085e00000|  0%| F|  |TAMS 0x0000000085d00000| PB 0x0000000085d00000| Untracked |  0
|  40|0x0000000085e00000, 0x0000000085e00000, 0x0000000085f00000|  0%| F|  |TAMS 0x0000000085e00000| PB 0x0000000085e00000| Untracked |  0
|  41|0x0000000085f00000, 0x0000000085f00000, 0x0000000086000000|  0%| F|  |TAMS 0x0000000085f00000| PB 0x0000000085f00000| Untracked |  0
|  42|0x0000000086000000, 0x0000000086000000, 0x0000000086100000|  0%| F|  |TAMS 0x0000000086000000| PB 0x0000000086000000| Untracked |  0
|  43|0x0000000086100000, 0x0000000086100000, 0x0000000086200000|  0%| F|  |TAMS 0x0000000086100000| PB 0x0000000086100000| Untracked |  0
|  44|0x0000000086200000, 0x0000000086200000, 0x0000000086300000|  0%| F|  |TAMS 0x0000000086200000| PB 0x0000000086200000| Untracked |  0
|  45|0x0000000086300000, 0x0000000086300000, 0x0000000086400000|  0%| F|  |TAMS 0x0000000086300000| PB 0x0000000086300000| Untracked |  0
|  46|0x0000000086400000, 0x0000000086400000, 0x0000000086500000|  0%| F|  |TAMS 0x0000000086400000| PB 0x0000000086400000| Untracked |  0
|  47|0x0000000086500000, 0x0000000086500000, 0x0000000086600000|  0%| F|  |TAMS 0x0000000086500000| PB 0x0000000086500000| Untracked |  0
|  48|0x0000000086600000, 0x0000000086600000, 0x0000000086700000|  0%| F|  |TAMS 0x0000000086600000| PB 0x0000000086600000| Untracked |  0
|  49|0x0000000086700000, 0x0000000086700000, 0x0000000086800000|  0%| F|  |TAMS 0x0000000086700000| PB 0x0000000086700000| Untracked |  0
|  50|0x0000000086800000, 0x0000000086800000, 0x0000000086900000|  0%| F|  |TAMS 0x0000000086800000| PB 0x0000000086800000| Untracked |  0
|  51|0x0000000086900000, 0x0000000086900000, 0x0000000086a00000|  0%| F|  |TAMS 0x0000000086900000| PB 0x0000000086900000| Untracked |  0
|  52|0x0000000086a00000, 0x0000000086a00000, 0x0000000086b00000|  0%| F|  |TAMS 0x0000000086a00000| PB 0x0000000086a00000| Untracked |  0
|  53|0x0000000086b00000, 0x0000000086b00000, 0x0000000086c00000|  0%| F|  |TAMS 0x0000000086b00000| PB 0x0000000086b00000| Untracked |  0
|  54|0x0000000086c00000, 0x0000000086c00000, 0x0000000086d00000|  0%| F|  |TAMS 0x0000000086c00000| PB 0x0000000086c00000| Untracked |  0
|  55|0x0000000086d00000, 0x0000000086d00000, 0x0000000086e00000|  0%| F|  |TAMS 0x0000000086d00000| PB 0x0000000086d00000| Untracked |  0
|  56|0x0000000086e00000, 0x0000000086e00000, 0x0000000086f00000|  0%| F|  |TAMS 0x0000000086e00000| PB 0x0000000086e00000| Untracked |  0
|  57|0x0000000086f00000, 0x0000000086f00000, 0x0000000087000000|  0%| F|  |TAMS 0x0000000086f00000| PB 0x0000000086f00000| Untracked |  0
|  58|0x0000000087000000, 0x0000000087100000, 0x0000000087100000|100%| S|CS|TAMS 0x0000000087000000| PB 0x0000000087000000| Complete |  0
|  59|0x0000000087100000, 0x0000000087200000, 0x0000000087200000|100%| S|CS|TAMS 0x0000000087100000| PB 0x0000000087100000| Complete |  0
|  60|0x0000000087200000, 0x0000000087300000, 0x0000000087300000|100%| S|CS|TAMS 0x0000000087200000| PB 0x0000000087200000| Complete |  0
|  61|0x0000000087300000, 0x0000000087400000, 0x0000000087400000|100%| S|CS|TAMS 0x0000000087300000| PB 0x0000000087300000| Complete |  0
|  62|0x0000000087400000, 0x0000000087500000, 0x0000000087500000|100%| S|CS|TAMS 0x0000000087400000| PB 0x0000000087400000| Complete |  0
|  63|0x0000000087500000, 0x0000000087600000, 0x0000000087600000|100%| S|CS|TAMS 0x0000000087500000| PB 0x0000000087500000| Complete |  0
|  64|0x0000000087600000, 0x0000000087700000, 0x0000000087700000|100%| S|CS|TAMS 0x0000000087600000| PB 0x0000000087600000| Complete |  0
|  65|0x0000000087700000, 0x0000000087800000, 0x0000000087800000|100%| S|CS|TAMS 0x0000000087700000| PB 0x0000000087700000| Complete |  0
|  66|0x0000000087800000, 0x0000000087800000, 0x0000000087900000|  0%| F|  |TAMS 0x0000000087800000| PB 0x0000000087800000| Untracked |  0
|  67|0x0000000087900000, 0x0000000087900000, 0x0000000087a00000|  0%| F|  |TAMS 0x0000000087900000| PB 0x0000000087900000| Untracked |  0
|  68|0x0000000087a00000, 0x0000000087a00000, 0x0000000087b00000|  0%| F|  |TAMS 0x0000000087a00000| PB 0x0000000087a00000| Untracked |  0
|  69|0x0000000087b00000, 0x0000000087b00000, 0x0000000087c00000|  0%| F|  |TAMS 0x0000000087b00000| PB 0x0000000087b00000| Untracked |  0
|  70|0x0000000087c00000, 0x0000000087c00000, 0x0000000087d00000|  0%| F|  |TAMS 0x0000000087c00000| PB 0x0000000087c00000| Untracked |  0
|  71|0x0000000087d00000, 0x0000000087d00000, 0x0000000087e00000|  0%| F|  |TAMS 0x0000000087d00000| PB 0x0000000087d00000| Untracked |  0
|  72|0x0000000087e00000, 0x0000000087e00000, 0x0000000087f00000|  0%| F|  |TAMS 0x0000000087e00000| PB 0x0000000087e00000| Untracked |  0
|  73|0x0000000087f00000, 0x0000000087f00000, 0x0000000088000000|  0%| F|  |TAMS 0x0000000087f00000| PB 0x0000000087f00000| Untracked |  0
|  74|0x0000000088000000, 0x0000000088000000, 0x0000000088100000|  0%| F|  |TAMS 0x0000000088000000| PB 0x0000000088000000| Untracked |  0
|  75|0x0000000088100000, 0x0000000088100000, 0x0000000088200000|  0%| F|  |TAMS 0x0000000088100000| PB 0x0000000088100000| Untracked |  0
|  76|0x0000000088200000, 0x0000000088200000, 0x0000000088300000|  0%| F|  |TAMS 0x0000000088200000| PB 0x0000000088200000| Untracked |  0
|  77|0x0000000088300000, 0x0000000088300000, 0x0000000088400000|  0%| F|  |TAMS 0x0000000088300000| PB 0x0000000088300000| Untracked |  0
|  78|0x0000000088400000, 0x0000000088400000, 0x0000000088500000|  0%| F|  |TAMS 0x0000000088400000| PB 0x0000000088400000| Untracked |  0
|  79|0x0000000088500000, 0x0000000088500000, 0x0000000088600000|  0%| F|  |TAMS 0x0000000088500000| PB 0x0000000088500000| Untracked |  0
|  80|0x0000000088600000, 0x0000000088600000, 0x0000000088700000|  0%| F|  |TAMS 0x0000000088600000| PB 0x0000000088600000| Untracked |  0
|  81|0x0000000088700000, 0x0000000088700000, 0x0000000088800000|  0%| F|  |TAMS 0x0000000088700000| PB 0x0000000088700000| Untracked |  0
|  82|0x0000000088800000, 0x0000000088800000, 0x0000000088900000|  0%| F|  |TAMS 0x0000000088800000| PB 0x0000000088800000| Untracked |  0
|  83|0x0000000088900000, 0x0000000088900000, 0x0000000088a00000|  0%| F|  |TAMS 0x0000000088900000| PB 0x0000000088900000| Untracked |  0
|  84|0x0000000088a00000, 0x0000000088a00000, 0x0000000088b00000|  0%| F|  |TAMS 0x0000000088a00000| PB 0x0000000088a00000| Untracked |  0
|  85|0x0000000088b00000, 0x0000000088b00000, 0x0000000088c00000|  0%| F|  |TAMS 0x0000000088b00000| PB 0x0000000088b00000| Untracked |  0
|  86|0x0000000088c00000, 0x0000000088c00000, 0x0000000088d00000|  0%| F|  |TAMS 0x0000000088c00000| PB 0x0000000088c00000| Untracked |  0
|  87|0x0000000088d00000, 0x0000000088d00000, 0x0000000088e00000|  0%| F|  |TAMS 0x0000000088d00000| PB 0x0000000088d00000| Untracked |  0
|  88|0x0000000088e00000, 0x0000000088e00000, 0x0000000088f00000|  0%| F|  |TAMS 0x0000000088e00000| PB 0x0000000088e00000| Untracked |  0
|  89|0x0000000088f00000, 0x0000000088f00000, 0x0000000089000000|  0%| F|  |TAMS 0x0000000088f00000| PB 0x0000000088f00000| Untracked |  0
|  90|0x0000000089000000, 0x0000000089080000, 0x0000000089100000| 50%| E|  |TAMS 0x0000000089000000| PB 0x0000000089000000| Complete |  0
|  91|0x0000000089100000, 0x0000000089200000, 0x0000000089200000|100%| E|CS|TAMS 0x0000000089100000| PB 0x0000000089100000| Complete |  0
|  92|0x0000000089200000, 0x0000000089300000, 0x0000000089300000|100%| E|CS|TAMS 0x0000000089200000| PB 0x0000000089200000| Complete |  0
|  93|0x0000000089300000, 0x0000000089400000, 0x0000000089400000|100%| E|CS|TAMS 0x0000000089300000| PB 0x0000000089300000| Complete |  0
|  94|0x0000000089400000, 0x0000000089500000, 0x0000000089500000|100%| E|CS|TAMS 0x0000000089400000| PB 0x0000000089400000| Complete |  0
|  95|0x0000000089500000, 0x0000000089600000, 0x0000000089600000|100%| E|CS|TAMS 0x0000000089500000| PB 0x0000000089500000| Complete |  0
|  96|0x0000000089600000, 0x0000000089700000, 0x0000000089700000|100%| E|CS|TAMS 0x0000000089600000| PB 0x0000000089600000| Complete |  0
|  97|0x0000000089700000, 0x0000000089800000, 0x0000000089800000|100%| E|CS|TAMS 0x0000000089700000| PB 0x0000000089700000| Complete |  0
|  98|0x0000000089800000, 0x0000000089900000, 0x0000000089900000|100%| E|CS|TAMS 0x0000000089800000| PB 0x0000000089800000| Complete |  0
|  99|0x0000000089900000, 0x0000000089a00000, 0x0000000089a00000|100%| E|CS|TAMS 0x0000000089900000| PB 0x0000000089900000| Complete |  0
| 100|0x0000000089a00000, 0x0000000089b00000, 0x0000000089b00000|100%| E|CS|TAMS 0x0000000089a00000| PB 0x0000000089a00000| Complete |  0
| 101|0x0000000089b00000, 0x0000000089c00000, 0x0000000089c00000|100%| E|CS|TAMS 0x0000000089b00000| PB 0x0000000089b00000| Complete |  0
| 102|0x0000000089c00000, 0x0000000089d00000, 0x0000000089d00000|100%| E|CS|TAMS 0x0000000089c00000| PB 0x0000000089c00000| Complete |  0
| 103|0x0000000089d00000, 0x0000000089e00000, 0x0000000089e00000|100%| E|CS|TAMS 0x0000000089d00000| PB 0x0000000089d00000| Complete |  0
| 104|0x0000000089e00000, 0x0000000089f00000, 0x0000000089f00000|100%| E|CS|TAMS 0x0000000089e00000| PB 0x0000000089e00000| Complete |  0
| 105|0x0000000089f00000, 0x000000008a000000, 0x000000008a000000|100%| E|CS|TAMS 0x0000000089f00000| PB 0x0000000089f00000| Complete |  0
| 106|0x000000008a000000, 0x000000008a100000, 0x000000008a100000|100%| E|CS|TAMS 0x000000008a000000| PB 0x000000008a000000| Complete |  0
| 107|0x000000008a100000, 0x000000008a200000, 0x000000008a200000|100%| E|CS|TAMS 0x000000008a100000| PB 0x000000008a100000| Complete |  0
| 108|0x000000008a200000, 0x000000008a300000, 0x000000008a300000|100%| E|CS|TAMS 0x000000008a200000| PB 0x000000008a200000| Complete |  0
| 109|0x000000008a300000, 0x000000008a400000, 0x000000008a400000|100%| E|CS|TAMS 0x000000008a300000| PB 0x000000008a300000| Complete |  0
| 110|0x000000008a400000, 0x000000008a500000, 0x000000008a500000|100%| E|CS|TAMS 0x000000008a400000| PB 0x000000008a400000| Complete |  0
| 111|0x000000008a500000, 0x000000008a600000, 0x000000008a600000|100%| E|CS|TAMS 0x000000008a500000| PB 0x000000008a500000| Complete |  0
| 112|0x000000008a600000, 0x000000008a700000, 0x000000008a700000|100%| E|CS|TAMS 0x000000008a600000| PB 0x000000008a600000| Complete |  0
| 113|0x000000008a700000, 0x000000008a800000, 0x000000008a800000|100%| E|CS|TAMS 0x000000008a700000| PB 0x000000008a700000| Complete |  0
| 114|0x000000008a800000, 0x000000008a900000, 0x000000008a900000|100%| E|CS|TAMS 0x000000008a800000| PB 0x000000008a800000| Complete |  0
| 115|0x000000008a900000, 0x000000008aa00000, 0x000000008aa00000|100%| E|CS|TAMS 0x000000008a900000| PB 0x000000008a900000| Complete |  0
| 116|0x000000008aa00000, 0x000000008ab00000, 0x000000008ab00000|100%| E|CS|TAMS 0x000000008aa00000| PB 0x000000008aa00000| Complete |  0
| 117|0x000000008ab00000, 0x000000008ac00000, 0x000000008ac00000|100%| E|CS|TAMS 0x000000008ab00000| PB 0x000000008ab00000| Complete |  0
| 118|0x000000008ac00000, 0x000000008ad00000, 0x000000008ad00000|100%| E|CS|TAMS 0x000000008ac00000| PB 0x000000008ac00000| Complete |  0
| 119|0x000000008ad00000, 0x000000008ae00000, 0x000000008ae00000|100%| E|CS|TAMS 0x000000008ad00000| PB 0x000000008ad00000| Complete |  0
| 120|0x000000008ae00000, 0x000000008af00000, 0x000000008af00000|100%| E|CS|TAMS 0x000000008ae00000| PB 0x000000008ae00000| Complete |  0
| 121|0x000000008af00000, 0x000000008b000000, 0x000000008b000000|100%| E|CS|TAMS 0x000000008af00000| PB 0x000000008af00000| Complete |  0
| 122|0x000000008b000000, 0x000000008b100000, 0x000000008b100000|100%| E|CS|TAMS 0x000000008b000000| PB 0x000000008b000000| Complete |  0
| 123|0x000000008b100000, 0x000000008b200000, 0x000000008b200000|100%| E|CS|TAMS 0x000000008b100000| PB 0x000000008b100000| Complete |  0
| 124|0x000000008b200000, 0x000000008b300000, 0x000000008b300000|100%| E|CS|TAMS 0x000000008b200000| PB 0x000000008b200000| Complete |  0
| 125|0x000000008b300000, 0x000000008b400000, 0x000000008b400000|100%| E|CS|TAMS 0x000000008b300000| PB 0x000000008b300000| Complete |  0

Card table byte_map: [0x000001fd33a50000,0x000001fd33e40000] _byte_map_base: 0x000001fd33635000

Marking Bits: (CMBitMap*) 0x000001fd1bc85f10
 Bits: [0x000001fd33e40000, 0x000001fd35d68000)

Polling page: 0x000001fd19a20000

Metaspace:

Usage:
  Non-class:     13.82 MB used.
      Class:      1.90 MB used.
       Both:     15.72 MB used.

Virtual space:
  Non-class space:       64.00 MB reserved,      14.00 MB ( 22%) committed,  1 nodes.
      Class space:        1.00 GB reserved,       2.00 MB ( <1%) committed,  1 nodes.
             Both:        1.06 GB reserved,      16.00 MB (  1%) committed. 

Chunk freelists:
   Non-Class:  1.98 MB
       Class:  13.89 MB
        Both:  15.87 MB

MaxMetaspaceSize: unlimited
CompressedClassSpaceSize: 1.00 GB
Initial GC threshold: 21.00 MB
Current GC threshold: 21.00 MB
CDS: on
 - commit_granule_bytes: 65536.
 - commit_granule_words: 8192.
 - virtual_space_node_default_size: 8388608.
 - enlarge_chunks_in_place: 1.
 - use_allocation_guard: 0.


Internal statistics:

num_allocs_failed_limit: 0.
num_arena_births: 174.
num_arena_deaths: 0.
num_vsnodes_births: 2.
num_vsnodes_deaths: 0.
num_space_committed: 256.
num_space_uncommitted: 0.
num_chunks_returned_to_freelist: 0.
num_chunks_taken_from_freelist: 710.
num_chunk_merges: 0.
num_chunk_splits: 492.
num_chunks_enlarged: 390.
num_inconsistent_stats: 0.

CodeHeap 'non-profiled nmethods': size=120064Kb used=1612Kb max_used=1612Kb free=118451Kb
 bounds [0x000001fd2bdf0000, 0x000001fd2c060000, 0x000001fd33330000]
CodeHeap 'profiled nmethods': size=120000Kb used=6593Kb max_used=6593Kb free=113406Kb
 bounds [0x000001fd24330000, 0x000001fd249b0000, 0x000001fd2b860000]
CodeHeap 'non-nmethods': size=5696Kb used=1527Kb max_used=1568Kb free=4168Kb
 bounds [0x000001fd2b860000, 0x000001fd2bad0000, 0x000001fd2bdf0000]
CodeCache: size=245760Kb, used=9732Kb, max_used=9773Kb, free=236025Kb
 total_blobs=4901, nmethods=4389, adapters=416, full_count=0
Compilation: enabled, stopped_count=0, restarted_count=0

Compilation events (20 events):
Event: 7.706 Thread 0x000001fd386fe1b0 nmethod 4273 0x000001fd24962788 code [0x000001fd24962980, 0x000001fd24963400]
Event: 7.706 Thread 0x000001fd386fe1b0 4271       1       org.eclipse.aether.resolution.ArtifactDescriptorResult::getRepositories (5 bytes)
Event: 7.706 Thread 0x000001fd386fe1b0 nmethod 4271 0x000001fd2bf70888 code [0x000001fd2bf709a0, 0x000001fd2bf70a68]
Event: 7.706 Thread 0x000001fd386fe1b0 4272       1       org.eclipse.aether.internal.impl.collect.DataPool$GraphKey::hashCode (5 bytes)
Event: 7.706 Thread 0x000001fd386fe1b0 nmethod 4272 0x000001fd2bf70b88 code [0x000001fd2bf70ca0, 0x000001fd2bf70d68]
Event: 7.709 Thread 0x000001fd386fe1b0 4274       1       org.apache.maven.model.Organization::setName (6 bytes)
Event: 7.709 Thread 0x000001fd386fe1b0 nmethod 4274 0x000001fd2bf70e88 code [0x000001fd2bf70fa0, 0x000001fd2bf710b0]
Event: 7.709 Thread 0x000001fd386fe1b0 4275       1       org.apache.maven.model.Organization::setUrl (6 bytes)
Event: 7.709 Thread 0x000001fd386fe1b0 nmethod 4275 0x000001fd2bf71188 code [0x000001fd2bf712a0, 0x000001fd2bf713b0]
Event: 7.709 Thread 0x000001fd386fe1b0 4277   !   3       org.apache.maven.model.FileSet::clone (51 bytes)
Event: 7.709 Thread 0x000001fd386f2580 4278       4       java.lang.invoke.Invokers$Holder::linkToTargetMethod (9 bytes)
Event: 7.709 Thread 0x000001fd386fe1b0 nmethod 4277 0x000001fd24963488 code [0x000001fd24963680, 0x000001fd249640a8]
Event: 7.709 Thread 0x000001fd386fe1b0 4276       1       org.apache.maven.model.Model::setOrganization (6 bytes)
Event: 7.710 Thread 0x000001fd386fe1b0 nmethod 4276 0x000001fd2bf71488 code [0x000001fd2bf715a0, 0x000001fd2bf716b8]
Event: 7.710 Thread 0x000001fd386f2580 nmethod 4278 0x000001fd2bf71788 code [0x000001fd2bf718a0, 0x000001fd2bf71988]
Event: 7.710 Thread 0x000001fd386fe1b0 4279   !   3       java.util.Collections$SynchronizedMap::get (25 bytes)
Event: 7.710 Thread 0x000001fd386fe1b0 nmethod 4279 0x000001fd24964108 code [0x000001fd24964240, 0x000001fd249645a8]
Event: 7.714 Thread 0x000001fd386f2580 4280       4       java.util.HashMap::getNode (150 bytes)
Event: 7.718 Thread 0x000001fd386fe1b0 4282       3       org.codehaus.plexus.interpolation.RegexBasedInterpolator::<init> (76 bytes)
Event: 7.718 Thread 0x000001fd386fe1b0 nmethod 4282 0x000001fd24964608 code [0x000001fd24964820, 0x000001fd24965420]

GC Heap History (6 events):
Event: 0.763 GC heap before
{Heap before GC invocations=0 (full 0):
 garbage-first heap   total reserved 2041856K, committed 129024K, used 23552K [0x0000000083600000, 0x0000000100000000)
  region size 1024K, 24 young (24576K), 0 survivors (0K)
 Metaspace       used 5907K, committed 6080K, reserved 1114112K
  class space    used 730K, committed 832K, reserved 1048576K
}
Event: 0.767 GC heap after
{Heap after GC invocations=1 (full 0):
 garbage-first heap   total reserved 2041856K, committed 129024K, used 4287K [0x0000000083600000, 0x0000000100000000)
  region size 1024K, 3 young (3072K), 3 survivors (3072K)
 Metaspace       used 5907K, committed 6080K, reserved 1114112K
  class space    used 730K, committed 832K, reserved 1048576K
}
Event: 1.098 GC heap before
{Heap before GC invocations=1 (full 0):
 garbage-first heap   total reserved 2041856K, committed 129024K, used 27839K [0x0000000083600000, 0x0000000100000000)
  region size 1024K, 26 young (26624K), 3 survivors (3072K)
 Metaspace       used 8661K, committed 8896K, reserved 1114112K
  class space    used 1065K, committed 1152K, reserved 1048576K
}
Event: 1.101 GC heap after
{Heap after GC invocations=2 (full 0):
 garbage-first heap   total reserved 2041856K, committed 129024K, used 5457K [0x0000000083600000, 0x0000000100000000)
  region size 1024K, 2 young (2048K), 2 survivors (2048K)
 Metaspace       used 8661K, committed 8896K, reserved 1114112K
  class space    used 1065K, committed 1152K, reserved 1048576K
}
Event: 2.096 GC heap before
{Heap before GC invocations=2 (full 0):
 garbage-first heap   total reserved 2041856K, committed 129024K, used 63825K [0x0000000083600000, 0x0000000100000000)
  region size 1024K, 60 young (61440K), 2 survivors (2048K)
 Metaspace       used 15738K, committed 15936K, reserved 1114112K
  class space    used 1945K, committed 2048K, reserved 1048576K
}
Event: 2.107 GC heap after
{Heap after GC invocations=3 (full 0):
 garbage-first heap   total reserved 2041856K, committed 129024K, used 12589K [0x0000000083600000, 0x0000000100000000)
  region size 1024K, 8 young (8192K), 8 survivors (8192K)
 Metaspace       used 15738K, committed 15936K, reserved 1114112K
  class space    used 1945K, committed 2048K, reserved 1048576K
}

Dll operation events (8 events):
Event: 0.031 Loaded shared library C:\Program Files\Java\jdk-23\bin\java.dll
Event: 0.125 Loaded shared library C:\Program Files\Java\jdk-23\bin\jsvml.dll
Event: 0.138 Loaded shared library C:\Program Files\Java\jdk-23\bin\net.dll
Event: 0.141 Loaded shared library C:\Program Files\Java\jdk-23\bin\nio.dll
Event: 0.146 Loaded shared library C:\Program Files\Java\jdk-23\bin\zip.dll
Event: 0.318 Loaded shared library C:\Program Files\Java\jdk-23\bin\jimage.dll
Event: 0.319 Loaded shared library C:\apache-maven-3.9.11\lib\jansi-native\Windows\x86_64\jansi.dll
Event: 0.338 Loaded shared library C:\Program Files\Java\jdk-23\bin\verify.dll

Deoptimization events (20 events):
Event: 5.592 Thread 0x000001fd1bc35470 DEOPT PACKING pc=0x000001fd2bf673ec sp=0x0000005ac4bfc7b0
Event: 5.592 Thread 0x000001fd1bc35470 DEOPT UNPACKING pc=0x000001fd2b8b7982 sp=0x0000005ac4bfc790 mode 2
Event: 5.592 Thread 0x000001fd1bc35470 Uncommon trap: trap_request=0xffffffbe fr.pc=0x000001fd2bf673ec relative=0x0000000000000f2c
Event: 5.592 Thread 0x000001fd1bc35470 Uncommon trap: reason=profile_predicate action=maybe_recompile pc=0x000001fd2bf673ec method=java.util.concurrent.ConcurrentHashMap.putAll(Ljava/util/Map;)V @ 40 c2
Event: 5.592 Thread 0x000001fd1bc35470 DEOPT PACKING pc=0x000001fd2bf673ec sp=0x0000005ac4bfca00
Event: 5.592 Thread 0x000001fd1bc35470 DEOPT UNPACKING pc=0x000001fd2b8b7982 sp=0x0000005ac4bfc9e0 mode 2
Event: 5.593 Thread 0x000001fd1bc35470 Uncommon trap: trap_request=0xffffffbe fr.pc=0x000001fd2bf673ec relative=0x0000000000000f2c
Event: 5.593 Thread 0x000001fd1bc35470 Uncommon trap: reason=profile_predicate action=maybe_recompile pc=0x000001fd2bf673ec method=java.util.concurrent.ConcurrentHashMap.putAll(Ljava/util/Map;)V @ 40 c2
Event: 5.593 Thread 0x000001fd1bc35470 DEOPT PACKING pc=0x000001fd2bf673ec sp=0x0000005ac4bfcae0
Event: 5.593 Thread 0x000001fd1bc35470 DEOPT UNPACKING pc=0x000001fd2b8b7982 sp=0x0000005ac4bfcac0 mode 2
Event: 7.648 Thread 0x000001fd1bc35470 Uncommon trap: trap_request=0xffffff45 fr.pc=0x000001fd2bee43e8 relative=0x0000000000002848
Event: 7.648 Thread 0x000001fd1bc35470 Uncommon trap: reason=unstable_if action=reinterpret pc=0x000001fd2bee43e8 method=org.codehaus.plexus.util.xml.pull.MXParser.isS(C)Z @ 21 c2
Event: 7.648 Thread 0x000001fd1bc35470 DEOPT PACKING pc=0x000001fd2bee43e8 sp=0x0000005ac4bfd380
Event: 7.648 Thread 0x000001fd1bc35470 DEOPT UNPACKING pc=0x000001fd2b8b7982 sp=0x0000005ac4bfd2c0 mode 2
Event: 7.648 Thread 0x000001fd1bc35470 Uncommon trap: trap_request=0xffffff45 fr.pc=0x000001fd2becd658 relative=0x0000000000000058
Event: 7.648 Thread 0x000001fd1bc35470 Uncommon trap: reason=unstable_if action=reinterpret pc=0x000001fd2becd658 method=org.codehaus.plexus.util.xml.pull.MXParser.isS(C)Z @ 21 c2
Event: 7.648 Thread 0x000001fd1bc35470 DEOPT PACKING pc=0x000001fd2becd658 sp=0x0000005ac4bfd330
Event: 7.648 Thread 0x000001fd1bc35470 DEOPT UNPACKING pc=0x000001fd2b8b7982 sp=0x0000005ac4bfd2b8 mode 2
Event: 7.729 Thread 0x000001fd1bc35470 DEOPT PACKING pc=0x000001fd248b62f5 sp=0x0000005ac4bfd1f0
Event: 8.717 Thread 0x000001fd1bc35470 DEOPT UNPACKING pc=0x000001fd2b8b84c2 sp=0x0000005ac4bfc728 mode 0

Classes loaded (20 events):
Event: 1.605 Loading class sun/nio/ch/FileLockTable
Event: 1.605 Loading class sun/nio/ch/FileLockTable done
Event: 1.605 Loading class sun/nio/ch/FileKey
Event: 1.605 Loading class sun/nio/ch/FileKey done
Event: 1.606 Loading class sun/nio/ch/FileLockTable$FileLockReference
Event: 1.606 Loading class sun/nio/ch/FileLockTable$FileLockReference done
Event: 1.606 Loading class java/util/AbstractMap$2
Event: 1.606 Loading class java/util/AbstractMap$2 done
Event: 1.606 Loading class java/util/AbstractMap$ValueIterator
Event: 1.606 Loading class java/util/AbstractMap$ValueIterator done
Event: 1.652 Loading class java/util/stream/IntStream
Event: 1.653 Loading class java/util/stream/IntStream done
Event: 1.653 Loading class java/util/stream/IntPipeline$Head
Event: 1.653 Loading class java/util/stream/IntPipeline
Event: 1.654 Loading class java/util/stream/IntPipeline done
Event: 1.654 Loading class java/util/stream/IntPipeline$Head done
Event: 1.659 Loading class java/util/StringTokenizer
Event: 1.659 Loading class java/util/StringTokenizer done
Event: 1.691 Loading class java/util/stream/Streams$RangeIntSpliterator
Event: 1.691 Loading class java/util/stream/Streams$RangeIntSpliterator done

Classes unloaded (0 events):
No events

Classes redefined (0 events):
No events

Internal exceptions (20 events):
Event: 1.252 Thread 0x000001fd1bc35470 Exception <a 'java/lang/ExceptionInInitializerError'{0x000000008a981e70}> (0x000000008a981e70) 
thrown [s\open\src\hotspot\share\oops\instanceKlass.cpp, line 1236]
Event: 1.264 Thread 0x000001fd1bc35470 Exception <a 'java/lang/NoSuchMethodError'{0x000000008a9f3158}: 'long java.lang.invoke.DirectMethodHandle$Holder.invokeStatic(java.lang.Object, java.lang.Object, int)'> (0x000000008a9f3158) 
thrown [s\open\src\hotspot\share\interpreter\linkResolver.cpp, line 796]
Event: 1.265 Thread 0x000001fd1bc35470 Exception <a 'java/lang/NoSuchMethodError'{0x000000008a806980}: 'java.lang.Object java.lang.invoke.DirectMethodHandle$Holder.invokeStatic(java.lang.Object, java.lang.Object, java.lang.Object, java.lang.Object, int)'> (0x000000008a806980) 
thrown [s\open\src\hotspot\share\interpreter\linkResolver.cpp, line 796]
Event: 1.265 Thread 0x000001fd1bc35470 Exception <a 'java/lang/NoSuchMethodError'{0x000000008a80eb68}: 'java.lang.Object java.lang.invoke.DirectMethodHandle$Holder.invokeSpecial(java.lang.Object, java.lang.Object, java.lang.Object, java.lang.Object, long)'> (0x000000008a80eb68) 
thrown [s\open\src\hotspot\share\interpreter\linkResolver.cpp, line 796]
Event: 1.266 Thread 0x000001fd1bc35470 Exception <a 'java/lang/NoSuchMethodError'{0x000000008a81a6f8}: 'java.lang.Object java.lang.invoke.DirectMethodHandle$Holder.invokeSpecial(java.lang.Object, java.lang.Object, java.lang.Object, int, java.lang.Object)'> (0x000000008a81a6f8) 
thrown [s\open\src\hotspot\share\interpreter\linkResolver.cpp, line 796]
Event: 1.268 Thread 0x000001fd1bc35470 Implicit null exception at 0x000001fd2be6a4bd to 0x000001fd2be6a648
Event: 1.269 Thread 0x000001fd1bc35470 Exception <a 'java/lang/NoSuchMethodError'{0x000000008a843538}: 'java.lang.Object java.lang.invoke.Invokers$Holder.invokeExact_MT(java.lang.Object, int, java.lang.Object)'> (0x000000008a843538) 
thrown [s\open\src\hotspot\share\interpreter\linkResolver.cpp, line 796]
Event: 1.401 Thread 0x000001fd1bc35470 Exception <a 'java/lang/NoSuchMethodError'{0x000000008a070ac0}: 'void java.lang.invoke.Invokers$Holder.invokeExact_MT(java.lang.Object, java.lang.Object, java.lang.Object, java.lang.Object)'> (0x000000008a070ac0) 
thrown [s\open\src\hotspot\share\interpreter\linkResolver.cpp, line 796]
Event: 1.413 Thread 0x000001fd1bc35470 Exception <a 'java/lang/NoClassDefFoundError'{0x0000000089f041d8}: com/google/inject/servlet/ServletModuleTargetVisitor> (0x0000000089f041d8) 
thrown [s\open\src\hotspot\share\classfile\systemDictionary.cpp, line 302]
Event: 1.452 Thread 0x000001fd1bc35470 Exception <a 'java/lang/NoSuchMethodError'{0x0000000089ec2ae8}: 'void java.lang.invoke.DirectMethodHandle$Holder.invokeVirtual(java.lang.Object, java.lang.Object)'> (0x0000000089ec2ae8) 
thrown [s\open\src\hotspot\share\interpreter\linkResolver.cpp, line 796]
Event: 1.484 Thread 0x000001fd1bc35470 Exception <a 'java/lang/NoSuchMethodError'{0x0000000089d43390}: 'java.lang.Object java.lang.invoke.DirectMethodHandle$Holder.invokeStaticInit(java.lang.Object, int, int, int, int)'> (0x0000000089d43390) 
thrown [s\open\src\hotspot\share\interpreter\linkResolver.cpp, line 796]
Event: 1.577 Thread 0x000001fd1bc35470 Implicit null exception at 0x000001fd2be1b494 to 0x000001fd2be1bb4c
Event: 1.577 Thread 0x000001fd1bc35470 Implicit null exception at 0x000001fd2be1a810 to 0x000001fd2be1aec0
Event: 1.613 Thread 0x000001fd1bc35470 Exception <a 'java/lang/NoSuchMethodError'{0x00000000896c8160}: 'void java.lang.invoke.DirectMethodHandle$Holder.invokeSpecial(java.lang.Object, java.lang.Object, java.lang.Object, java.lang.Object, java.lang.Object)'> (0x00000000896c8160) 
thrown [s\open\src\hotspot\share\interpreter\linkResolver.cpp, line 796]
Event: 1.615 Thread 0x000001fd1bc35470 Exception <a 'java/lang/NoSuchMethodError'{0x00000000896de908}: 'void java.lang.invoke.DirectMethodHandle$Holder.invokeSpecial(java.lang.Object, java.lang.Object, java.lang.Object, java.lang.Object, java.lang.Object, java.lang.Object)'> (0x00000000896de908) 
thrown [s\open\src\hotspot\share\interpreter\linkResolver.cpp, line 796]
Event: 1.631 Thread 0x000001fd1bc35470 Exception <a 'java/lang/NoSuchMethodError'{0x00000000895ec458}: 'java.lang.Object java.lang.invoke.DirectMethodHandle$Holder.invokeVirtual(java.lang.Object, java.lang.Object, java.lang.Object)'> (0x00000000895ec458) 
thrown [s\open\src\hotspot\share\interpreter\linkResolver.cpp, line 796]
Event: 1.665 Thread 0x000001fd1bc35470 Exception <a 'java/lang/NoSuchMethodError'{0x000000008935c8c8}: 'void java.lang.invoke.DirectMethodHandle$Holder.invokeVirtual(java.lang.Object, java.lang.Object, int)'> (0x000000008935c8c8) 
thrown [s\open\src\hotspot\share\interpreter\linkResolver.cpp, line 796]
Event: 1.665 Thread 0x000001fd1bc35470 Exception <a 'java/lang/NoSuchMethodError'{0x00000000893606e0}: 'void java.lang.invoke.DirectMethodHandle$Holder.invokeSpecial(java.lang.Object, java.lang.Object, java.lang.Object, int)'> (0x00000000893606e0) 
thrown [s\open\src\hotspot\share\interpreter\linkResolver.cpp, line 796]
Event: 1.665 Thread 0x000001fd1bc35470 Exception <a 'java/lang/NoSuchMethodError'{0x0000000089363dc8}: 'void java.lang.invoke.DelegatingMethodHandle$Holder.reinvoke_L(java.lang.Object, java.lang.Object, int)'> (0x0000000089363dc8) 
thrown [s\open\src\hotspot\share\interpreter\linkResolver.cpp, line 796]
Event: 2.027 Thread 0x000001fd1bc35470 Exception <a 'java/lang/NoSuchMethodError'{0x0000000087b5ff80}: 'int java.lang.invoke.DirectMethodHandle$Holder.invokeSpecialIFC(java.lang.Object, java.lang.Object, java.lang.Object, java.lang.Object)'> (0x0000000087b5ff80) 
thrown [s\open\src\hotspot\share\interpreter\linkResolver.cpp, line 796]

VM Operations (20 events):
Event: 1.291 Executing VM operation: HandshakeAllThreads (Deoptimize)
Event: 1.291 Executing VM operation: HandshakeAllThreads (Deoptimize) done
Event: 1.293 Executing VM operation: HandshakeAllThreads (Deoptimize)
Event: 1.293 Executing VM operation: HandshakeAllThreads (Deoptimize) done
Event: 1.324 Executing VM operation: HandshakeAllThreads (Deoptimize)
Event: 1.324 Executing VM operation: HandshakeAllThreads (Deoptimize) done
Event: 1.398 Executing VM operation: HandshakeAllThreads (Deoptimize)
Event: 1.398 Executing VM operation: HandshakeAllThreads (Deoptimize) done
Event: 1.458 Executing VM operation: HandshakeAllThreads (Deoptimize)
Event: 1.458 Executing VM operation: HandshakeAllThreads (Deoptimize) done
Event: 1.495 Executing VM operation: HandshakeAllThreads (Deoptimize)
Event: 1.495 Executing VM operation: HandshakeAllThreads (Deoptimize) done
Event: 1.520 Executing VM operation: HandshakeAllThreads (Deoptimize)
Event: 1.520 Executing VM operation: HandshakeAllThreads (Deoptimize) done
Event: 1.532 Executing VM operation: HandshakeAllThreads (Deoptimize)
Event: 1.532 Executing VM operation: HandshakeAllThreads (Deoptimize) done
Event: 1.554 Executing VM operation: HandshakeAllThreads (Deoptimize)
Event: 1.554 Executing VM operation: HandshakeAllThreads (Deoptimize) done
Event: 2.096 Executing VM operation: G1CollectForAllocation (G1 Evacuation Pause)
Event: 2.107 Executing VM operation: G1CollectForAllocation (G1 Evacuation Pause) done

Memory protections (0 events):
No events

Nmethod flushes (0 events):
No events

Events (15 events):
Event: 0.085 Thread 0x000001fd1bc35470 Thread added: 0x000001fd1bc35470
Event: 0.115 Thread 0x000001fd1bc35470 Thread added: 0x000001fd386e1380
Event: 0.115 Thread 0x000001fd1bc35470 Thread added: 0x000001fd386e1ed0
Event: 0.116 Thread 0x000001fd1bc35470 Thread added: 0x000001fd386e6980
Event: 0.116 Thread 0x000001fd1bc35470 Thread added: 0x000001fd386e74d0
Event: 0.116 Thread 0x000001fd1bc35470 Thread added: 0x000001fd386e8020
Event: 0.116 Thread 0x000001fd1bc35470 Thread added: 0x000001fd386eaf80
Event: 0.116 Thread 0x000001fd1bc35470 Thread added: 0x000001fd386f2580
Event: 0.117 Thread 0x000001fd1bc35470 Thread added: 0x000001fd386fe1b0
Event: 0.132 Thread 0x000001fd1bc35470 Thread added: 0x000001fd3893ef40
Event: 0.134 Thread 0x000001fd1bc35470 Thread added: 0x000001fd38943dd0
Event: 0.316 Thread 0x000001fd1bc35470 Thread added: 0x000001fd7e0b5810
Event: 0.722 Thread 0x000001fd386fe1b0 Thread added: 0x000001fd7e9d3160
Event: 0.805 Thread 0x000001fd7e0b5810 Thread exited: 0x000001fd7e0b5810
Event: 1.531 Thread 0x000001fd1bc35470 Thread added: 0x000001fd7eb0a040


Dynamic libraries:
0x00007ff6dfa50000 - 0x00007ff6dfa60000 	C:\Program Files\Java\jdk-23\bin\java.exe
0x00007ff851240000 - 0x00007ff8514a8000 	C:\WINDOWS\SYSTEM32\ntdll.dll
0x00007ff850710000 - 0x00007ff8507d9000 	C:\WINDOWS\System32\KERNEL32.DLL
0x00007ff84dc60000 - 0x00007ff84e051000 	C:\WINDOWS\System32\KERNELBASE.dll
0x00007ff84e060000 - 0x00007ff84e1ab000 	C:\WINDOWS\System32\ucrtbase.dll
0x00007fffd76a0000 - 0x00007fffd76bb000 	C:\Program Files\Java\jdk-23\bin\VCRUNTIME140.dll
0x00007fffd7960000 - 0x00007fffd7977000 	C:\Program Files\Java\jdk-23\bin\jli.dll
0x00007ff8500b0000 - 0x00007ff850276000 	C:\WINDOWS\System32\USER32.dll
0x00007ff832120000 - 0x00007ff8323b3000 	C:\WINDOWS\WinSxS\amd64_microsoft.windows.common-controls_6595b64144ccf1df_6.0.26100.7824_none_3e0870b2e3345462\COMCTL32.dll
0x00007ff84e330000 - 0x00007ff84e357000 	C:\WINDOWS\System32\win32u.dll
0x00007ff850dc0000 - 0x00007ff850e69000 	C:\WINDOWS\System32\msvcrt.dll
0x00007ff84fdc0000 - 0x00007ff84fdeb000 	C:\WINDOWS\System32\GDI32.dll
0x00007ff84ee00000 - 0x00007ff84ef2b000 	C:\WINDOWS\System32\gdi32full.dll
0x00007ff84dbb0000 - 0x00007ff84dc53000 	C:\WINDOWS\System32\msvcp_win.dll
0x00007ff8509f0000 - 0x00007ff850a21000 	C:\WINDOWS\System32\IMM32.DLL
0x000000006b0d0000 - 0x000000006b0dd000 	C:\Program Files (x86)\360\Total Security\safemon\SafeWrapper.dll
0x00007ff84f300000 - 0x00007ff84f3b4000 	C:\WINDOWS\System32\ADVAPI32.dll
0x00007ff850ec0000 - 0x00007ff850f66000 	C:\WINDOWS\System32\sechost.dll
0x00007ff84f100000 - 0x00007ff84f218000 	C:\WINDOWS\System32\RPCRT4.dll
0x00007ff848b40000 - 0x00007ff848c45000 	C:\Program Files (x86)\360\Total Security\safemon\libzdtp64.dll
0x00007ff84f660000 - 0x00007ff84fdb2000 	C:\WINDOWS\System32\SHELL32.dll
0x00007ff84ec90000 - 0x00007ff84edfa000 	C:\WINDOWS\System32\wintypes.dll
0x00007ff850a30000 - 0x00007ff850db6000 	C:\WINDOWS\System32\combase.dll
0x00007ff8510e0000 - 0x00007ff851147000 	C:\WINDOWS\System32\SHLWAPI.dll
0x00007ff84e360000 - 0x00007ff84ebc3000 	C:\WINDOWS\System32\Windows.Storage.dll
0x00007ff84d600000 - 0x00007ff84d60b000 	C:\WINDOWS\SYSTEM32\VERSION.dll
0x00007ff8204b0000 - 0x00007ff8204bc000 	C:\Program Files\Java\jdk-23\bin\vcruntime140_1.dll
0x00007fffd2810000 - 0x00007fffd289e000 	C:\Program Files\Java\jdk-23\bin\msvcp140.dll
0x00007fff71930000 - 0x00007fff7267f000 	C:\Program Files\Java\jdk-23\bin\server\jvm.dll
0x00007ff851150000 - 0x00007ff8511c4000 	C:\WINDOWS\System32\WS2_32.dll
0x00007ff84d980000 - 0x00007ff84d9de000 	C:\WINDOWS\SYSTEM32\POWRPROF.dll
0x00007ff845b40000 - 0x00007ff845b75000 	C:\WINDOWS\SYSTEM32\WINMM.dll
0x00007ff84d960000 - 0x00007ff84d974000 	C:\WINDOWS\SYSTEM32\UMPDC.dll
0x00007ff84c850000 - 0x00007ff84c86b000 	C:\WINDOWS\SYSTEM32\kernel.appcore.dll
0x00007ff81ec00000 - 0x00007ff81ec0a000 	C:\Program Files\Java\jdk-23\bin\jimage.dll
0x00007ff84b220000 - 0x00007ff84b462000 	C:\WINDOWS\SYSTEM32\DBGHELP.DLL
0x00007ff84f220000 - 0x00007ff84f2f7000 	C:\WINDOWS\System32\OLEAUT32.dll
0x00007ff82f1a0000 - 0x00007ff82f1db000 	C:\WINDOWS\SYSTEM32\dbgcore.DLL
0x00007ff84ef30000 - 0x00007ff84efd5000 	C:\WINDOWS\System32\bcryptPrimitives.dll
0x00007fffd5c80000 - 0x00007fffd5c9e000 	C:\Program Files\Java\jdk-23\bin\java.dll
0x00007ff84fe80000 - 0x00007ff850017000 	C:\WINDOWS\System32\ole32.dll
0x00007ff8507e0000 - 0x00007ff8508d6000 	C:\WINDOWS\System32\SHCORE.dll
0x00007ff84da40000 - 0x00007ff84da69000 	C:\WINDOWS\SYSTEM32\profapi.dll
0x00007fffa9bf0000 - 0x00007fffa9cc7000 	C:\Program Files\Java\jdk-23\bin\jsvml.dll
0x00007ff817aa0000 - 0x00007ff817ab0000 	C:\Program Files\Java\jdk-23\bin\net.dll
0x00007ff84cdc0000 - 0x00007ff84ce2b000 	C:\WINDOWS\system32\mswsock.dll
0x00007fffd5750000 - 0x00007fffd5766000 	C:\Program Files\Java\jdk-23\bin\nio.dll
0x00007fffd37f0000 - 0x00007fffd3807000 	C:\Program Files\Java\jdk-23\bin\zip.dll
0x00007fffd3080000 - 0x00007fffd30a4000 	C:\apache-maven-3.9.11\lib\jansi-native\Windows\x86_64\jansi.dll
0x00007ff80db70000 - 0x00007ff80db80000 	C:\Program Files\Java\jdk-23\bin\verify.dll

dbghelp: loaded successfully - version: 4.0.5 - missing functions: none
symbol engine: initialized successfully - sym options: 0x614 - pdb path: .;C:\Program Files\Java\jdk-23\bin;C:\WINDOWS\SYSTEM32;C:\WINDOWS\WinSxS\amd64_microsoft.windows.common-controls_6595b64144ccf1df_6.0.26100.7824_none_3e0870b2e3345462;C:\Program Files (x86)\360\Total Security\safemon;C:\Program Files\Java\jdk-23\bin\server;C:\apache-maven-3.9.11\lib\jansi-native\Windows\x86_64

VM Arguments:
jvm_args: --enable-native-access=ALL-UNNAMED -Dclassworlds.conf=C:\apache-maven-3.9.11\bin\m2.conf -Dmaven.home=C:\apache-maven-3.9.11 -Dlibrary.jansi.path=C:\apache-maven-3.9.11\lib\jansi-native -Dmaven.multiModuleProjectDirectory=C:\Users\Long Phung\OneDrive\Documents\TechByteIntern\buiphuongnam_test_t3\backend 
java_command: org.codehaus.plexus.classworlds.launcher.Launcher clean compile
java_class_path (initial): C:\apache-maven-3.9.11\boot\plexus-classworlds-2.9.0.jar
Launcher Type: SUN_STANDARD

[Global flags]
     intx CICompilerCount                          = 4                                         {product} {ergonomic}
     uint ConcGCThreads                            = 2                                         {product} {ergonomic}
     uint G1ConcRefinementThreads                  = 8                                         {product} {ergonomic}
   size_t G1HeapRegionSize                         = 1048576                                   {product} {ergonomic}
   size_t InitialHeapSize                          = 132120576                                 {product} {ergonomic}
   size_t MarkStackSize                            = 4194304                                   {product} {ergonomic}
   size_t MarkStackSizeMax                         = 536870912                                 {product} {ergonomic}
   size_t MaxHeapSize                              = 2090860544                                {product} {ergonomic}
   size_t MaxNewSize                               = 1254096896                                {product} {ergonomic}
   size_t MinHeapDeltaBytes                        = 1048576                                   {product} {ergonomic}
   size_t MinHeapSize                              = 8388608                                   {product} {ergonomic}
    uintx NonNMethodCodeHeapSize                   = 5832704                                {pd product} {ergonomic}
    uintx NonProfiledCodeHeapSize                  = 122945536                              {pd product} {ergonomic}
    uintx ProfiledCodeHeapSize                     = 122880000                              {pd product} {ergonomic}
    uintx ReservedCodeCacheSize                    = 251658240                              {pd product} {ergonomic}
     bool SegmentedCodeCache                       = true                                      {product} {ergonomic}
   size_t SoftMaxHeapSize                          = 2090860544                             {manageable} {ergonomic}
     bool UseCompressedOops                        = true                           {product lp64_product} {ergonomic}
     bool UseG1GC                                  = true                                      {product} {ergonomic}
     bool UseLargePagesIndividualAllocation        = false                                  {pd product} {ergonomic}

Logging:
Log output configuration:
 #0: stdout all=warning uptime,level,tags foldmultilines=false
 #1: stderr all=off uptime,level,tags foldmultilines=false

Environment Variables:
JAVA_HOME=C:\Program Files\Java\jdk-23
PATH=C:\Program Files\Common Files\Oracle\Java\javapath;C:\WINDOWS\system32;C:\WINDOWS;C:\WINDOWS\System32\Wbem;C:\WINDOWS\System32\WindowsPowerShell\v1.0\;C:\WINDOWS\System32\OpenSSH\;C:\Program Files\dotnet\;C:\Program Files (x86)\Microsoft SQL Server\160\DTS\Binn\;C:\Program Files\Azure Data Studio\bin;C:\Program Files (x86)\Microsoft SQL Server\160\Tools\Binn\;C:\Program Files\Microsoft SQL Server\160\Tools\Binn\;C:\Program Files\Microsoft SQL Server\Client SDK\ODBC\170\Tools\Binn\;C:\Program Files\Microsoft SQL Server\160\DTS\Binn\;F:\common;C:\Program Files\Java\jdk-23\bin;C:\apache-maven-3.9.11\bin;C:\Program Files\nodejs\;C:\Program Files\Docker\Docker\resources\bin;C:\ProgramData\DockerDesktop\version-bin;C:\Program Files\Cloudflare\Cloudflare WARP\;C:\Program Files (x86)\Windows Kits\10\Windows Performance Toolkit\;C:\Program Files\Microsoft SQL Server\150\Tools\Binn\;C:\Program Files\CMake\bin;C:\Program Files\Git\cmd;C:\msys64\usr\bin;C:\Program Files\Go\bin;C:\Users\Long Phung\Downloads\skaff;G:\Minikube;C:\Program Files (x86)\Graphviz\bin;C:\Users\Long Phung\AppData\Local\Programs\Python\Python312\Scripts\;C:\Users\Long Phung\AppData\Local\Programs\Python\Python312\;C:\Users\Long Phung\AppData\Local\Programs\Python\Launcher\;C:\Users\Long Phung\AppData\Local\Microsoft\WindowsApps;C:\Program Files\Azure Data Studio\bin;F:\Microsoft VS Code\bin;C:\Users\Long Phung\AppData\Local\GitHubDesktop\bin;C:\Users\Long Phung\AppData\Roaming\npm;C:\Program Files\Java\jdk-17\bin;C:\Users\Long Phung\.dotnet\tools;C:\Program Files\JetBrains\PyCharm 2025.1.3.1\bin;;C:\Users\Long Phung\go\bin;C:\Users\Long Phung\AppData\Local\Google\Cloud SDK\google-cloud-sdk\bin;F:\Antigravity\bin;G:\cursor\resources\app\bin
USERNAME=Long Phung
LANG=en_US.UTF-8
OS=Windows_NT
PROCESSOR_IDENTIFIER=Intel64 Family 6 Model 140 Stepping 1, GenuineIntel
TMP=C:\Users\LONGPH~1\AppData\Local\Temp
TEMP=C:\Users\LONGPH~1\AppData\Local\Temp




Periodic native trim disabled

---------------  S Y S T E M  ---------------

OS:
 Windows 11 , 64 bit Build 26100 (10.0.26100.7705)
OS uptime: 2 days 2:25 hours
Hyper-V role detected

CPU: total 8 (initial active 8) (4 cores per cpu, 2 threads per core) family 6 model 140 stepping 1 microcode 0x8a, cx8, cmov, fxsr, ht, mmx, 3dnowpref, sse, sse2, sse3, ssse3, sse4.1, sse4.2, popcnt, lzcnt, tsc, tscinvbit, avx, avx2, aes, erms, clmul, bmi1, bmi2, adx, avx512f, avx512dq, avx512cd, avx512bw, avx512vl, sha, fma, vzeroupper, avx512_vpopcntdq, avx512_vpclmulqdq, avx512_vaes, avx512_vnni, clflush, clflushopt, clwb, avx512_vbmi2, avx512_vbmi, hv, rdtscp, rdpid, fsrm, gfni, avx512_bitalg, f16c, cet_ibt, cet_ss, avx512_ifma
Processor Information for the first 8 processors :
  Max Mhz: 2803, Current Mhz: 2803, Mhz Limit: 2803

Memory: 4k page, system-wide physical 7971M (789M free)
TotalPageFile size 25471M (AvailPageFile size 2M)
current process WorkingSet (physical memory assigned to process): 172M, peak: 173M
current process commit charge ("private bytes"): 265M, peak: 266M

vm_info: Java HotSpot(TM) 64-Bit Server VM (23.0.1+11-39) for windows-amd64 JRE (23.0.1+11-39), built on 2024-09-30T07:20:43Z with MS VC++ 17.6 (VS2022)

END.
